Archive member included because of file (symbol)

/Users/sin/Documents/LPCxpresso/workspace/CMSISv1p30_LPC13xx/Debug/libCMSISv1p30_LPC13xx.a(system_LPC13xx.o)
                              ./src/timer32.o (SystemCoreClock)
/Applications/lpcxpresso_4.2.4_267/lpcxpresso/Tools/bin/../lib/gcc/arm-none-eabi/4.6.2/../../../../arm-none-eabi/lib/armv7-m/libcr_c.a(ctype.o)
                              ./src/uarttest.o (__ctype)

Allocating common symbols
Common symbol       size              file

UARTBuffer          0x40              ./src/uart.o
UARTStatus          0x4               ./src/uart.o
msTicks             0x4               ./src/uarttest.o

Discarded input sections

 .text          0x0000000000000000        0x0 ./src/cr_startup_lpc13.o
 .data          0x0000000000000000        0x0 ./src/cr_startup_lpc13.o
 .bss           0x0000000000000000        0x0 ./src/cr_startup_lpc13.o
 .text.SysTick_Handler
                0x0000000000000000        0x8 ./src/cr_startup_lpc13.o
 .text          0x0000000000000000        0x0 ./src/gpio.o
 .data          0x0000000000000000        0x0 ./src/gpio.o
 .bss           0x0000000000000000        0x0 ./src/gpio.o
 .rodata        0x0000000000000000       0x10 ./src/gpio.o
 .text.GPIOSetInterrupt
                0x0000000000000000      0x550 ./src/gpio.o
 .text.GPIOIntEnable
                0x0000000000000000       0xfc ./src/gpio.o
 .text.GPIOIntDisable
                0x0000000000000000      0x10c ./src/gpio.o
 .text.GPIOIntStatus
                0x0000000000000000       0xf8 ./src/gpio.o
 .text.GPIOIntClear
                0x0000000000000000       0xfc ./src/gpio.o
 .text          0x0000000000000000        0x0 ./src/timer32.o
 .data          0x0000000000000000        0x0 ./src/timer32.o
 .text.NVIC_EnableIRQ
                0x0000000000000000       0x38 ./src/timer32.o
 .text.delay32Ms
                0x0000000000000000      0x14c ./src/timer32.o
 .text.enable_timer32
                0x0000000000000000       0x38 ./src/timer32.o
 .text.disable_timer32
                0x0000000000000000       0x38 ./src/timer32.o
 .text.reset_timer32
                0x0000000000000000       0x5c ./src/timer32.o
 .text.init_timer32
                0x0000000000000000      0x1cc ./src/timer32.o
 .text          0x0000000000000000        0x0 ./src/uart.o
 .text          0x0000000000000000        0x0 ./src/uarttest.o
 .data          0x0000000000000000        0x0 ./src/uarttest.o
 .bss           0x0000000000000000        0x0 ./src/uarttest.o
 .text          0x0000000000000000        0x0 /Users/sin/Documents/LPCxpresso/workspace/CMSISv1p30_LPC13xx/Debug/libCMSISv1p30_LPC13xx.a(system_LPC13xx.o)
 .bss           0x0000000000000000        0x0 /Users/sin/Documents/LPCxpresso/workspace/CMSISv1p30_LPC13xx/Debug/libCMSISv1p30_LPC13xx.a(system_LPC13xx.o)
 .text.SystemCoreClockUpdate
                0x0000000000000000      0x35c /Users/sin/Documents/LPCxpresso/workspace/CMSISv1p30_LPC13xx/Debug/libCMSISv1p30_LPC13xx.a(system_LPC13xx.o)
 .text          0x0000000000000000        0x0 /Applications/lpcxpresso_4.2.4_267/lpcxpresso/Tools/bin/../lib/gcc/arm-none-eabi/4.6.2/../../../../arm-none-eabi/lib/armv7-m/libcr_c.a(ctype.o)
 .data          0x0000000000000000        0x0 /Applications/lpcxpresso_4.2.4_267/lpcxpresso/Tools/bin/../lib/gcc/arm-none-eabi/4.6.2/../../../../arm-none-eabi/lib/armv7-m/libcr_c.a(ctype.o)
 .bss           0x0000000000000000        0x0 /Applications/lpcxpresso_4.2.4_267/lpcxpresso/Tools/bin/../lib/gcc/arm-none-eabi/4.6.2/../../../../arm-none-eabi/lib/armv7-m/libcr_c.a(ctype.o)
 .text.isalnum  0x0000000000000000       0x14 /Applications/lpcxpresso_4.2.4_267/lpcxpresso/Tools/bin/../lib/gcc/arm-none-eabi/4.6.2/../../../../arm-none-eabi/lib/armv7-m/libcr_c.a(ctype.o)
 .text.isalpha  0x0000000000000000       0x14 /Applications/lpcxpresso_4.2.4_267/lpcxpresso/Tools/bin/../lib/gcc/arm-none-eabi/4.6.2/../../../../arm-none-eabi/lib/armv7-m/libcr_c.a(ctype.o)
 .text.iscntrl  0x0000000000000000       0x14 /Applications/lpcxpresso_4.2.4_267/lpcxpresso/Tools/bin/../lib/gcc/arm-none-eabi/4.6.2/../../../../arm-none-eabi/lib/armv7-m/libcr_c.a(ctype.o)
 .text.isdigit  0x0000000000000000       0x14 /Applications/lpcxpresso_4.2.4_267/lpcxpresso/Tools/bin/../lib/gcc/arm-none-eabi/4.6.2/../../../../arm-none-eabi/lib/armv7-m/libcr_c.a(ctype.o)
 .text.isgraph  0x0000000000000000       0x14 /Applications/lpcxpresso_4.2.4_267/lpcxpresso/Tools/bin/../lib/gcc/arm-none-eabi/4.6.2/../../../../arm-none-eabi/lib/armv7-m/libcr_c.a(ctype.o)
 .text.islower  0x0000000000000000       0x14 /Applications/lpcxpresso_4.2.4_267/lpcxpresso/Tools/bin/../lib/gcc/arm-none-eabi/4.6.2/../../../../arm-none-eabi/lib/armv7-m/libcr_c.a(ctype.o)
 .text.isprint  0x0000000000000000       0x14 /Applications/lpcxpresso_4.2.4_267/lpcxpresso/Tools/bin/../lib/gcc/arm-none-eabi/4.6.2/../../../../arm-none-eabi/lib/armv7-m/libcr_c.a(ctype.o)
 .text.ispunct  0x0000000000000000       0x14 /Applications/lpcxpresso_4.2.4_267/lpcxpresso/Tools/bin/../lib/gcc/arm-none-eabi/4.6.2/../../../../arm-none-eabi/lib/armv7-m/libcr_c.a(ctype.o)
 .text.isspace  0x0000000000000000       0x14 /Applications/lpcxpresso_4.2.4_267/lpcxpresso/Tools/bin/../lib/gcc/arm-none-eabi/4.6.2/../../../../arm-none-eabi/lib/armv7-m/libcr_c.a(ctype.o)
 .text.isupper  0x0000000000000000       0x14 /Applications/lpcxpresso_4.2.4_267/lpcxpresso/Tools/bin/../lib/gcc/arm-none-eabi/4.6.2/../../../../arm-none-eabi/lib/armv7-m/libcr_c.a(ctype.o)
 .text.isxdigit
                0x0000000000000000       0x14 /Applications/lpcxpresso_4.2.4_267/lpcxpresso/Tools/bin/../lib/gcc/arm-none-eabi/4.6.2/../../../../arm-none-eabi/lib/armv7-m/libcr_c.a(ctype.o)
 .text.tolower  0x0000000000000000       0x18 /Applications/lpcxpresso_4.2.4_267/lpcxpresso/Tools/bin/../lib/gcc/arm-none-eabi/4.6.2/../../../../arm-none-eabi/lib/armv7-m/libcr_c.a(ctype.o)
 .text.toupper  0x0000000000000000       0x18 /Applications/lpcxpresso_4.2.4_267/lpcxpresso/Tools/bin/../lib/gcc/arm-none-eabi/4.6.2/../../../../arm-none-eabi/lib/armv7-m/libcr_c.a(ctype.o)

Memory Configuration

Name             Origin             Length             Attributes
MFlash32         0x0000000000000000 0x0000000000008000 xr
RamLoc8          0x0000000010000000 0x0000000000002000 xrw
*default*        0x0000000000000000 0xffffffffffffffff

Linker script and memory map

LOAD ./src/cr_startup_lpc13.o
LOAD ./src/gpio.o
LOAD ./src/timer32.o
LOAD ./src/uart.o
LOAD ./src/uarttest.o
LOAD /Users/sin/Documents/LPCxpresso/workspace/CMSISv1p30_LPC13xx/Debug/libCMSISv1p30_LPC13xx.a
START GROUP
LOAD /Applications/lpcxpresso_4.2.4_267/lpcxpresso/Tools/bin/../lib/gcc/arm-none-eabi/4.6.2/../../../../arm-none-eabi/lib/armv7-m/libcr_semihost.a
LOAD /Applications/lpcxpresso_4.2.4_267/lpcxpresso/Tools/bin/../lib/gcc/arm-none-eabi/4.6.2/../../../../arm-none-eabi/lib/armv7-m/libcr_c.a
LOAD /Applications/lpcxpresso_4.2.4_267/lpcxpresso/Tools/bin/../lib/gcc/arm-none-eabi/4.6.2/armv7-m/libcr_eabihelpers.a
END GROUP
                0x0000000000008000                __top_MFlash32 = 0x8000
                0x0000000010002000                __top_RamLoc8 = 0x10002000

.text           0x0000000000000000      0xd90
 FILL mask 0xff
 *(.isr_vector)
 .isr_vector    0x0000000000000000      0x124 ./src/cr_startup_lpc13.o
                0x0000000000000000                g_pfnVectors
                0x0000000000000124                . = ALIGN (0x4)
                0x0000000000000124                __section_table_start = .
                0x0000000000000124                __data_section_table = .
                0x0000000000000124        0x4 LONG 0xd90 LOADADDR (.data)
                0x0000000000000128        0x4 LONG 0x10000000 ADDR (.data)
                0x000000000000012c        0x4 LONG 0x8 SIZEOF (.data)
                0x0000000000000130                __data_section_table_end = .
                0x0000000000000130                __bss_section_table = .
                0x0000000000000130        0x4 LONG 0x10000008 ADDR (.bss)
                0x0000000000000134        0x4 LONG 0x54 SIZEOF (.bss)
                0x0000000000000138                __bss_section_table_end = .
                0x0000000000000138                __section_table_end = .
 *(.after_vectors*)
 *(.text*)
 .text.Reset_Handler
                0x0000000000000138       0x78 ./src/cr_startup_lpc13.o
                0x0000000000000138                Reset_Handler
                0x0000000000000138                ResetISR
 .text.NMI_Handler
                0x00000000000001b0        0x8 ./src/cr_startup_lpc13.o
                0x00000000000001b0                NMI_Handler
 .text.HardFault_Handler
                0x00000000000001b8        0x8 ./src/cr_startup_lpc13.o
                0x00000000000001b8                HardFault_Handler
 .text.MemManage_Handler
                0x00000000000001c0        0x8 ./src/cr_startup_lpc13.o
                0x00000000000001c0                MemManage_Handler
 .text.BusFault_Handler
                0x00000000000001c8        0x8 ./src/cr_startup_lpc13.o
                0x00000000000001c8                BusFault_Handler
 .text.UsageFault_Handler
                0x00000000000001d0        0x8 ./src/cr_startup_lpc13.o
                0x00000000000001d0                UsageFault_Handler
 .text.SVCall_Handler
                0x00000000000001d8        0x8 ./src/cr_startup_lpc13.o
                0x00000000000001d8                SVCall_Handler
 .text.DebugMon_Handler
                0x00000000000001e0        0x8 ./src/cr_startup_lpc13.o
                0x00000000000001e0                DebugMon_Handler
 .text.PendSV_Handler
                0x00000000000001e8        0x8 ./src/cr_startup_lpc13.o
                0x00000000000001e8                PendSV_Handler
 .text.IntDefaultHandler
                0x00000000000001f0        0x8 ./src/cr_startup_lpc13.o
                0x00000000000001f0                FMC_IRQHandler
                0x00000000000001f0                PIOINT1_IRQHandler
                0x00000000000001f0                SSP_IRQHandler
                0x00000000000001f0                TIMER16_1_IRQHandler
                0x00000000000001f0                USB_FIQHandler
                0x00000000000001f0                ADC_IRQHandler
                0x00000000000001f0                PIOINT2_IRQHandler
                0x00000000000001f0                USB_IRQHandler
                0x00000000000001f0                BOD_IRQHandler
                0x00000000000001f0                WAKEUP_IRQHandler
                0x00000000000001f0                PIOINT0_IRQHandler
                0x00000000000001f0                I2C_IRQHandler
                0x00000000000001f0                WDT_IRQHandler
                0x00000000000001f0                PIOINT3_IRQHandler
                0x00000000000001f0                TIMER16_0_IRQHandler
 .text.NVIC_EnableIRQ
                0x00000000000001f8       0x38 ./src/gpio.o
 .text.GPIOInit
                0x0000000000000230       0x44 ./src/gpio.o
                0x0000000000000230                GPIOInit
 .text.TIMER32_0_IRQHandler
                0x0000000000000274       0x30 ./src/timer32.o
                0x0000000000000274                TIMER32_0_IRQHandler
 .text.TIMER32_1_IRQHandler
                0x00000000000002a4       0x30 ./src/timer32.o
                0x00000000000002a4                TIMER32_1_IRQHandler
 .text.NVIC_EnableIRQ
                0x00000000000002d4       0x38 ./src/uart.o
 .text.NVIC_DisableIRQ
                0x000000000000030c       0x3c ./src/uart.o
 .text.UART_IRQHandler
                0x0000000000000348      0x168 ./src/uart.o
                0x0000000000000348                UART_IRQHandler
 .text.UARTInit
                0x00000000000004b0      0x1a8 ./src/uart.o
                0x00000000000004b0                UARTInit
 .text.UARTSend
                0x0000000000000658       0x50 ./src/uart.o
                0x0000000000000658                UARTSend
 .text.NVIC_SetPriority
                0x00000000000006a8       0x5c ./src/uarttest.o
 .text.SysTick_Config
                0x0000000000000704       0x64 ./src/uarttest.o
 .text.GPIOSetValue
                0x0000000000000768       0x3c ./src/uarttest.o
 .text.GPIOSetDir
                0x00000000000007a4       0x90 ./src/uarttest.o
 .text.SysTick_Handler
                0x0000000000000834       0x24 ./src/uarttest.o
                0x0000000000000834                SysTick_Handler
 .text.Delay    0x0000000000000858       0x34 ./src/uarttest.o
 .text.main     0x000000000000088c      0x168 ./src/uarttest.o
                0x000000000000088c                main
 .text.__NOP    0x00000000000009f4        0xc /Users/sin/Documents/LPCxpresso/workspace/CMSISv1p30_LPC13xx/Debug/libCMSISv1p30_LPC13xx.a(system_LPC13xx.o)
 .text.SystemInit
                0x0000000000000a00      0x200 /Users/sin/Documents/LPCxpresso/workspace/CMSISv1p30_LPC13xx/Debug/libCMSISv1p30_LPC13xx.a(system_LPC13xx.o)
                0x0000000000000a00                SystemInit
 *(.rodata .rodata.*)
 .rodata        0x0000000000000c00       0x10 ./src/uarttest.o
 .rodata.__ctype
                0x0000000000000c10      0x180 /Applications/lpcxpresso_4.2.4_267/lpcxpresso/Tools/bin/../lib/gcc/arm-none-eabi/4.6.2/../../../../arm-none-eabi/lib/armv7-m/libcr_c.a(ctype.o)
                0x0000000000000c10                __ctype
                0x0000000000000d90                . = ALIGN (0x4)

.glue_7         0x0000000000000d90        0x0
 .glue_7        0x0000000000000000        0x0 linker stubs

.glue_7t        0x0000000000000d90        0x0
 .glue_7t       0x0000000000000000        0x0 linker stubs

.vfp11_veneer   0x0000000000000d90        0x0
 .vfp11_veneer  0x0000000000000000        0x0 linker stubs

.v4_bx          0x0000000000000d90        0x0
 .v4_bx         0x0000000000000000        0x0 linker stubs

.ARM.extab
 *(.ARM.extab* .gnu.linkonce.armextab.*)
                0x0000000000000d90                __exidx_start = .

.ARM.exidx
 *(.ARM.exidx* .gnu.linkonce.armexidx.*)
                0x0000000000000d90                __exidx_end = .
                0x0000000000000d90                _etext = .

.uninit_RESERVED
 *(.bss.$RESERVED*)

.data           0x0000000010000000        0x8 load address 0x0000000000000d90
 FILL mask 0xff
                0x0000000010000000                _data = .
 *(vtable)
 *(.data*)
 .data          0x0000000010000000        0x1 ./src/uart.o
                0x0000000010000000                UARTTxEmpty
 *fill*         0x0000000010000001        0x3 00
 .data          0x0000000010000004        0x4 /Users/sin/Documents/LPCxpresso/workspace/CMSISv1p30_LPC13xx/Debug/libCMSISv1p30_LPC13xx.a(system_LPC13xx.o)
                0x0000000010000004                SystemCoreClock
                0x0000000010000008                . = ALIGN (0x4)
                0x0000000010000008                _edata = .

.bss            0x0000000010000008       0x54 load address 0x0000000000000d98
                0x0000000010000008                _bss = .
 *(.bss*)
 .bss           0x0000000010000008        0x8 ./src/timer32.o
                0x0000000010000008                timer32_0_counter
                0x000000001000000c                timer32_1_counter
 .bss           0x0000000010000010        0x4 ./src/uart.o
                0x0000000010000010                UARTCount
 *(COMMON)
 COMMON         0x0000000010000014       0x44 ./src/uart.o
                0x0000000010000014                UARTBuffer
                0x0000000010000054                UARTStatus
 COMMON         0x0000000010000058        0x4 ./src/uarttest.o
                0x0000000010000058                msTicks
                0x000000001000005c                . = ALIGN (0x4)
                0x000000001000005c                _ebss = .
                0x000000001000005c                PROVIDE (end, .)
                0x000000001000005c                PROVIDE (_pvHeapStart, .)
                0x0000000010002000                PROVIDE (_vStackTop, (__top_RamLoc8 - 0x0))
OUTPUT(uart.axf elf32-littlearm)

.debug_info     0x0000000000000000     0x3e71
 .debug_info    0x0000000000000000      0x221 ./src/cr_startup_lpc13.o
 .debug_info    0x0000000000000221      0xadb ./src/gpio.o
 .debug_info    0x0000000000000cfc      0xe4c ./src/timer32.o
 .debug_info    0x0000000000001b48      0xeea ./src/uart.o
 .debug_info    0x0000000000002a32      0xea7 ./src/uarttest.o
 .debug_info    0x00000000000038d9      0x598 /Users/sin/Documents/LPCxpresso/workspace/CMSISv1p30_LPC13xx/Debug/libCMSISv1p30_LPC13xx.a(system_LPC13xx.o)

.debug_abbrev   0x0000000000000000      0x9c3
 .debug_abbrev  0x0000000000000000       0xd6 ./src/cr_startup_lpc13.o
 .debug_abbrev  0x00000000000000d6      0x1ea ./src/gpio.o
 .debug_abbrev  0x00000000000002c0      0x1ca ./src/timer32.o
 .debug_abbrev  0x000000000000048a      0x1cb ./src/uart.o
 .debug_abbrev  0x0000000000000655      0x25b ./src/uarttest.o
 .debug_abbrev  0x00000000000008b0      0x113 /Users/sin/Documents/LPCxpresso/workspace/CMSISv1p30_LPC13xx/Debug/libCMSISv1p30_LPC13xx.a(system_LPC13xx.o)

.debug_loc      0x0000000000000000      0x844
 .debug_loc     0x0000000000000000      0x1f0 ./src/cr_startup_lpc13.o
 .debug_loc     0x00000000000001f0      0x17c ./src/gpio.o
 .debug_loc     0x000000000000036c      0x1a8 ./src/timer32.o
 .debug_loc     0x0000000000000514      0x118 ./src/uart.o
 .debug_loc     0x000000000000062c      0x17c ./src/uarttest.o
 .debug_loc     0x00000000000007a8       0x9c /Users/sin/Documents/LPCxpresso/workspace/CMSISv1p30_LPC13xx/Debug/libCMSISv1p30_LPC13xx.a(system_LPC13xx.o)

.debug_aranges  0x0000000000000000      0x1d8
 .debug_aranges
                0x0000000000000000       0x70 ./src/cr_startup_lpc13.o
 .debug_aranges
                0x0000000000000070       0x50 ./src/gpio.o
 .debug_aranges
                0x00000000000000c0       0x58 ./src/timer32.o
 .debug_aranges
                0x0000000000000118       0x40 ./src/uart.o
 .debug_aranges
                0x0000000000000158       0x50 ./src/uarttest.o
 .debug_aranges
                0x00000000000001a8       0x30 /Users/sin/Documents/LPCxpresso/workspace/CMSISv1p30_LPC13xx/Debug/libCMSISv1p30_LPC13xx.a(system_LPC13xx.o)

.debug_ranges   0x0000000000000000      0x178
 .debug_ranges  0x0000000000000000       0x60 ./src/cr_startup_lpc13.o
 .debug_ranges  0x0000000000000060       0x40 ./src/gpio.o
 .debug_ranges  0x00000000000000a0       0x48 ./src/timer32.o
 .debug_ranges  0x00000000000000e8       0x30 ./src/uart.o
 .debug_ranges  0x0000000000000118       0x40 ./src/uarttest.o
 .debug_ranges  0x0000000000000158       0x20 /Users/sin/Documents/LPCxpresso/workspace/CMSISv1p30_LPC13xx/Debug/libCMSISv1p30_LPC13xx.a(system_LPC13xx.o)

.debug_line     0x0000000000000000     0x1ac1
 .debug_line    0x0000000000000000      0x470 ./src/cr_startup_lpc13.o
 .debug_line    0x0000000000000470      0x4a4 ./src/gpio.o
 .debug_line    0x0000000000000914      0x478 ./src/timer32.o
 .debug_line    0x0000000000000d8c      0x452 ./src/uart.o
 .debug_line    0x00000000000011de      0x489 ./src/uarttest.o
 .debug_line    0x0000000000001667      0x45a /Users/sin/Documents/LPCxpresso/workspace/CMSISv1p30_LPC13xx/Debug/libCMSISv1p30_LPC13xx.a(system_LPC13xx.o)

.debug_macinfo  0x0000000000000000    0x29787
 .debug_macinfo
                0x0000000000000000     0x3d30 ./src/cr_startup_lpc13.o
 .debug_macinfo
                0x0000000000003d30     0x767f ./src/gpio.o
 .debug_macinfo
                0x000000000000b3af     0x76fd ./src/timer32.o
 .debug_macinfo
                0x0000000000012aac     0x7833 ./src/uart.o
 .debug_macinfo
                0x000000000001a2df     0x7ae3 ./src/uarttest.o
 .debug_macinfo
                0x0000000000021dc2     0x79c5 /Users/sin/Documents/LPCxpresso/workspace/CMSISv1p30_LPC13xx/Debug/libCMSISv1p30_LPC13xx.a(system_LPC13xx.o)

.debug_str      0x0000000000000000      0xe83
 .debug_str     0x0000000000000000      0x1ee ./src/cr_startup_lpc13.o
                                        0x222 (size before relaxing)
 .debug_str     0x00000000000001ee      0x772 ./src/gpio.o
                                        0x87f (size before relaxing)
 .debug_str     0x0000000000000960      0x2c5 ./src/timer32.o
                                        0xaa1 (size before relaxing)
 .debug_str     0x0000000000000c25       0xd8 ./src/uart.o
                                        0xa9a (size before relaxing)
 .debug_str     0x0000000000000cfd       0xfc ./src/uarttest.o
                                        0x961 (size before relaxing)
 .debug_str     0x0000000000000df9       0x8a /Users/sin/Documents/LPCxpresso/workspace/CMSISv1p30_LPC13xx/Debug/libCMSISv1p30_LPC13xx.a(system_LPC13xx.o)
                                        0x449 (size before relaxing)

.comment        0x0000000000000000       0x9a
 .comment       0x0000000000000000       0x70 ./src/cr_startup_lpc13.o
                                         0x71 (size before relaxing)
 .comment       0x0000000000000000       0x71 ./src/gpio.o
 .comment       0x0000000000000000       0x71 ./src/timer32.o
 .comment       0x0000000000000000       0x71 ./src/uart.o
 .comment       0x0000000000000000       0x71 ./src/uarttest.o
 .comment       0x0000000000000000       0x71 /Users/sin/Documents/LPCxpresso/workspace/CMSISv1p30_LPC13xx/Debug/libCMSISv1p30_LPC13xx.a(system_LPC13xx.o)
 .comment       0x0000000000000070       0x2a /Applications/lpcxpresso_4.2.4_267/lpcxpresso/Tools/bin/../lib/gcc/arm-none-eabi/4.6.2/../../../../arm-none-eabi/lib/armv7-m/libcr_c.a(ctype.o)
                                         0x2b (size before relaxing)

.ARM.attributes
                0x0000000000000000       0x33
 .ARM.attributes
                0x0000000000000000       0x33 ./src/cr_startup_lpc13.o
 .ARM.attributes
                0x0000000000000033       0x33 ./src/gpio.o
 .ARM.attributes
                0x0000000000000066       0x33 ./src/timer32.o
 .ARM.attributes
                0x0000000000000099       0x33 ./src/uart.o
 .ARM.attributes
                0x00000000000000cc       0x33 ./src/uarttest.o
 .ARM.attributes
                0x00000000000000ff       0x33 /Users/sin/Documents/LPCxpresso/workspace/CMSISv1p30_LPC13xx/Debug/libCMSISv1p30_LPC13xx.a(system_LPC13xx.o)
 .ARM.attributes
                0x0000000000000132       0x31 /Applications/lpcxpresso_4.2.4_267/lpcxpresso/Tools/bin/../lib/gcc/arm-none-eabi/4.6.2/../../../../arm-none-eabi/lib/armv7-m/libcr_c.a(ctype.o)

.debug_frame    0x0000000000000000      0x4bc
 .debug_frame   0x0000000000000000      0x120 ./src/cr_startup_lpc13.o
 .debug_frame   0x0000000000000120       0xd4 ./src/gpio.o
 .debug_frame   0x00000000000001f4       0xec ./src/timer32.o
 .debug_frame   0x00000000000002e0       0xa0 ./src/uart.o
 .debug_frame   0x0000000000000380       0xd8 ./src/uarttest.o
 .debug_frame   0x0000000000000458       0x64 /Users/sin/Documents/LPCxpresso/workspace/CMSISv1p30_LPC13xx/Debug/libCMSISv1p30_LPC13xx.a(system_LPC13xx.o)
