<html>
<body>
<pre>
<h1>µVision Build Log</h1>
<h2>Project:</h2>
C:\Users\Sin\Documents\Eclipse\ARMWork\an2824\Project\OptimizedI2Cexamples\MDK-ARM\Optimized I2C examples.uvproj
Project File Date:  12/17/2012

<h2>Output:</h2>
Build target 'STM3210E-EVAL_XL'
compiling I2CRoutines.c...
compiling main.c...
compiling stm32f10x_it.c...
compiling stm32f10x_dma.c...
compiling stm32f10x_flash.c...
compiling stm32f10x_gpio.c...
compiling stm32f10x_rcc.c...
compiling misc.c...
compiling stm32f10x_i2c.c...
compiling core_cm3.c...
compiling system_stm32f10x.c...
assembling startup_stm32f10x_xl.s...
linking...
Program Size: Code=4020 RO-data=336 RW-data=552 ZI-data=1584  
".\STM3210E-EVAL_XL\Optimized I2C examples.axf" - 0 Error(s), 0 Warning(s).
