ARM Linker, 5.03 [Build 24] [MDK-ARM Standard Cortex-M only]

==============================================================================

Section Cross References

    startup_stm32f4xx.o(STACK) refers (Special) to heapauxi.o(.text) for __use_two_region_memory
    startup_stm32f4xx.o(HEAP) refers (Special) to heapauxi.o(.text) for __use_two_region_memory
    startup_stm32f4xx.o(RESET) refers (Special) to heapauxi.o(.text) for __use_two_region_memory
    startup_stm32f4xx.o(RESET) refers to startup_stm32f4xx.o(STACK) for __initial_sp
    startup_stm32f4xx.o(RESET) refers to startup_stm32f4xx.o(.text) for Reset_Handler
    startup_stm32f4xx.o(RESET) refers to stm32f4xx_it.o(i.NMI_Handler) for NMI_Handler
    startup_stm32f4xx.o(RESET) refers to stm32f4xx_it.o(i.HardFault_Handler) for HardFault_Handler
    startup_stm32f4xx.o(RESET) refers to stm32f4xx_it.o(i.MemManage_Handler) for MemManage_Handler
    startup_stm32f4xx.o(RESET) refers to stm32f4xx_it.o(i.BusFault_Handler) for BusFault_Handler
    startup_stm32f4xx.o(RESET) refers to stm32f4xx_it.o(i.UsageFault_Handler) for UsageFault_Handler
    startup_stm32f4xx.o(RESET) refers to stm32f4xx_it.o(i.SVC_Handler) for SVC_Handler
    startup_stm32f4xx.o(RESET) refers to stm32f4xx_it.o(i.DebugMon_Handler) for DebugMon_Handler
    startup_stm32f4xx.o(RESET) refers to stm32f4xx_it.o(i.PendSV_Handler) for PendSV_Handler
    startup_stm32f4xx.o(RESET) refers to delay.o(i.TIM2_IRQHandler) for TIM2_IRQHandler
    startup_stm32f4xx.o(RESET) refers to i2c.o(i.I2C1_EV_IRQHandler) for I2C1_EV_IRQHandler
    startup_stm32f4xx.o(RESET) refers to i2c.o(i.I2C1_ER_IRQHandler) for I2C1_ER_IRQHandler
    startup_stm32f4xx.o(RESET) refers to usart.o(i.USART1_IRQHandler) for USART1_IRQHandler
    startup_stm32f4xx.o(RESET) refers to usart.o(i.USART2_IRQHandler) for USART2_IRQHandler
    startup_stm32f4xx.o(RESET) refers to usart.o(i.USART3_IRQHandler) for USART3_IRQHandler
    startup_stm32f4xx.o(RESET) refers to usart.o(i.UART4_IRQHandler) for UART4_IRQHandler
    startup_stm32f4xx.o(RESET) refers to usart.o(i.USART6_IRQHandler) for USART6_IRQHandler
    startup_stm32f4xx.o(.text) refers (Special) to heapauxi.o(.text) for __use_two_region_memory
    startup_stm32f4xx.o(.text) refers to system_stm32f4xx.o(i.SystemInit) for SystemInit
    startup_stm32f4xx.o(.text) refers to __main.o(!!!main) for __main
    startup_stm32f4xx.o(.text) refers to startup_stm32f4xx.o(HEAP) for Heap_Mem
    startup_stm32f4xx.o(.text) refers to startup_stm32f4xx.o(STACK) for Stack_Mem
    main.o(i.RTC_AlarmConfig) refers to misc.o(i.NVIC_Init) for NVIC_Init
    main.o(i.RTC_AlarmConfig) refers to stm32f4xx_rtc.o(i.RTC_SetAlarm) for RTC_SetAlarm
    main.o(i.RTC_AlarmConfig) refers to stm32f4xx_rtc.o(i.RTC_AlarmSubSecondConfig) for RTC_AlarmSubSecondConfig
    main.o(i.RTC_AlarmConfig) refers to stm32f4xx_rtc.o(i.RTC_ITConfig) for RTC_ITConfig
    main.o(i.main) refers to _printf_percent.o(.ARM.Collect$$_printf_percent$$00000000) for _printf_percent
    main.o(i.main) refers to _printf_d.o(.ARM.Collect$$_printf_percent$$00000009) for _printf_d
    main.o(i.main) refers to _printf_dec.o(.text) for _printf_int_dec
    main.o(i.main) refers to rtc.o(i.RTC_Config) for RTC_Config
    main.o(i.main) refers to armcmx.o(i.armcmx_init) for armcmx_init
    main.o(i.main) refers to usart.o(i.usart_init) for usart_init
    main.o(i.main) refers to usart.o(i.usart_begin) for usart_begin
    main.o(i.main) refers to usart.o(i.usart_print) for usart_print
    main.o(i.main) refers to delay.o(i.delay_ms) for delay_ms
    main.o(i.main) refers to stm32f4xx_rtc.o(i.RTC_GetSubSecond) for RTC_GetSubSecond
    main.o(i.main) refers to stm32f4xx_rtc.o(i.RTC_GetTime) for RTC_GetTime
    main.o(i.main) refers to main.o(i.RTC_Get_Time) for RTC_Get_Time
    main.o(i.main) refers to noretval__2sprintf.o(.text) for __2sprintf
    main.o(i.main) refers to delay.o(i.millis) for millis
    main.o(i.main) refers to main.o(.bss) for .bss
    main.o(i.main) refers to main.o(.data) for .data
    system_stm32f4xx.o(i.SystemCoreClockUpdate) refers to system_stm32f4xx.o(.data) for .data
    system_stm32f4xx.o(i.SystemInit) refers to system_stm32f4xx.o(i.SetSysClock) for SetSysClock
    armcmx.o(i.armcmx_init) refers to delay.o(i.TIM2_delaytimer_start) for TIM2_delaytimer_start
    delay.o(i.TIM2_IRQHandler) refers to stm32f4xx_tim.o(i.TIM_GetITStatus) for TIM_GetITStatus
    delay.o(i.TIM2_IRQHandler) refers to stm32f4xx_tim.o(i.TIM_ClearITPendingBit) for TIM_ClearITPendingBit
    delay.o(i.TIM2_IRQHandler) refers to delay.o(.data) for .data
    delay.o(i.TIM2_delaytimer_reset) refers to stm32f4xx_tim.o(i.TIM_SetCounter) for TIM_SetCounter
    delay.o(i.TIM2_delaytimer_reset) refers to delay.o(.data) for .data
    delay.o(i.TIM2_delaytimer_start) refers to stm32f4xx_rcc.o(i.RCC_GetClocksFreq) for RCC_GetClocksFreq
    delay.o(i.TIM2_delaytimer_start) refers to stm32f4xx_rcc.o(i.RCC_APB1PeriphClockCmd) for RCC_APB1PeriphClockCmd
[...]
    Removing stm32f4xx_tim.o(i.TIM_GetFlagStatus), (14 bytes).
    Removing stm32f4xx_tim.o(i.TIM_GetPrescaler), (4 bytes).
    Removing stm32f4xx_tim.o(i.TIM_ICInit), (98 bytes).
    Removing stm32f4xx_tim.o(i.TIM_ICStructInit), (16 bytes).
    Removing stm32f4xx_tim.o(i.TIM_ITRxExternalClockConfig), (20 bytes).
    Removing stm32f4xx_tim.o(i.TIM_InternalClockConfig), (10 bytes).
    Removing stm32f4xx_tim.o(i.TIM_OC1FastConfig), (12 bytes).
    Removing stm32f4xx_tim.o(i.TIM_OC1Init), (104 bytes).
    Removing stm32f4xx_tim.o(i.TIM_OC1NPolarityConfig), (12 bytes).
    Removing stm32f4xx_tim.o(i.TIM_OC1PolarityConfig), (12 bytes).
    Removing stm32f4xx_tim.o(i.TIM_OC1PreloadConfig), (12 bytes).
    Removing stm32f4xx_tim.o(i.TIM_OC2FastConfig), (20 bytes).
    Removing stm32f4xx_tim.o(i.TIM_OC2Init), (136 bytes).
    Removing stm32f4xx_tim.o(i.TIM_OC2NPolarityConfig), (20 bytes).
    Removing stm32f4xx_tim.o(i.TIM_OC2PolarityConfig), (20 bytes).
    Removing stm32f4xx_tim.o(i.TIM_OC2PreloadConfig), (20 bytes).
    Removing stm32f4xx_tim.o(i.TIM_OC3FastConfig), (12 bytes).
    Removing stm32f4xx_tim.o(i.TIM_OC3Init), (132 bytes).
    Removing stm32f4xx_tim.o(i.TIM_OC3NPolarityConfig), (20 bytes).
    Removing stm32f4xx_tim.o(i.TIM_OC3PolarityConfig), (20 bytes).
    Removing stm32f4xx_tim.o(i.TIM_OC3PreloadConfig), (12 bytes).
    Removing stm32f4xx_tim.o(i.TIM_OC4FastConfig), (20 bytes).
    Removing stm32f4xx_tim.o(i.TIM_OC4Init), (100 bytes).
    Removing stm32f4xx_tim.o(i.TIM_OC4PolarityConfig), (20 bytes).
    Removing stm32f4xx_tim.o(i.TIM_OC4PreloadConfig), (20 bytes).
    Removing stm32f4xx_tim.o(i.TIM_OCStructInit), (20 bytes).
    Removing stm32f4xx_tim.o(i.TIM_PWMIConfig), (110 bytes).
    Removing stm32f4xx_tim.o(i.TIM_PrescalerConfig), (6 bytes).
    Removing stm32f4xx_tim.o(i.TIM_RemapConfig), (6 bytes).
    Removing stm32f4xx_tim.o(i.TIM_SelectCCDMA), (24 bytes).
    Removing stm32f4xx_tim.o(i.TIM_SelectCOM), (24 bytes).
    Removing stm32f4xx_tim.o(i.TIM_SelectHallSensor), (24 bytes).
    Removing stm32f4xx_tim.o(i.TIM_SelectInputTrigger), (12 bytes).
    Removing stm32f4xx_tim.o(i.TIM_SelectMasterSlaveMode), (16 bytes).
    Removing stm32f4xx_tim.o(i.TIM_SelectOCxM), (80 bytes).
    Removing stm32f4xx_tim.o(i.TIM_SelectOnePulseMode), (16 bytes).
    Removing stm32f4xx_tim.o(i.TIM_SelectOutputTrigger), (16 bytes).
    Removing stm32f4xx_tim.o(i.TIM_SelectSlaveMode), (16 bytes).
    Removing stm32f4xx_tim.o(i.TIM_SetAutoreload), (4 bytes).
    Removing stm32f4xx_tim.o(i.TIM_SetClockDivision), (16 bytes).
    Removing stm32f4xx_tim.o(i.TIM_SetCompare1), (4 bytes).
    Removing stm32f4xx_tim.o(i.TIM_SetCompare2), (4 bytes).
    Removing stm32f4xx_tim.o(i.TIM_SetCompare3), (4 bytes).
    Removing stm32f4xx_tim.o(i.TIM_SetCompare4), (4 bytes).
    Removing stm32f4xx_tim.o(i.TIM_SetIC1Prescaler), (16 bytes).
    Removing stm32f4xx_tim.o(i.TIM_SetIC2Prescaler), (24 bytes).
    Removing stm32f4xx_tim.o(i.TIM_SetIC3Prescaler), (16 bytes).
    Removing stm32f4xx_tim.o(i.TIM_SetIC4Prescaler), (24 bytes).
    Removing stm32f4xx_tim.o(i.TIM_TIxExternalClockConfig), (48 bytes).
    Removing stm32f4xx_tim.o(i.TIM_TimeBaseStructInit), (18 bytes).
    Removing stm32f4xx_tim.o(i.TIM_UpdateDisableConfig), (24 bytes).
    Removing stm32f4xx_tim.o(i.TIM_UpdateRequestConfig), (24 bytes).
    Removing stm32f4xx_usart.o(.emb_text), (8 bytes).
    Removing stm32f4xx_usart.o(i.USART_ClearFlag), (8 bytes).
    Removing stm32f4xx_usart.o(i.USART_ClockInit), (28 bytes).
    Removing stm32f4xx_usart.o(i.USART_ClockStructInit), (12 bytes).
    Removing stm32f4xx_usart.o(i.USART_DMACmd), (20 bytes).
    Removing stm32f4xx_usart.o(i.USART_DeInit), (192 bytes).
    Removing stm32f4xx_usart.o(i.USART_GetFlagStatus), (14 bytes).
    Removing stm32f4xx_usart.o(i.USART_HalfDuplexCmd), (24 bytes).
    Removing stm32f4xx_usart.o(i.USART_IrDACmd), (24 bytes).
    Removing stm32f4xx_usart.o(i.USART_IrDAConfig), (16 bytes).
    Removing stm32f4xx_usart.o(i.USART_LINBreakDetectLengthConfig), (16 bytes).
    Removing stm32f4xx_usart.o(i.USART_LINCmd), (24 bytes).
    Removing stm32f4xx_usart.o(i.USART_OneBitMethodCmd), (24 bytes).
    Removing stm32f4xx_usart.o(i.USART_OverSampling8Cmd), (24 bytes).
    Removing stm32f4xx_usart.o(i.USART_ReceiverWakeUpCmd), (24 bytes).
    Removing stm32f4xx_usart.o(i.USART_SendBreak), (10 bytes).
    Removing stm32f4xx_usart.o(i.USART_SetAddress), (16 bytes).
    Removing stm32f4xx_usart.o(i.USART_SetGuardTime), (16 bytes).
    Removing stm32f4xx_usart.o(i.USART_SetPrescaler), (16 bytes).
    Removing stm32f4xx_usart.o(i.USART_SmartCardCmd), (24 bytes).
    Removing stm32f4xx_usart.o(i.USART_SmartCardNACKCmd), (24 bytes).
    Removing stm32f4xx_usart.o(i.USART_StructInit), (22 bytes).
    Removing stm32f4xx_usart.o(i.USART_WakeUpConfig), (16 bytes).

307 unused section(s) (total 12526 bytes) removed from the image.

==============================================================================

Image Symbol Table

    Local Symbols

    Symbol Name                              Value     Ov Type        Size  Object(Section)

    ../clib/angel/boardlib.s                 0x00000000   Number         0  boardinit3.o ABSOLUTE
    ../clib/angel/boardlib.s                 0x00000000   Number         0  boardshut.o ABSOLUTE
    ../clib/angel/boardlib.s                 0x00000000   Number         0  boardinit2.o ABSOLUTE
    ../clib/angel/boardlib.s                 0x00000000   Number         0  boardinit1.o ABSOLUTE
    ../clib/angel/handlers.s                 0x00000000   Number         0  __scatter_copy.o ABSOLUTE
    ../clib/angel/handlers.s                 0x00000000   Number         0  __scatter_zi.o ABSOLUTE
    ../clib/angel/kernel.s                   0x00000000   Number         0  rtentry4.o ABSOLUTE
    ../clib/angel/kernel.s                   0x00000000   Number         0  rtentry.o ABSOLUTE
    ../clib/angel/kernel.s                   0x00000000   Number         0  rtexit2.o ABSOLUTE
    ../clib/angel/kernel.s                   0x00000000   Number         0  rtentry2.o ABSOLUTE
    ../clib/angel/kernel.s                   0x00000000   Number         0  rtexit.o ABSOLUTE
    ../clib/angel/rt.s                       0x00000000   Number         0  rt_locale.o ABSOLUTE
    ../clib/angel/rt.s                       0x00000000   Number         0  rt_ctype_table.o ABSOLUTE
    ../clib/angel/rt.s                       0x00000000   Number         0  rt_locale_intlibspace.o ABSOLUTE
    ../clib/angel/rt.s                       0x00000000   Number         0  rt_errno_addr.o ABSOLUTE
    ../clib/angel/rt.s                       0x00000000   Number         0  rt_errno_addr_intlibspace.o ABSOLUTE
    ../clib/angel/rt.s                       0x00000000   Number         0  rt_raise.o ABSOLUTE
    ../clib/angel/rt.s                       0x00000000   Number         0  rt_heap_descriptor.o ABSOLUTE
    ../clib/angel/rt.s                       0x00000000   Number         0  rt_heap_descriptor_intlibspace.o ABSOLUTE
    ../clib/angel/scatter.s                  0x00000000   Number         0  __scatter.o ABSOLUTE
    ../clib/angel/startup.s                  0x00000000   Number         0  __main.o ABSOLUTE
    ../clib/angel/sys.s                      0x00000000   Number         0  mutex_dummy.o ABSOLUTE
    ../clib/angel/sys.s                      0x00000000   Number         0  use_no_semi.o ABSOLUTE
    ../clib/angel/sys.s                      0x00000000   Number         0  indicate_semi.o ABSOLUTE
    ../clib/angel/sys.s                      0x00000000   Number         0  sys_stackheap_outer.o ABSOLUTE
    ../clib/angel/sys.s                      0x00000000   Number         0  libspace.o ABSOLUTE
    ../clib/angel/sysapp.c                   0x00000000   Number         0  sys_command.o ABSOLUTE
    ../clib/angel/sysapp.c                   0x00000000   Number         0  sys_exit.o ABSOLUTE
    ../clib/angel/sysapp.c                   0x00000000   Number         0  sys_wrch.o ABSOLUTE
    ../clib/angel/sysapp.c                   0x00000000   Number         0  sys_io.o ABSOLUTE
    ../clib/armsys.c                         0x00000000   Number         0  _get_argv.o ABSOLUTE
    ../clib/armsys.c                         0x00000000   Number         0  _get_argv_nomalloc.o ABSOLUTE
    ../clib/armsys.c                         0x00000000   Number         0  no_argv.o ABSOLUTE
    ../clib/armsys.c                         0x00000000   Number         0  argv_veneer.o ABSOLUTE
    ../clib/armsys.c                         0x00000000   Number         0  argv_veneer.o ABSOLUTE
    ../clib/assert.c                         0x00000000   Number         0  assert_stdio.o ABSOLUTE
    ../clib/heap1.c                          0x00000000   Number         0  h1_free.o ABSOLUTE
    ../clib/heap1.c                          0x00000000   Number         0  h1_final_mt.o ABSOLUTE
    ../clib/heap1.c                          0x00000000   Number         0  h1_extend.o ABSOLUTE
    ../clib/heap1.c                          0x00000000   Number         0  h1_free_mt.o ABSOLUTE
    ../clib/heap1.c                          0x00000000   Number         0  h1_init_mt.o ABSOLUTE
    ../clib/heap1.c                          0x00000000   Number         0  h1_alloc.o ABSOLUTE
    ../clib/heap1.c                          0x00000000   Number         0  h1_final.o ABSOLUTE
    ../clib/heap1.c                          0x00000000   Number         0  h1_extend_mt.o ABSOLUTE
    ../clib/heap1.c                          0x00000000   Number         0  h1_alloc_mt.o ABSOLUTE
    ../clib/heap1.c                          0x00000000   Number         0  h1_init.o ABSOLUTE
    ../clib/heap2.c                          0x00000000   Number         0  fdtree.o ABSOLUTE
    ../clib/heap2.c                          0x00000000   Number         0  heap2.o ABSOLUTE
    ../clib/heap2.c                          0x00000000   Number         0  heap2mt.o ABSOLUTE
    ../clib/heapalloc.c                      0x00000000   Number         0  free.o ABSOLUTE
    ../clib/heapalloc.c                      0x00000000   Number         0  hrguard.o ABSOLUTE
    ../clib/heapalloc.c                      0x00000000   Number         0  term_alloc.o ABSOLUTE
    ../clib/heapalloc.c                      0x00000000   Number         0  maybetermalloc2.o ABSOLUTE
    ../clib/heapalloc.c                      0x00000000   Number         0  maybetermalloc2.o ABSOLUTE
    ../clib/heapalloc.c                      0x00000000   Number         0  maybetermalloc1.o ABSOLUTE
    ../clib/heapalloc.c                      0x00000000   Number         0  maybetermalloc1.o ABSOLUTE
    ../clib/heapalloc.c                      0x00000000   Number         0  heapstubs.o ABSOLUTE
    ../clib/heapalloc.c                      0x00000000   Number         0  malloc.o ABSOLUTE
    ../clib/heapalloc.c                      0x00000000   Number         0  init_alloc.o ABSOLUTE
    ../clib/heapalloc.c                      0x00000000   Number         0  hguard.o ABSOLUTE
    ../clib/heapaux.c                        0x00000000   Number         0  heapauxi.o ABSOLUTE
    ../clib/heapaux.c                        0x00000000   Number         0  heapauxa.o ABSOLUTE
    ../clib/libinit.s                        0x00000000   Number         0  libinit.o ABSOLUTE
    ../clib/libinit.s                        0x00000000   Number         0  libinit2.o ABSOLUTE
    ../clib/libinit.s                        0x00000000   Number         0  libshutdown2.o ABSOLUTE
    ../clib/libinit.s                        0x00000000   Number         0  libshutdown.o ABSOLUTE
    ../clib/locale.s                         0x00000000   Number         0  lc_ctype_c.o ABSOLUTE
    ../clib/memcpset.s                       0x00000000   Number         0  rt_memcpy_w.o ABSOLUTE
    ../clib/memcpset.s                       0x00000000   Number         0  strcmpv7m.o ABSOLUTE
    ../clib/memcpset.s                       0x00000000   Number         0  rt_memcpy_v6.o ABSOLUTE
    ../clib/memcpset.s                       0x00000000   Number         0  rt_memclr_w.o ABSOLUTE
    ../clib/misc.s                           0x00000000   Number         0  printf_stubs.o ABSOLUTE
    ../clib/printf.c                         0x00000000   Number         0  noretval__2sprintf.o ABSOLUTE
    ../clib/printf.c                         0x00000000   Number         0  _printf_hex_int_ll_ptr.o ABSOLUTE
    ../clib/printf.c                         0x00000000   Number         0  _printf_hex_int_ptr.o ABSOLUTE
    ../clib/printf.c                         0x00000000   Number         0  __printf_nopercent.o ABSOLUTE
    ../clib/printf.c                         0x00000000   Number         0  __2printf.o ABSOLUTE
    ../clib/printf.c                         0x00000000   Number         0  __2sprintf.o ABSOLUTE
    ../clib/printf.c                         0x00000000   Number         0  noretval__2printf.o ABSOLUTE
    ../clib/printf.c                         0x00000000   Number         0  __printf_flags_ss_wp.o ABSOLUTE
    ../clib/printf.c                         0x00000000   Number         0  __printf.o ABSOLUTE
    ../clib/printf.c                         0x00000000   Number         0  _printf_pad.o ABSOLUTE
    ../clib/printf.c                         0x00000000   Number         0  _printf_hex_ll.o ABSOLUTE
    ../clib/printf.c                         0x00000000   Number         0  _printf_intcommon.o ABSOLUTE
    ../clib/printf.c                         0x00000000   Number         0  _printf_hex_ptr.o ABSOLUTE
    ../clib/printf.c                         0x00000000   Number         0  _printf_hex_int_ll.o ABSOLUTE
    ../clib/printf.c                         0x00000000   Number         0  _printf_hex_int.o ABSOLUTE
    ../clib/printf.c                         0x00000000   Number         0  _printf_hex_ll_ptr.o ABSOLUTE
    ../clib/printf.c                         0x00000000   Number         0  _sputc.o ABSOLUTE
    ../clib/printf.c                         0x00000000   Number         0  _printf_char_common.o ABSOLUTE
    ../clib/printf.c                         0x00000000   Number         0  _printf_char_file_locked.o ABSOLUTE
    ../clib/printf.c                         0x00000000   Number         0  __printf_ss.o ABSOLUTE
    ../clib/printf.c                         0x00000000   Number         0  _printf_char_file.o ABSOLUTE
    ../clib/printf.c                         0x00000000   Number         0  __printf_ss_wp.o ABSOLUTE
    ../clib/printf.c                         0x00000000   Number         0  _printf_dec.o ABSOLUTE
    ../clib/printf.c                         0x00000000   Number         0  __printf_flags_wp.o ABSOLUTE
    ../clib/printf.c                         0x00000000   Number         0  __printf_wp.o ABSOLUTE
    ../clib/printf.c                         0x00000000   Number         0  __printf_flags_ss.o ABSOLUTE
    ../clib/printf.c                         0x00000000   Number         0  __printf_flags.o ABSOLUTE
    ../clib/printf_percent.s                 0x00000000   Number         0  _printf_percent_end.o ABSOLUTE
    ../clib/printf_percent.s                 0x00000000   Number         0  _printf_percent.o ABSOLUTE
    ../clib/printf_percent.s                 0x00000000   Number         0  _printf_d.o ABSOLUTE
    ../clib/printf_percent.s                 0x00000000   Number         0  _printf_x.o ABSOLUTE
    ../clib/scanf.c                          0x00000000   Number         0  _chval.o ABSOLUTE
    ../clib/scanf.c                          0x00000000   Number         0  _strtoul.o ABSOLUTE
    ../clib/scanf.c                          0x00000000   Number         0  strtol.o ABSOLUTE
    ../clib/signal.c                         0x00000000   Number         0  defsig_rtred_outer.o ABSOLUTE
    ../clib/signal.c                         0x00000000   Number         0  defsig_rtmem_inner.o ABSOLUTE
    ../clib/signal.c                         0x00000000   Number         0  defsig_rtred_inner.o ABSOLUTE
    ../clib/signal.c                         0x00000000   Number         0  defsig_exit.o ABSOLUTE
    ../clib/signal.c                         0x00000000   Number         0  __raise.o ABSOLUTE
    ../clib/signal.c                         0x00000000   Number         0  defsig_general.o ABSOLUTE
    ../clib/signal.c                         0x00000000   Number         0  defsig_pvfn_inner.o ABSOLUTE
    ../clib/signal.c                         0x00000000   Number         0  defsig_stak_inner.o ABSOLUTE
    ../clib/signal.c                         0x00000000   Number         0  defsig_fpe_inner.o ABSOLUTE
    ../clib/signal.c                         0x00000000   Number         0  defsig_abrt_inner.o ABSOLUTE
    ../clib/signal.c                         0x00000000   Number         0  defsig_rtred_formal.o ABSOLUTE
    ../clib/signal.c                         0x00000000   Number         0  defsig_other.o ABSOLUTE
    ../clib/signal.c                         0x00000000   Number         0  defsig_segv_inner.o ABSOLUTE
    ../clib/signal.c                         0x00000000   Number         0  defsig_cppl_inner.o ABSOLUTE
    ../clib/signal.c                         0x00000000   Number         0  defsig_rtmem_outer.o ABSOLUTE
    ../clib/signal.c                         0x00000000   Number         0  defsig_rtmem_formal.o ABSOLUTE
    ../clib/signal.s                         0x00000000   Number         0  defsig.o ABSOLUTE
    ../clib/stdio.c                          0x00000000   Number         0  fputc.o ABSOLUTE
    ../clib/stdio.c                          0x00000000   Number         0  setvbuf.o ABSOLUTE
    ../clib/stdio.c                          0x00000000   Number         0  streamlock.o ABSOLUTE
    ../clib/stdio.c                          0x00000000   Number         0  fopen.o ABSOLUTE
    ../clib/stdio.c                          0x00000000   Number         0  fputc_locked.o ABSOLUTE
    ../clib/stdio.c                          0x00000000   Number         0  setvbuf_locked.o ABSOLUTE
    ../clib/stdio.c                          0x00000000   Number         0  fopen_locked.o ABSOLUTE
    ../clib/stdio.c                          0x00000000   Number         0  flsbuf.o ABSOLUTE
    ../clib/stdio.c                          0x00000000   Number         0  fseek.o ABSOLUTE
    ../clib/stdio.c                          0x00000000   Number         0  stdio.o ABSOLUTE
    ../clib/stdio.c                          0x00000000   Number         0  freadfast.o ABSOLUTE
    ../clib/stdio.c                          0x00000000   Number         0  fread_bytes_avail.o ABSOLUTE
    ../clib/stdio.c                          0x00000000   Number         0  flushlinebuffered.o ABSOLUTE
    ../clib/stdio.c                          0x00000000   Number         0  fgets_locked.o ABSOLUTE
    ../clib/stdio.c                          0x00000000   Number         0  freadfast_locked.o ABSOLUTE
    ../clib/stdio.c                          0x00000000   Number         0  fread_bytes_avail_locked.o ABSOLUTE
    ../clib/stdio.c                          0x00000000   Number         0  flushlinebuffered_locked.o ABSOLUTE
    ../clib/stdio.c                          0x00000000   Number         0  fflush.o ABSOLUTE
    ../clib/stdio.c                          0x00000000   Number         0  ftell.o ABSOLUTE
    ../clib/stdio.c                          0x00000000   Number         0  fwritefast.o ABSOLUTE
    ../clib/stdio.c                          0x00000000   Number         0  fflush_locked.o ABSOLUTE
    ../clib/stdio.c                          0x00000000   Number         0  fwritefast_locked.o ABSOLUTE
    ../clib/stdio.c                          0x00000000   Number         0  fputs.o ABSOLUTE
    ../clib/stdio.c                          0x00000000   Number         0  fputs_locked.o ABSOLUTE
    ../clib/stdio.c                          0x00000000   Number         0  fgets.o ABSOLUTE
    ../clib/stdio.c                          0x00000000   Number         0  stdio_streams.o ABSOLUTE
    ../clib/stdio.c                          0x00000000   Number         0  fclose.o ABSOLUTE
    ../clib/stdio.c                          0x00000000   Number         0  ferror.o ABSOLUTE
    ../clib/stdio.c                          0x00000000   Number         0  fgetc.o ABSOLUTE
    ../clib/stdio.c                          0x00000000   Number         0  initio.o ABSOLUTE
    ../clib/stdio.c                          0x00000000   Number         0  fgetc_locked.o ABSOLUTE
    ../clib/stdio.c                          0x00000000   Number         0  ferror_locked.o ABSOLUTE
    ../clib/stdio.c                          0x00000000   Number         0  initio_locked.o ABSOLUTE
    ../clib/stdio.c                          0x00000000   Number         0  filbuf.o ABSOLUTE
    ../clib/stdlib.c                         0x00000000   Number         0  exit.o ABSOLUTE
    ../clib/string.c                         0x00000000   Number         0  strlen.o ABSOLUTE
    ../clib/wchar.c                          0x00000000   Number         0  filbuf_fwide.o ABSOLUTE
    ../clib/wchar.c                          0x00000000   Number         0  flsbuf_fwide.o ABSOLUTE
    ../fplib/fpinit.s                        0x00000000   Number         0  fpinit.o ABSOLUTE
    ..\..\STM32Libraries\STM32F4xx_StdPeriph_Driver\src\misc.c 0x00000000   Number         0  misc.o ABSOLUTE
    ..\..\STM32Libraries\STM32F4xx_StdPeriph_Driver\src\stm32f4xx_gpio.c 0x00000000   Number         0  stm32f4xx_gpio.o ABSOLUTE
    ..\..\STM32Libraries\STM32F4xx_StdPeriph_Driver\src\stm32f4xx_i2c.c 0x00000000   Number         0  stm32f4xx_i2c.o ABSOLUTE
    ..\..\STM32Libraries\STM32F4xx_StdPeriph_Driver\src\stm32f4xx_pwr.c 0x00000000   Number         0  stm32f4xx_pwr.o ABSOLUTE
    ..\..\STM32Libraries\STM32F4xx_StdPeriph_Driver\src\stm32f4xx_rcc.c 0x00000000   Number         0  stm32f4xx_rcc.o ABSOLUTE
    ..\..\STM32Libraries\STM32F4xx_StdPeriph_Driver\src\stm32f4xx_rtc.c 0x00000000   Number         0  stm32f4xx_rtc.o ABSOLUTE
    ..\..\STM32Libraries\STM32F4xx_StdPeriph_Driver\src\stm32f4xx_tim.c 0x00000000   Number         0  stm32f4xx_tim.o ABSOLUTE
    ..\..\STM32Libraries\STM32F4xx_StdPeriph_Driver\src\stm32f4xx_usart.c 0x00000000   Number         0  stm32f4xx_usart.o ABSOLUTE
    ..\..\STM32Libraries\armcmx\armcmx.c     0x00000000   Number         0  armcmx.o ABSOLUTE
    ..\..\STM32Libraries\armcmx\delay.c      0x00000000   Number         0  delay.o ABSOLUTE
    ..\..\STM32Libraries\armcmx\gpio.c       0x00000000   Number         0  gpio.o ABSOLUTE
    ..\..\STM32Libraries\armcmx\i2c.c        0x00000000   Number         0  i2c.o ABSOLUTE
    ..\..\STM32Libraries\armcmx\rtc.c        0x00000000   Number         0  rtc.o ABSOLUTE
    ..\..\STM32Libraries\armcmx\usart.c      0x00000000   Number         0  usart.o ABSOLUTE
    ..\\..\\STM32Libraries\\STM32F4xx_StdPeriph_Driver\\src\\misc.c 0x00000000   Number         0  misc.o ABSOLUTE
    ..\\..\\STM32Libraries\\STM32F4xx_StdPeriph_Driver\\src\\stm32f4xx_gpio.c 0x00000000   Number         0  stm32f4xx_gpio.o ABSOLUTE
    ..\\..\\STM32Libraries\\STM32F4xx_StdPeriph_Driver\\src\\stm32f4xx_i2c.c 0x00000000   Number         0  stm32f4xx_i2c.o ABSOLUTE
    ..\\..\\STM32Libraries\\STM32F4xx_StdPeriph_Driver\\src\\stm32f4xx_pwr.c 0x00000000   Number         0  stm32f4xx_pwr.o ABSOLUTE
    ..\\..\\STM32Libraries\\STM32F4xx_StdPeriph_Driver\\src\\stm32f4xx_rcc.c 0x00000000   Number         0  stm32f4xx_rcc.o ABSOLUTE
    ..\\..\\STM32Libraries\\STM32F4xx_StdPeriph_Driver\\src\\stm32f4xx_rtc.c 0x00000000   Number         0  stm32f4xx_rtc.o ABSOLUTE
    ..\\..\\STM32Libraries\\STM32F4xx_StdPeriph_Driver\\src\\stm32f4xx_tim.c 0x00000000   Number         0  stm32f4xx_tim.o ABSOLUTE
    ..\\..\\STM32Libraries\\STM32F4xx_StdPeriph_Driver\\src\\stm32f4xx_usart.c 0x00000000   Number         0  stm32f4xx_usart.o ABSOLUTE
    ..\\..\\STM32Libraries\\armcmx\\armcmx.c 0x00000000   Number         0  armcmx.o ABSOLUTE
    ..\\..\\STM32Libraries\\armcmx\\delay.c  0x00000000   Number         0  delay.o ABSOLUTE
    ..\\..\\STM32Libraries\\armcmx\\gpio.c   0x00000000   Number         0  gpio.o ABSOLUTE
    ..\\..\\STM32Libraries\\armcmx\\i2c.c    0x00000000   Number         0  i2c.o ABSOLUTE
    ..\\..\\STM32Libraries\\armcmx\\rtc.c    0x00000000   Number         0  rtc.o ABSOLUTE
    ..\\..\\STM32Libraries\\armcmx\\usart.c  0x00000000   Number         0  usart.o ABSOLUTE
    ..\\main.c                               0x00000000   Number         0  main.o ABSOLUTE
    ..\\stm32f4xx_it.c                       0x00000000   Number         0  stm32f4xx_it.o ABSOLUTE
    ..\\system_stm32f4xx.c                   0x00000000   Number         0  system_stm32f4xx.o ABSOLUTE
    ..\main.c                                0x00000000   Number         0  main.o ABSOLUTE
    ..\stm32f4xx_it.c                        0x00000000   Number         0  stm32f4xx_it.o ABSOLUTE
    ..\system_stm32f4xx.c                    0x00000000   Number         0  system_stm32f4xx.o ABSOLUTE
    dc.s                                     0x00000000   Number         0  dc.o ABSOLUTE
    startup_stm32f4xx.s                      0x00000000   Number         0  startup_stm32f4xx.o ABSOLUTE
    RESET                                    0x08000000   Section      392  startup_stm32f4xx.o(RESET)
    !!!main                                  0x08000188   Section        8  __main.o(!!!main)
    !!!scatter                               0x08000190   Section       52  __scatter.o(!!!scatter)
    !!handler_copy                           0x080001c4   Section       26  __scatter_copy.o(!!handler_copy)
    !!handler_zi                             0x080001e0   Section       28  __scatter_zi.o(!!handler_zi)
    .ARM.Collect$$_printf_percent$$00000000  0x080001fc   Section        0  _printf_percent.o(.ARM.Collect$$_printf_percent$$00000000)
    .ARM.Collect$$_printf_percent$$00000009  0x080001fc   Section        6  _printf_d.o(.ARM.Collect$$_printf_percent$$00000009)
    .ARM.Collect$$_printf_percent$$00000017  0x08000202   Section        4  _printf_percent_end.o(.ARM.Collect$$_printf_percent$$00000017)
    .ARM.Collect$$libinit$$00000000          0x08000206   Section        2  libinit.o(.ARM.Collect$$libinit$$00000000)
    .ARM.Collect$$libinit$$00000001          0x08000208   Section        4  libinit2.o(.ARM.Collect$$libinit$$00000001)
    .ARM.Collect$$libinit$$00000008          0x0800020c   Section        0  libinit2.o(.ARM.Collect$$libinit$$00000008)
    .ARM.Collect$$libinit$$0000000A          0x0800020c   Section        0  libinit2.o(.ARM.Collect$$libinit$$0000000A)
    .ARM.Collect$$libinit$$0000000C          0x0800020c   Section        0  libinit2.o(.ARM.Collect$$libinit$$0000000C)
    .ARM.Collect$$libinit$$0000000D          0x0800020c   Section        6  libinit2.o(.ARM.Collect$$libinit$$0000000D)
    .ARM.Collect$$libinit$$0000000F          0x08000212   Section        0  libinit2.o(.ARM.Collect$$libinit$$0000000F)
    .ARM.Collect$$libinit$$00000010          0x08000212   Section       12  libinit2.o(.ARM.Collect$$libinit$$00000010)
    .ARM.Collect$$libinit$$00000011          0x0800021e   Section        0  libinit2.o(.ARM.Collect$$libinit$$00000011)
    .ARM.Collect$$libinit$$00000013          0x0800021e   Section        0  libinit2.o(.ARM.Collect$$libinit$$00000013)
    .ARM.Collect$$libinit$$00000015          0x0800021e   Section        0  libinit2.o(.ARM.Collect$$libinit$$00000015)
    .ARM.Collect$$libinit$$00000017          0x0800021e   Section        0  libinit2.o(.ARM.Collect$$libinit$$00000017)
    .ARM.Collect$$libinit$$00000019          0x0800021e   Section        0  libinit2.o(.ARM.Collect$$libinit$$00000019)
    .ARM.Collect$$libinit$$0000001B          0x0800021e   Section        0  libinit2.o(.ARM.Collect$$libinit$$0000001B)
    .ARM.Collect$$libinit$$0000001D          0x0800021e   Section        0  libinit2.o(.ARM.Collect$$libinit$$0000001D)
    .ARM.Collect$$libinit$$0000001F          0x0800021e   Section        0  libinit2.o(.ARM.Collect$$libinit$$0000001F)
    .ARM.Collect$$libinit$$00000021          0x0800021e   Section        0  libinit2.o(.ARM.Collect$$libinit$$00000021)
    .ARM.Collect$$libinit$$00000023          0x0800021e   Section        0  libinit2.o(.ARM.Collect$$libinit$$00000023)
    .ARM.Collect$$libinit$$0000002A          0x0800021e   Section        0  libinit2.o(.ARM.Collect$$libinit$$0000002A)
    .ARM.Collect$$libinit$$0000002C          0x0800021e   Section        0  libinit2.o(.ARM.Collect$$libinit$$0000002C)
    .ARM.Collect$$libinit$$0000002E          0x0800021e   Section        0  libinit2.o(.ARM.Collect$$libinit$$0000002E)
    .ARM.Collect$$libinit$$00000030          0x0800021e   Section        0  libinit2.o(.ARM.Collect$$libinit$$00000030)
    .ARM.Collect$$libinit$$00000031          0x0800021e   Section        2  libinit2.o(.ARM.Collect$$libinit$$00000031)
    .ARM.Collect$$libshutdown$$00000000      0x08000220   Section        2  libshutdown.o(.ARM.Collect$$libshutdown$$00000000)
    .ARM.Collect$$libshutdown$$00000003      0x08000222   Section        0  libshutdown2.o(.ARM.Collect$$libshutdown$$00000003)
    .ARM.Collect$$libshutdown$$00000006      0x08000222   Section        0  libshutdown2.o(.ARM.Collect$$libshutdown$$00000006)
    .ARM.Collect$$libshutdown$$00000009      0x08000222   Section        0  libshutdown2.o(.ARM.Collect$$libshutdown$$00000009)
    .ARM.Collect$$libshutdown$$0000000B      0x08000222   Section        0  libshutdown2.o(.ARM.Collect$$libshutdown$$0000000B)
    .ARM.Collect$$libshutdown$$0000000E      0x08000222   Section        0  libshutdown2.o(.ARM.Collect$$libshutdown$$0000000E)
    .ARM.Collect$$libshutdown$$0000000F      0x08000222   Section        2  libshutdown2.o(.ARM.Collect$$libshutdown$$0000000F)
    .ARM.Collect$$rtentry$$00000000          0x08000224   Section        0  rtentry.o(.ARM.Collect$$rtentry$$00000000)
    .ARM.Collect$$rtentry$$00000002          0x08000224   Section        0  rtentry2.o(.ARM.Collect$$rtentry$$00000002)
    .ARM.Collect$$rtentry$$00000004          0x08000224   Section        6  rtentry4.o(.ARM.Collect$$rtentry$$00000004)
    .ARM.Collect$$rtentry$$00000009          0x0800022a   Section        0  rtentry2.o(.ARM.Collect$$rtentry$$00000009)
    .ARM.Collect$$rtentry$$0000000A          0x0800022a   Section        4  rtentry2.o(.ARM.Collect$$rtentry$$0000000A)
    .ARM.Collect$$rtentry$$0000000C          0x0800022e   Section        0  rtentry2.o(.ARM.Collect$$rtentry$$0000000C)
    .ARM.Collect$$rtentry$$0000000D          0x0800022e   Section        8  rtentry2.o(.ARM.Collect$$rtentry$$0000000D)
    .ARM.Collect$$rtexit$$00000000           0x08000236   Section        2  rtexit.o(.ARM.Collect$$rtexit$$00000000)
    .ARM.Collect$$rtexit$$00000002           0x08000238   Section        0  rtexit2.o(.ARM.Collect$$rtexit$$00000002)
    .ARM.Collect$$rtexit$$00000003           0x08000238   Section        4  rtexit2.o(.ARM.Collect$$rtexit$$00000003)
    .ARM.Collect$$rtexit$$00000004           0x0800023c   Section        6  rtexit2.o(.ARM.Collect$$rtexit$$00000004)
    .text                                    0x08000244   Section       64  startup_stm32f4xx.o(.text)
    $v0                                      0x08000244   Number         0  startup_stm32f4xx.o(.text)
    .text                                    0x08000284   Section       16  rt_ctype_table.o(.text)
    .text                                    0x08000294   Section        0  noretval__2sprintf.o(.text)
    .text                                    0x080002bc   Section        0  _printf_dec.o(.text)
    .text                                    0x08000334   Section        0  __printf_flags_wp.o(.text)
    .text                                    0x08000470   Section        0  heapauxi.o(.text)
    .text                                    0x08000478   Section        8  rt_locale_intlibspace.o(.text)
    .text                                    0x08000480   Section        0  _printf_intcommon.o(.text)
    .text                                    0x08000538   Section        0  _printf_char_common.o(.text)
    _printf_input_char                       0x08000539   Thumb Code    10  _printf_char_common.o(.text)
    .text                                    0x08000568   Section        0  _sputc.o(.text)
    .text                                    0x08000574   Section        8  libspace.o(.text)
    .text                                    0x0800057c   Section      128  strcmpv7m.o(.text)
    .text                                    0x080005fc   Section        2  use_no_semi.o(.text)
    .text                                    0x080005fe   Section        0  indicate_semi.o(.text)
    .text                                    0x080005fe   Section       74  sys_stackheap_outer.o(.text)
    .text                                    0x08000648   Section        0  exit.o(.text)
    .text                                    0x08000654   Section        0  sys_exit.o(.text)
    i.BusFault_Handler                       0x08000660   Section        0  stm32f4xx_it.o(i.BusFault_Handler)
    i.DebugMon_Handler                       0x08000662   Section        0  stm32f4xx_it.o(i.DebugMon_Handler)
    i.GPIOMode                               0x08000664   Section        0  gpio.o(i.GPIOMode)
    i.GPIO_Init                              0x08000744   Section        0  stm32f4xx_gpio.o(i.GPIO_Init)
    i.GPIO_PinAFConfig                       0x080007c0   Section        0  stm32f4xx_gpio.o(i.GPIO_PinAFConfig)
    i.HardFault_Handler                      0x080007e0   Section        0  stm32f4xx_it.o(i.HardFault_Handler)
    i.I2C1_ER_IRQHandler                     0x080007e4   Section        0  i2c.o(i.I2C1_ER_IRQHandler)
    i.I2C1_EV_IRQHandler                     0x08000824   Section        0  i2c.o(i.I2C1_EV_IRQHandler)
    i.I2C_AcknowledgeConfig                  0x080008f4   Section        0  stm32f4xx_i2c.o(i.I2C_AcknowledgeConfig)
    i.I2C_ClearFlag                          0x0800090c   Section        0  stm32f4xx_i2c.o(i.I2C_ClearFlag)
    i.I2C_GenerateSTOP                       0x08000912   Section        0  stm32f4xx_i2c.o(i.I2C_GenerateSTOP)
    i.I2C_GetLastEvent                       0x0800092a   Section        0  stm32f4xx_i2c.o(i.I2C_GetLastEvent)
    i.I2C_ITConfig                           0x08000938   Section        0  stm32f4xx_i2c.o(i.I2C_ITConfig)
    i.I2C_ReceiveData                        0x0800094c   Section        0  stm32f4xx_i2c.o(i.I2C_ReceiveData)
    i.I2C_SendData                           0x08000952   Section        0  stm32f4xx_i2c.o(i.I2C_SendData)
    i.MemManage_Handler                      0x08000956   Section        0  stm32f4xx_it.o(i.MemManage_Handler)
    i.NMI_Handler                            0x08000958   Section        0  stm32f4xx_it.o(i.NMI_Handler)
    i.NVIC_Init                              0x0800095c   Section        0  misc.o(i.NVIC_Init)
    i.PWR_BackupAccessCmd                    0x080009c4   Section        0  stm32f4xx_pwr.o(i.PWR_BackupAccessCmd)
    i.PendSV_Handler                         0x080009d0   Section        0  stm32f4xx_it.o(i.PendSV_Handler)
    i.RCC_AHB1PeriphClockCmd                 0x080009d4   Section        0  stm32f4xx_rcc.o(i.RCC_AHB1PeriphClockCmd)
    i.RCC_APB1PeriphClockCmd                 0x080009f0   Section        0  stm32f4xx_rcc.o(i.RCC_APB1PeriphClockCmd)
    i.RCC_APB2PeriphClockCmd                 0x08000a0c   Section        0  stm32f4xx_rcc.o(i.RCC_APB2PeriphClockCmd)
    i.RCC_GetClocksFreq                      0x08000a28   Section        0  stm32f4xx_rcc.o(i.RCC_GetClocksFreq)
    i.RCC_GetFlagStatus                      0x08000ac8   Section        0  stm32f4xx_rcc.o(i.RCC_GetFlagStatus)
    i.RCC_LSEConfig                          0x08000b00   Section        0  stm32f4xx_rcc.o(i.RCC_LSEConfig)
    i.RCC_RTCCLKCmd                          0x08000b20   Section        0  stm32f4xx_rcc.o(i.RCC_RTCCLKCmd)
    i.RCC_RTCCLKConfig                       0x08000b2c   Section        0  stm32f4xx_rcc.o(i.RCC_RTCCLKConfig)
    i.RTC_Bcd2ToByte                         0x08000b5c   Section        0  stm32f4xx_rtc.o(i.RTC_Bcd2ToByte)
    RTC_Bcd2ToByte                           0x08000b5d   Thumb Code    18  stm32f4xx_rtc.o(i.RTC_Bcd2ToByte)
    i.RTC_Config                             0x08000b70   Section        0  rtc.o(i.RTC_Config)
    i.RTC_GetSubSecond                       0x08000bb4   Section        0  stm32f4xx_rtc.o(i.RTC_GetSubSecond)
    i.RTC_GetTime                            0x08000bc4   Section        0  stm32f4xx_rtc.o(i.RTC_GetTime)
    i.RTC_Get_Time                           0x08000c10   Section        0  main.o(i.RTC_Get_Time)
    i.RTC_WaitForSynchro                     0x08000c9c   Section        0  stm32f4xx_rtc.o(i.RTC_WaitForSynchro)
    i.SVC_Handler                            0x08000ce8   Section        0  stm32f4xx_it.o(i.SVC_Handler)
    i.SetSysClock                            0x08000cec   Section        0  system_stm32f4xx.o(i.SetSysClock)
    SetSysClock                              0x08000ced   Thumb Code   168  system_stm32f4xx.o(i.SetSysClock)
    i.SystemInit                             0x08000da4   Section        0  system_stm32f4xx.o(i.SystemInit)
    i.TIM2_IRQHandler                        0x08000e00   Section        0  delay.o(i.TIM2_IRQHandler)
    i.TIM2_delaytimer_start                  0x08000e38   Section        0  delay.o(i.TIM2_delaytimer_start)
    i.TIM_ClearITPendingBit                  0x08000ec0   Section        0  stm32f4xx_tim.o(i.TIM_ClearITPendingBit)
    i.TIM_Cmd                                0x08000ec6   Section        0  stm32f4xx_tim.o(i.TIM_Cmd)
    i.TIM_GetCounter                         0x08000ede   Section        0  stm32f4xx_tim.o(i.TIM_GetCounter)
    i.TIM_GetITStatus                        0x08000ee2   Section        0  stm32f4xx_tim.o(i.TIM_GetITStatus)
    i.TIM_ITConfig                           0x08000efa   Section        0  stm32f4xx_tim.o(i.TIM_ITConfig)
    i.TIM_SetCounter                         0x08000f0e   Section        0  stm32f4xx_tim.o(i.TIM_SetCounter)
    i.TIM_TimeBaseInit                       0x08000f14   Section        0  stm32f4xx_tim.o(i.TIM_TimeBaseInit)
    i.UART4_IRQHandler                       0x08000f90   Section        0  usart.o(i.UART4_IRQHandler)
    i.USART1_IRQHandler                      0x08000ff8   Section        0  usart.o(i.USART1_IRQHandler)
    i.USART2_IRQHandler                      0x08001064   Section        0  usart.o(i.USART2_IRQHandler)
    i.USART3_IRQHandler                      0x080010d0   Section        0  usart.o(i.USART3_IRQHandler)
    i.USART6_IRQHandler                      0x0800113c   Section        0  usart.o(i.USART6_IRQHandler)
    i.USART_ClearITPendingBit                0x080011a8   Section        0  stm32f4xx_usart.o(i.USART_ClearITPendingBit)
    i.USART_Cmd                              0x080011b8   Section        0  stm32f4xx_usart.o(i.USART_Cmd)
    i.USART_GetITStatus                      0x080011d0   Section        0  stm32f4xx_usart.o(i.USART_GetITStatus)
    i.USART_ITConfig                         0x08001210   Section        0  stm32f4xx_usart.o(i.USART_ITConfig)
    i.USART_Init                             0x08001248   Section        0  stm32f4xx_usart.o(i.USART_Init)
    i.USART_ReceiveData                      0x08001304   Section        0  stm32f4xx_usart.o(i.USART_ReceiveData)
    i.USART_SendData                         0x0800130c   Section        0  stm32f4xx_usart.o(i.USART_SendData)
    i.UsageFault_Handler                     0x08001314   Section        0  stm32f4xx_it.o(i.UsageFault_Handler)
    i._is_digit                              0x08001316   Section        0  __printf_wp.o(i._is_digit)
    i.armcmx_init                            0x08001324   Section        0  armcmx.o(i.armcmx_init)
    i.delay_ms                               0x08001328   Section        0  delay.o(i.delay_ms)
    i.delay_us                               0x0800134c   Section        0  delay.o(i.delay_us)
    i.main                                   0x08001378   Section        0  main.o(i.main)
    i.millis                                 0x0800146c   Section        0  delay.o(i.millis)
    i.ring_clear                             0x08001478   Section        0  usart.o(i.ring_clear)
    i.ring_count                             0x08001486   Section        0  usart.o(i.ring_count)
    i.ring_deque                             0x0800148c   Section        0  usart.o(i.ring_deque)
    i.ring_enque                             0x080014ca   Section        0  usart.o(i.ring_enque)
    i.ring_is_full                           0x0800150c   Section        0  usart.o(i.ring_is_full)
    i.usart_begin                            0x08001526   Section        0  usart.o(i.usart_begin)
    i.usart_init                             0x0800159c   Section        0  usart.o(i.usart_init)
    i.usart_print                            0x080016e0   Section        0  usart.o(i.usart_print)
    i.usart_write                            0x080016fe   Section        0  usart.o(i.usart_write)
    locale$$code                             0x08001764   Section       44  lc_ctype_c.o(locale$$code)
    x$fpl$fpinit                             0x08001790   Section       10  fpinit.o(x$fpl$fpinit)
    $v0                                      0x08001790   Number         0  fpinit.o(x$fpl$fpinit)
    .constdata                               0x0800179a   Section       17  __printf_flags_wp.o(.constdata)
    maptable                                 0x0800179a   Data          17  __printf_flags_wp.o(.constdata)
    locale$$data                             0x080017cc   Section      272  lc_ctype_c.o(locale$$data)
    __lcctype_c_name                         0x080017d0   Data           2  lc_ctype_c.o(locale$$data)
    __lcctype_c_start                        0x080017d8   Data           0  lc_ctype_c.o(locale$$data)
    __lcctype_c_end                          0x080018dc   Data           0  lc_ctype_c.o(locale$$data)
    .data                                    0x20000000   Section       12  main.o(.data)
    .data                                    0x2000000c   Section       12  delay.o(.data)
    .data                                    0x20000018   Section        8  rtc.o(.data)
    .data                                    0x20000020   Section       40  usart.o(.data)
    Port                                     0x20000020   Data          40  usart.o(.data)
    .data                                    0x20000048   Section       16  stm32f4xx_rcc.o(.data)
    APBAHBPrescTable                         0x20000048   Data          16  stm32f4xx_rcc.o(.data)
    .bss                                     0x20000058   Section      532  main.o(.bss)
    .bss                                     0x2000026c   Section       12  i2c.o(.bss)
    .bss                                     0x20000278   Section       48  usart.o(.bss)
    .bss                                     0x200002a8   Section       96  libspace.o(.bss)
    HEAP                                     0x20000308   Section      512  startup_stm32f4xx.o(HEAP)
    Heap_Mem                                 0x20000308   Data         512  startup_stm32f4xx.o(HEAP)
    STACK                                    0x20000508   Section     1024  startup_stm32f4xx.o(STACK)
    Stack_Mem                                0x20000508   Data        1024  startup_stm32f4xx.o(STACK)
    __initial_sp                             0x20000908   Data           0  startup_stm32f4xx.o(STACK)

    Global Symbols

    Symbol Name                              Value     Ov Type        Size  Object(Section)

    BuildAttributes$$THM_ISAv4$E$P$D$K$B$S$7EM$VFPi3$EXTD16$VFPS$VFMA$PE$A:L22UL41UL21$X:L11$S22US41US21$IEEE1$IW$USESV6$~STKCKD$USESV7$~SHL$OTIME$ROPI$EBA8$UX$STANDARDLIB$REQ8$PRES8$EABIv2 0x00000000   Number         0  anon$$obj.o ABSOLUTE
    __ARM_use_no_argv                        0x00000000   Number         0  main.o ABSOLUTE
    _printf_flags                            0x00000000   Number         0  printf_stubs.o ABSOLUTE
    _printf_return_value                     0x00000000   Number         0  printf_stubs.o ABSOLUTE
    _printf_sizespec                         0x00000000   Number         0  printf_stubs.o ABSOLUTE
    _printf_widthprec                        0x00000000   Number         0  printf_stubs.o ABSOLUTE
    __ARM_exceptions_init                     - Undefined Weak Reference
    __alloca_initialize                       - Undefined Weak Reference
    __cpp_initialize__aeabi_                  - Undefined Weak Reference
    __cxa_finalize                            - Undefined Weak Reference
    __sigvec_lookup                           - Undefined Weak Reference
    __user_heap_extent                        - Undefined Weak Reference
    _atexit_init                              - Undefined Weak Reference
    _call_atexit_fns                          - Undefined Weak Reference
    _clock_init                               - Undefined Weak Reference
    _fp_trap_init                             - Undefined Weak Reference
    _fp_trap_shutdown                         - Undefined Weak Reference
    _get_lc_collate                           - Undefined Weak Reference
    _get_lc_monetary                          - Undefined Weak Reference
    _get_lc_numeric                           - Undefined Weak Reference
    _get_lc_time                              - Undefined Weak Reference
    _getenv_init                              - Undefined Weak Reference
    _handle_redirection                       - Undefined Weak Reference
    _mutex_acquire                            - Undefined Weak Reference
    _mutex_free                               - Undefined Weak Reference
    _mutex_release                            - Undefined Weak Reference
    _printf_truncate_signed                   - Undefined Weak Reference
    _printf_truncate_unsigned                 - Undefined Weak Reference
    _rand_init                                - Undefined Weak Reference
    _signal_finish                            - Undefined Weak Reference
    _signal_init                              - Undefined Weak Reference
    __Vectors_Size                           0x00000188   Number         0  startup_stm32f4xx.o ABSOLUTE
    __Vectors                                0x08000000   Data           4  startup_stm32f4xx.o(RESET)
    __Vectors_End                            0x08000188   Data           0  startup_stm32f4xx.o(RESET)
    __main                                   0x08000189   Thumb Code     8  __main.o(!!!main)
    __scatterload                            0x08000191   Thumb Code     0  __scatter.o(!!!scatter)
    __scatterload_rt2                        0x08000191   Thumb Code    44  __scatter.o(!!!scatter)
    __scatterload_rt2_thumb_only             0x08000191   Thumb Code     0  __scatter.o(!!!scatter)
    __scatterload_null                       0x0800019f   Thumb Code     0  __scatter.o(!!!scatter)
    __scatterload_copy                       0x080001c5   Thumb Code    26  __scatter_copy.o(!!handler_copy)
    __scatterload_zeroinit                   0x080001e1   Thumb Code    28  __scatter_zi.o(!!handler_zi)
    _printf_d                                0x080001fd   Thumb Code     0  _printf_d.o(.ARM.Collect$$_printf_percent$$00000009)
    _printf_percent                          0x080001fd   Thumb Code     0  _printf_percent.o(.ARM.Collect$$_printf_percent$$00000000)
    _printf_percent_end                      0x08000203   Thumb Code     0  _printf_percent_end.o(.ARM.Collect$$_printf_percent$$00000017)
    __rt_lib_init                            0x08000207   Thumb Code     0  libinit.o(.ARM.Collect$$libinit$$00000000)
    __rt_lib_init_fp_1                       0x08000209   Thumb Code     0  libinit2.o(.ARM.Collect$$libinit$$00000001)
    __rt_lib_init_heap_1                     0x0800020d   Thumb Code     0  libinit2.o(.ARM.Collect$$libinit$$00000008)
    __rt_lib_init_lc_common                  0x0800020d   Thumb Code     0  libinit2.o(.ARM.Collect$$libinit$$0000000D)
    __rt_lib_init_rand_1                     0x0800020d   Thumb Code     0  libinit2.o(.ARM.Collect$$libinit$$0000000C)
    __rt_lib_init_user_alloc_1               0x0800020d   Thumb Code     0  libinit2.o(.ARM.Collect$$libinit$$0000000A)
    __rt_lib_init_lc_collate_1               0x08000213   Thumb Code     0  libinit2.o(.ARM.Collect$$libinit$$0000000F)
    __rt_lib_init_lc_ctype_2                 0x08000213   Thumb Code     0  libinit2.o(.ARM.Collect$$libinit$$00000010)
    __rt_lib_init_alloca_1                   0x0800021f   Thumb Code     0  libinit2.o(.ARM.Collect$$libinit$$0000002C)
    __rt_lib_init_argv_1                     0x0800021f   Thumb Code     0  libinit2.o(.ARM.Collect$$libinit$$0000002A)
    __rt_lib_init_atexit_1                   0x0800021f   Thumb Code     0  libinit2.o(.ARM.Collect$$libinit$$00000019)
    __rt_lib_init_clock_1                    0x0800021f   Thumb Code     0  libinit2.o(.ARM.Collect$$libinit$$0000001F)
    __rt_lib_init_cpp_1                      0x0800021f   Thumb Code     0  libinit2.o(.ARM.Collect$$libinit$$00000030)
    __rt_lib_init_exceptions_1               0x0800021f   Thumb Code     0  libinit2.o(.ARM.Collect$$libinit$$0000002E)
    __rt_lib_init_fp_trap_1                  0x0800021f   Thumb Code     0  libinit2.o(.ARM.Collect$$libinit$$0000001D)
    __rt_lib_init_getenv_1                   0x0800021f   Thumb Code     0  libinit2.o(.ARM.Collect$$libinit$$00000021)
    __rt_lib_init_lc_ctype_1                 0x0800021f   Thumb Code     0  libinit2.o(.ARM.Collect$$libinit$$00000011)
    __rt_lib_init_lc_monetary_1              0x0800021f   Thumb Code     0  libinit2.o(.ARM.Collect$$libinit$$00000013)
    __rt_lib_init_lc_numeric_1               0x0800021f   Thumb Code     0  libinit2.o(.ARM.Collect$$libinit$$00000015)
    __rt_lib_init_lc_time_1                  0x0800021f   Thumb Code     0  libinit2.o(.ARM.Collect$$libinit$$00000017)
    __rt_lib_init_return                     0x0800021f   Thumb Code     0  libinit2.o(.ARM.Collect$$libinit$$00000031)
    __rt_lib_init_signal_1                   0x0800021f   Thumb Code     0  libinit2.o(.ARM.Collect$$libinit$$0000001B)
    __rt_lib_init_stdio_1                    0x0800021f   Thumb Code     0  libinit2.o(.ARM.Collect$$libinit$$00000023)
    __rt_lib_shutdown                        0x08000221   Thumb Code     0  libshutdown.o(.ARM.Collect$$libshutdown$$00000000)
    __rt_lib_shutdown_fp_trap_1              0x08000223   Thumb Code     0  libshutdown2.o(.ARM.Collect$$libshutdown$$00000006)
    __rt_lib_shutdown_heap_1                 0x08000223   Thumb Code     0  libshutdown2.o(.ARM.Collect$$libshutdown$$0000000E)
    __rt_lib_shutdown_return                 0x08000223   Thumb Code     0  libshutdown2.o(.ARM.Collect$$libshutdown$$0000000F)
    __rt_lib_shutdown_signal_1               0x08000223   Thumb Code     0  libshutdown2.o(.ARM.Collect$$libshutdown$$00000009)
    __rt_lib_shutdown_stdio_1                0x08000223   Thumb Code     0  libshutdown2.o(.ARM.Collect$$libshutdown$$00000003)
    __rt_lib_shutdown_user_alloc_1           0x08000223   Thumb Code     0  libshutdown2.o(.ARM.Collect$$libshutdown$$0000000B)
    __rt_entry                               0x08000225   Thumb Code     0  rtentry.o(.ARM.Collect$$rtentry$$00000000)
    __rt_entry_presh_1                       0x08000225   Thumb Code     0  rtentry2.o(.ARM.Collect$$rtentry$$00000002)
    __rt_entry_sh                            0x08000225   Thumb Code     0  rtentry4.o(.ARM.Collect$$rtentry$$00000004)
    __rt_entry_li                            0x0800022b   Thumb Code     0  rtentry2.o(.ARM.Collect$$rtentry$$0000000A)
    __rt_entry_postsh_1                      0x0800022b   Thumb Code     0  rtentry2.o(.ARM.Collect$$rtentry$$00000009)
    __rt_entry_main                          0x0800022f   Thumb Code     0  rtentry2.o(.ARM.Collect$$rtentry$$0000000D)
    __rt_entry_postli_1                      0x0800022f   Thumb Code     0  rtentry2.o(.ARM.Collect$$rtentry$$0000000C)
    __rt_exit                                0x08000237   Thumb Code     0  rtexit.o(.ARM.Collect$$rtexit$$00000000)
    __rt_exit_ls                             0x08000239   Thumb Code     0  rtexit2.o(.ARM.Collect$$rtexit$$00000003)
    __rt_exit_prels_1                        0x08000239   Thumb Code     0  rtexit2.o(.ARM.Collect$$rtexit$$00000002)
    __rt_exit_exit                           0x0800023d   Thumb Code     0  rtexit2.o(.ARM.Collect$$rtexit$$00000004)
    Reset_Handler                            0x08000245   Thumb Code     8  startup_stm32f4xx.o(.text)
    SysTick_Handler                          0x0800025d   Thumb Code     2  startup_stm32f4xx.o(.text)
    ADC_IRQHandler                           0x0800025f   Thumb Code     0  startup_stm32f4xx.o(.text)
    CAN1_RX0_IRQHandler                      0x0800025f   Thumb Code     0  startup_stm32f4xx.o(.text)
    CAN1_RX1_IRQHandler                      0x0800025f   Thumb Code     0  startup_stm32f4xx.o(.text)
    CAN1_SCE_IRQHandler                      0x0800025f   Thumb Code     0  startup_stm32f4xx.o(.text)
    CAN1_TX_IRQHandler                       0x0800025f   Thumb Code     0  startup_stm32f4xx.o(.text)
    CAN2_RX0_IRQHandler                      0x0800025f   Thumb Code     0  startup_stm32f4xx.o(.text)
    CAN2_RX1_IRQHandler                      0x0800025f   Thumb Code     0  startup_stm32f4xx.o(.text)
    CAN2_SCE_IRQHandler                      0x0800025f   Thumb Code     0  startup_stm32f4xx.o(.text)
    CAN2_TX_IRQHandler                       0x0800025f   Thumb Code     0  startup_stm32f4xx.o(.text)
    CRYP_IRQHandler                          0x0800025f   Thumb Code     0  startup_stm32f4xx.o(.text)
    DCMI_IRQHandler                          0x0800025f   Thumb Code     0  startup_stm32f4xx.o(.text)
    DMA1_Stream0_IRQHandler                  0x0800025f   Thumb Code     0  startup_stm32f4xx.o(.text)
    DMA1_Stream1_IRQHandler                  0x0800025f   Thumb Code     0  startup_stm32f4xx.o(.text)
    DMA1_Stream2_IRQHandler                  0x0800025f   Thumb Code     0  startup_stm32f4xx.o(.text)
    DMA1_Stream3_IRQHandler                  0x0800025f   Thumb Code     0  startup_stm32f4xx.o(.text)
    DMA1_Stream4_IRQHandler                  0x0800025f   Thumb Code     0  startup_stm32f4xx.o(.text)
    DMA1_Stream5_IRQHandler                  0x0800025f   Thumb Code     0  startup_stm32f4xx.o(.text)
    DMA1_Stream6_IRQHandler                  0x0800025f   Thumb Code     0  startup_stm32f4xx.o(.text)
    DMA1_Stream7_IRQHandler                  0x0800025f   Thumb Code     0  startup_stm32f4xx.o(.text)
    DMA2_Stream0_IRQHandler                  0x0800025f   Thumb Code     0  startup_stm32f4xx.o(.text)
    DMA2_Stream1_IRQHandler                  0x0800025f   Thumb Code     0  startup_stm32f4xx.o(.text)
    DMA2_Stream2_IRQHandler                  0x0800025f   Thumb Code     0  startup_stm32f4xx.o(.text)
    DMA2_Stream3_IRQHandler                  0x0800025f   Thumb Code     0  startup_stm32f4xx.o(.text)
    DMA2_Stream4_IRQHandler                  0x0800025f   Thumb Code     0  startup_stm32f4xx.o(.text)
    DMA2_Stream5_IRQHandler                  0x0800025f   Thumb Code     0  startup_stm32f4xx.o(.text)
    DMA2_Stream6_IRQHandler                  0x0800025f   Thumb Code     0  startup_stm32f4xx.o(.text)
    DMA2_Stream7_IRQHandler                  0x0800025f   Thumb Code     0  startup_stm32f4xx.o(.text)
    ETH_IRQHandler                           0x0800025f   Thumb Code     0  startup_stm32f4xx.o(.text)
    ETH_WKUP_IRQHandler                      0x0800025f   Thumb Code     0  startup_stm32f4xx.o(.text)
    EXTI0_IRQHandler                         0x0800025f   Thumb Code     0  startup_stm32f4xx.o(.text)
    EXTI15_10_IRQHandler                     0x0800025f   Thumb Code     0  startup_stm32f4xx.o(.text)
    EXTI1_IRQHandler                         0x0800025f   Thumb Code     0  startup_stm32f4xx.o(.text)
    EXTI2_IRQHandler                         0x0800025f   Thumb Code     0  startup_stm32f4xx.o(.text)
    EXTI3_IRQHandler                         0x0800025f   Thumb Code     0  startup_stm32f4xx.o(.text)
    EXTI4_IRQHandler                         0x0800025f   Thumb Code     0  startup_stm32f4xx.o(.text)
    EXTI9_5_IRQHandler                       0x0800025f   Thumb Code     0  startup_stm32f4xx.o(.text)
    FLASH_IRQHandler                         0x0800025f   Thumb Code     0  startup_stm32f4xx.o(.text)
    FPU_IRQHandler                           0x0800025f   Thumb Code     0  startup_stm32f4xx.o(.text)
    FSMC_IRQHandler                          0x0800025f   Thumb Code     0  startup_stm32f4xx.o(.text)
    HASH_RNG_IRQHandler                      0x0800025f   Thumb Code     0  startup_stm32f4xx.o(.text)
    I2C2_ER_IRQHandler                       0x0800025f   Thumb Code     0  startup_stm32f4xx.o(.text)
    I2C2_EV_IRQHandler                       0x0800025f   Thumb Code     0  startup_stm32f4xx.o(.text)
    I2C3_ER_IRQHandler                       0x0800025f   Thumb Code     0  startup_stm32f4xx.o(.text)
    I2C3_EV_IRQHandler                       0x0800025f   Thumb Code     0  startup_stm32f4xx.o(.text)
    OTG_FS_IRQHandler                        0x0800025f   Thumb Code     0  startup_stm32f4xx.o(.text)
    OTG_FS_WKUP_IRQHandler                   0x0800025f   Thumb Code     0  startup_stm32f4xx.o(.text)
    OTG_HS_EP1_IN_IRQHandler                 0x0800025f   Thumb Code     0  startup_stm32f4xx.o(.text)
    OTG_HS_EP1_OUT_IRQHandler                0x0800025f   Thumb Code     0  startup_stm32f4xx.o(.text)
    OTG_HS_IRQHandler                        0x0800025f   Thumb Code     0  startup_stm32f4xx.o(.text)
    OTG_HS_WKUP_IRQHandler                   0x0800025f   Thumb Code     0  startup_stm32f4xx.o(.text)
    PVD_IRQHandler                           0x0800025f   Thumb Code     0  startup_stm32f4xx.o(.text)
    RCC_IRQHandler                           0x0800025f   Thumb Code     0  startup_stm32f4xx.o(.text)
    RTC_Alarm_IRQHandler                     0x0800025f   Thumb Code     0  startup_stm32f4xx.o(.text)
    RTC_WKUP_IRQHandler                      0x0800025f   Thumb Code     0  startup_stm32f4xx.o(.text)
    SDIO_IRQHandler                          0x0800025f   Thumb Code     0  startup_stm32f4xx.o(.text)
    SPI1_IRQHandler                          0x0800025f   Thumb Code     0  startup_stm32f4xx.o(.text)
    SPI2_IRQHandler                          0x0800025f   Thumb Code     0  startup_stm32f4xx.o(.text)
    SPI3_IRQHandler                          0x0800025f   Thumb Code     0  startup_stm32f4xx.o(.text)
    TAMP_STAMP_IRQHandler                    0x0800025f   Thumb Code     0  startup_stm32f4xx.o(.text)
    TIM1_BRK_TIM9_IRQHandler                 0x0800025f   Thumb Code     0  startup_stm32f4xx.o(.text)
    TIM1_CC_IRQHandler                       0x0800025f   Thumb Code     0  startup_stm32f4xx.o(.text)
    TIM1_TRG_COM_TIM11_IRQHandler            0x0800025f   Thumb Code     0  startup_stm32f4xx.o(.text)
    TIM1_UP_TIM10_IRQHandler                 0x0800025f   Thumb Code     0  startup_stm32f4xx.o(.text)
    TIM3_IRQHandler                          0x0800025f   Thumb Code     0  startup_stm32f4xx.o(.text)
    TIM4_IRQHandler                          0x0800025f   Thumb Code     0  startup_stm32f4xx.o(.text)
    TIM5_IRQHandler                          0x0800025f   Thumb Code     0  startup_stm32f4xx.o(.text)
    TIM6_DAC_IRQHandler                      0x0800025f   Thumb Code     0  startup_stm32f4xx.o(.text)
    TIM7_IRQHandler                          0x0800025f   Thumb Code     0  startup_stm32f4xx.o(.text)
    TIM8_BRK_TIM12_IRQHandler                0x0800025f   Thumb Code     0  startup_stm32f4xx.o(.text)
    TIM8_CC_IRQHandler                       0x0800025f   Thumb Code     0  startup_stm32f4xx.o(.text)
    TIM8_TRG_COM_TIM14_IRQHandler            0x0800025f   Thumb Code     0  startup_stm32f4xx.o(.text)
    TIM8_UP_TIM13_IRQHandler                 0x0800025f   Thumb Code     0  startup_stm32f4xx.o(.text)
    UART5_IRQHandler                         0x0800025f   Thumb Code     0  startup_stm32f4xx.o(.text)
    WWDG_IRQHandler                          0x0800025f   Thumb Code     0  startup_stm32f4xx.o(.text)
    __user_initial_stackheap                 0x08000261   Thumb Code     0  startup_stm32f4xx.o(.text)
    __rt_ctype_table                         0x08000285   Thumb Code    16  rt_ctype_table.o(.text)
    __2sprintf                               0x08000295   Thumb Code    34  noretval__2sprintf.o(.text)
    _printf_int_dec                          0x080002bd   Thumb Code   102  _printf_dec.o(.text)
    __printf                                 0x08000335   Thumb Code   310  __printf_flags_wp.o(.text)
    __use_two_region_memory                  0x08000471   Thumb Code     2  heapauxi.o(.text)
    __rt_heap_escrow                         0x08000473   Thumb Code     2  heapauxi.o(.text)
    __rt_heap_expand                         0x08000475   Thumb Code     2  heapauxi.o(.text)
    __rt_locale                              0x08000479   Thumb Code     8  rt_locale_intlibspace.o(.text)
    _printf_int_common                       0x08000481   Thumb Code   184  _printf_intcommon.o(.text)
    _printf_char_common                      0x08000543   Thumb Code    32  _printf_char_common.o(.text)
    _sputc                                   0x08000569   Thumb Code    10  _sputc.o(.text)
    __user_libspace                          0x08000575   Thumb Code     8  libspace.o(.text)
    __user_perproc_libspace                  0x08000575   Thumb Code     0  libspace.o(.text)
    __user_perthread_libspace                0x08000575   Thumb Code     0  libspace.o(.text)
    strcmp                                   0x0800057d   Thumb Code   128  strcmpv7m.o(.text)
    __I$use$semihosting                      0x080005fd   Thumb Code     0  use_no_semi.o(.text)
    __use_no_semihosting_swi                 0x080005fd   Thumb Code     2  use_no_semi.o(.text)
    __semihosting_library_function           0x080005ff   Thumb Code     0  indicate_semi.o(.text)
    __user_setup_stackheap                   0x080005ff   Thumb Code    74  sys_stackheap_outer.o(.text)
    exit                                     0x08000649   Thumb Code    12  exit.o(.text)
    _sys_exit                                0x08000655   Thumb Code     8  sys_exit.o(.text)
    BusFault_Handler                         0x08000661   Thumb Code     2  stm32f4xx_it.o(i.BusFault_Handler)
    DebugMon_Handler                         0x08000663   Thumb Code     2  stm32f4xx_it.o(i.DebugMon_Handler)
    GPIOMode                                 0x08000665   Thumb Code   188  gpio.o(i.GPIOMode)
    GPIO_Init                                0x08000745   Thumb Code   124  stm32f4xx_gpio.o(i.GPIO_Init)
    GPIO_PinAFConfig                         0x080007c1   Thumb Code    32  stm32f4xx_gpio.o(i.GPIO_PinAFConfig)
    HardFault_Handler                        0x080007e1   Thumb Code     2  stm32f4xx_it.o(i.HardFault_Handler)
    I2C1_ER_IRQHandler                       0x080007e5   Thumb Code    52  i2c.o(i.I2C1_ER_IRQHandler)
    I2C1_EV_IRQHandler                       0x08000825   Thumb Code   198  i2c.o(i.I2C1_EV_IRQHandler)
    I2C_AcknowledgeConfig                    0x080008f5   Thumb Code    24  stm32f4xx_i2c.o(i.I2C_AcknowledgeConfig)
    I2C_ClearFlag                            0x0800090d   Thumb Code     6  stm32f4xx_i2c.o(i.I2C_ClearFlag)
    I2C_GenerateSTOP                         0x08000913   Thumb Code    24  stm32f4xx_i2c.o(i.I2C_GenerateSTOP)
    I2C_GetLastEvent                         0x0800092b   Thumb Code    14  stm32f4xx_i2c.o(i.I2C_GetLastEvent)
    I2C_ITConfig                             0x08000939   Thumb Code    20  stm32f4xx_i2c.o(i.I2C_ITConfig)
    I2C_ReceiveData                          0x0800094d   Thumb Code     6  stm32f4xx_i2c.o(i.I2C_ReceiveData)
    I2C_SendData                             0x08000953   Thumb Code     4  stm32f4xx_i2c.o(i.I2C_SendData)
    MemManage_Handler                        0x08000957   Thumb Code     2  stm32f4xx_it.o(i.MemManage_Handler)
    NMI_Handler                              0x08000959   Thumb Code     2  stm32f4xx_it.o(i.NMI_Handler)
    NVIC_Init                                0x0800095d   Thumb Code    94  misc.o(i.NVIC_Init)
    PWR_BackupAccessCmd                      0x080009c5   Thumb Code     6  stm32f4xx_pwr.o(i.PWR_BackupAccessCmd)
    PendSV_Handler                           0x080009d1   Thumb Code     2  stm32f4xx_it.o(i.PendSV_Handler)
    RCC_AHB1PeriphClockCmd                   0x080009d5   Thumb Code    22  stm32f4xx_rcc.o(i.RCC_AHB1PeriphClockCmd)
    RCC_APB1PeriphClockCmd                   0x080009f1   Thumb Code    22  stm32f4xx_rcc.o(i.RCC_APB1PeriphClockCmd)
    RCC_APB2PeriphClockCmd                   0x08000a0d   Thumb Code    22  stm32f4xx_rcc.o(i.RCC_APB2PeriphClockCmd)
    RCC_GetClocksFreq                        0x08000a29   Thumb Code   148  stm32f4xx_rcc.o(i.RCC_GetClocksFreq)
    RCC_GetFlagStatus                        0x08000ac9   Thumb Code    50  stm32f4xx_rcc.o(i.RCC_GetFlagStatus)
    RCC_LSEConfig                            0x08000b01   Thumb Code    28  stm32f4xx_rcc.o(i.RCC_LSEConfig)
    RCC_RTCCLKCmd                            0x08000b21   Thumb Code     6  stm32f4xx_rcc.o(i.RCC_RTCCLKCmd)
    RCC_RTCCLKConfig                         0x08000b2d   Thumb Code    40  stm32f4xx_rcc.o(i.RCC_RTCCLKConfig)
    RTC_Config                               0x08000b71   Thumb Code    64  rtc.o(i.RTC_Config)
    RTC_GetSubSecond                         0x08000bb5   Thumb Code    12  stm32f4xx_rtc.o(i.RTC_GetSubSecond)
    RTC_GetTime                              0x08000bc5   Thumb Code    68  stm32f4xx_rtc.o(i.RTC_GetTime)
    RTC_Get_Time                             0x08000c11   Thumb Code   138  main.o(i.RTC_Get_Time)
    RTC_WaitForSynchro                       0x08000c9d   Thumb Code    72  stm32f4xx_rtc.o(i.RTC_WaitForSynchro)
    SVC_Handler                              0x08000ce9   Thumb Code     2  stm32f4xx_it.o(i.SVC_Handler)
    SystemInit                               0x08000da5   Thumb Code    74  system_stm32f4xx.o(i.SystemInit)
    TIM2_IRQHandler                          0x08000e01   Thumb Code    52  delay.o(i.TIM2_IRQHandler)
    TIM2_delaytimer_start                    0x08000e39   Thumb Code   128  delay.o(i.TIM2_delaytimer_start)
    TIM_ClearITPendingBit                    0x08000ec1   Thumb Code     6  stm32f4xx_tim.o(i.TIM_ClearITPendingBit)
    TIM_Cmd                                  0x08000ec7   Thumb Code    24  stm32f4xx_tim.o(i.TIM_Cmd)
    TIM_GetCounter                           0x08000edf   Thumb Code     4  stm32f4xx_tim.o(i.TIM_GetCounter)
    TIM_GetITStatus                          0x08000ee3   Thumb Code    24  stm32f4xx_tim.o(i.TIM_GetITStatus)
    TIM_ITConfig                             0x08000efb   Thumb Code    20  stm32f4xx_tim.o(i.TIM_ITConfig)
    TIM_SetCounter                           0x08000f0f   Thumb Code     4  stm32f4xx_tim.o(i.TIM_SetCounter)
    TIM_TimeBaseInit                         0x08000f15   Thumb Code    96  stm32f4xx_tim.o(i.TIM_TimeBaseInit)
    UART4_IRQHandler                         0x08000f91   Thumb Code    96  usart.o(i.UART4_IRQHandler)
    USART1_IRQHandler                        0x08000ff9   Thumb Code   100  usart.o(i.USART1_IRQHandler)
    USART2_IRQHandler                        0x08001065   Thumb Code   100  usart.o(i.USART2_IRQHandler)
    USART3_IRQHandler                        0x080010d1   Thumb Code   100  usart.o(i.USART3_IRQHandler)
    USART6_IRQHandler                        0x0800113d   Thumb Code   100  usart.o(i.USART6_IRQHandler)
    USART_ClearITPendingBit                  0x080011a9   Thumb Code    16  stm32f4xx_usart.o(i.USART_ClearITPendingBit)
    USART_Cmd                                0x080011b9   Thumb Code    24  stm32f4xx_usart.o(i.USART_Cmd)
    USART_GetITStatus                        0x080011d1   Thumb Code    64  stm32f4xx_usart.o(i.USART_GetITStatus)
    USART_ITConfig                           0x08001211   Thumb Code    54  stm32f4xx_usart.o(i.USART_ITConfig)
    USART_Init                               0x08001249   Thumb Code   180  stm32f4xx_usart.o(i.USART_Init)
    USART_ReceiveData                        0x08001305   Thumb Code     8  stm32f4xx_usart.o(i.USART_ReceiveData)
    USART_SendData                           0x0800130d   Thumb Code     8  stm32f4xx_usart.o(i.USART_SendData)
    UsageFault_Handler                       0x08001315   Thumb Code     2  stm32f4xx_it.o(i.UsageFault_Handler)
    _is_digit                                0x08001317   Thumb Code    14  __printf_wp.o(i._is_digit)
    armcmx_init                              0x08001325   Thumb Code     4  armcmx.o(i.armcmx_init)
    delay_ms                                 0x08001329   Thumb Code    36  delay.o(i.delay_ms)
    delay_us                                 0x0800134d   Thumb Code    44  delay.o(i.delay_us)
    main                                     0x08001379   Thumb Code   162  main.o(i.main)
    millis                                   0x0800146d   Thumb Code     6  delay.o(i.millis)
    ring_clear                               0x08001479   Thumb Code    14  usart.o(i.ring_clear)
    ring_count                               0x08001487   Thumb Code     6  usart.o(i.ring_count)
    ring_deque                               0x0800148d   Thumb Code    62  usart.o(i.ring_deque)
    ring_enque                               0x080014cb   Thumb Code    66  usart.o(i.ring_enque)
    ring_is_full                             0x0800150d   Thumb Code    26  usart.o(i.ring_is_full)
    usart_begin                              0x08001527   Thumb Code   118  usart.o(i.usart_begin)
    usart_init                               0x0800159d   Thumb Code   294  usart.o(i.usart_init)
    usart_print                              0x080016e1   Thumb Code    30  usart.o(i.usart_print)
    usart_write                              0x080016ff   Thumb Code   100  usart.o(i.usart_write)
    _get_lc_ctype                            0x08001765   Thumb Code    44  lc_ctype_c.o(locale$$code)
    _fp_init                                 0x08001791   Thumb Code    10  fpinit.o(x$fpl$fpinit)
    __fplib_config_fpu_vfp                   0x08001799   Thumb Code     0  fpinit.o(x$fpl$fpinit)
    __fplib_config_pureend_doubles           0x08001799   Thumb Code     0  fpinit.o(x$fpl$fpinit)
    Region$$Table$$Base                      0x080017ac   Number         0  anon$$obj.o(Region$$Table)
    Region$$Table$$Limit                     0x080017cc   Number         0  anon$$obj.o(Region$$Table)
    __ctype                                  0x080017d9   Data           0  lc_ctype_c.o(locale$$data)
    Startevent                               0x20000000   Data           1  main.o(.data)
    Secondfraction                           0x20000004   Data           4  main.o(.data)
    RTC_TimeStruct                           0x20000008   Data           4  main.o(.data)
    __counter_micros                         0x2000000c   Data           4  delay.o(.data)
    __counter_millis                         0x20000010   Data           4  delay.o(.data)
    __countdown_millis                       0x20000014   Data           4  delay.o(.data)
    AsynchPrediv                             0x20000018   Data           4  rtc.o(.data)
    SynchPrediv                              0x2000001c   Data           4  rtc.o(.data)
    Serial3                                  0x20000058   Data         532  main.o(.bss)
    I2CBuf                                   0x2000026c   Data          12  i2c.o(.bss)
    rxring                                   0x20000278   Data          24  usart.o(.bss)
    txring                                   0x20000290   Data          24  usart.o(.bss)
    __libspace_start                         0x200002a8   Data          96  libspace.o(.bss)
    __temporary_stack_top$libspace           0x20000308   Data           0  libspace.o(.bss)



==============================================================================

Memory Map of the image

  Image Entry point : 0x08000189

  Load Region LR_IROM1 (Base: 0x08000000, Size: 0x00001934, Max: 0x00100000, ABSOLUTE)

    Execution Region ER_IROM1 (Base: 0x08000000, Size: 0x000018dc, Max: 0x00100000, ABSOLUTE)

    Base Addr    Size         Type   Attr      Idx    E Section Name        Object

    0x08000000   0x00000188   Data   RO            3    RESET               startup_stm32f4xx.o
    0x08000188   0x00000008   Code   RO         2585  * !!!main             c_w.l(__main.o)
    0x08000190   0x00000034   Code   RO         2965    !!!scatter          c_w.l(__scatter.o)
    0x080001c4   0x0000001a   Code   RO         2967    !!handler_copy      c_w.l(__scatter_copy.o)
    0x080001de   0x00000002   PAD
    0x080001e0   0x0000001c   Code   RO         2969    !!handler_zi        c_w.l(__scatter_zi.o)
    0x080001fc   0x00000000   Code   RO         2570    .ARM.Collect$$_printf_percent$$00000000  c_w.l(_printf_percent.o)
    0x080001fc   0x00000006   Code   RO         2569    .ARM.Collect$$_printf_percent$$00000009  c_w.l(_printf_d.o)
    0x08000202   0x00000004   Code   RO         2606    .ARM.Collect$$_printf_percent$$00000017  c_w.l(_printf_percent_end.o)
    0x08000206   0x00000002   Code   RO         2869    .ARM.Collect$$libinit$$00000000  c_w.l(libinit.o)
    0x08000208   0x00000004   Code   RO         2740    .ARM.Collect$$libinit$$00000001  c_w.l(libinit2.o)
    0x0800020c   0x00000000   Code   RO         2744    .ARM.Collect$$libinit$$00000008  c_w.l(libinit2.o)
    0x0800020c   0x00000000   Code   RO         2746    .ARM.Collect$$libinit$$0000000A  c_w.l(libinit2.o)
    0x0800020c   0x00000000   Code   RO         2748    .ARM.Collect$$libinit$$0000000C  c_w.l(libinit2.o)
    0x0800020c   0x00000006   Code   RO         2749    .ARM.Collect$$libinit$$0000000D  c_w.l(libinit2.o)
    0x08000212   0x00000000   Code   RO         2751    .ARM.Collect$$libinit$$0000000F  c_w.l(libinit2.o)
    0x08000212   0x0000000c   Code   RO         2752    .ARM.Collect$$libinit$$00000010  c_w.l(libinit2.o)
    0x0800021e   0x00000000   Code   RO         2753    .ARM.Collect$$libinit$$00000011  c_w.l(libinit2.o)
    0x0800021e   0x00000000   Code   RO         2755    .ARM.Collect$$libinit$$00000013  c_w.l(libinit2.o)
    0x0800021e   0x00000000   Code   RO         2757    .ARM.Collect$$libinit$$00000015  c_w.l(libinit2.o)
    0x0800021e   0x00000000   Code   RO         2759    .ARM.Collect$$libinit$$00000017  c_w.l(libinit2.o)
    0x0800021e   0x00000000   Code   RO         2761    .ARM.Collect$$libinit$$00000019  c_w.l(libinit2.o)
    0x0800021e   0x00000000   Code   RO         2763    .ARM.Collect$$libinit$$0000001B  c_w.l(libinit2.o)
    0x0800021e   0x00000000   Code   RO         2765    .ARM.Collect$$libinit$$0000001D  c_w.l(libinit2.o)
    0x0800021e   0x00000000   Code   RO         2767    .ARM.Collect$$libinit$$0000001F  c_w.l(libinit2.o)
    0x0800021e   0x00000000   Code   RO         2769    .ARM.Collect$$libinit$$00000021  c_w.l(libinit2.o)
    0x0800021e   0x00000000   Code   RO         2771    .ARM.Collect$$libinit$$00000023  c_w.l(libinit2.o)
    0x0800021e   0x00000000   Code   RO         2775    .ARM.Collect$$libinit$$0000002A  c_w.l(libinit2.o)
    0x0800021e   0x00000000   Code   RO         2777    .ARM.Collect$$libinit$$0000002C  c_w.l(libinit2.o)
    0x0800021e   0x00000000   Code   RO         2779    .ARM.Collect$$libinit$$0000002E  c_w.l(libinit2.o)
    0x0800021e   0x00000000   Code   RO         2781    .ARM.Collect$$libinit$$00000030  c_w.l(libinit2.o)
    0x0800021e   0x00000002   Code   RO         2782    .ARM.Collect$$libinit$$00000031  c_w.l(libinit2.o)
    0x08000220   0x00000002   Code   RO         2962    .ARM.Collect$$libshutdown$$00000000  c_w.l(libshutdown.o)
    0x08000222   0x00000000   Code   RO         2785    .ARM.Collect$$libshutdown$$00000003  c_w.l(libshutdown2.o)
    0x08000222   0x00000000   Code   RO         2788    .ARM.Collect$$libshutdown$$00000006  c_w.l(libshutdown2.o)
    0x08000222   0x00000000   Code   RO         2791    .ARM.Collect$$libshutdown$$00000009  c_w.l(libshutdown2.o)
    0x08000222   0x00000000   Code   RO         2793    .ARM.Collect$$libshutdown$$0000000B  c_w.l(libshutdown2.o)
    0x08000222   0x00000000   Code   RO         2796    .ARM.Collect$$libshutdown$$0000000E  c_w.l(libshutdown2.o)
    0x08000222   0x00000002   Code   RO         2797    .ARM.Collect$$libshutdown$$0000000F  c_w.l(libshutdown2.o)
    0x08000224   0x00000000   Code   RO         2587    .ARM.Collect$$rtentry$$00000000  c_w.l(rtentry.o)
    0x08000224   0x00000000   Code   RO         2639    .ARM.Collect$$rtentry$$00000002  c_w.l(rtentry2.o)
    0x08000224   0x00000006   Code   RO         2651    .ARM.Collect$$rtentry$$00000004  c_w.l(rtentry4.o)
    0x0800022a   0x00000000   Code   RO         2641    .ARM.Collect$$rtentry$$00000009  c_w.l(rtentry2.o)
    0x0800022a   0x00000004   Code   RO         2642    .ARM.Collect$$rtentry$$0000000A  c_w.l(rtentry2.o)
    0x0800022e   0x00000000   Code   RO         2644    .ARM.Collect$$rtentry$$0000000C  c_w.l(rtentry2.o)
    0x0800022e   0x00000008   Code   RO         2645    .ARM.Collect$$rtentry$$0000000D  c_w.l(rtentry2.o)
    0x08000236   0x00000002   Code   RO         2876    .ARM.Collect$$rtexit$$00000000  c_w.l(rtexit.o)
    0x08000238   0x00000000   Code   RO         2924    .ARM.Collect$$rtexit$$00000002  c_w.l(rtexit2.o)
    0x08000238   0x00000004   Code   RO         2925    .ARM.Collect$$rtexit$$00000003  c_w.l(rtexit2.o)
    0x0800023c   0x00000006   Code   RO         2926    .ARM.Collect$$rtexit$$00000004  c_w.l(rtexit2.o)
    0x08000242   0x00000002   PAD
    0x08000244   0x00000040   Code   RO            4    .text               startup_stm32f4xx.o
    0x08000284   0x00000010   Code   RO         2511    .text               c_w.l(rt_ctype_table.o)
    0x08000294   0x00000028   Code   RO         2519    .text               c_w.l(noretval__2sprintf.o)
    0x080002bc   0x00000078   Code   RO         2525    .text               c_w.l(_printf_dec.o)
    0x08000334   0x0000013c   Code   RO         2560    .text               c_w.l(__printf_flags_wp.o)
    0x08000470   0x00000006   Code   RO         2583    .text               c_w.l(heapauxi.o)
    0x08000476   0x00000002   PAD
    0x08000478   0x00000008   Code   RO         2591    .text               c_w.l(rt_locale_intlibspace.o)
    0x08000480   0x000000b8   Code   RO         2598    .text               c_w.l(_printf_intcommon.o)
    0x08000538   0x00000030   Code   RO         2600    .text               c_w.l(_printf_char_common.o)
    0x08000568   0x0000000a   Code   RO         2602    .text               c_w.l(_sputc.o)
    0x08000572   0x00000002   PAD
    0x08000574   0x00000008   Code   RO         2633    .text               c_w.l(libspace.o)
    0x0800057c   0x00000080   Code   RO         2738    .text               c_w.l(strcmpv7m.o)
    0x080005fc   0x00000002   Code   RO         2800    .text               c_w.l(use_no_semi.o)
    0x080005fe   0x00000000   Code   RO         2802    .text               c_w.l(indicate_semi.o)
    0x080005fe   0x0000004a   Code   RO         2803    .text               c_w.l(sys_stackheap_outer.o)
    0x08000648   0x0000000c   Code   RO         2854    .text               c_w.l(exit.o)
    0x08000654   0x0000000c   Code   RO         2874    .text               c_w.l(sys_exit.o)
    0x08000660   0x00000002   Code   RO          180    i.BusFault_Handler  stm32f4xx_it.o
    0x08000662   0x00000002   Code   RO          181    i.DebugMon_Handler  stm32f4xx_it.o
    0x08000664   0x000000e0   Code   RO          373    i.GPIOMode          gpio.o
    0x08000744   0x0000007c   Code   RO          759    i.GPIO_Init         stm32f4xx_gpio.o
    0x080007c0   0x00000020   Code   RO          760    i.GPIO_PinAFConfig  stm32f4xx_gpio.o
    0x080007e0   0x00000002   Code   RO          182    i.HardFault_Handler  stm32f4xx_it.o
    0x080007e2   0x00000002   PAD
    0x080007e4   0x00000040   Code   RO          431    i.I2C1_ER_IRQHandler  i2c.o
    0x08000824   0x000000d0   Code   RO          432    i.I2C1_EV_IRQHandler  i2c.o
    0x080008f4   0x00000018   Code   RO          853    i.I2C_AcknowledgeConfig  stm32f4xx_i2c.o
    0x0800090c   0x00000006   Code   RO          856    i.I2C_ClearFlag     stm32f4xx_i2c.o
    0x08000912   0x00000018   Code   RO          866    i.I2C_GenerateSTOP  stm32f4xx_i2c.o
    0x0800092a   0x0000000e   Code   RO          869    i.I2C_GetLastEvent  stm32f4xx_i2c.o
    0x08000938   0x00000014   Code   RO          871    i.I2C_ITConfig      stm32f4xx_i2c.o
    0x0800094c   0x00000006   Code   RO          877    i.I2C_ReceiveData   stm32f4xx_i2c.o
    0x08000952   0x00000004   Code   RO          880    i.I2C_SendData      stm32f4xx_i2c.o
    0x08000956   0x00000002   Code   RO          183    i.MemManage_Handler  stm32f4xx_it.o
    0x08000958   0x00000002   Code   RO          184    i.NMI_Handler       stm32f4xx_it.o
    0x0800095a   0x00000002   PAD
    0x0800095c   0x00000068   Code   RO          718    i.NVIC_Init         misc.o
    0x080009c4   0x0000000c   Code   RO         1686    i.PWR_BackupAccessCmd  stm32f4xx_pwr.o
    0x080009d0   0x00000002   Code   RO          185    i.PendSV_Handler    stm32f4xx_it.o
    0x080009d2   0x00000002   PAD
    0x080009d4   0x0000001c   Code   RO         1060    i.RCC_AHB1PeriphClockCmd  stm32f4xx_rcc.o
    0x080009f0   0x0000001c   Code   RO         1069    i.RCC_APB1PeriphClockCmd  stm32f4xx_rcc.o
    0x08000a0c   0x0000001c   Code   RO         1072    i.RCC_APB2PeriphClockCmd  stm32f4xx_rcc.o
    0x08000a28   0x000000a0   Code   RO         1081    i.RCC_GetClocksFreq  stm32f4xx_rcc.o
    0x08000ac8   0x00000038   Code   RO         1082    i.RCC_GetFlagStatus  stm32f4xx_rcc.o
    0x08000b00   0x00000020   Code   RO         1090    i.RCC_LSEConfig     stm32f4xx_rcc.o
    0x08000b20   0x0000000c   Code   RO         1100    i.RCC_RTCCLKCmd     stm32f4xx_rcc.o
    0x08000b2c   0x00000030   Code   RO         1101    i.RCC_RTCCLKConfig  stm32f4xx_rcc.o
    0x08000b5c   0x00000012   Code   RO         1339    i.RTC_Bcd2ToByte    stm32f4xx_rtc.o
    0x08000b6e   0x00000002   PAD
    0x08000b70   0x00000044   Code   RO          521    i.RTC_Config        rtc.o
    0x08000bb4   0x00000010   Code   RO         1359    i.RTC_GetSubSecond  stm32f4xx_rtc.o
    0x08000bc4   0x0000004c   Code   RO         1360    i.RTC_GetTime       stm32f4xx_rtc.o
    0x08000c10   0x0000008a   Code   RO           12    i.RTC_Get_Time      main.o
    0x08000c9a   0x00000002   PAD
    0x08000c9c   0x0000004c   Code   RO         1388    i.RTC_WaitForSynchro  stm32f4xx_rtc.o
    0x08000ce8   0x00000002   Code   RO          186    i.SVC_Handler       stm32f4xx_it.o
    0x08000cea   0x00000002   PAD
    0x08000cec   0x000000b8   Code   RO          241    i.SetSysClock       system_stm32f4xx.o
    0x08000da4   0x0000005c   Code   RO          243    i.SystemInit        system_stm32f4xx.o
    0x08000e00   0x00000038   Code   RO          290    i.TIM2_IRQHandler   delay.o
    0x08000e38   0x00000088   Code   RO          292    i.TIM2_delaytimer_start  delay.o
    0x08000ec0   0x00000006   Code   RO         1779    i.TIM_ClearITPendingBit  stm32f4xx_tim.o
    0x08000ec6   0x00000018   Code   RO         1784    i.TIM_Cmd           stm32f4xx_tim.o
    0x08000ede   0x00000004   Code   RO         1803    i.TIM_GetCounter    stm32f4xx_tim.o
    0x08000ee2   0x00000018   Code   RO         1805    i.TIM_GetITStatus   stm32f4xx_tim.o
    0x08000efa   0x00000014   Code   RO         1809    i.TIM_ITConfig      stm32f4xx_tim.o
    0x08000f0e   0x00000004   Code   RO         1850    i.TIM_SetCounter    stm32f4xx_tim.o
    0x08000f12   0x00000002   PAD
    0x08000f14   0x0000007c   Code   RO         1856    i.TIM_TimeBaseInit  stm32f4xx_tim.o
    0x08000f90   0x00000068   Code   RO          568    i.UART4_IRQHandler  usart.o
    0x08000ff8   0x0000006c   Code   RO          569    i.USART1_IRQHandler  usart.o
    0x08001064   0x0000006c   Code   RO          570    i.USART2_IRQHandler  usart.o
    0x080010d0   0x0000006c   Code   RO          571    i.USART3_IRQHandler  usart.o
    0x0800113c   0x0000006c   Code   RO          572    i.USART6_IRQHandler  usart.o
    0x080011a8   0x00000010   Code   RO         2327    i.USART_ClearITPendingBit  stm32f4xx_usart.o
    0x080011b8   0x00000018   Code   RO         2330    i.USART_Cmd         stm32f4xx_usart.o
    0x080011d0   0x00000040   Code   RO         2334    i.USART_GetITStatus  stm32f4xx_usart.o
    0x08001210   0x00000036   Code   RO         2336    i.USART_ITConfig    stm32f4xx_usart.o
    0x08001246   0x00000002   PAD
    0x08001248   0x000000bc   Code   RO         2337    i.USART_Init        stm32f4xx_usart.o
    0x08001304   0x00000008   Code   RO         2344    i.USART_ReceiveData  stm32f4xx_usart.o
    0x0800130c   0x00000008   Code   RO         2347    i.USART_SendData    stm32f4xx_usart.o
    0x08001314   0x00000002   Code   RO          187    i.UsageFault_Handler  stm32f4xx_it.o
    0x08001316   0x0000000e   Code   RO         2558    i._is_digit         c_w.l(__printf_wp.o)
    0x08001324   0x00000004   Code   RO          274    i.armcmx_init       armcmx.o
    0x08001328   0x00000024   Code   RO          296    i.delay_ms          delay.o
    0x0800134c   0x0000002c   Code   RO          298    i.delay_us          delay.o
    0x08001378   0x000000f4   Code   RO           13    i.main              main.o
    0x0800146c   0x0000000c   Code   RO          300    i.millis            delay.o
    0x08001478   0x0000000e   Code   RO          573    i.ring_clear        usart.o
    0x08001486   0x00000006   Code   RO          574    i.ring_count        usart.o
    0x0800148c   0x0000003e   Code   RO          575    i.ring_deque        usart.o
    0x080014ca   0x00000042   Code   RO          576    i.ring_enque        usart.o
    0x0800150c   0x0000001a   Code   RO          577    i.ring_is_full      usart.o
    0x08001526   0x00000076   Code   RO          580    i.usart_begin       usart.o
    0x0800159c   0x00000144   Code   RO          582    i.usart_init        usart.o
    0x080016e0   0x0000001e   Code   RO          587    i.usart_print       usart.o
    0x080016fe   0x00000064   Code   RO          589    i.usart_write       usart.o
    0x08001762   0x00000002   PAD
    0x08001764   0x0000002c   Code   RO         2624    locale$$code        c_w.l(lc_ctype_c.o)
    0x08001790   0x0000000a   Code   RO         2872    x$fpl$fpinit        fz_wm.l(fpinit.o)
    0x0800179a   0x00000011   Data   RO         2561    .constdata          c_w.l(__printf_flags_wp.o)
    0x080017ab   0x00000001   PAD
    0x080017ac   0x00000020   Data   RO         2963    Region$$Table       anon$$obj.o
    0x080017cc   0x00000110   Data   RO         2623    locale$$data        c_w.l(lc_ctype_c.o)


    Execution Region RW_IRAM1 (Base: 0x20000000, Size: 0x00000908, Max: 0x00020000, ABSOLUTE)

    Base Addr    Size         Type   Attr      Idx    E Section Name        Object

    0x20000000   0x0000000c   Data   RW           16    .data               main.o
    0x2000000c   0x0000000c   Data   RW          301    .data               delay.o
    0x20000018   0x00000008   Data   RW          527    .data               rtc.o
    0x20000020   0x00000028   Data   RW          592    .data               usart.o
    0x20000048   0x00000010   Data   RW         1104    .data               stm32f4xx_rcc.o
    0x20000058   0x00000214   Zero   RW           15    .bss                main.o
    0x2000026c   0x0000000c   Zero   RW          441    .bss                i2c.o
    0x20000278   0x00000030   Zero   RW          591    .bss                usart.o
    0x200002a8   0x00000060   Zero   RW         2634    .bss                c_w.l(libspace.o)
    0x20000308   0x00000200   Zero   RW            2    HEAP                startup_stm32f4xx.o
    0x20000508   0x00000400   Zero   RW            1    STACK               startup_stm32f4xx.o


==============================================================================

Image component sizes


      Code (inc. data)   RO Data    RW Data    ZI Data      Debug   Object Name

         4          0          0          0          0        446   armcmx.o
       284         18          0         12          0       3416   delay.o
       224         36          0          0          0       2835   gpio.o
       272         22          0          0         12       2543   i2c.o
       382         82          0         12        532     307043   main.o
       104         10          0          0          0       1184   misc.o
        68          4          0          8          0       1036   rtc.o
        64         26        392          0       1536        804   startup_stm32f4xx.o
       156          0          0          0          0       1923   stm32f4xx_gpio.o
        98          0          0          0          0       4890   stm32f4xx_i2c.o
        16          0          0          0          0       3324   stm32f4xx_it.o
        12          6          0          0          0        570   stm32f4xx_pwr.o
       392         54          0         16          0       7386   stm32f4xx_rcc.o
       186         16          0          0          0       3562   stm32f4xx_rtc.o
       206         28          0          0          0       5264   stm32f4xx_tim.o
       362          8          0          0          0       6081   stm32f4xx_usart.o
       276         34          0          0          0       1397   system_stm32f4xx.o
      1282         70          0         40         48      10031   usart.o

    ----------------------------------------------------------------------
      4406        414        424         88       2128     363735   Object Totals
         0          0         32          0          0          0   (incl. Generated)
        18          0          0          0          0          0   (incl. Padding)

    ----------------------------------------------------------------------

      Code (inc. data)   RO Data    RW Data    ZI Data      Debug   Library Member Name

         8          0          0          0          0         68   __main.o
       316          6         17          0          0         92   __printf_flags_wp.o
        14          0          0          0          0         68   __printf_wp.o
        52          8          0          0          0          0   __scatter.o
        26          0          0          0          0          0   __scatter_copy.o
        28          0          0          0          0          0   __scatter_zi.o
        48          6          0          0          0         96   _printf_char_common.o
         6          0          0          0          0          0   _printf_d.o
       120         18          0          0          0         92   _printf_dec.o
       184          0          0          0          0         88   _printf_intcommon.o
         0          0          0          0          0          0   _printf_percent.o
         4          0          0          0          0          0   _printf_percent_end.o
        10          0          0          0          0         68   _sputc.o
        12          0          0          0          0         72   exit.o
         6          0          0          0          0        152   heapauxi.o
         0          0          0          0          0          0   indicate_semi.o
        44         10        272          0          0         76   lc_ctype_c.o
         2          0          0          0          0          0   libinit.o
        24          0          0          0          0          0   libinit2.o
         2          0          0          0          0          0   libshutdown.o
         2          0          0          0          0          0   libshutdown2.o
         8          4          0          0         96         68   libspace.o
        40          6          0          0          0         84   noretval__2sprintf.o
        16          4          0          0          0         76   rt_ctype_table.o
         8          4          0          0          0         68   rt_locale_intlibspace.o
         0          0          0          0          0          0   rtentry.o
        12          0          0          0          0          0   rtentry2.o
         6          0          0          0          0          0   rtentry4.o
         2          0          0          0          0          0   rtexit.o
        10          0          0          0          0          0   rtexit2.o
       128          0          0          0          0         68   strcmpv7m.o
        12          4          0          0          0         68   sys_exit.o
        74          0          0          0          0         80   sys_stackheap_outer.o
         2          0          0          0          0         68   use_no_semi.o
        10          0          0          0          0        116   fpinit.o

    ----------------------------------------------------------------------
      1244         70        290          0         96       1568   Library Totals
         8          0          1          0          0          0   (incl. Padding)

    ----------------------------------------------------------------------

      Code (inc. data)   RO Data    RW Data    ZI Data      Debug   Library Name

      1226         70        289          0         96       1452   c_w.l
        10          0          0          0          0        116   fz_wm.l

    ----------------------------------------------------------------------
      1244         70        290          0         96       1568   Library Totals

    ----------------------------------------------------------------------

==============================================================================


      Code (inc. data)   RO Data    RW Data    ZI Data      Debug   

      5650        484        714         88       2224     357671   Grand Totals
      5650        484        714         88       2224     357671   ELF Image Totals
      5650        484        714         88          0          0   ROM Totals

==============================================================================

    Total RO  Size (Code + RO Data)                 6364 (   6.21kB)
    Total RW  Size (RW Data + ZI Data)              2312 (   2.26kB)
    Total ROM Size (Code + RO Data + RW Data)       6452 (   6.30kB)

==============================================================================

