<html>
<body>
<pre>
<h1>µVision Build Log</h1>
<h2>Project:</h2>
C:\Users\Sin\Documents\github\ARMWork\stm32f4-usart\Keil\stm32f4-usart.uvproj
Project File Date:  01/06/2013

<h2>Output:</h2>
Build target 'Target 1'
linking...
Program Size: Code=14340 RO-data=424 RW-data=176 ZI-data=4800  
"stm32f4-usart.axf" - 0 Error(s), 0 Warning(s).
Build target 'Target 1'
linking...
Program Size: Code=14340 RO-data=424 RW-data=176 ZI-data=4800  
"stm32f4-usart.axf" - 0 Error(s), 0 Warning(s).
Load "C:\\Users\\Sin\\Documents\\github\\ARMWork\\stm32f4-usart\\Keil\\stm32f4-usart.AXF" 
Erase Done.
Programming Done.
Verify OK.
Application running ...
Build target 'Target 1'
linking...
Program Size: Code=14340 RO-data=424 RW-data=176 ZI-data=4800  
"stm32f4-usart.axf" - 0 Error(s), 0 Warning(s).
Load "C:\\Users\\Sin\\Documents\\github\\ARMWork\\stm32f4-usart\\Keil\\stm32f4-usart.AXF" 
Erase Done.
Programming Done.
Verify OK.
Application running ...
Build target 'Target 1'
compiling main.c...
linking...
Program Size: Code=14340 RO-data=424 RW-data=176 ZI-data=4800  
"stm32f4-usart.axf" - 0 Error(s), 0 Warning(s).
Build target 'Target 1'
linking...
Program Size: Code=14340 RO-data=424 RW-data=176 ZI-data=4800  
"stm32f4-usart.axf" - 0 Error(s), 0 Warning(s).
Load "C:\\Users\\Sin\\Documents\\github\\ARMWork\\stm32f4-usart\\Keil\\stm32f4-usart.AXF" 
Erase Done.
Programming Done.
Verify OK.
Application running ...
Build target 'Target 1'
linking...
Program Size: Code=14340 RO-data=424 RW-data=176 ZI-data=4800  
"stm32f4-usart.axf" - 0 Error(s), 0 Warning(s).
