ARM Linker, 5.02 [Build 28] [MDK-ARM Lite]

==============================================================================

Section Cross References

    startup_stm32f4xx.o(STACK) refers (Special) to heapauxi.o(.text) for __use_two_region_memory
    startup_stm32f4xx.o(HEAP) refers (Special) to heapauxi.o(.text) for __use_two_region_memory
    startup_stm32f4xx.o(RESET) refers (Special) to heapauxi.o(.text) for __use_two_region_memory
    startup_stm32f4xx.o(RESET) refers to startup_stm32f4xx.o(STACK) for __initial_sp
    startup_stm32f4xx.o(RESET) refers to startup_stm32f4xx.o(.text) for Reset_Handler
    startup_stm32f4xx.o(RESET) refers to stm32f4xx_it.o(.text) for NMI_Handler
    startup_stm32f4xx.o(RESET) refers to systick.o(.text) for SysTick_Handler
    startup_stm32f4xx.o(RESET) refers to delay.o(.text) for TIM2_IRQHandler
    startup_stm32f4xx.o(RESET) refers to i2c.o(.text) for I2C1_EV_IRQHandler
    startup_stm32f4xx.o(RESET) refers to usart.o(.text) for USART1_IRQHandler
    startup_stm32f4xx.o(.text) refers (Special) to heapauxi.o(.text) for __use_two_region_memory
    startup_stm32f4xx.o(.text) refers to system_stm32f4xx.o(.text) for SystemInit
    startup_stm32f4xx.o(.text) refers to __main.o(!!!main) for __main
    startup_stm32f4xx.o(.text) refers to startup_stm32f4xx.o(HEAP) for Heap_Mem
    startup_stm32f4xx.o(.text) refers to startup_stm32f4xx.o(STACK) for Stack_Mem
    main.o(.text) refers to delay.o(.text) for TIM2_timer_start
    main.o(.text) refers to usartserial.o(.text) for USARTSerial::begin(_GPIOPin, _GPIOPin, unsigned)
    main.o(.text) refers to print.o(.text) for Print::println(const char*)
    main.o(.text) refers to usart.o(.text) for usart_flush
    main.o(.text) refers to stm32f4xx_rcc.o(.text) for RCC_GetClocksFreq
    main.o(.text) refers to gpio.o(.text) for PinBit
    main.o(.text) refers to i2c.o(.text) for i2c_begin
    main.o(.text) refers to st7032i.o(.text) for ST7032i::init(__I2CBus*)
    main.o(.text) refers to stm32f4xx_gpio.o(.text) for GPIO_ReadOutputData
    main.o(.text) refers to fflt_clz.o(x$fpl$ffltu) for __aeabi_ui2f
    main.o(.text) refers to fdiv.o(x$fpl$fdiv) for __aeabi_fdiv
    main.o(.text) refers to f2d.o(x$fpl$f2d) for __aeabi_f2d
    main.o(.text) refers to main.o(i._ZN5PrintC2Ev) for Print::Print__sub_object()
    main.o(.text) refers to main.o(.bss) for .bss
    main.o(.text) refers to main.o(.constdata) for .constdata
    main.o(.text) refers to i2c.o(.bss) for Wire1
    main.o(.text) refers to st7032i.o(.constdata__ZTV7ST7032i) for vtable for ST7032i
    main.o(.text) refers to usartserial.o(.constdata__ZTV11USARTSerial) for vtable for USARTSerial
    main.o(.ARM.exidx) refers to main.o(.text) for .text
    main.o(.init_array) refers to main.o(.text) for __sti___8_main_cpp
    main.o(.init_array) refers to init_aeabi.o(.text) for __cpp_initialize__aeabi_
    system_stm32f4xx.o(.text) refers to system_stm32f4xx.o(.data) for .data
    adc3dma.o(.text) refers to stm32f4xx_rcc.o(.text) for RCC_AHB1PeriphClockCmd
    adc3dma.o(.text) refers to stm32f4xx_dma.o(.text) for DMA_Init
    adc3dma.o(.text) refers to stm32f4xx_gpio.o(.text) for GPIO_Init
    adc3dma.o(.text) refers to stm32f4xx_adc.o(.text) for ADC_CommonInit
    adc3dma.o(.text) refers to adc3dma.o(.data) for .data
    delay.o(.text) refers to stm32f4xx_rcc.o(.text) for RCC_GetClocksFreq
    delay.o(.text) refers to stm32f4xx_tim.o(.text) for TIM_TimeBaseInit
    delay.o(.text) refers to misc.o(.text) for NVIC_Init
    delay.o(.text) refers to delay.o(.data) for .data
    gpio.o(.text) refers to stm32f4xx_rcc.o(.text) for RCC_AHB1PeriphClockCmd
    gpio.o(.text) refers to stm32f4xx_gpio.o(.text) for GPIO_Init
    gpio.o(.text) refers to gpio.o(.data) for .data
    i2c.o(.text) refers to stm32f4xx_rcc.o(.text) for RCC_APB1PeriphClockCmd
    i2c.o(.text) refers to gpio.o(.text) for PinBit
    i2c.o(.text) refers to stm32f4xx_gpio.o(.text) for GPIO_PinAFConfig
    i2c.o(.text) refers to stm32f4xx_i2c.o(.text) for I2C_Init
    i2c.o(.text) refers to misc.o(.text) for NVIC_Init
    i2c.o(.text) refers to delay.o(.text) for delay_us
    i2c.o(.text) refers to rt_memcpy_v6.o(.text) for __aeabi_memcpy
    i2c.o(.text) refers to i2c.o(.bss) for .bss
    print.o(.text) refers to print.o(i._ZN5Print5writeEPKc) for Print::write(const char*)
    print.o(.text) refers to drleqf.o(x$fpl$drleqf) for __aeabi_cdrcmple
    print.o(.text) refers to dleqf.o(x$fpl$dleqf) for __aeabi_cdcmple
    print.o(.text) refers to ddiv.o(x$fpl$ddiv) for __aeabi_ddiv
    print.o(.text) refers to daddsub_clz.o(x$fpl$dadd) for __aeabi_dadd
    print.o(.text) refers to dfixu.o(x$fpl$dfixu) for __aeabi_d2uiz
    print.o(.text) refers to dflt_clz.o(x$fpl$dfltu) for __aeabi_ui2d
    print.o(.text) refers to daddsub_clz.o(x$fpl$drsb) for __aeabi_drsub
    print.o(.text) refers to dmul.o(x$fpl$dmul) for __aeabi_dmul
[...]
    ../fplib/fdiv.s                          0x00000000   Number         0  fdiv.o ABSOLUTE
    ../fplib/fflt.s                          0x00000000   Number         0  fflt_clz.o ABSOLUTE
    ../fplib/fmul.s                          0x00000000   Number         0  fmul.o ABSOLUTE
    ../fplib/fnaninf.s                       0x00000000   Number         0  fnaninf.o ABSOLUTE
    ../fplib/fpinit.s                        0x00000000   Number         0  fpinit.o ABSOLUTE
    ../fplib/fretinf.s                       0x00000000   Number         0  fretinf.o ABSOLUTE
    ../fplib/usenofp.s                       0x00000000   Number         0  usenofp.o ABSOLUTE
    ..\..\stm32library\STM32F4xx_StdPeriph_Driver\src\misc.c 0x00000000   Number         0  misc.o ABSOLUTE
    ..\..\stm32library\STM32F4xx_StdPeriph_Driver\src\stm32f4xx_adc.c 0x00000000   Number         0  stm32f4xx_adc.o ABSOLUTE
    ..\..\stm32library\STM32F4xx_StdPeriph_Driver\src\stm32f4xx_dma.c 0x00000000   Number         0  stm32f4xx_dma.o ABSOLUTE
    ..\..\stm32library\STM32F4xx_StdPeriph_Driver\src\stm32f4xx_gpio.c 0x00000000   Number         0  stm32f4xx_gpio.o ABSOLUTE
    ..\..\stm32library\STM32F4xx_StdPeriph_Driver\src\stm32f4xx_i2c.c 0x00000000   Number         0  stm32f4xx_i2c.o ABSOLUTE
    ..\..\stm32library\STM32F4xx_StdPeriph_Driver\src\stm32f4xx_rcc.c 0x00000000   Number         0  stm32f4xx_rcc.o ABSOLUTE
    ..\..\stm32library\STM32F4xx_StdPeriph_Driver\src\stm32f4xx_tim.c 0x00000000   Number         0  stm32f4xx_tim.o ABSOLUTE
    ..\..\stm32library\STM32F4xx_StdPeriph_Driver\src\stm32f4xx_usart.c 0x00000000   Number         0  stm32f4xx_usart.o ABSOLUTE
    ..\..\stm32library\armcore\Print.cpp     0x00000000   Number         0  print.o ABSOLUTE
    ..\..\stm32library\armcore\ST7032i.cpp   0x00000000   Number         0  st7032i.o ABSOLUTE
    ..\..\stm32library\armcore\Stream.cpp    0x00000000   Number         0  stream.o ABSOLUTE
    ..\..\stm32library\armcore\USARTSerial.cpp 0x00000000   Number         0  usartserial.o ABSOLUTE
    ..\..\stm32library\armcore\adc3dma.c     0x00000000   Number         0  adc3dma.o ABSOLUTE
    ..\..\stm32library\armcore\delay.c       0x00000000   Number         0  delay.o ABSOLUTE
    ..\..\stm32library\armcore\gpio.c        0x00000000   Number         0  gpio.o ABSOLUTE
    ..\..\stm32library\armcore\i2c.c         0x00000000   Number         0  i2c.o ABSOLUTE
    ..\..\stm32library\armcore\systick.c     0x00000000   Number         0  systick.o ABSOLUTE
    ..\..\stm32library\armcore\usart.c       0x00000000   Number         0  usart.o ABSOLUTE
    ..\\..\\stm32library\\STM32F4xx_StdPeriph_Driver\\src\\misc.c 0x00000000   Number         0  misc.o ABSOLUTE
    ..\\..\\stm32library\\STM32F4xx_StdPeriph_Driver\\src\\stm32f4xx_adc.c 0x00000000   Number         0  stm32f4xx_adc.o ABSOLUTE
    ..\\..\\stm32library\\STM32F4xx_StdPeriph_Driver\\src\\stm32f4xx_dma.c 0x00000000   Number         0  stm32f4xx_dma.o ABSOLUTE
    ..\\..\\stm32library\\STM32F4xx_StdPeriph_Driver\\src\\stm32f4xx_gpio.c 0x00000000   Number         0  stm32f4xx_gpio.o ABSOLUTE
    ..\\..\\stm32library\\STM32F4xx_StdPeriph_Driver\\src\\stm32f4xx_i2c.c 0x00000000   Number         0  stm32f4xx_i2c.o ABSOLUTE
    ..\\..\\stm32library\\STM32F4xx_StdPeriph_Driver\\src\\stm32f4xx_rcc.c 0x00000000   Number         0  stm32f4xx_rcc.o ABSOLUTE
    ..\\..\\stm32library\\STM32F4xx_StdPeriph_Driver\\src\\stm32f4xx_tim.c 0x00000000   Number         0  stm32f4xx_tim.o ABSOLUTE
    ..\\..\\stm32library\\STM32F4xx_StdPeriph_Driver\\src\\stm32f4xx_usart.c 0x00000000   Number         0  stm32f4xx_usart.o ABSOLUTE
    ..\\..\\stm32library\\armcore\\ST7032i.cpp 0x00000000   Number         0  st7032i.o ABSOLUTE
    ..\\..\\stm32library\\armcore\\Stream.cpp 0x00000000   Number         0  stream.o ABSOLUTE
    ..\\..\\stm32library\\armcore\\USARTSerial.cpp 0x00000000   Number         0  usartserial.o ABSOLUTE
    ..\\..\\stm32library\\armcore\\adc3dma.c 0x00000000   Number         0  adc3dma.o ABSOLUTE
    ..\\..\\stm32library\\armcore\\delay.c   0x00000000   Number         0  delay.o ABSOLUTE
    ..\\..\\stm32library\\armcore\\gpio.c    0x00000000   Number         0  gpio.o ABSOLUTE
    ..\\..\\stm32library\\armcore\\i2c.c     0x00000000   Number         0  i2c.o ABSOLUTE
    ..\\..\\stm32library\\armcore\\systick.c 0x00000000   Number         0  systick.o ABSOLUTE
    ..\\..\\stm32library\\armcore\\usart.c   0x00000000   Number         0  usart.o ABSOLUTE
    ..\\main.cpp                             0x00000000   Number         0  main.o ABSOLUTE
    ..\\stm32f4xx_it.c                       0x00000000   Number         0  stm32f4xx_it.o ABSOLUTE
    ..\\system_stm32f4xx.c                   0x00000000   Number         0  system_stm32f4xx.o ABSOLUTE
    ..\main.cpp                              0x00000000   Number         0  main.o ABSOLUTE
    ..\stm32f4xx_it.c                        0x00000000   Number         0  stm32f4xx_it.o ABSOLUTE
    ..\system_stm32f4xx.c                    0x00000000   Number         0  system_stm32f4xx.o ABSOLUTE
    dc.s                                     0x00000000   Number         0  dc.o ABSOLUTE
    startup_stm32f4xx.s                      0x00000000   Number         0  startup_stm32f4xx.o ABSOLUTE
    RESET                                    0x08000000   Section      392  startup_stm32f4xx.o(RESET)
    !!!main                                  0x08000188   Section        8  __main.o(!!!main)
    !!!scatter                               0x08000190   Section       52  __scatter.o(!!!scatter)
    !!handler_copy                           0x080001c4   Section       26  __scatter_copy.o(!!handler_copy)
    !!handler_zi                             0x080001e0   Section       28  __scatter_zi.o(!!handler_zi)
    .ARM.Collect$$libinit$$00000000          0x080001fc   Section        2  libinit.o(.ARM.Collect$$libinit$$00000000)
    .ARM.Collect$$libinit$$00000002          0x080001fe   Section        0  libinit2.o(.ARM.Collect$$libinit$$00000002)
    .ARM.Collect$$libinit$$00000008          0x080001fe   Section        0  libinit2.o(.ARM.Collect$$libinit$$00000008)
    .ARM.Collect$$libinit$$0000000A          0x080001fe   Section        0  libinit2.o(.ARM.Collect$$libinit$$0000000A)
    .ARM.Collect$$libinit$$0000000C          0x080001fe   Section        0  libinit2.o(.ARM.Collect$$libinit$$0000000C)
    .ARM.Collect$$libinit$$0000000F          0x080001fe   Section        0  libinit2.o(.ARM.Collect$$libinit$$0000000F)
    .ARM.Collect$$libinit$$00000011          0x080001fe   Section        0  libinit2.o(.ARM.Collect$$libinit$$00000011)
    .ARM.Collect$$libinit$$00000013          0x080001fe   Section        0  libinit2.o(.ARM.Collect$$libinit$$00000013)
    .ARM.Collect$$libinit$$00000015          0x080001fe   Section        0  libinit2.o(.ARM.Collect$$libinit$$00000015)
    .ARM.Collect$$libinit$$00000017          0x080001fe   Section        0  libinit2.o(.ARM.Collect$$libinit$$00000017)
    .ARM.Collect$$libinit$$00000019          0x080001fe   Section        0  libinit2.o(.ARM.Collect$$libinit$$00000019)
    .ARM.Collect$$libinit$$0000001B          0x080001fe   Section        0  libinit2.o(.ARM.Collect$$libinit$$0000001B)
    .ARM.Collect$$libinit$$0000001D          0x080001fe   Section        0  libinit2.o(.ARM.Collect$$libinit$$0000001D)
    .ARM.Collect$$libinit$$0000001F          0x080001fe   Section        0  libinit2.o(.ARM.Collect$$libinit$$0000001F)
    .ARM.Collect$$libinit$$00000021          0x080001fe   Section        0  libinit2.o(.ARM.Collect$$libinit$$00000021)
    .ARM.Collect$$libinit$$00000023          0x080001fe   Section        0  libinit2.o(.ARM.Collect$$libinit$$00000023)
    .ARM.Collect$$libinit$$0000002A          0x080001fe   Section        0  libinit2.o(.ARM.Collect$$libinit$$0000002A)
    .ARM.Collect$$libinit$$0000002C          0x080001fe   Section        0  libinit2.o(.ARM.Collect$$libinit$$0000002C)
    .ARM.Collect$$libinit$$0000002E          0x080001fe   Section        0  libinit2.o(.ARM.Collect$$libinit$$0000002E)
    .ARM.Collect$$libinit$$0000002F          0x080001fe   Section        4  libinit2.o(.ARM.Collect$$libinit$$0000002F)
    .ARM.Collect$$libinit$$00000030          0x08000202   Section        0  libinit2.o(.ARM.Collect$$libinit$$00000030)
    .ARM.Collect$$libinit$$00000031          0x08000202   Section        2  libinit2.o(.ARM.Collect$$libinit$$00000031)
    .ARM.Collect$$libshutdown$$00000000      0x08000204   Section        2  libshutdown.o(.ARM.Collect$$libshutdown$$00000000)
    .ARM.Collect$$libshutdown$$00000003      0x08000206   Section        0  libshutdown2.o(.ARM.Collect$$libshutdown$$00000003)
    .ARM.Collect$$libshutdown$$00000006      0x08000206   Section        0  libshutdown2.o(.ARM.Collect$$libshutdown$$00000006)
    .ARM.Collect$$libshutdown$$00000009      0x08000206   Section        0  libshutdown2.o(.ARM.Collect$$libshutdown$$00000009)
    .ARM.Collect$$libshutdown$$0000000B      0x08000206   Section        0  libshutdown2.o(.ARM.Collect$$libshutdown$$0000000B)
    .ARM.Collect$$libshutdown$$0000000E      0x08000206   Section        0  libshutdown2.o(.ARM.Collect$$libshutdown$$0000000E)
    .ARM.Collect$$libshutdown$$0000000F      0x08000206   Section        2  libshutdown2.o(.ARM.Collect$$libshutdown$$0000000F)
    .ARM.Collect$$rtentry$$00000000          0x08000208   Section        0  rtentry.o(.ARM.Collect$$rtentry$$00000000)
    .ARM.Collect$$rtentry$$00000002          0x08000208   Section        0  rtentry2.o(.ARM.Collect$$rtentry$$00000002)
    .ARM.Collect$$rtentry$$00000004          0x08000208   Section        6  rtentry4.o(.ARM.Collect$$rtentry$$00000004)
    .ARM.Collect$$rtentry$$00000009          0x0800020e   Section        0  rtentry2.o(.ARM.Collect$$rtentry$$00000009)
    .ARM.Collect$$rtentry$$0000000A          0x0800020e   Section        4  rtentry2.o(.ARM.Collect$$rtentry$$0000000A)
    .ARM.Collect$$rtentry$$0000000C          0x08000212   Section        0  rtentry2.o(.ARM.Collect$$rtentry$$0000000C)
    .ARM.Collect$$rtentry$$0000000D          0x08000212   Section        8  rtentry2.o(.ARM.Collect$$rtentry$$0000000D)
    .ARM.Collect$$rtexit$$00000000           0x0800021a   Section        2  rtexit.o(.ARM.Collect$$rtexit$$00000000)
    .ARM.Collect$$rtexit$$00000002           0x0800021c   Section        0  rtexit2.o(.ARM.Collect$$rtexit$$00000002)
    .ARM.Collect$$rtexit$$00000003           0x0800021c   Section        4  rtexit2.o(.ARM.Collect$$rtexit$$00000003)
    .ARM.Collect$$rtexit$$00000004           0x08000220   Section        6  rtexit2.o(.ARM.Collect$$rtexit$$00000004)
    .text                                    0x08000228   Section       64  startup_stm32f4xx.o(.text)
    .text                                    0x08000268   Section        0  main.o(.text)
    __sti___8_main_cpp                       0x08000551   Thumb Code    36  main.o(.text)
    .text                                    0x080005f8   Section        0  stm32f4xx_it.o(.text)
    .text                                    0x08000608   Section        0  system_stm32f4xx.o(.text)
    SetSysClock                              0x080006b3   Thumb Code   140  system_stm32f4xx.o(.text)
    .text                                    0x08000764   Section        0  delay.o(.text)
    .text                                    0x0800086c   Section        0  gpio.o(.text)
    .text                                    0x08000a08   Section        0  i2c.o(.text)
    .text                                    0x08000e74   Section        0  print.o(.text)
    .text                                    0x08001144   Section        0  st7032i.o(.text)
    .text                                    0x080013cc   Section        0  systick.o(.text)
    .text                                    0x08001428   Section        0  usart.o(.text)
    .text                                    0x080018d8   Section        0  usartserial.o(.text)
    .text                                    0x080018e4   Section        0  misc.o(.text)
    .text                                    0x08001994   Section        0  stm32f4xx_gpio.o(.text)
    .text                                    0x08001b78   Section        0  stm32f4xx_i2c.o(.text)
    .text                                    0x08001ea0   Section        0  stm32f4xx_rcc.o(.text)
    .text                                    0x08002270   Section        0  stm32f4xx_tim.o(.text)
    TI2_Config                               0x080028bb   Thumb Code    54  stm32f4xx_tim.o(.text)
    TI1_Config                               0x08002c1d   Thumb Code    46  stm32f4xx_tim.o(.text)
    .text                                    0x08002c4c   Section        0  stm32f4xx_usart.o(.text)
    .text                                    0x08002f90   Section        0  strlen.o(.text)
    .text                                    0x08002fce   Section      138  rt_memcpy_v6.o(.text)
    .text                                    0x08003058   Section        0  heapauxi.o(.text)
    .text                                    0x08003060   Section        0  init_aeabi.o(.text)
    .text                                    0x08003084   Section        0  defsig_pvfn_outer.o(.text)
    .text                                    0x08003092   Section      100  rt_memcpy_w.o(.text)
    .text                                    0x080030f6   Section        0  defsig_exit.o(.text)
    .text                                    0x08003100   Section        0  defsig_pvfn_inner.o(.text)
    .text                                    0x08003130   Section        0  sys_exit.o(.text)
    .text                                    0x0800313c   Section       74  sys_stackheap_outer.o(.text)
    .text                                    0x08003186   Section        0  exit.o(.text)
    .text                                    0x08003192   Section        0  defsig_general.o(.text)
    .text                                    0x080031c4   Section        0  sys_wrch.o(.text)
    .text                                    0x080031d4   Section        8  libspace.o(.text)
    .text                                    0x080031dc   Section        2  use_no_semi.o(.text)
    .text                                    0x080031de   Section        0  indicate_semi.o(.text)
    i._ZN5Print5writeEPKc                    0x080031de   Section        0  print.o(i._ZN5Print5writeEPKc)
    i._ZN5PrintC2Ev                          0x08003200   Section        0  main.o(i._ZN5PrintC2Ev)
    i.__cxa_pure_virtual                     0x08003210   Section        0  pure_virt.o(i.__cxa_pure_virtual)
    x$fpl$dadd                               0x08003218   Section      336  daddsub_clz.o(x$fpl$dadd)
    _dadd1                                   0x08003229   Thumb Code     0  daddsub_clz.o(x$fpl$dadd)
    x$fpl$dcmpinf                            0x08003368   Section       24  dcmpi.o(x$fpl$dcmpinf)
    x$fpl$ddiv                               0x08003380   Section      688  ddiv.o(x$fpl$ddiv)
    ddiv_entry                               0x08003387   Thumb Code     0  ddiv.o(x$fpl$ddiv)
    x$fpl$dfix                               0x08003630   Section       94  dfix.o(x$fpl$dfix)
    x$fpl$dfixu                              0x08003690   Section       90  dfixu.o(x$fpl$dfixu)
    x$fpl$dflt                               0x080036ea   Section       46  dflt_clz.o(x$fpl$dflt)
    x$fpl$dfltu                              0x08003718   Section       38  dflt_clz.o(x$fpl$dfltu)
    x$fpl$dleqf                              0x08003740   Section      120  dleqf.o(x$fpl$dleqf)
    x$fpl$dmul                               0x080037b8   Section      340  dmul.o(x$fpl$dmul)
    x$fpl$dnaninf                            0x0800390c   Section      156  dnaninf.o(x$fpl$dnaninf)
    x$fpl$dretinf                            0x080039a8   Section       12  dretinf.o(x$fpl$dretinf)
    x$fpl$drleqf                             0x080039b4   Section      108  drleqf.o(x$fpl$drleqf)
    x$fpl$drsb                               0x08003a20   Section       22  daddsub_clz.o(x$fpl$drsb)
    x$fpl$dsub                               0x08003a38   Section      468  daddsub_clz.o(x$fpl$dsub)
    _dsub1                                   0x08003a49   Thumb Code     0  daddsub_clz.o(x$fpl$dsub)
    x$fpl$f2d                                0x08003c0c   Section       86  f2d.o(x$fpl$f2d)
    x$fpl$fdiv                               0x08003c64   Section      388  fdiv.o(x$fpl$fdiv)
    _fdiv1                                   0x08003c65   Thumb Code     0  fdiv.o(x$fpl$fdiv)
    x$fpl$ffltu                              0x08003de8   Section       38  fflt_clz.o(x$fpl$ffltu)
    x$fpl$fnaninf                            0x08003e0e   Section      140  fnaninf.o(x$fpl$fnaninf)
    x$fpl$fretinf                            0x08003e9a   Section       10  fretinf.o(x$fpl$fretinf)
    .constdata                               0x08003ea4   Section      472  main.o(.constdata)
    x$fpl$usenofp                            0x08003ea4   Section        0  usenofp.o(x$fpl$usenofp)
    .constdata                               0x0800407c   Section       16  st7032i.o(.constdata)
    .constdata__ZTV11USARTSerial             0x0800408c   Section       32  usartserial.o(.constdata__ZTV11USARTSerial)
    .constdata__ZTV5Print                    0x080040ac   Section       16  print.o(.constdata__ZTV5Print)
    .constdata__ZTV7ST7032i                  0x080040bc   Section       16  st7032i.o(.constdata__ZTV7ST7032i)
    .init_array                              0x080040ec   Section        4  main.o(.init_array)
    .data                                    0x20000000   Section       20  system_stm32f4xx.o(.data)
    .data                                    0x20000014   Section        8  delay.o(.data)
    .data                                    0x2000001c   Section       80  gpio.o(.data)
    .data                                    0x2000006c   Section        4  systick.o(.data)
    .data                                    0x20000070   Section       16  stm32f4xx_rcc.o(.data)
    APBAHBPrescTable                         0x20000070   Data          16  stm32f4xx_rcc.o(.data)
    .bss                                     0x20000080   Section       52  main.o(.bss)
    .bss                                     0x200000b4   Section      816  i2c.o(.bss)
    .bss                                     0x200003e4   Section     3144  usart.o(.bss)
    .bss                                     0x2000102c   Section       96  libspace.o(.bss)
    HEAP                                     0x20001090   Section      512  startup_stm32f4xx.o(HEAP)
    Heap_Mem                                 0x20001090   Data         512  startup_stm32f4xx.o(HEAP)
    STACK                                    0x20001290   Section     1024  startup_stm32f4xx.o(STACK)
    Stack_Mem                                0x20001290   Data        1024  startup_stm32f4xx.o(STACK)
    __initial_sp                             0x20001690   Data           0  startup_stm32f4xx.o(STACK)

    Global Symbols

    Symbol Name                              Value     Ov Type        Size  Object(Section)

    BuildAttributes$$THM_ISAv4$E$P$D$K$B$S$7EM$PE$A:L22UL41UL21$X:L11$S22US41US21$IEEE1$IW$USESV6$~STKCKD$USESV7$~SHL$OSPACE$ROPI$EBA8$UX$STANDARDLIB$REQ8$PRES8$EABIv2 0x00000000   Number         0  anon$$obj.o ABSOLUTE
    __ARM_use_no_argv                        0x00000000   Number         0  main.o ABSOLUTE
    __ARM_exceptions_init                     - Undefined Weak Reference
    __alloca_initialize                       - Undefined Weak Reference
    __cxa_finalize                            - Undefined Weak Reference
    __rt_locale                               - Undefined Weak Reference
    __sigvec_lookup                           - Undefined Weak Reference
    _atexit_init                              - Undefined Weak Reference
    _call_atexit_fns                          - Undefined Weak Reference
    _clock_init                               - Undefined Weak Reference
    _fp_trap_init                             - Undefined Weak Reference
    _fp_trap_shutdown                         - Undefined Weak Reference
    _get_lc_collate                           - Undefined Weak Reference
    _get_lc_ctype                             - Undefined Weak Reference
    _get_lc_monetary                          - Undefined Weak Reference
    _get_lc_numeric                           - Undefined Weak Reference
    _get_lc_time                              - Undefined Weak Reference
    _getenv_init                              - Undefined Weak Reference
    _handle_redirection                       - Undefined Weak Reference
    _init_alloc                               - Undefined Weak Reference
    _init_user_alloc                          - Undefined Weak Reference
    _initio                                   - Undefined Weak Reference
    _rand_init                                - Undefined Weak Reference
    _signal_finish                            - Undefined Weak Reference
    _signal_init                              - Undefined Weak Reference
    _terminate_alloc                          - Undefined Weak Reference
    _terminate_user_alloc                     - Undefined Weak Reference
    _terminateio                              - Undefined Weak Reference
    __Vectors_Size                           0x00000188   Number         0  startup_stm32f4xx.o ABSOLUTE
    __Vectors                                0x08000000   Data           4  startup_stm32f4xx.o(RESET)
    __Vectors_End                            0x08000188   Data           0  startup_stm32f4xx.o(RESET)
    __main                                   0x08000189   Thumb Code     8  __main.o(!!!main)
    __scatterload                            0x08000191   Thumb Code     0  __scatter.o(!!!scatter)
    __scatterload_rt2                        0x08000191   Thumb Code    44  __scatter.o(!!!scatter)
    __scatterload_rt2_thumb_only             0x08000191   Thumb Code     0  __scatter.o(!!!scatter)
    __scatterload_null                       0x0800019f   Thumb Code     0  __scatter.o(!!!scatter)
    __scatterload_copy                       0x080001c5   Thumb Code    26  __scatter_copy.o(!!handler_copy)
    __scatterload_zeroinit                   0x080001e1   Thumb Code    28  __scatter_zi.o(!!handler_zi)
    __rt_lib_init                            0x080001fd   Thumb Code     0  libinit.o(.ARM.Collect$$libinit$$00000000)
    __rt_lib_init_alloca_1                   0x080001ff   Thumb Code     0  libinit2.o(.ARM.Collect$$libinit$$0000002C)
    __rt_lib_init_argv_1                     0x080001ff   Thumb Code     0  libinit2.o(.ARM.Collect$$libinit$$0000002A)
    __rt_lib_init_atexit_1                   0x080001ff   Thumb Code     0  libinit2.o(.ARM.Collect$$libinit$$00000019)
    __rt_lib_init_clock_1                    0x080001ff   Thumb Code     0  libinit2.o(.ARM.Collect$$libinit$$0000001F)
    __rt_lib_init_cpp_2                      0x080001ff   Thumb Code     0  libinit2.o(.ARM.Collect$$libinit$$0000002F)
    __rt_lib_init_exceptions_1               0x080001ff   Thumb Code     0  libinit2.o(.ARM.Collect$$libinit$$0000002E)
    __rt_lib_init_fp_1                       0x080001ff   Thumb Code     0  libinit2.o(.ARM.Collect$$libinit$$00000002)
    __rt_lib_init_fp_trap_1                  0x080001ff   Thumb Code     0  libinit2.o(.ARM.Collect$$libinit$$0000001D)
    __rt_lib_init_getenv_1                   0x080001ff   Thumb Code     0  libinit2.o(.ARM.Collect$$libinit$$00000021)
    __rt_lib_init_heap_1                     0x080001ff   Thumb Code     0  libinit2.o(.ARM.Collect$$libinit$$00000008)
    __rt_lib_init_lc_collate_1               0x080001ff   Thumb Code     0  libinit2.o(.ARM.Collect$$libinit$$0000000F)
    __rt_lib_init_lc_ctype_1                 0x080001ff   Thumb Code     0  libinit2.o(.ARM.Collect$$libinit$$00000011)
    __rt_lib_init_lc_monetary_1              0x080001ff   Thumb Code     0  libinit2.o(.ARM.Collect$$libinit$$00000013)
    __rt_lib_init_lc_numeric_1               0x080001ff   Thumb Code     0  libinit2.o(.ARM.Collect$$libinit$$00000015)
    __rt_lib_init_lc_time_1                  0x080001ff   Thumb Code     0  libinit2.o(.ARM.Collect$$libinit$$00000017)
    __rt_lib_init_rand_1                     0x080001ff   Thumb Code     0  libinit2.o(.ARM.Collect$$libinit$$0000000C)
    __rt_lib_init_signal_1                   0x080001ff   Thumb Code     0  libinit2.o(.ARM.Collect$$libinit$$0000001B)
    __rt_lib_init_stdio_1                    0x080001ff   Thumb Code     0  libinit2.o(.ARM.Collect$$libinit$$00000023)
    __rt_lib_init_user_alloc_1               0x080001ff   Thumb Code     0  libinit2.o(.ARM.Collect$$libinit$$0000000A)
    __rt_lib_init_cpp_1                      0x08000203   Thumb Code     0  libinit2.o(.ARM.Collect$$libinit$$00000030)
    __rt_lib_init_return                     0x08000203   Thumb Code     0  libinit2.o(.ARM.Collect$$libinit$$00000031)
    __rt_lib_shutdown                        0x08000205   Thumb Code     0  libshutdown.o(.ARM.Collect$$libshutdown$$00000000)
    __rt_lib_shutdown_fp_trap_1              0x08000207   Thumb Code     0  libshutdown2.o(.ARM.Collect$$libshutdown$$00000006)
    __rt_lib_shutdown_heap_1                 0x08000207   Thumb Code     0  libshutdown2.o(.ARM.Collect$$libshutdown$$0000000E)
    __rt_lib_shutdown_return                 0x08000207   Thumb Code     0  libshutdown2.o(.ARM.Collect$$libshutdown$$0000000F)
    __rt_lib_shutdown_signal_1               0x08000207   Thumb Code     0  libshutdown2.o(.ARM.Collect$$libshutdown$$00000009)
    __rt_lib_shutdown_stdio_1                0x08000207   Thumb Code     0  libshutdown2.o(.ARM.Collect$$libshutdown$$00000003)
    __rt_lib_shutdown_user_alloc_1           0x08000207   Thumb Code     0  libshutdown2.o(.ARM.Collect$$libshutdown$$0000000B)
    __rt_entry                               0x08000209   Thumb Code     0  rtentry.o(.ARM.Collect$$rtentry$$00000000)
    __rt_entry_presh_1                       0x08000209   Thumb Code     0  rtentry2.o(.ARM.Collect$$rtentry$$00000002)
    __rt_entry_sh                            0x08000209   Thumb Code     0  rtentry4.o(.ARM.Collect$$rtentry$$00000004)
    __rt_entry_li                            0x0800020f   Thumb Code     0  rtentry2.o(.ARM.Collect$$rtentry$$0000000A)
    __rt_entry_postsh_1                      0x0800020f   Thumb Code     0  rtentry2.o(.ARM.Collect$$rtentry$$00000009)
    __rt_entry_main                          0x08000213   Thumb Code     0  rtentry2.o(.ARM.Collect$$rtentry$$0000000D)
    __rt_entry_postli_1                      0x08000213   Thumb Code     0  rtentry2.o(.ARM.Collect$$rtentry$$0000000C)
    __rt_exit                                0x0800021b   Thumb Code     0  rtexit.o(.ARM.Collect$$rtexit$$00000000)
    __rt_exit_ls                             0x0800021d   Thumb Code     0  rtexit2.o(.ARM.Collect$$rtexit$$00000003)
    __rt_exit_prels_1                        0x0800021d   Thumb Code     0  rtexit2.o(.ARM.Collect$$rtexit$$00000002)
    __rt_exit_exit                           0x08000221   Thumb Code     0  rtexit2.o(.ARM.Collect$$rtexit$$00000004)
    Reset_Handler                            0x08000229   Thumb Code     8  startup_stm32f4xx.o(.text)
    ADC_IRQHandler                           0x08000243   Thumb Code     0  startup_stm32f4xx.o(.text)
    CAN1_RX0_IRQHandler                      0x08000243   Thumb Code     0  startup_stm32f4xx.o(.text)
    CAN1_RX1_IRQHandler                      0x08000243   Thumb Code     0  startup_stm32f4xx.o(.text)
    CAN1_SCE_IRQHandler                      0x08000243   Thumb Code     0  startup_stm32f4xx.o(.text)
    CAN1_TX_IRQHandler                       0x08000243   Thumb Code     0  startup_stm32f4xx.o(.text)
    CAN2_RX0_IRQHandler                      0x08000243   Thumb Code     0  startup_stm32f4xx.o(.text)
    CAN2_RX1_IRQHandler                      0x08000243   Thumb Code     0  startup_stm32f4xx.o(.text)
    CAN2_SCE_IRQHandler                      0x08000243   Thumb Code     0  startup_stm32f4xx.o(.text)
    CAN2_TX_IRQHandler                       0x08000243   Thumb Code     0  startup_stm32f4xx.o(.text)
    CRYP_IRQHandler                          0x08000243   Thumb Code     0  startup_stm32f4xx.o(.text)
    DCMI_IRQHandler                          0x08000243   Thumb Code     0  startup_stm32f4xx.o(.text)
    DMA1_Stream0_IRQHandler                  0x08000243   Thumb Code     0  startup_stm32f4xx.o(.text)
    DMA1_Stream1_IRQHandler                  0x08000243   Thumb Code     0  startup_stm32f4xx.o(.text)
    DMA1_Stream2_IRQHandler                  0x08000243   Thumb Code     0  startup_stm32f4xx.o(.text)
    DMA1_Stream3_IRQHandler                  0x08000243   Thumb Code     0  startup_stm32f4xx.o(.text)
    DMA1_Stream4_IRQHandler                  0x08000243   Thumb Code     0  startup_stm32f4xx.o(.text)
    DMA1_Stream5_IRQHandler                  0x08000243   Thumb Code     0  startup_stm32f4xx.o(.text)
    DMA1_Stream6_IRQHandler                  0x08000243   Thumb Code     0  startup_stm32f4xx.o(.text)
    DMA1_Stream7_IRQHandler                  0x08000243   Thumb Code     0  startup_stm32f4xx.o(.text)
    DMA2_Stream0_IRQHandler                  0x08000243   Thumb Code     0  startup_stm32f4xx.o(.text)
    DMA2_Stream1_IRQHandler                  0x08000243   Thumb Code     0  startup_stm32f4xx.o(.text)
    DMA2_Stream2_IRQHandler                  0x08000243   Thumb Code     0  startup_stm32f4xx.o(.text)
    DMA2_Stream3_IRQHandler                  0x08000243   Thumb Code     0  startup_stm32f4xx.o(.text)
    DMA2_Stream4_IRQHandler                  0x08000243   Thumb Code     0  startup_stm32f4xx.o(.text)
    DMA2_Stream5_IRQHandler                  0x08000243   Thumb Code     0  startup_stm32f4xx.o(.text)
    DMA2_Stream6_IRQHandler                  0x08000243   Thumb Code     0  startup_stm32f4xx.o(.text)
    DMA2_Stream7_IRQHandler                  0x08000243   Thumb Code     0  startup_stm32f4xx.o(.text)
    ETH_IRQHandler                           0x08000243   Thumb Code     0  startup_stm32f4xx.o(.text)
    ETH_WKUP_IRQHandler                      0x08000243   Thumb Code     0  startup_stm32f4xx.o(.text)
    EXTI0_IRQHandler                         0x08000243   Thumb Code     0  startup_stm32f4xx.o(.text)
    EXTI15_10_IRQHandler                     0x08000243   Thumb Code     0  startup_stm32f4xx.o(.text)
    EXTI1_IRQHandler                         0x08000243   Thumb Code     0  startup_stm32f4xx.o(.text)
    EXTI2_IRQHandler                         0x08000243   Thumb Code     0  startup_stm32f4xx.o(.text)
    EXTI3_IRQHandler                         0x08000243   Thumb Code     0  startup_stm32f4xx.o(.text)
    EXTI4_IRQHandler                         0x08000243   Thumb Code     0  startup_stm32f4xx.o(.text)
    EXTI9_5_IRQHandler                       0x08000243   Thumb Code     0  startup_stm32f4xx.o(.text)
    FLASH_IRQHandler                         0x08000243   Thumb Code     0  startup_stm32f4xx.o(.text)
    FPU_IRQHandler                           0x08000243   Thumb Code     0  startup_stm32f4xx.o(.text)
    FSMC_IRQHandler                          0x08000243   Thumb Code     0  startup_stm32f4xx.o(.text)
    HASH_RNG_IRQHandler                      0x08000243   Thumb Code     0  startup_stm32f4xx.o(.text)
    I2C1_ER_IRQHandler                       0x08000243   Thumb Code     0  startup_stm32f4xx.o(.text)
    I2C2_ER_IRQHandler                       0x08000243   Thumb Code     0  startup_stm32f4xx.o(.text)
    I2C2_EV_IRQHandler                       0x08000243   Thumb Code     0  startup_stm32f4xx.o(.text)
    I2C3_ER_IRQHandler                       0x08000243   Thumb Code     0  startup_stm32f4xx.o(.text)
    I2C3_EV_IRQHandler                       0x08000243   Thumb Code     0  startup_stm32f4xx.o(.text)
    OTG_FS_IRQHandler                        0x08000243   Thumb Code     0  startup_stm32f4xx.o(.text)
    OTG_FS_WKUP_IRQHandler                   0x08000243   Thumb Code     0  startup_stm32f4xx.o(.text)
    OTG_HS_EP1_IN_IRQHandler                 0x08000243   Thumb Code     0  startup_stm32f4xx.o(.text)
    OTG_HS_EP1_OUT_IRQHandler                0x08000243   Thumb Code     0  startup_stm32f4xx.o(.text)
    OTG_HS_IRQHandler                        0x08000243   Thumb Code     0  startup_stm32f4xx.o(.text)
    OTG_HS_WKUP_IRQHandler                   0x08000243   Thumb Code     0  startup_stm32f4xx.o(.text)
    PVD_IRQHandler                           0x08000243   Thumb Code     0  startup_stm32f4xx.o(.text)
    RCC_IRQHandler                           0x08000243   Thumb Code     0  startup_stm32f4xx.o(.text)
    RTC_Alarm_IRQHandler                     0x08000243   Thumb Code     0  startup_stm32f4xx.o(.text)
    RTC_WKUP_IRQHandler                      0x08000243   Thumb Code     0  startup_stm32f4xx.o(.text)
    SDIO_IRQHandler                          0x08000243   Thumb Code     0  startup_stm32f4xx.o(.text)
    SPI1_IRQHandler                          0x08000243   Thumb Code     0  startup_stm32f4xx.o(.text)
    SPI2_IRQHandler                          0x08000243   Thumb Code     0  startup_stm32f4xx.o(.text)
    SPI3_IRQHandler                          0x08000243   Thumb Code     0  startup_stm32f4xx.o(.text)
    TAMP_STAMP_IRQHandler                    0x08000243   Thumb Code     0  startup_stm32f4xx.o(.text)
    TIM1_BRK_TIM9_IRQHandler                 0x08000243   Thumb Code     0  startup_stm32f4xx.o(.text)
    TIM1_CC_IRQHandler                       0x08000243   Thumb Code     0  startup_stm32f4xx.o(.text)
    TIM1_TRG_COM_TIM11_IRQHandler            0x08000243   Thumb Code     0  startup_stm32f4xx.o(.text)
    TIM1_UP_TIM10_IRQHandler                 0x08000243   Thumb Code     0  startup_stm32f4xx.o(.text)
    TIM3_IRQHandler                          0x08000243   Thumb Code     0  startup_stm32f4xx.o(.text)
    TIM4_IRQHandler                          0x08000243   Thumb Code     0  startup_stm32f4xx.o(.text)
    TIM5_IRQHandler                          0x08000243   Thumb Code     0  startup_stm32f4xx.o(.text)
    TIM6_DAC_IRQHandler                      0x08000243   Thumb Code     0  startup_stm32f4xx.o(.text)
    TIM7_IRQHandler                          0x08000243   Thumb Code     0  startup_stm32f4xx.o(.text)
    TIM8_BRK_TIM12_IRQHandler                0x08000243   Thumb Code     0  startup_stm32f4xx.o(.text)
    TIM8_CC_IRQHandler                       0x08000243   Thumb Code     0  startup_stm32f4xx.o(.text)
    TIM8_TRG_COM_TIM14_IRQHandler            0x08000243   Thumb Code     0  startup_stm32f4xx.o(.text)
    TIM8_UP_TIM13_IRQHandler                 0x08000243   Thumb Code     0  startup_stm32f4xx.o(.text)
    UART5_IRQHandler                         0x08000243   Thumb Code     0  startup_stm32f4xx.o(.text)
    USART6_IRQHandler                        0x08000243   Thumb Code     0  startup_stm32f4xx.o(.text)
    WWDG_IRQHandler                          0x08000243   Thumb Code     0  startup_stm32f4xx.o(.text)
    __user_initial_stackheap                 0x08000245   Thumb Code     0  startup_stm32f4xx.o(.text)
    main                                     0x08000269   Thumb Code   744  main.o(.text)
    NMI_Handler                              0x080005f9   Thumb Code     2  stm32f4xx_it.o(.text)
    HardFault_Handler                        0x080005fb   Thumb Code     2  stm32f4xx_it.o(.text)
    MemManage_Handler                        0x080005fd   Thumb Code     2  stm32f4xx_it.o(.text)
    BusFault_Handler                         0x080005ff   Thumb Code     2  stm32f4xx_it.o(.text)
    UsageFault_Handler                       0x08000601   Thumb Code     2  stm32f4xx_it.o(.text)
    SVC_Handler                              0x08000603   Thumb Code     2  stm32f4xx_it.o(.text)
    DebugMon_Handler                         0x08000605   Thumb Code     2  stm32f4xx_it.o(.text)
    PendSV_Handler                           0x08000607   Thumb Code     2  stm32f4xx_it.o(.text)
    SystemInit                               0x08000609   Thumb Code    62  system_stm32f4xx.o(.text)
    SystemCoreClockUpdate                    0x08000647   Thumb Code   108  system_stm32f4xx.o(.text)
    TIM2_timer_start                         0x08000765   Thumb Code   126  delay.o(.text)
    micros                                   0x080007e3   Thumb Code    18  delay.o(.text)
    millis                                   0x080007f5   Thumb Code     6  delay.o(.text)
    delay_ms                                 0x080007fb   Thumb Code    26  delay.o(.text)
    delay_us                                 0x08000815   Thumb Code    36  delay.o(.text)
    TIM2_IRQHandler                          0x08000839   Thumb Code    42  delay.o(.text)
    PinPort                                  0x0800086d   Thumb Code    12  gpio.o(.text)
    PinBit                                   0x08000879   Thumb Code    12  gpio.o(.text)
    PinSource                                0x08000885   Thumb Code     6  gpio.o(.text)
    pinMode                                  0x0800088b   Thumb Code    66  gpio.o(.text)
    digitalWrite                             0x080008cd   Thumb Code    46  gpio.o(.text)
    digitalRead                              0x080008fb   Thumb Code    68  gpio.o(.text)
    GPIOMode                                 0x0800093f   Thumb Code   156  gpio.o(.text)
    GPIOWrite                                0x080009db   Thumb Code     4  gpio.o(.text)
    i2c_begin                                0x08000a09   Thumb Code   278  i2c.o(.text)
    i2c_start                                0x08000b1f   Thumb Code   102  i2c.o(.text)
    i2c_transmit                             0x08000b85   Thumb Code   198  i2c.o(.text)
    i2c_receive                              0x08000c4b   Thumb Code   312  i2c.o(.text)
    I2C1_EV_IRQHandler                       0x08000d83   Thumb Code   242  i2c.o(.text)
    Print::printNumber(unsigned long, unsigned char) 0x08000e75   Thumb Code    58  print.o(.text)
    Print::print(char)                       0x08000eaf   Thumb Code     6  print.o(.text)
    Print::print(long, int)                  0x08000eb5   Thumb Code    64  print.o(.text)
    Print::print(int, int)                   0x08000ef5   Thumb Code     2  print.o(.text)
    Print::print(const char*)                0x08000ef7   Thumb Code     4  print.o(.text)
    Print::print(unsigned long, int)         0x08000efb   Thumb Code    14  print.o(.text)
    Print::printFloat(double, unsigned char) 0x08000f09   Thumb Code   286  print.o(.text)
    Print::write(const unsigned char*, unsigned) 0x08001027   Thumb Code    38  print.o(.text)
    Print::print(unsigned char, int)         0x0800104d   Thumb Code     2  print.o(.text)
    Print::print(unsigned, int)              0x0800104f   Thumb Code     2  print.o(.text)
    Print::print(double, int)                0x08001051   Thumb Code    14  print.o(.text)
    Print::println()                         0x0800105f   Thumb Code    24  print.o(.text)
    Print::println(const char*)              0x08001077   Thumb Code    20  print.o(.text)
    Print::println(char)                     0x0800108b   Thumb Code    20  print.o(.text)
    Print::println(unsigned char, int)       0x0800109f   Thumb Code    20  print.o(.text)
    Print::println(int, int)                 0x080010b3   Thumb Code    20  print.o(.text)
    Print::println(unsigned, int)            0x080010c7   Thumb Code    20  print.o(.text)
    Print::println(long, int)                0x080010db   Thumb Code    20  print.o(.text)
    Print::println(unsigned long, int)       0x080010ef   Thumb Code    20  print.o(.text)
    Print::println(double, int)              0x08001103   Thumb Code    26  print.o(.text)
    ST7032i::command(unsigned char)          0x08001145   Thumb Code    32  st7032i.o(.text)
    ST7032i::init(__I2CBus*)                 0x08001165   Thumb Code    28  st7032i.o(.text)
    ST7032i::home()                          0x08001181   Thumb Code    18  st7032i.o(.text)
    ST7032i::clear()                         0x08001193   Thumb Code    18  st7032i.o(.text)
    ST7032i::display()                       0x080011a5   Thumb Code    14  st7032i.o(.text)
    ST7032i::begin()                         0x080011b3   Thumb Code   184  st7032i.o(.text)
    ST7032i::write(unsigned char)            0x0800126b   Thumb Code    34  st7032i.o(.text)
    ST7032i::setCursor(unsigned char, unsigned char) 0x0800128d   Thumb Code    52  st7032i.o(.text)
    ST7032i::noDisplay()                     0x080012c1   Thumb Code    14  st7032i.o(.text)
    ST7032i::setContrast(unsigned char)      0x080012cf   Thumb Code    88  st7032i.o(.text)
    ST7032i::noBlink()                       0x08001327   Thumb Code    14  st7032i.o(.text)
    ST7032i::blink()                         0x08001335   Thumb Code    14  st7032i.o(.text)
    ST7032i::noCursor()                      0x08001343   Thumb Code    14  st7032i.o(.text)
    ST7032i::showCursor()                    0x08001351   Thumb Code    14  st7032i.o(.text)
    ST7032i::scrollDisplayLeft()             0x0800135f   Thumb Code     4  st7032i.o(.text)
    ST7032i::scrollDisplayRight()            0x08001363   Thumb Code     4  st7032i.o(.text)
    ST7032i::leftToRight()                   0x08001367   Thumb Code    14  st7032i.o(.text)
    ST7032i::rightToLeft()                   0x08001375   Thumb Code    14  st7032i.o(.text)
    ST7032i::autoscroll()                    0x08001383   Thumb Code    14  st7032i.o(.text)
    ST7032i::noAutoscroll()                  0x08001391   Thumb Code    14  st7032i.o(.text)
    ST7032i::createChar(unsigned char, unsigned char*) 0x0800139f   Thumb Code    42  st7032i.o(.text)
    SysTick_Handler                          0x080013cd   Thumb Code    10  systick.o(.text)
    SysTick_delay                            0x080013d7   Thumb Code    14  systick.o(.text)
    SysTick_Start                            0x080013e5   Thumb Code    52  systick.o(.text)
    SysTick_count                            0x08001419   Thumb Code     6  systick.o(.text)
    ring_clear                               0x08001429   Thumb Code    14  usart.o(.text)
    ring_count                               0x08001437   Thumb Code     6  usart.o(.text)
    ring_is_full                             0x0800143d   Thumb Code    26  usart.o(.text)
    ring_enque                               0x08001457   Thumb Code    64  usart.o(.text)
    ring_deque                               0x08001497   Thumb Code    54  usart.o(.text)
    ring_peek                                0x080014cd   Thumb Code    22  usart.o(.text)
    usart_begin                              0x080014e3   Thumb Code   384  usart.o(.text)
    usart_polling_write                      0x08001663   Thumb Code    30  usart.o(.text)
    usart_write                              0x08001681   Thumb Code    76  usart.o(.text)
    usart_polling_read                       0x080016cd   Thumb Code     4  usart.o(.text)
    usart_read                               0x080016d1   Thumb Code    20  usart.o(.text)
    usart_flush                              0x080016e5   Thumb Code    40  usart.o(.text)
    usart_peek                               0x0800170d   Thumb Code     4  usart.o(.text)
    usart_available                          0x08001711   Thumb Code     8  usart.o(.text)
    USART1_IRQHandler                        0x08001719   Thumb Code    96  usart.o(.text)
    USART2_IRQHandler                        0x08001779   Thumb Code    96  usart.o(.text)
    USART3_IRQHandler                        0x080017d9   Thumb Code    96  usart.o(.text)
    UART4_IRQHandler                         0x08001839   Thumb Code    98  usart.o(.text)
    USARTSerial::begin(_GPIOPin, _GPIOPin, unsigned) 0x080018d9   Thumb Code     6  usartserial.o(.text)
    USARTSerial::write(unsigned char)        0x080018df   Thumb Code     6  usartserial.o(.text)
    NVIC_PriorityGroupConfig                 0x080018e5   Thumb Code    10  misc.o(.text)
    NVIC_Init                                0x080018ef   Thumb Code    92  misc.o(.text)
    NVIC_SetVectorTable                      0x0800194b   Thumb Code    14  misc.o(.text)
    NVIC_SystemLPConfig                      0x08001959   Thumb Code    20  misc.o(.text)
    SysTick_CLKSourceConfig                  0x0800196d   Thumb Code    24  misc.o(.text)
    GPIO_DeInit                              0x08001995   Thumb Code   192  stm32f4xx_gpio.o(.text)
    GPIO_Init                                0x08001a55   Thumb Code   120  stm32f4xx_gpio.o(.text)
    GPIO_StructInit                          0x08001acd   Thumb Code    18  stm32f4xx_gpio.o(.text)
    GPIO_PinLockConfig                       0x08001adf   Thumb Code    16  stm32f4xx_gpio.o(.text)
    GPIO_ReadInputDataBit                    0x08001aef   Thumb Code    14  stm32f4xx_gpio.o(.text)
    GPIO_ReadInputData                       0x08001afd   Thumb Code     6  stm32f4xx_gpio.o(.text)
    GPIO_ReadOutputDataBit                   0x08001b03   Thumb Code    14  stm32f4xx_gpio.o(.text)
    GPIO_ReadOutputData                      0x08001b11   Thumb Code     6  stm32f4xx_gpio.o(.text)
    GPIO_SetBits                             0x08001b17   Thumb Code     4  stm32f4xx_gpio.o(.text)
    GPIO_ResetBits                           0x08001b1b   Thumb Code     4  stm32f4xx_gpio.o(.text)
    GPIO_WriteBit                            0x08001b1f   Thumb Code    10  stm32f4xx_gpio.o(.text)
    GPIO_Write                               0x08001b29   Thumb Code     4  stm32f4xx_gpio.o(.text)
    GPIO_ToggleBits                          0x08001b2d   Thumb Code     8  stm32f4xx_gpio.o(.text)
    GPIO_PinAFConfig                         0x08001b35   Thumb Code    32  stm32f4xx_gpio.o(.text)
    I2C_DeInit                               0x08001b79   Thumb Code    56  stm32f4xx_i2c.o(.text)
    I2C_Init                                 0x08001bb1   Thumb Code   172  stm32f4xx_i2c.o(.text)
    I2C_StructInit                           0x08001c5d   Thumb Code    28  stm32f4xx_i2c.o(.text)
    I2C_Cmd                                  0x08001c79   Thumb Code    20  stm32f4xx_i2c.o(.text)
    I2C_GenerateSTART                        0x08001c8d   Thumb Code    20  stm32f4xx_i2c.o(.text)
    I2C_GenerateSTOP                         0x08001ca1   Thumb Code    20  stm32f4xx_i2c.o(.text)
    I2C_Send7bitAddress                      0x08001cb5   Thumb Code    16  stm32f4xx_i2c.o(.text)
    I2C_AcknowledgeConfig                    0x08001cc5   Thumb Code    20  stm32f4xx_i2c.o(.text)
    I2C_OwnAddress2Config                    0x08001cd9   Thumb Code    16  stm32f4xx_i2c.o(.text)
    I2C_DualAddressCmd                       0x08001ce9   Thumb Code    20  stm32f4xx_i2c.o(.text)
    I2C_GeneralCallCmd                       0x08001cfd   Thumb Code    20  stm32f4xx_i2c.o(.text)
    I2C_SoftwareResetCmd                     0x08001d11   Thumb Code    20  stm32f4xx_i2c.o(.text)
    I2C_StretchClockCmd                      0x08001d25   Thumb Code    20  stm32f4xx_i2c.o(.text)
    I2C_FastModeDutyCycleConfig              0x08001d39   Thumb Code    22  stm32f4xx_i2c.o(.text)
    I2C_NACKPositionConfig                   0x08001d4f   Thumb Code    22  stm32f4xx_i2c.o(.text)
    I2C_SMBusAlertConfig                     0x08001d65   Thumb Code    22  stm32f4xx_i2c.o(.text)
    I2C_ARPCmd                               0x08001d7b   Thumb Code    20  stm32f4xx_i2c.o(.text)
    I2C_SendData                             0x08001d8f   Thumb Code     4  stm32f4xx_i2c.o(.text)
    I2C_ReceiveData                          0x08001d93   Thumb Code     6  stm32f4xx_i2c.o(.text)
    I2C_TransmitPEC                          0x08001d99   Thumb Code    20  stm32f4xx_i2c.o(.text)
    I2C_PECPositionConfig                    0x08001dad   Thumb Code    22  stm32f4xx_i2c.o(.text)
    I2C_CalculatePEC                         0x08001dc3   Thumb Code    20  stm32f4xx_i2c.o(.text)
    I2C_GetPEC                               0x08001dd7   Thumb Code     6  stm32f4xx_i2c.o(.text)
    I2C_DMACmd                               0x08001ddd   Thumb Code    20  stm32f4xx_i2c.o(.text)
    I2C_DMALastTransferCmd                   0x08001df1   Thumb Code    20  stm32f4xx_i2c.o(.text)
    I2C_ReadRegister                         0x08001e05   Thumb Code     4  stm32f4xx_i2c.o(.text)
    I2C_ITConfig                             0x08001e09   Thumb Code    16  stm32f4xx_i2c.o(.text)
    I2C_CheckEvent                           0x08001e19   Thumb Code    24  stm32f4xx_i2c.o(.text)
    I2C_GetLastEvent                         0x08001e31   Thumb Code    14  stm32f4xx_i2c.o(.text)
    I2C_GetFlagStatus                        0x08001e3f   Thumb Code    30  stm32f4xx_i2c.o(.text)
    I2C_ClearFlag                            0x08001e5d   Thumb Code     6  stm32f4xx_i2c.o(.text)
    I2C_GetITStatus                          0x08001e63   Thumb Code    34  stm32f4xx_i2c.o(.text)
    I2C_ClearITPendingBit                    0x08001e85   Thumb Code     6  stm32f4xx_i2c.o(.text)
    RCC_DeInit                               0x08001ea1   Thumb Code    48  stm32f4xx_rcc.o(.text)
    RCC_HSEConfig                            0x08001ed1   Thumb Code    12  stm32f4xx_rcc.o(.text)
    RCC_GetFlagStatus                        0x08001edd   Thumb Code    46  stm32f4xx_rcc.o(.text)
    RCC_WaitForHSEStartUp                    0x08001f0b   Thumb Code    38  stm32f4xx_rcc.o(.text)
    RCC_AdjustHSICalibrationValue            0x08001f31   Thumb Code    16  stm32f4xx_rcc.o(.text)
    RCC_HSICmd                               0x08001f41   Thumb Code     6  stm32f4xx_rcc.o(.text)
    RCC_LSEConfig                            0x08001f47   Thumb Code    24  stm32f4xx_rcc.o(.text)
    RCC_LSICmd                               0x08001f5f   Thumb Code     6  stm32f4xx_rcc.o(.text)
    RCC_PLLConfig                            0x08001f65   Thumb Code    32  stm32f4xx_rcc.o(.text)
    RCC_PLLCmd                               0x08001f85   Thumb Code     6  stm32f4xx_rcc.o(.text)
    RCC_PLLI2SConfig                         0x08001f8b   Thumb Code    14  stm32f4xx_rcc.o(.text)
    RCC_PLLI2SCmd                            0x08001f99   Thumb Code     6  stm32f4xx_rcc.o(.text)
    RCC_ClockSecuritySystemCmd               0x08001f9f   Thumb Code     6  stm32f4xx_rcc.o(.text)
    RCC_MCO1Config                           0x08001fa5   Thumb Code    18  stm32f4xx_rcc.o(.text)
    RCC_MCO2Config                           0x08001fb7   Thumb Code    18  stm32f4xx_rcc.o(.text)
    RCC_SYSCLKConfig                         0x08001fc9   Thumb Code    16  stm32f4xx_rcc.o(.text)
    RCC_GetSYSCLKSource                      0x08001fd9   Thumb Code    12  stm32f4xx_rcc.o(.text)
    RCC_HCLKConfig                           0x08001fe5   Thumb Code    16  stm32f4xx_rcc.o(.text)
    RCC_PCLK1Config                          0x08001ff5   Thumb Code    16  stm32f4xx_rcc.o(.text)
    RCC_PCLK2Config                          0x08002005   Thumb Code    18  stm32f4xx_rcc.o(.text)
    RCC_GetClocksFreq                        0x08002017   Thumb Code   136  stm32f4xx_rcc.o(.text)
    RCC_RTCCLKConfig                         0x0800209f   Thumb Code    42  stm32f4xx_rcc.o(.text)
    RCC_RTCCLKCmd                            0x080020c9   Thumb Code     8  stm32f4xx_rcc.o(.text)
    RCC_BackupResetCmd                       0x080020d1   Thumb Code     8  stm32f4xx_rcc.o(.text)
    RCC_I2SCLKConfig                         0x080020d9   Thumb Code     6  stm32f4xx_rcc.o(.text)
    RCC_AHB1PeriphClockCmd                   0x080020df   Thumb Code    20  stm32f4xx_rcc.o(.text)
    RCC_AHB2PeriphClockCmd                   0x080020f3   Thumb Code    20  stm32f4xx_rcc.o(.text)
    RCC_AHB3PeriphClockCmd                   0x08002107   Thumb Code    20  stm32f4xx_rcc.o(.text)
    RCC_APB1PeriphClockCmd                   0x0800211b   Thumb Code    20  stm32f4xx_rcc.o(.text)
    RCC_APB2PeriphClockCmd                   0x0800212f   Thumb Code    20  stm32f4xx_rcc.o(.text)
    RCC_AHB1PeriphResetCmd                   0x08002143   Thumb Code    20  stm32f4xx_rcc.o(.text)
    RCC_AHB2PeriphResetCmd                   0x08002157   Thumb Code    20  stm32f4xx_rcc.o(.text)
    RCC_AHB3PeriphResetCmd                   0x0800216b   Thumb Code    20  stm32f4xx_rcc.o(.text)
    RCC_APB1PeriphResetCmd                   0x0800217f   Thumb Code    20  stm32f4xx_rcc.o(.text)
    RCC_APB2PeriphResetCmd                   0x08002193   Thumb Code    20  stm32f4xx_rcc.o(.text)
    RCC_AHB1PeriphClockLPModeCmd             0x080021a7   Thumb Code    20  stm32f4xx_rcc.o(.text)
    RCC_AHB2PeriphClockLPModeCmd             0x080021bb   Thumb Code    20  stm32f4xx_rcc.o(.text)
    RCC_AHB3PeriphClockLPModeCmd             0x080021cf   Thumb Code    20  stm32f4xx_rcc.o(.text)
    RCC_APB1PeriphClockLPModeCmd             0x080021e3   Thumb Code    20  stm32f4xx_rcc.o(.text)
    RCC_APB2PeriphClockLPModeCmd             0x080021f7   Thumb Code    20  stm32f4xx_rcc.o(.text)
    RCC_ITConfig                             0x0800220b   Thumb Code    20  stm32f4xx_rcc.o(.text)
    RCC_ClearFlag                            0x0800221f   Thumb Code    14  stm32f4xx_rcc.o(.text)
    RCC_GetITStatus                          0x0800222d   Thumb Code    18  stm32f4xx_rcc.o(.text)
    RCC_ClearITPendingBit                    0x0800223f   Thumb Code     8  stm32f4xx_rcc.o(.text)
    TIM_DeInit                               0x08002271   Thumb Code   284  stm32f4xx_tim.o(.text)
    TIM_TimeBaseInit                         0x0800238d   Thumb Code    96  stm32f4xx_tim.o(.text)
    TIM_TimeBaseStructInit                   0x080023ed   Thumb Code    18  stm32f4xx_tim.o(.text)
    TIM_PrescalerConfig                      0x080023ff   Thumb Code     6  stm32f4xx_tim.o(.text)
    TIM_CounterModeConfig                    0x08002405   Thumb Code    12  stm32f4xx_tim.o(.text)
    TIM_SetCounter                           0x08002411   Thumb Code     4  stm32f4xx_tim.o(.text)
    TIM_SetAutoreload                        0x08002415   Thumb Code     4  stm32f4xx_tim.o(.text)
    TIM_GetCounter                           0x08002419   Thumb Code     4  stm32f4xx_tim.o(.text)
    TIM_GetPrescaler                         0x0800241d   Thumb Code     4  stm32f4xx_tim.o(.text)
    TIM_UpdateDisableConfig                  0x08002421   Thumb Code    20  stm32f4xx_tim.o(.text)
    TIM_UpdateRequestConfig                  0x08002435   Thumb Code    20  stm32f4xx_tim.o(.text)
    TIM_ARRPreloadConfig                     0x08002449   Thumb Code    20  stm32f4xx_tim.o(.text)
    TIM_SelectOnePulseMode                   0x0800245d   Thumb Code    16  stm32f4xx_tim.o(.text)
    TIM_SetClockDivision                     0x0800246d   Thumb Code    16  stm32f4xx_tim.o(.text)
    TIM_Cmd                                  0x0800247d   Thumb Code    20  stm32f4xx_tim.o(.text)
    TIM_OC1Init                              0x08002491   Thumb Code    88  stm32f4xx_tim.o(.text)
    TIM_OC2Init                              0x080024e9   Thumb Code   120  stm32f4xx_tim.o(.text)
    TIM_OC3Init                              0x08002561   Thumb Code   116  stm32f4xx_tim.o(.text)
    TIM_OC4Init                              0x080025d5   Thumb Code    88  stm32f4xx_tim.o(.text)
    TIM_OCStructInit                         0x0800262d   Thumb Code    20  stm32f4xx_tim.o(.text)
    TIM_SelectOCxM                           0x08002641   Thumb Code   130  stm32f4xx_tim.o(.text)
    TIM_SetCompare1                          0x080026c3   Thumb Code     4  stm32f4xx_tim.o(.text)
    TIM_SetCompare2                          0x080026c7   Thumb Code     4  stm32f4xx_tim.o(.text)
    TIM_SetCompare3                          0x080026cb   Thumb Code     4  stm32f4xx_tim.o(.text)
    TIM_SetCompare4                          0x080026cf   Thumb Code     4  stm32f4xx_tim.o(.text)
    TIM_ForcedOC1Config                      0x080026d3   Thumb Code    12  stm32f4xx_tim.o(.text)
    TIM_ForcedOC2Config                      0x080026df   Thumb Code    20  stm32f4xx_tim.o(.text)
    TIM_ForcedOC3Config                      0x080026f3   Thumb Code    12  stm32f4xx_tim.o(.text)
    TIM_ForcedOC4Config                      0x080026ff   Thumb Code    20  stm32f4xx_tim.o(.text)
    TIM_OC1PreloadConfig                     0x08002713   Thumb Code    12  stm32f4xx_tim.o(.text)
    TIM_OC2PreloadConfig                     0x0800271f   Thumb Code    20  stm32f4xx_tim.o(.text)
    TIM_OC3PreloadConfig                     0x08002733   Thumb Code    12  stm32f4xx_tim.o(.text)
    TIM_OC4PreloadConfig                     0x0800273f   Thumb Code    20  stm32f4xx_tim.o(.text)
    TIM_OC1FastConfig                        0x08002753   Thumb Code    12  stm32f4xx_tim.o(.text)
    TIM_OC2FastConfig                        0x0800275f   Thumb Code    20  stm32f4xx_tim.o(.text)
    TIM_OC3FastConfig                        0x08002773   Thumb Code    12  stm32f4xx_tim.o(.text)
    TIM_OC4FastConfig                        0x0800277f   Thumb Code    20  stm32f4xx_tim.o(.text)
    TIM_ClearOC1Ref                          0x08002793   Thumb Code    12  stm32f4xx_tim.o(.text)
    TIM_ClearOC2Ref                          0x0800279f   Thumb Code    20  stm32f4xx_tim.o(.text)
    TIM_ClearOC3Ref                          0x080027b3   Thumb Code    12  stm32f4xx_tim.o(.text)
    TIM_ClearOC4Ref                          0x080027bf   Thumb Code    20  stm32f4xx_tim.o(.text)
    TIM_OC1PolarityConfig                    0x080027d3   Thumb Code    12  stm32f4xx_tim.o(.text)
    TIM_OC1NPolarityConfig                   0x080027df   Thumb Code    12  stm32f4xx_tim.o(.text)
    TIM_OC2PolarityConfig                    0x080027eb   Thumb Code    20  stm32f4xx_tim.o(.text)
    TIM_OC2NPolarityConfig                   0x080027ff   Thumb Code    20  stm32f4xx_tim.o(.text)
    TIM_OC3PolarityConfig                    0x08002813   Thumb Code    20  stm32f4xx_tim.o(.text)
    TIM_OC3NPolarityConfig                   0x08002827   Thumb Code    20  stm32f4xx_tim.o(.text)
    TIM_OC4PolarityConfig                    0x0800283b   Thumb Code    20  stm32f4xx_tim.o(.text)
    TIM_CCxCmd                               0x0800284f   Thumb Code    22  stm32f4xx_tim.o(.text)
    TIM_CCxNCmd                              0x08002865   Thumb Code    22  stm32f4xx_tim.o(.text)
    TIM_SetIC4Prescaler                      0x0800287b   Thumb Code    24  stm32f4xx_tim.o(.text)
    TIM_SetIC3Prescaler                      0x08002893   Thumb Code    16  stm32f4xx_tim.o(.text)
    TIM_SetIC2Prescaler                      0x080028a3   Thumb Code    24  stm32f4xx_tim.o(.text)
    TIM_SetIC1Prescaler                      0x080028f1   Thumb Code    16  stm32f4xx_tim.o(.text)
    TIM_ICInit                               0x08002901   Thumb Code   164  stm32f4xx_tim.o(.text)
    TIM_ICStructInit                         0x080029a5   Thumb Code    16  stm32f4xx_tim.o(.text)
    TIM_PWMIConfig                           0x080029b5   Thumb Code   104  stm32f4xx_tim.o(.text)
    TIM_GetCapture1                          0x08002a1d   Thumb Code     4  stm32f4xx_tim.o(.text)
    TIM_GetCapture2                          0x08002a21   Thumb Code     4  stm32f4xx_tim.o(.text)
    TIM_GetCapture3                          0x08002a25   Thumb Code     4  stm32f4xx_tim.o(.text)
    TIM_GetCapture4                          0x08002a29   Thumb Code     4  stm32f4xx_tim.o(.text)
    TIM_BDTRConfig                           0x08002a2d   Thumb Code    34  stm32f4xx_tim.o(.text)
    TIM_BDTRStructInit                       0x08002a4f   Thumb Code    18  stm32f4xx_tim.o(.text)
    TIM_CtrlPWMOutputs                       0x08002a61   Thumb Code    22  stm32f4xx_tim.o(.text)
    TIM_SelectCOM                            0x08002a77   Thumb Code    20  stm32f4xx_tim.o(.text)
    TIM_CCPreloadControl                     0x08002a8b   Thumb Code    20  stm32f4xx_tim.o(.text)
    TIM_ITConfig                             0x08002a9f   Thumb Code    16  stm32f4xx_tim.o(.text)
    TIM_GenerateEvent                        0x08002aaf   Thumb Code     4  stm32f4xx_tim.o(.text)
    TIM_GetFlagStatus                        0x08002ab3   Thumb Code    14  stm32f4xx_tim.o(.text)
    TIM_ClearFlag                            0x08002ac1   Thumb Code     6  stm32f4xx_tim.o(.text)
    TIM_GetITStatus                          0x08002ac7   Thumb Code    24  stm32f4xx_tim.o(.text)
    TIM_ClearITPendingBit                    0x08002adf   Thumb Code     6  stm32f4xx_tim.o(.text)
    TIM_DMAConfig                            0x08002ae5   Thumb Code     8  stm32f4xx_tim.o(.text)
    TIM_DMACmd                               0x08002aed   Thumb Code    16  stm32f4xx_tim.o(.text)
    TIM_SelectCCDMA                          0x08002afd   Thumb Code    20  stm32f4xx_tim.o(.text)
    TIM_InternalClockConfig                  0x08002b11   Thumb Code    10  stm32f4xx_tim.o(.text)
    TIM_SelectInputTrigger                   0x08002b1b   Thumb Code    12  stm32f4xx_tim.o(.text)
    TIM_ITRxExternalClockConfig              0x08002b27   Thumb Code    18  stm32f4xx_tim.o(.text)
    TIM_TIxExternalClockConfig               0x08002b39   Thumb Code    44  stm32f4xx_tim.o(.text)
    TIM_ETRConfig                            0x08002b65   Thumb Code    24  stm32f4xx_tim.o(.text)
    TIM_ETRClockMode1Config                  0x08002b7d   Thumb Code    18  stm32f4xx_tim.o(.text)
    TIM_ETRClockMode2Config                  0x08002b8f   Thumb Code    18  stm32f4xx_tim.o(.text)
    TIM_SelectOutputTrigger                  0x08002ba1   Thumb Code    16  stm32f4xx_tim.o(.text)
    TIM_SelectSlaveMode                      0x08002bb1   Thumb Code    16  stm32f4xx_tim.o(.text)
    TIM_SelectMasterSlaveMode                0x08002bc1   Thumb Code    16  stm32f4xx_tim.o(.text)
    TIM_EncoderInterfaceConfig               0x08002bd1   Thumb Code    50  stm32f4xx_tim.o(.text)
    TIM_SelectHallSensor                     0x08002c03   Thumb Code    20  stm32f4xx_tim.o(.text)
    TIM_RemapConfig                          0x08002c17   Thumb Code     6  stm32f4xx_tim.o(.text)
    USART_DeInit                             0x08002c4d   Thumb Code   114  stm32f4xx_usart.o(.text)
    USART_Init                               0x08002cbf   Thumb Code   174  stm32f4xx_usart.o(.text)
    USART_StructInit                         0x08002d6d   Thumb Code    22  stm32f4xx_usart.o(.text)
    USART_ClockInit                          0x08002d83   Thumb Code    28  stm32f4xx_usart.o(.text)
    USART_ClockStructInit                    0x08002d9f   Thumb Code    12  stm32f4xx_usart.o(.text)
    USART_Cmd                                0x08002dab   Thumb Code    20  stm32f4xx_usart.o(.text)
    USART_SetPrescaler                       0x08002dbf   Thumb Code    16  stm32f4xx_usart.o(.text)
    USART_OverSampling8Cmd                   0x08002dcf   Thumb Code    20  stm32f4xx_usart.o(.text)
    USART_OneBitMethodCmd                    0x08002de3   Thumb Code    20  stm32f4xx_usart.o(.text)
    USART_SendData                           0x08002df7   Thumb Code     8  stm32f4xx_usart.o(.text)
    USART_ReceiveData                        0x08002dff   Thumb Code     8  stm32f4xx_usart.o(.text)
    USART_SetAddress                         0x08002e07   Thumb Code    16  stm32f4xx_usart.o(.text)
    USART_ReceiverWakeUpCmd                  0x08002e17   Thumb Code    20  stm32f4xx_usart.o(.text)
    USART_WakeUpConfig                       0x08002e2b   Thumb Code    16  stm32f4xx_usart.o(.text)
    USART_LINBreakDetectLengthConfig         0x08002e3b   Thumb Code    16  stm32f4xx_usart.o(.text)
    USART_LINCmd                             0x08002e4b   Thumb Code    20  stm32f4xx_usart.o(.text)
    USART_SendBreak                          0x08002e5f   Thumb Code    10  stm32f4xx_usart.o(.text)
    USART_HalfDuplexCmd                      0x08002e69   Thumb Code    20  stm32f4xx_usart.o(.text)
    USART_SetGuardTime                       0x08002e7d   Thumb Code    16  stm32f4xx_usart.o(.text)
    USART_SmartCardCmd                       0x08002e8d   Thumb Code    20  stm32f4xx_usart.o(.text)
    USART_SmartCardNACKCmd                   0x08002ea1   Thumb Code    20  stm32f4xx_usart.o(.text)
    USART_IrDAConfig                         0x08002eb5   Thumb Code    16  stm32f4xx_usart.o(.text)
    USART_IrDACmd                            0x08002ec5   Thumb Code    20  stm32f4xx_usart.o(.text)
    USART_DMACmd                             0x08002ed9   Thumb Code    16  stm32f4xx_usart.o(.text)
    USART_ITConfig                           0x08002ee9   Thumb Code    48  stm32f4xx_usart.o(.text)
    USART_GetFlagStatus                      0x08002f19   Thumb Code    14  stm32f4xx_usart.o(.text)
    USART_ClearFlag                          0x08002f27   Thumb Code     6  stm32f4xx_usart.o(.text)
    USART_GetITStatus                        0x08002f2d   Thumb Code    62  stm32f4xx_usart.o(.text)
    USART_ClearITPendingBit                  0x08002f6b   Thumb Code    12  stm32f4xx_usart.o(.text)
    strlen                                   0x08002f91   Thumb Code    62  strlen.o(.text)
    __aeabi_memcpy                           0x08002fcf   Thumb Code     0  rt_memcpy_v6.o(.text)
    __rt_memcpy                              0x08002fcf   Thumb Code   138  rt_memcpy_v6.o(.text)
    _memcpy_lastbytes                        0x08003035   Thumb Code     0  rt_memcpy_v6.o(.text)
    __use_two_region_memory                  0x08003059   Thumb Code     2  heapauxi.o(.text)
    __rt_heap_escrow$2region                 0x0800305b   Thumb Code     2  heapauxi.o(.text)
    __rt_heap_expand$2region                 0x0800305d   Thumb Code     2  heapauxi.o(.text)
    __cpp_initialize__aeabi_                 0x08003061   Thumb Code    26  init_aeabi.o(.text)
    __rt_SIGPVFN                             0x08003085   Thumb Code    14  defsig_pvfn_outer.o(.text)
    __aeabi_memcpy4                          0x08003093   Thumb Code     0  rt_memcpy_w.o(.text)
    __aeabi_memcpy8                          0x08003093   Thumb Code     0  rt_memcpy_w.o(.text)
    __rt_memcpy_w                            0x08003093   Thumb Code   100  rt_memcpy_w.o(.text)
    _memcpy_lastbytes_aligned                0x080030db   Thumb Code     0  rt_memcpy_w.o(.text)
    __sig_exit                               0x080030f7   Thumb Code    10  defsig_exit.o(.text)
    __rt_SIGPVFN_inner                       0x08003101   Thumb Code    14  defsig_pvfn_inner.o(.text)
    _sys_exit                                0x08003131   Thumb Code     8  sys_exit.o(.text)
    __user_setup_stackheap                   0x0800313d   Thumb Code    74  sys_stackheap_outer.o(.text)
    exit                                     0x08003187   Thumb Code    12  exit.o(.text)
    __default_signal_display                 0x08003193   Thumb Code    50  defsig_general.o(.text)
    _ttywrch                                 0x080031c5   Thumb Code    14  sys_wrch.o(.text)
    __user_libspace                          0x080031d5   Thumb Code     8  libspace.o(.text)
    __user_perproc_libspace                  0x080031d5   Thumb Code     0  libspace.o(.text)
    __user_perthread_libspace                0x080031d5   Thumb Code     0  libspace.o(.text)
    __I$use$semihosting                      0x080031dd   Thumb Code     0  use_no_semi.o(.text)
    __use_no_semihosting_swi                 0x080031dd   Thumb Code     2  use_no_semi.o(.text)
    Print::write(const char*)                0x080031df   Thumb Code    34  print.o(i._ZN5Print5writeEPKc)
    __semihosting_library_function           0x080031df   Thumb Code     0  indicate_semi.o(.text)
    Print::Print__sub_object()               0x08003201   Thumb Code    10  main.o(i._ZN5PrintC2Ev)
    __cxa_pure_virtual                       0x08003211   Thumb Code     6  pure_virt.o(i.__cxa_pure_virtual)
    __aeabi_dadd                             0x08003219   Thumb Code     0  daddsub_clz.o(x$fpl$dadd)
    _dadd                                    0x08003219   Thumb Code   332  daddsub_clz.o(x$fpl$dadd)
    __fpl_dcmp_Inf                           0x08003369   Thumb Code    24  dcmpi.o(x$fpl$dcmpinf)
    __aeabi_ddiv                             0x08003381   Thumb Code     0  ddiv.o(x$fpl$ddiv)
    _ddiv                                    0x08003381   Thumb Code   552  ddiv.o(x$fpl$ddiv)
    __aeabi_d2iz                             0x08003631   Thumb Code     0  dfix.o(x$fpl$dfix)
    _dfix                                    0x08003631   Thumb Code    94  dfix.o(x$fpl$dfix)
    __aeabi_d2uiz                            0x08003691   Thumb Code     0  dfixu.o(x$fpl$dfixu)
    _dfixu                                   0x08003691   Thumb Code    90  dfixu.o(x$fpl$dfixu)
    __aeabi_i2d                              0x080036eb   Thumb Code     0  dflt_clz.o(x$fpl$dflt)
    _dflt                                    0x080036eb   Thumb Code    46  dflt_clz.o(x$fpl$dflt)
    __aeabi_ui2d                             0x08003719   Thumb Code     0  dflt_clz.o(x$fpl$dfltu)
    _dfltu                                   0x08003719   Thumb Code    38  dflt_clz.o(x$fpl$dfltu)
    __aeabi_cdcmple                          0x08003741   Thumb Code     0  dleqf.o(x$fpl$dleqf)
    _dcmple                                  0x08003741   Thumb Code   120  dleqf.o(x$fpl$dleqf)
    __fpl_dcmple_InfNaN                      0x080037a3   Thumb Code     0  dleqf.o(x$fpl$dleqf)
    __aeabi_dmul                             0x080037b9   Thumb Code     0  dmul.o(x$fpl$dmul)
    _dmul                                    0x080037b9   Thumb Code   332  dmul.o(x$fpl$dmul)
    __fpl_dnaninf                            0x0800390d   Thumb Code   156  dnaninf.o(x$fpl$dnaninf)
    __fpl_dretinf                            0x080039a9   Thumb Code    12  dretinf.o(x$fpl$dretinf)
    __aeabi_cdrcmple                         0x080039b5   Thumb Code     0  drleqf.o(x$fpl$drleqf)
    _drcmple                                 0x080039b5   Thumb Code   108  drleqf.o(x$fpl$drleqf)
    __aeabi_drsub                            0x08003a21   Thumb Code     0  daddsub_clz.o(x$fpl$drsb)
    _drsb                                    0x08003a21   Thumb Code    22  daddsub_clz.o(x$fpl$drsb)
    __aeabi_dsub                             0x08003a39   Thumb Code     0  daddsub_clz.o(x$fpl$dsub)
    _dsub                                    0x08003a39   Thumb Code   464  daddsub_clz.o(x$fpl$dsub)
    __aeabi_f2d                              0x08003c0d   Thumb Code     0  f2d.o(x$fpl$f2d)
    _f2d                                     0x08003c0d   Thumb Code    86  f2d.o(x$fpl$f2d)
    __aeabi_fdiv                             0x08003c65   Thumb Code     0  fdiv.o(x$fpl$fdiv)
    _fdiv                                    0x08003c65   Thumb Code   384  fdiv.o(x$fpl$fdiv)
    __aeabi_ui2f                             0x08003de9   Thumb Code     0  fflt_clz.o(x$fpl$ffltu)
    _ffltu                                   0x08003de9   Thumb Code    38  fflt_clz.o(x$fpl$ffltu)
    __fpl_fnaninf                            0x08003e0f   Thumb Code   140  fnaninf.o(x$fpl$fnaninf)
    __fpl_fretinf                            0x08003e9b   Thumb Code    10  fretinf.o(x$fpl$fretinf)
    __I$use$fp                               0x08003ea4   Number         0  usenofp.o(x$fpl$usenofp)
    vtable for USARTSerial                   0x0800408c   Data          32  usartserial.o(.constdata__ZTV11USARTSerial)
    vtable for Print                         0x080040ac   Data          16  print.o(.constdata__ZTV5Print)
    vtable for ST7032i                       0x080040bc   Data          16  st7032i.o(.constdata__ZTV7ST7032i)
    Region$$Table$$Base                      0x080040cc   Number         0  anon$$obj.o(Region$$Table)
    Region$$Table$$Limit                     0x080040ec   Number         0  anon$$obj.o(Region$$Table)
    SHT$$INIT_ARRAY$$Base                    0x080040ec   Number         0  main.o(.init_array)
    SHT$$INIT_ARRAY$$Limit                   0x080040f0   Number         0  main.o(.init_array)
    SystemCoreClock                          0x20000000   Data           4  system_stm32f4xx.o(.data)
    AHBPrescTable                            0x20000004   Data          16  system_stm32f4xx.o(.data)
    __counter_micros                         0x20000014   Data           4  delay.o(.data)
    __counter_millis                         0x20000018   Data           4  delay.o(.data)
    PortPeriph                               0x2000001c   Data          40  gpio.o(.data)
    Port                                     0x20000044   Data          40  gpio.o(.data)
    _systick_counter                         0x2000006c   Data           4  systick.o(.data)
    lcd                                      0x20000080   Data          24  main.o(.bss)
    Serial3                                  0x20000098   Data          28  main.o(.bss)
    Wire1                                    0x200000b4   Data         272  i2c.o(.bss)
    Wire2                                    0x200001c4   Data         272  i2c.o(.bss)
    Wire3                                    0x200002d4   Data         272  i2c.o(.bss)
    rxring                                   0x200003e4   Data        1572  usart.o(.bss)
    txring                                   0x20000a08   Data        1572  usart.o(.bss)
    __libspace_start                         0x2000102c   Data          96  libspace.o(.bss)
    __temporary_stack_top$libspace           0x2000108c   Data           0  libspace.o(.bss)



==============================================================================

Memory Map of the image

  Image Entry point : 0x08000189

  Load Region LR_IROM1 (Base: 0x08000000, Size: 0x00004170, Max: 0x00100000, ABSOLUTE)

    Execution Region ER_IROM1 (Base: 0x08000000, Size: 0x000040f0, Max: 0x00100000, ABSOLUTE)

    Base Addr    Size         Type   Attr      Idx    E Section Name        Object

    0x08000000   0x00000188   Data   RO            3    RESET               startup_stm32f4xx.o
    0x08000188   0x00000008   Code   RO          886  * !!!main             c_w.l(__main.o)
    0x08000190   0x00000034   Code   RO         1220    !!!scatter          c_w.l(__scatter.o)
    0x080001c4   0x0000001a   Code   RO         1222    !!handler_copy      c_w.l(__scatter_copy.o)
    0x080001de   0x00000002   PAD
    0x080001e0   0x0000001c   Code   RO         1224    !!handler_zi        c_w.l(__scatter_zi.o)
    0x080001fc   0x00000002   Code   RO         1156    .ARM.Collect$$libinit$$00000000  c_w.l(libinit.o)
    0x080001fe   0x00000000   Code   RO         1049    .ARM.Collect$$libinit$$00000002  c_w.l(libinit2.o)
    0x080001fe   0x00000000   Code   RO         1052    .ARM.Collect$$libinit$$00000008  c_w.l(libinit2.o)
    0x080001fe   0x00000000   Code   RO         1054    .ARM.Collect$$libinit$$0000000A  c_w.l(libinit2.o)
    0x080001fe   0x00000000   Code   RO         1056    .ARM.Collect$$libinit$$0000000C  c_w.l(libinit2.o)
    0x080001fe   0x00000000   Code   RO         1059    .ARM.Collect$$libinit$$0000000F  c_w.l(libinit2.o)
    0x080001fe   0x00000000   Code   RO         1061    .ARM.Collect$$libinit$$00000011  c_w.l(libinit2.o)
    0x080001fe   0x00000000   Code   RO         1063    .ARM.Collect$$libinit$$00000013  c_w.l(libinit2.o)
    0x080001fe   0x00000000   Code   RO         1065    .ARM.Collect$$libinit$$00000015  c_w.l(libinit2.o)
    0x080001fe   0x00000000   Code   RO         1067    .ARM.Collect$$libinit$$00000017  c_w.l(libinit2.o)
    0x080001fe   0x00000000   Code   RO         1069    .ARM.Collect$$libinit$$00000019  c_w.l(libinit2.o)
    0x080001fe   0x00000000   Code   RO         1071    .ARM.Collect$$libinit$$0000001B  c_w.l(libinit2.o)
    0x080001fe   0x00000000   Code   RO         1073    .ARM.Collect$$libinit$$0000001D  c_w.l(libinit2.o)
    0x080001fe   0x00000000   Code   RO         1075    .ARM.Collect$$libinit$$0000001F  c_w.l(libinit2.o)
    0x080001fe   0x00000000   Code   RO         1077    .ARM.Collect$$libinit$$00000021  c_w.l(libinit2.o)
    0x080001fe   0x00000000   Code   RO         1079    .ARM.Collect$$libinit$$00000023  c_w.l(libinit2.o)
    0x080001fe   0x00000000   Code   RO         1083    .ARM.Collect$$libinit$$0000002A  c_w.l(libinit2.o)
    0x080001fe   0x00000000   Code   RO         1085    .ARM.Collect$$libinit$$0000002C  c_w.l(libinit2.o)
    0x080001fe   0x00000000   Code   RO         1087    .ARM.Collect$$libinit$$0000002E  c_w.l(libinit2.o)
    0x080001fe   0x00000004   Code   RO         1088    .ARM.Collect$$libinit$$0000002F  c_w.l(libinit2.o)
    0x08000202   0x00000000   Code   RO         1089    .ARM.Collect$$libinit$$00000030  c_w.l(libinit2.o)
    0x08000202   0x00000002   Code   RO         1090    .ARM.Collect$$libinit$$00000031  c_w.l(libinit2.o)
    0x08000204   0x00000002   Code   RO         1202    .ARM.Collect$$libshutdown$$00000000  c_w.l(libshutdown.o)
    0x08000206   0x00000000   Code   RO         1205    .ARM.Collect$$libshutdown$$00000003  c_w.l(libshutdown2.o)
    0x08000206   0x00000000   Code   RO         1208    .ARM.Collect$$libshutdown$$00000006  c_w.l(libshutdown2.o)
    0x08000206   0x00000000   Code   RO         1211    .ARM.Collect$$libshutdown$$00000009  c_w.l(libshutdown2.o)
    0x08000206   0x00000000   Code   RO         1213    .ARM.Collect$$libshutdown$$0000000B  c_w.l(libshutdown2.o)
    0x08000206   0x00000000   Code   RO         1216    .ARM.Collect$$libshutdown$$0000000E  c_w.l(libshutdown2.o)
    0x08000206   0x00000002   Code   RO         1217    .ARM.Collect$$libshutdown$$0000000F  c_w.l(libshutdown2.o)
    0x08000208   0x00000000   Code   RO         1041    .ARM.Collect$$rtentry$$00000000  c_w.l(rtentry.o)
    0x08000208   0x00000000   Code   RO         1113    .ARM.Collect$$rtentry$$00000002  c_w.l(rtentry2.o)
    0x08000208   0x00000006   Code   RO         1125    .ARM.Collect$$rtentry$$00000004  c_w.l(rtentry4.o)
    0x0800020e   0x00000000   Code   RO         1115    .ARM.Collect$$rtentry$$00000009  c_w.l(rtentry2.o)
    0x0800020e   0x00000004   Code   RO         1116    .ARM.Collect$$rtentry$$0000000A  c_w.l(rtentry2.o)
    0x08000212   0x00000000   Code   RO         1118    .ARM.Collect$$rtentry$$0000000C  c_w.l(rtentry2.o)
    0x08000212   0x00000008   Code   RO         1119    .ARM.Collect$$rtentry$$0000000D  c_w.l(rtentry2.o)
    0x0800021a   0x00000002   Code   RO         1167    .ARM.Collect$$rtexit$$00000000  c_w.l(rtexit.o)
    0x0800021c   0x00000000   Code   RO         1178    .ARM.Collect$$rtexit$$00000002  c_w.l(rtexit2.o)
    0x0800021c   0x00000004   Code   RO         1179    .ARM.Collect$$rtexit$$00000003  c_w.l(rtexit2.o)
    0x08000220   0x00000006   Code   RO         1180    .ARM.Collect$$rtexit$$00000004  c_w.l(rtexit2.o)
    0x08000226   0x00000002   PAD
    0x08000228   0x00000040   Code   RO            4    .text               startup_stm32f4xx.o
    0x08000268   0x00000390   Code   RO           11    .text               main.o
    0x080005f8   0x00000010   Code   RO          206    .text               stm32f4xx_it.o
    0x08000608   0x0000015c   Code   RO          330    .text               system_stm32f4xx.o
    0x08000764   0x00000108   Code   RO          378    .text               delay.o
    0x0800086c   0x0000019c   Code   RO          401    .text               gpio.o
    0x08000a08   0x0000046c   Code   RO          425    .text               i2c.o
    0x08000e74   0x000002d0   Code   RO          459    .text               print.o
    0x08001144   0x00000288   Code   RO          508    .text               st7032i.o
    0x080013cc   0x0000005c   Code   RO          637    .text               systick.o
    0x08001428   0x000004b0   Code   RO          663    .text               usart.o
    0x080018d8   0x0000000c   Code   RO          689    .text               usartserial.o
    0x080018e4   0x000000b0   Code   RO          748    .text               misc.o
    0x08001994   0x000001e4   Code   RO          780    .text               stm32f4xx_gpio.o
    0x08001b78   0x00000328   Code   RO          796    .text               stm32f4xx_i2c.o
    0x08001ea0   0x000003d0   Code   RO          812    .text               stm32f4xx_rcc.o
    0x08002270   0x000009da   Code   RO          830    .text               stm32f4xx_tim.o
    0x08002c4a   0x00000002   PAD
    0x08002c4c   0x00000344   Code   RO          847    .text               stm32f4xx_usart.o
    0x08002f90   0x0000003e   Code   RO          880    .text               c_w.l(strlen.o)
    0x08002fce   0x0000008a   Code   RO          882    .text               c_w.l(rt_memcpy_v6.o)
    0x08003058   0x00000006   Code   RO          884    .text               c_w.l(heapauxi.o)
    0x0800305e   0x00000002   PAD
    0x08003060   0x00000024   Code   RO          891    .text               c_w.l(init_aeabi.o)
    0x08003084   0x0000000e   Code   RO         1042    .text               c_w.l(defsig_pvfn_outer.o)
    0x08003092   0x00000064   Code   RO         1046    .text               c_w.l(rt_memcpy_w.o)
    0x080030f6   0x0000000a   Code   RO         1129    .text               c_w.l(defsig_exit.o)
    0x08003100   0x00000030   Code   RO         1131    .text               c_w.l(defsig_pvfn_inner.o)
    0x08003130   0x0000000c   Code   RO         1137    .text               c_w.l(sys_exit.o)
    0x0800313c   0x0000004a   Code   RO         1139    .text               c_w.l(sys_stackheap_outer.o)
    0x08003186   0x0000000c   Code   RO         1141    .text               c_w.l(exit.o)
    0x08003192   0x00000032   Code   RO         1145    .text               c_w.l(defsig_general.o)
    0x080031c4   0x0000000e   Code   RO         1157    .text               c_w.l(sys_wrch.o)
    0x080031d2   0x00000002   PAD
    0x080031d4   0x00000008   Code   RO         1161    .text               c_w.l(libspace.o)
    0x080031dc   0x00000002   Code   RO         1164    .text               c_w.l(use_no_semi.o)
    0x080031de   0x00000000   Code   RO         1166    .text               c_w.l(indicate_semi.o)
    0x080031de   0x00000022   Code   RO          471    i._ZN5Print5writeEPKc  print.o
    0x08003200   0x00000010   Code   RO           29    i._ZN5PrintC2Ev     main.o
    0x08003210   0x00000006   Code   RO          894    i.__cxa_pure_virtual  cpprt_w.l(pure_virt.o)
    0x08003216   0x00000002   PAD
    0x08003218   0x00000150   Code   RO          997    x$fpl$dadd          fz_ws.l(daddsub_clz.o)
    0x08003368   0x00000018   Code   RO         1101    x$fpl$dcmpinf       fz_ws.l(dcmpi.o)
    0x08003380   0x000002b0   Code   RO         1004    x$fpl$ddiv          fz_ws.l(ddiv.o)
    0x08003630   0x0000005e   Code   RO         1007    x$fpl$dfix          fz_ws.l(dfix.o)
    0x0800368e   0x00000002   PAD
    0x08003690   0x0000005a   Code   RO         1011    x$fpl$dfixu         fz_ws.l(dfixu.o)
    0x080036ea   0x0000002e   Code   RO         1016    x$fpl$dflt          fz_ws.l(dflt_clz.o)
    0x08003718   0x00000026   Code   RO         1015    x$fpl$dfltu         fz_ws.l(dflt_clz.o)
    0x0800373e   0x00000002   PAD
    0x08003740   0x00000078   Code   RO         1021    x$fpl$dleqf         fz_ws.l(dleqf.o)
    0x080037b8   0x00000154   Code   RO         1023    x$fpl$dmul          fz_ws.l(dmul.o)
    0x0800390c   0x0000009c   Code   RO         1103    x$fpl$dnaninf       fz_ws.l(dnaninf.o)
    0x080039a8   0x0000000c   Code   RO         1105    x$fpl$dretinf       fz_ws.l(dretinf.o)
    0x080039b4   0x0000006c   Code   RO         1025    x$fpl$drleqf        fz_ws.l(drleqf.o)
    0x08003a20   0x00000016   Code   RO          998    x$fpl$drsb          fz_ws.l(daddsub_clz.o)
    0x08003a36   0x00000002   PAD
    0x08003a38   0x000001d4   Code   RO          999    x$fpl$dsub          fz_ws.l(daddsub_clz.o)
    0x08003c0c   0x00000056   Code   RO         1027    x$fpl$f2d           fz_ws.l(f2d.o)
    0x08003c62   0x00000002   PAD
    0x08003c64   0x00000184   Code   RO         1030    x$fpl$fdiv          fz_ws.l(fdiv.o)
    0x08003de8   0x00000026   Code   RO         1033    x$fpl$ffltu         fz_ws.l(fflt_clz.o)
    0x08003e0e   0x0000008c   Code   RO         1107    x$fpl$fnaninf       fz_ws.l(fnaninf.o)
    0x08003e9a   0x0000000a   Code   RO         1109    x$fpl$fretinf       fz_ws.l(fretinf.o)
    0x08003ea4   0x00000000   Code   RO         1111    x$fpl$usenofp       fz_ws.l(usenofp.o)
    0x08003ea4   0x000001d8   Data   RO           14    .constdata          main.o
    0x0800407c   0x00000010   Data   RO          510    .constdata          st7032i.o
    0x0800408c   0x00000020   Data   RO          702    .constdata__ZTV11USARTSerial  usartserial.o
    0x080040ac   0x00000010   Data   RO          470    .constdata__ZTV5Print  print.o
    0x080040bc   0x00000010   Data   RO          523    .constdata__ZTV7ST7032i  st7032i.o
    0x080040cc   0x00000020   Data   RO         1218    Region$$Table       anon$$obj.o
    0x080040ec   0x00000004   Data   RO           15    .init_array         main.o


    Execution Region RW_IRAM1 (Base: 0x20000000, Size: 0x00001690, Max: 0x00020000, ABSOLUTE)

    Base Addr    Size         Type   Attr      Idx    E Section Name        Object

    0x20000000   0x00000014   Data   RW          331    .data               system_stm32f4xx.o
    0x20000014   0x00000008   Data   RW          379    .data               delay.o
    0x2000001c   0x00000050   Data   RW          402    .data               gpio.o
    0x2000006c   0x00000004   Data   RW          638    .data               systick.o
    0x20000070   0x00000010   Data   RW          813    .data               stm32f4xx_rcc.o
    0x20000080   0x00000034   Zero   RW           13    .bss                main.o
    0x200000b4   0x00000330   Zero   RW          426    .bss                i2c.o
    0x200003e4   0x00000c48   Zero   RW          664    .bss                usart.o
    0x2000102c   0x00000060   Zero   RW         1162    .bss                c_w.l(libspace.o)
    0x2000108c   0x00000004   PAD
    0x20001090   0x00000200   Zero   RW            2    HEAP                startup_stm32f4xx.o
    0x20001290   0x00000400   Zero   RW            1    STACK               startup_stm32f4xx.o


==============================================================================

Image component sizes


      Code (inc. data)   RO Data    RW Data    ZI Data      Debug   Object Name

         0          0          0          0          0       1188   adc3dma.o
       264         10          0          8          0       2209   delay.o
       412         42          0         80          0       4007   gpio.o
      1132         40          0          0        816       4966   i2c.o
       928        138        476          0         52     236661   main.o
       176         16          0          0          0       1853   misc.o
       754         40         16          0          0      10292   print.o
       648          4         32          0          0     216544   st7032i.o
        64         26        392          0       1536        768   startup_stm32f4xx.o
       484         36          0          0          0       3589   stm32f4xx_gpio.o
       808         22          0          0          0       7067   stm32f4xx_i2c.o
        16          0          0          0          0     267510   stm32f4xx_it.o
       976         42          0         16          0       9899   stm32f4xx_rcc.o
      2522         52          0          0          0      19682   stm32f4xx_tim.o
       836         26          0          0          0       6720   stm32f4xx_usart.o
       348         38          0         20          0       1695   system_stm32f4xx.o
        92         10          0          4          0      19930   systick.o
      1200         62          0          0       3144       6079   usart.o
        12          0         32          0          0       1912   usartserial.o

    ----------------------------------------------------------------------
     11674        604        980        128       5548     822571   Object Totals
         0          0         32          0          0          0   (incl. Generated)
         2          0          0          0          0          0   (incl. Padding)

    ----------------------------------------------------------------------

      Code (inc. data)   RO Data    RW Data    ZI Data      Debug   Library Member Name

         8          0          0          0          0         68   __main.o
        52          8          0          0          0          0   __scatter.o
        26          0          0          0          0          0   __scatter_copy.o
        28          0          0          0          0          0   __scatter_zi.o
        10          0          0          0          0         68   defsig_exit.o
        50          0          0          0          0         88   defsig_general.o
        48         34          0          0          0         76   defsig_pvfn_inner.o
        14          0          0          0          0         80   defsig_pvfn_outer.o
        12          0          0          0          0         72   exit.o
         6          0          0          0          0        152   heapauxi.o
         0          0          0          0          0          0   indicate_semi.o
        36         10          0          0          0         80   init_aeabi.o
         2          0          0          0          0          0   libinit.o
         6          0          0          0          0          0   libinit2.o
         2          0          0          0          0          0   libshutdown.o
         2          0          0          0          0          0   libshutdown2.o
         8          4          0          0         96         68   libspace.o
       138          0          0          0          0         68   rt_memcpy_v6.o
       100          0          0          0          0         80   rt_memcpy_w.o
         0          0          0          0          0          0   rtentry.o
        12          0          0          0          0          0   rtentry2.o
         6          0          0          0          0          0   rtentry4.o
         2          0          0          0          0          0   rtexit.o
        10          0          0          0          0          0   rtexit2.o
        62          0          0          0          0         76   strlen.o
        12          4          0          0          0         68   sys_exit.o
        74          0          0          0          0         80   sys_stackheap_outer.o
        14          0          0          0          0         76   sys_wrch.o
         2          0          0          0          0         68   use_no_semi.o
         6          0          0          0          0         68   pure_virt.o
       826         16          0          0          0        356   daddsub_clz.o
        24          0          0          0          0         68   dcmpi.o
       688        140          0          0          0        212   ddiv.o
        94          4          0          0          0         92   dfix.o
        90          4          0          0          0         92   dfixu.o
        84          0          0          0          0        136   dflt_clz.o
       120          4          0          0          0         92   dleqf.o
       340         12          0          0          0        104   dmul.o
       156          4          0          0          0         92   dnaninf.o
        12          0          0          0          0         68   dretinf.o
       108          0          0          0          0         80   drleqf.o
        86          4          0          0          0         84   f2d.o
       388         76          0          0          0         96   fdiv.o
        38          0          0          0          0         68   fflt_clz.o
       140          4          0          0          0         84   fnaninf.o
        10          0          0          0          0         68   fretinf.o
         0          0          0          0          0          0   usenofp.o

    ----------------------------------------------------------------------
      3970        328          0          0        100       3128   Library Totals
        18          0          0          0          4          0   (incl. Padding)

    ----------------------------------------------------------------------

      Code (inc. data)   RO Data    RW Data    ZI Data      Debug   Library Name

       742         60          0          0         96       1268   c_w.l
         6          0          0          0          0         68   cpprt_w.l
      3204        268          0          0          0       1792   fz_ws.l

    ----------------------------------------------------------------------
      3970        328          0          0        100       3128   Library Totals

    ----------------------------------------------------------------------

==============================================================================


      Code (inc. data)   RO Data    RW Data    ZI Data      Debug   

     15644        932        980        128       5648     821331   Grand Totals
     15644        932        980        128       5648     821331   ELF Image Totals
     15644        932        980        128          0          0   ROM Totals

==============================================================================

    Total RO  Size (Code + RO Data)                16624 (  16.23kB)
    Total RW  Size (RW Data + ZI Data)              5776 (   5.64kB)
    Total ROM Size (Code + RO Data + RW Data)      16752 (  16.36kB)

==============================================================================

