ARM Linker, 5.02 [Build 28] [MDK-ARM Lite]

==============================================================================

Section Cross References

    startup_stm32f4xx.o(STACK) refers (Special) to heapauxi.o(.text) for __use_two_region_memory
    startup_stm32f4xx.o(HEAP) refers (Special) to heapauxi.o(.text) for __use_two_region_memory
    startup_stm32f4xx.o(RESET) refers (Special) to heapauxi.o(.text) for __use_two_region_memory
    startup_stm32f4xx.o(RESET) refers to startup_stm32f4xx.o(STACK) for __initial_sp
    startup_stm32f4xx.o(RESET) refers to startup_stm32f4xx.o(.text) for Reset_Handler
    startup_stm32f4xx.o(RESET) refers to stm32f4xx_it.o(.text) for NMI_Handler
    startup_stm32f4xx.o(RESET) refers to systick.o(.text) for SysTick_Handler
    startup_stm32f4xx.o(RESET) refers to delay.o(.text) for TIM2_IRQHandler
    startup_stm32f4xx.o(RESET) refers to i2c.o(.text) for I2C1_EV_IRQHandler
    startup_stm32f4xx.o(RESET) refers to usart.o(.text) for USART1_IRQHandler
    startup_stm32f4xx.o(.text) refers (Special) to heapauxi.o(.text) for __use_two_region_memory
    startup_stm32f4xx.o(.text) refers to system_stm32f4xx.o(.text) for SystemInit
    startup_stm32f4xx.o(.text) refers to __main.o(!!!main) for __main
    startup_stm32f4xx.o(.text) refers to startup_stm32f4xx.o(HEAP) for Heap_Mem
    startup_stm32f4xx.o(.text) refers to startup_stm32f4xx.o(STACK) for Stack_Mem
    main.o(.text) refers to delay.o(.text) for TIM2_timer_start
    main.o(.text) refers to usartserial.o(.text) for USARTSerial::begin(_GPIOPin, _GPIOPin, unsigned)
    main.o(.text) refers to rt_memcpy_w.o(.text) for __aeabi_memcpy4
    main.o(.text) refers to strlen.o(.text) for strlen
    main.o(.text) refers to print.o(.text) for Print::println(const char*)
    main.o(.text) refers to main.o(i._ZN11USARTSerial5flushEv) for USARTSerial::flush()
    main.o(.text) refers to stm32f4xx_rcc.o(.text) for RCC_GetClocksFreq
    main.o(.text) refers to gpio.o(.text) for PinBit
    main.o(.text) refers to i2cwire.o(.text) for I2CWire::begin()
    main.o(.text) refers to st7032i.o(.text) for ST7032i::begin()
    main.o(.text) refers to stm32f4xx_gpio.o(.text) for GPIO_ReadOutputData
    main.o(.text) refers to fflt_clz.o(x$fpl$ffltu) for __aeabi_ui2f
    main.o(.text) refers to fdiv.o(x$fpl$fdiv) for __aeabi_fdiv
    main.o(.text) refers to f2d.o(x$fpl$f2d) for __aeabi_f2d
    main.o(.text) refers to ds1307.o(.text) for DS1307::updateTime()
    main.o(.text) refers to main.o(i._ZN11USARTSerial9availableEv) for USARTSerial::available()
    main.o(.text) refers to usart.o(.text) for usart_read
    main.o(.text) refers to main.o(.bss) for Serial3
    main.o(.text) refers to main.o(.constdata) for .constdata
    main.o(.text) refers to i2c.o(.bss) for I2C1Buffer
    main.o(.text) refers to strtol.o(.text) for strtol
    main.o(.text) refers to main.o(i._ZN6StreamC2Ev) for Stream::Stream__sub_object()
    main.o(.text) refers to usartserial.o(.constdata__ZTV11USARTSerial) for vtable for USARTSerial
    main.o(.text) refers to i2cwire.o(.constdata__ZTV7I2CWire) for vtable for I2CWire
    main.o(.ARM.exidx) refers to main.o(.text) for .text
    main.o(.init_array) refers to main.o(.text) for __sti___8_main_cpp
    main.o(.init_array) refers to init_aeabi.o(.text) for __cpp_initialize__aeabi_
    system_stm32f4xx.o(.text) refers to system_stm32f4xx.o(.data) for SystemCoreClock
    adc3dma.o(.text) refers to stm32f4xx_rcc.o(.text) for RCC_AHB1PeriphClockCmd
    adc3dma.o(.text) refers to stm32f4xx_dma.o(.text) for DMA_Init
    adc3dma.o(.text) refers to stm32f4xx_gpio.o(.text) for GPIO_Init
    adc3dma.o(.text) refers to stm32f4xx_adc.o(.text) for ADC_CommonInit
    adc3dma.o(.text) refers to adc3dma.o(.data) for ADC3ConvertedValue
    delay.o(.text) refers to stm32f4xx_rcc.o(.text) for RCC_GetClocksFreq
    delay.o(.text) refers to stm32f4xx_tim.o(.text) for TIM_TimeBaseInit
    delay.o(.text) refers to misc.o(.text) for NVIC_Init
    delay.o(.text) refers to delay.o(.data) for __counter_micros
    gpio.o(.text) refers to stm32f4xx_rcc.o(.text) for RCC_AHB1PeriphClockCmd
    gpio.o(.text) refers to stm32f4xx_gpio.o(.text) for GPIO_Init
    gpio.o(.text) refers to gpio.o(.data) for Port
    i2c.o(.text) refers to stm32f4xx_rcc.o(.text) for RCC_APB1PeriphClockCmd
    i2c.o(.text) refers to gpio.o(.text) for PinBit
    i2c.o(.text) refers to stm32f4xx_gpio.o(.text) for GPIO_PinAFConfig
    i2c.o(.text) refers to stm32f4xx_i2c.o(.text) for I2C_Init
    i2c.o(.text) refers to misc.o(.text) for NVIC_Init
    i2c.o(.text) refers to delay.o(.text) for millis
    i2c.o(.text) refers to rt_memcpy_v6.o(.text) for __aeabi_memcpy
    i2c.o(.text) refers to i2c.o(.bss) for I2C1Buffer
    print.o(.text) refers to print.o(i._ZN5Print5writeEPKc) for Print::write(const char*)
    print.o(.text) refers to drleqf.o(x$fpl$drleqf) for __aeabi_cdrcmple
[...]
    .ARM.Collect$$rtentry$$00000000          0x0800021a   Section        0  rtentry.o(.ARM.Collect$$rtentry$$00000000)
    .ARM.Collect$$rtentry$$00000002          0x0800021a   Section        0  rtentry2.o(.ARM.Collect$$rtentry$$00000002)
    .ARM.Collect$$rtentry$$00000004          0x0800021a   Section        6  rtentry4.o(.ARM.Collect$$rtentry$$00000004)
    .ARM.Collect$$rtentry$$00000009          0x08000220   Section        0  rtentry2.o(.ARM.Collect$$rtentry$$00000009)
    .ARM.Collect$$rtentry$$0000000A          0x08000220   Section        4  rtentry2.o(.ARM.Collect$$rtentry$$0000000A)
    .ARM.Collect$$rtentry$$0000000C          0x08000224   Section        0  rtentry2.o(.ARM.Collect$$rtentry$$0000000C)
    .ARM.Collect$$rtentry$$0000000D          0x08000224   Section        8  rtentry2.o(.ARM.Collect$$rtentry$$0000000D)
    .ARM.Collect$$rtexit$$00000000           0x0800022c   Section        2  rtexit.o(.ARM.Collect$$rtexit$$00000000)
    .ARM.Collect$$rtexit$$00000002           0x0800022e   Section        0  rtexit2.o(.ARM.Collect$$rtexit$$00000002)
    .ARM.Collect$$rtexit$$00000003           0x0800022e   Section        4  rtexit2.o(.ARM.Collect$$rtexit$$00000003)
    .ARM.Collect$$rtexit$$00000004           0x08000232   Section        6  rtexit2.o(.ARM.Collect$$rtexit$$00000004)
    .text                                    0x08000238   Section       64  startup_stm32f4xx.o(.text)
    .text                                    0x08000278   Section        0  main.o(.text)
    __sti___8_main_cpp                       0x08000793   Thumb Code    70  main.o(.text)
    .text                                    0x08000804   Section        0  stm32f4xx_it.o(.text)
    .text                                    0x0800081c   Section        0  system_stm32f4xx.o(.text)
    SetSysClock                              0x0800081d   Thumb Code   198  system_stm32f4xx.o(.text)
    .text                                    0x08000a08   Section        0  delay.o(.text)
    .text                                    0x08000b30   Section        0  gpio.o(.text)
    .text                                    0x08000d24   Section        0  i2c.o(.text)
    .text                                    0x08001194   Section        0  print.o(.text)
    .text                                    0x0800165c   Section        0  st7032i.o(.text)
    .text                                    0x080019e0   Section        0  systick.o(.text)
    .text                                    0x08001a68   Section        0  usart.o(.text)
    .text                                    0x08001fb8   Section        0  usartserial.o(.text)
    .text                                    0x08001fe8   Section        0  ds1307.o(.text)
    .text                                    0x0800228c   Section        0  i2cwire.o(.text)
    .text                                    0x080023f4   Section        0  misc.o(.text)
    .text                                    0x080024d8   Section        0  stm32f4xx_gpio.o(.text)
    .text                                    0x08002724   Section        0  stm32f4xx_i2c.o(.text)
    .text                                    0x08002b30   Section        0  stm32f4xx_rcc.o(.text)
    .text                                    0x080030b0   Section        0  stm32f4xx_tim.o(.text)
    TI4_Config                               0x0800384f   Thumb Code    80  stm32f4xx_tim.o(.text)
    TI3_Config                               0x080038b1   Thumb Code    72  stm32f4xx_tim.o(.text)
    TI2_Config                               0x08003913   Thumb Code    90  stm32f4xx_tim.o(.text)
    TI1_Config                               0x0800397f   Thumb Code    58  stm32f4xx_tim.o(.text)
    .text                                    0x08003d54   Section        0  stm32f4xx_usart.o(.text)
    .text                                    0x0800416e   Section        0  strtol.o(.text)
    .text                                    0x080041de   Section        0  strlen.o(.text)
    .text                                    0x0800421c   Section      138  rt_memcpy_v6.o(.text)
    .text                                    0x080042a6   Section      100  rt_memcpy_w.o(.text)
    .text                                    0x0800430a   Section        0  heapauxi.o(.text)
    .text                                    0x08004310   Section        0  init_aeabi.o(.text)
    .text                                    0x08004334   Section       16  rt_ctype_table.o(.text)
    .text                                    0x08004344   Section        8  rt_errno_addr_intlibspace.o(.text)
    .text                                    0x0800434c   Section        0  _strtoul.o(.text)
    .text                                    0x080043ea   Section        0  defsig_pvfn_outer.o(.text)
    .text                                    0x080043f8   Section        8  libspace.o(.text)
    .text                                    0x08004400   Section        8  rt_locale_intlibspace.o(.text)
    .text                                    0x08004408   Section        0  _chval.o(.text)
    .text                                    0x08004424   Section        0  defsig_exit.o(.text)
    .text                                    0x08004430   Section        0  defsig_pvfn_inner.o(.text)
    .text                                    0x08004460   Section        0  sys_exit.o(.text)
    .text                                    0x0800446c   Section       74  sys_stackheap_outer.o(.text)
    .text                                    0x080044b6   Section        0  exit.o(.text)
    .text                                    0x080044c2   Section        0  defsig_general.o(.text)
    .text                                    0x080044f4   Section      128  strcmpv7m.o(.text)
    .text                                    0x08004574   Section        0  sys_wrch.o(.text)
    .text                                    0x08004582   Section        2  use_no_semi.o(.text)
    .text                                    0x08004584   Section        0  indicate_semi.o(.text)
    i._ZN11USARTSerial5flushEv               0x08004584   Section        0  main.o(i._ZN11USARTSerial5flushEv)
    i._ZN11USARTSerial9availableEv           0x08004592   Section        0  main.o(i._ZN11USARTSerial9availableEv)
    i._ZN5Print5writeEPKc                    0x080045a0   Section        0  print.o(i._ZN5Print5writeEPKc)
    i._ZN6StreamC2Ev                         0x080045c4   Section        0  main.o(i._ZN6StreamC2Ev)
    i._ZN7I2CWire4readEv                     0x080045e4   Section        0  i2cwire.o(i._ZN7I2CWire4readEv)
    i.__cxa_pure_virtual                     0x080045f8   Section        0  pure_virt.o(i.__cxa_pure_virtual)
    locale$$code                             0x08004600   Section       44  lc_ctype_c.o(locale$$code)
    x$fpl$dadd                               0x0800462c   Section      336  daddsub_clz.o(x$fpl$dadd)
    _dadd1                                   0x0800463d   Thumb Code     0  daddsub_clz.o(x$fpl$dadd)
    x$fpl$dcmpinf                            0x0800477c   Section       24  dcmpi.o(x$fpl$dcmpinf)
    x$fpl$ddiv                               0x08004794   Section      688  ddiv.o(x$fpl$ddiv)
    ddiv_entry                               0x0800479b   Thumb Code     0  ddiv.o(x$fpl$ddiv)
    x$fpl$dfix                               0x08004a44   Section       94  dfix.o(x$fpl$dfix)
    x$fpl$dfixu                              0x08004aa4   Section       90  dfixu.o(x$fpl$dfixu)
    x$fpl$dflt                               0x08004afe   Section       46  dflt_clz.o(x$fpl$dflt)
    x$fpl$dfltu                              0x08004b2c   Section       38  dflt_clz.o(x$fpl$dfltu)
    x$fpl$dleqf                              0x08004b54   Section      120  dleqf.o(x$fpl$dleqf)
    x$fpl$dmul                               0x08004bcc   Section      340  dmul.o(x$fpl$dmul)
    x$fpl$dnaninf                            0x08004d20   Section      156  dnaninf.o(x$fpl$dnaninf)
    x$fpl$dretinf                            0x08004dbc   Section       12  dretinf.o(x$fpl$dretinf)
    x$fpl$drleqf                             0x08004dc8   Section      108  drleqf.o(x$fpl$drleqf)
    x$fpl$drsb                               0x08004e34   Section       22  daddsub_clz.o(x$fpl$drsb)
    x$fpl$dsub                               0x08004e4c   Section      468  daddsub_clz.o(x$fpl$dsub)
    _dsub1                                   0x08004e5d   Thumb Code     0  daddsub_clz.o(x$fpl$dsub)
    x$fpl$f2d                                0x08005020   Section       86  f2d.o(x$fpl$f2d)
    x$fpl$fdiv                               0x08005078   Section      388  fdiv.o(x$fpl$fdiv)
    _fdiv1                                   0x08005079   Thumb Code     0  fdiv.o(x$fpl$fdiv)
    x$fpl$ffltu                              0x080051fc   Section       38  fflt_clz.o(x$fpl$ffltu)
    x$fpl$fnaninf                            0x08005222   Section      140  fnaninf.o(x$fpl$fnaninf)
    x$fpl$fretinf                            0x080052ae   Section       10  fretinf.o(x$fpl$fretinf)
    .constdata                               0x080052b8   Section      472  main.o(.constdata)
    x$fpl$usenofp                            0x080052b8   Section        0  usenofp.o(x$fpl$usenofp)
    .constdata                               0x08005490   Section       16  st7032i.o(.constdata)
    .constdata__ZTV11USARTSerial             0x080054a0   Section       32  usartserial.o(.constdata__ZTV11USARTSerial)
    .constdata__ZTV5Print                    0x080054c0   Section       16  print.o(.constdata__ZTV5Print)
    .constdata__ZTV6Stream                   0x080054d0   Section       32  main.o(.constdata__ZTV6Stream)
    .constdata__ZTV7I2CWire                  0x080054f0   Section       36  i2cwire.o(.constdata__ZTV7I2CWire)
    .constdata__ZTV7ST7032i                  0x08005514   Section       16  st7032i.o(.constdata__ZTV7ST7032i)
    locale$$data                             0x08005544   Section      272  lc_ctype_c.o(locale$$data)
    __lcctype_c_name                         0x08005548   Data           2  lc_ctype_c.o(locale$$data)
    __lcctype_c_start                        0x08005550   Data           0  lc_ctype_c.o(locale$$data)
    .init_array                              0x08005654   Section        4  main.o(.init_array)
    __lcctype_c_end                          0x08005654   Data           0  lc_ctype_c.o(locale$$data)
    .data                                    0x20000000   Section       20  system_stm32f4xx.o(.data)
    .data                                    0x20000014   Section        8  delay.o(.data)
    .data                                    0x2000001c   Section      114  gpio.o(.data)
    .data                                    0x20000090   Section        4  systick.o(.data)
    .data                                    0x20000094   Section       16  stm32f4xx_rcc.o(.data)
    APBAHBPrescTable                         0x20000094   Data          16  stm32f4xx_rcc.o(.data)
    .bss                                     0x200000a4   Section       88  main.o(.bss)
    .bss                                     0x200000fc   Section      828  i2c.o(.bss)
    .bss                                     0x20000438   Section     3144  usart.o(.bss)
    .bss                                     0x20001080   Section       96  libspace.o(.bss)
    HEAP                                     0x200010e0   Section      512  startup_stm32f4xx.o(HEAP)
    Heap_Mem                                 0x200010e0   Data         512  startup_stm32f4xx.o(HEAP)
    STACK                                    0x200012e0   Section     1024  startup_stm32f4xx.o(STACK)
    Stack_Mem                                0x200012e0   Data        1024  startup_stm32f4xx.o(STACK)
    __initial_sp                             0x200016e0   Data           0  startup_stm32f4xx.o(STACK)

    Global Symbols

    Symbol Name                              Value     Ov Type        Size  Object(Section)

    BuildAttributes$$THM_ISAv4$E$P$D$K$B$S$7EM$PE$A:L22UL41UL21$X:L11$S22US41US21$IEEE1$IW$USESV6$~STKCKD$USESV7$~SHL$OSPACE$ROPI$EBA8$UX$STANDARDLIB$REQ8$PRES8$EABIv2 0x00000000   Number         0  anon$$obj.o ABSOLUTE
    __ARM_use_no_argv                        0x00000000   Number         0  main.o ABSOLUTE
    __ARM_exceptions_init                     - Undefined Weak Reference
    __alloca_initialize                       - Undefined Weak Reference
    __cxa_finalize                            - Undefined Weak Reference
    __sigvec_lookup                           - Undefined Weak Reference
    _atexit_init                              - Undefined Weak Reference
    _call_atexit_fns                          - Undefined Weak Reference
    _clock_init                               - Undefined Weak Reference
    _fp_trap_init                             - Undefined Weak Reference
    _fp_trap_shutdown                         - Undefined Weak Reference
    _get_lc_collate                           - Undefined Weak Reference
    _get_lc_monetary                          - Undefined Weak Reference
    _get_lc_numeric                           - Undefined Weak Reference
    _get_lc_time                              - Undefined Weak Reference
    _getenv_init                              - Undefined Weak Reference
    _handle_redirection                       - Undefined Weak Reference
    _init_alloc                               - Undefined Weak Reference
    _init_user_alloc                          - Undefined Weak Reference
    _initio                                   - Undefined Weak Reference
    _rand_init                                - Undefined Weak Reference
    _signal_finish                            - Undefined Weak Reference
    _signal_init                              - Undefined Weak Reference
    _terminate_alloc                          - Undefined Weak Reference
    _terminate_user_alloc                     - Undefined Weak Reference
    _terminateio                              - Undefined Weak Reference
    __Vectors_Size                           0x00000188   Number         0  startup_stm32f4xx.o ABSOLUTE
    __Vectors                                0x08000000   Data           4  startup_stm32f4xx.o(RESET)
    __Vectors_End                            0x08000188   Data           0  startup_stm32f4xx.o(RESET)
    __main                                   0x08000189   Thumb Code     8  __main.o(!!!main)
    __scatterload                            0x08000191   Thumb Code     0  __scatter.o(!!!scatter)
    __scatterload_rt2                        0x08000191   Thumb Code    44  __scatter.o(!!!scatter)
    __scatterload_rt2_thumb_only             0x08000191   Thumb Code     0  __scatter.o(!!!scatter)
    __scatterload_null                       0x0800019f   Thumb Code     0  __scatter.o(!!!scatter)
    __scatterload_copy                       0x080001c5   Thumb Code    26  __scatter_copy.o(!!handler_copy)
    __scatterload_zeroinit                   0x080001e1   Thumb Code    28  __scatter_zi.o(!!handler_zi)
    __rt_lib_init                            0x080001fd   Thumb Code     0  libinit.o(.ARM.Collect$$libinit$$00000000)
    __rt_lib_init_fp_1                       0x080001ff   Thumb Code     0  libinit2.o(.ARM.Collect$$libinit$$00000002)
    __rt_lib_init_heap_1                     0x080001ff   Thumb Code     0  libinit2.o(.ARM.Collect$$libinit$$00000008)
    __rt_lib_init_lc_common                  0x080001ff   Thumb Code     0  libinit2.o(.ARM.Collect$$libinit$$0000000D)
    __rt_lib_init_rand_1                     0x080001ff   Thumb Code     0  libinit2.o(.ARM.Collect$$libinit$$0000000C)
    __rt_lib_init_user_alloc_1               0x080001ff   Thumb Code     0  libinit2.o(.ARM.Collect$$libinit$$0000000A)
    __rt_lib_init_lc_collate_1               0x08000205   Thumb Code     0  libinit2.o(.ARM.Collect$$libinit$$0000000F)
    __rt_lib_init_lc_ctype_2                 0x08000205   Thumb Code     0  libinit2.o(.ARM.Collect$$libinit$$00000010)
    __rt_lib_init_alloca_1                   0x08000211   Thumb Code     0  libinit2.o(.ARM.Collect$$libinit$$0000002C)
    __rt_lib_init_argv_1                     0x08000211   Thumb Code     0  libinit2.o(.ARM.Collect$$libinit$$0000002A)
    __rt_lib_init_atexit_1                   0x08000211   Thumb Code     0  libinit2.o(.ARM.Collect$$libinit$$00000019)
    __rt_lib_init_clock_1                    0x08000211   Thumb Code     0  libinit2.o(.ARM.Collect$$libinit$$0000001F)
    __rt_lib_init_cpp_2                      0x08000211   Thumb Code     0  libinit2.o(.ARM.Collect$$libinit$$0000002F)
    __rt_lib_init_exceptions_1               0x08000211   Thumb Code     0  libinit2.o(.ARM.Collect$$libinit$$0000002E)
    __rt_lib_init_fp_trap_1                  0x08000211   Thumb Code     0  libinit2.o(.ARM.Collect$$libinit$$0000001D)
    __rt_lib_init_getenv_1                   0x08000211   Thumb Code     0  libinit2.o(.ARM.Collect$$libinit$$00000021)
    __rt_lib_init_lc_ctype_1                 0x08000211   Thumb Code     0  libinit2.o(.ARM.Collect$$libinit$$00000011)
    __rt_lib_init_lc_monetary_1              0x08000211   Thumb Code     0  libinit2.o(.ARM.Collect$$libinit$$00000013)
    __rt_lib_init_lc_numeric_1               0x08000211   Thumb Code     0  libinit2.o(.ARM.Collect$$libinit$$00000015)
    __rt_lib_init_lc_time_1                  0x08000211   Thumb Code     0  libinit2.o(.ARM.Collect$$libinit$$00000017)
    __rt_lib_init_signal_1                   0x08000211   Thumb Code     0  libinit2.o(.ARM.Collect$$libinit$$0000001B)
    __rt_lib_init_stdio_1                    0x08000211   Thumb Code     0  libinit2.o(.ARM.Collect$$libinit$$00000023)
    __rt_lib_init_cpp_1                      0x08000215   Thumb Code     0  libinit2.o(.ARM.Collect$$libinit$$00000030)
    __rt_lib_init_return                     0x08000215   Thumb Code     0  libinit2.o(.ARM.Collect$$libinit$$00000031)
    __rt_lib_shutdown                        0x08000217   Thumb Code     0  libshutdown.o(.ARM.Collect$$libshutdown$$00000000)
    __rt_lib_shutdown_fp_trap_1              0x08000219   Thumb Code     0  libshutdown2.o(.ARM.Collect$$libshutdown$$00000006)
    __rt_lib_shutdown_heap_1                 0x08000219   Thumb Code     0  libshutdown2.o(.ARM.Collect$$libshutdown$$0000000E)
    __rt_lib_shutdown_return                 0x08000219   Thumb Code     0  libshutdown2.o(.ARM.Collect$$libshutdown$$0000000F)
    __rt_lib_shutdown_signal_1               0x08000219   Thumb Code     0  libshutdown2.o(.ARM.Collect$$libshutdown$$00000009)
    __rt_lib_shutdown_stdio_1                0x08000219   Thumb Code     0  libshutdown2.o(.ARM.Collect$$libshutdown$$00000003)
    __rt_lib_shutdown_user_alloc_1           0x08000219   Thumb Code     0  libshutdown2.o(.ARM.Collect$$libshutdown$$0000000B)
    __rt_entry                               0x0800021b   Thumb Code     0  rtentry.o(.ARM.Collect$$rtentry$$00000000)
    __rt_entry_presh_1                       0x0800021b   Thumb Code     0  rtentry2.o(.ARM.Collect$$rtentry$$00000002)
    __rt_entry_sh                            0x0800021b   Thumb Code     0  rtentry4.o(.ARM.Collect$$rtentry$$00000004)
    __rt_entry_li                            0x08000221   Thumb Code     0  rtentry2.o(.ARM.Collect$$rtentry$$0000000A)
    __rt_entry_postsh_1                      0x08000221   Thumb Code     0  rtentry2.o(.ARM.Collect$$rtentry$$00000009)
    __rt_entry_main                          0x08000225   Thumb Code     0  rtentry2.o(.ARM.Collect$$rtentry$$0000000D)
    __rt_entry_postli_1                      0x08000225   Thumb Code     0  rtentry2.o(.ARM.Collect$$rtentry$$0000000C)
    __rt_exit                                0x0800022d   Thumb Code     0  rtexit.o(.ARM.Collect$$rtexit$$00000000)
    __rt_exit_ls                             0x0800022f   Thumb Code     0  rtexit2.o(.ARM.Collect$$rtexit$$00000003)
    __rt_exit_prels_1                        0x0800022f   Thumb Code     0  rtexit2.o(.ARM.Collect$$rtexit$$00000002)
    __rt_exit_exit                           0x08000233   Thumb Code     0  rtexit2.o(.ARM.Collect$$rtexit$$00000004)
    Reset_Handler                            0x08000239   Thumb Code     8  startup_stm32f4xx.o(.text)
    ADC_IRQHandler                           0x08000253   Thumb Code     0  startup_stm32f4xx.o(.text)
    CAN1_RX0_IRQHandler                      0x08000253   Thumb Code     0  startup_stm32f4xx.o(.text)
    CAN1_RX1_IRQHandler                      0x08000253   Thumb Code     0  startup_stm32f4xx.o(.text)
    CAN1_SCE_IRQHandler                      0x08000253   Thumb Code     0  startup_stm32f4xx.o(.text)
    CAN1_TX_IRQHandler                       0x08000253   Thumb Code     0  startup_stm32f4xx.o(.text)
    CAN2_RX0_IRQHandler                      0x08000253   Thumb Code     0  startup_stm32f4xx.o(.text)
    CAN2_RX1_IRQHandler                      0x08000253   Thumb Code     0  startup_stm32f4xx.o(.text)
    CAN2_SCE_IRQHandler                      0x08000253   Thumb Code     0  startup_stm32f4xx.o(.text)
    CAN2_TX_IRQHandler                       0x08000253   Thumb Code     0  startup_stm32f4xx.o(.text)
    CRYP_IRQHandler                          0x08000253   Thumb Code     0  startup_stm32f4xx.o(.text)
    DCMI_IRQHandler                          0x08000253   Thumb Code     0  startup_stm32f4xx.o(.text)
    DMA1_Stream0_IRQHandler                  0x08000253   Thumb Code     0  startup_stm32f4xx.o(.text)
    DMA1_Stream1_IRQHandler                  0x08000253   Thumb Code     0  startup_stm32f4xx.o(.text)
    DMA1_Stream2_IRQHandler                  0x08000253   Thumb Code     0  startup_stm32f4xx.o(.text)
    DMA1_Stream3_IRQHandler                  0x08000253   Thumb Code     0  startup_stm32f4xx.o(.text)
    DMA1_Stream4_IRQHandler                  0x08000253   Thumb Code     0  startup_stm32f4xx.o(.text)
    DMA1_Stream5_IRQHandler                  0x08000253   Thumb Code     0  startup_stm32f4xx.o(.text)
    DMA1_Stream6_IRQHandler                  0x08000253   Thumb Code     0  startup_stm32f4xx.o(.text)
    DMA1_Stream7_IRQHandler                  0x08000253   Thumb Code     0  startup_stm32f4xx.o(.text)
    DMA2_Stream0_IRQHandler                  0x08000253   Thumb Code     0  startup_stm32f4xx.o(.text)
    DMA2_Stream1_IRQHandler                  0x08000253   Thumb Code     0  startup_stm32f4xx.o(.text)
    DMA2_Stream2_IRQHandler                  0x08000253   Thumb Code     0  startup_stm32f4xx.o(.text)
    DMA2_Stream3_IRQHandler                  0x08000253   Thumb Code     0  startup_stm32f4xx.o(.text)
    DMA2_Stream4_IRQHandler                  0x08000253   Thumb Code     0  startup_stm32f4xx.o(.text)
    DMA2_Stream5_IRQHandler                  0x08000253   Thumb Code     0  startup_stm32f4xx.o(.text)
    DMA2_Stream6_IRQHandler                  0x08000253   Thumb Code     0  startup_stm32f4xx.o(.text)
    DMA2_Stream7_IRQHandler                  0x08000253   Thumb Code     0  startup_stm32f4xx.o(.text)
    ETH_IRQHandler                           0x08000253   Thumb Code     0  startup_stm32f4xx.o(.text)
    ETH_WKUP_IRQHandler                      0x08000253   Thumb Code     0  startup_stm32f4xx.o(.text)
    EXTI0_IRQHandler                         0x08000253   Thumb Code     0  startup_stm32f4xx.o(.text)
    EXTI15_10_IRQHandler                     0x08000253   Thumb Code     0  startup_stm32f4xx.o(.text)
    EXTI1_IRQHandler                         0x08000253   Thumb Code     0  startup_stm32f4xx.o(.text)
    EXTI2_IRQHandler                         0x08000253   Thumb Code     0  startup_stm32f4xx.o(.text)
    EXTI3_IRQHandler                         0x08000253   Thumb Code     0  startup_stm32f4xx.o(.text)
    EXTI4_IRQHandler                         0x08000253   Thumb Code     0  startup_stm32f4xx.o(.text)
    EXTI9_5_IRQHandler                       0x08000253   Thumb Code     0  startup_stm32f4xx.o(.text)
    FLASH_IRQHandler                         0x08000253   Thumb Code     0  startup_stm32f4xx.o(.text)
    FPU_IRQHandler                           0x08000253   Thumb Code     0  startup_stm32f4xx.o(.text)
    FSMC_IRQHandler                          0x08000253   Thumb Code     0  startup_stm32f4xx.o(.text)
    HASH_RNG_IRQHandler                      0x08000253   Thumb Code     0  startup_stm32f4xx.o(.text)
    I2C2_ER_IRQHandler                       0x08000253   Thumb Code     0  startup_stm32f4xx.o(.text)
    I2C2_EV_IRQHandler                       0x08000253   Thumb Code     0  startup_stm32f4xx.o(.text)
    I2C3_ER_IRQHandler                       0x08000253   Thumb Code     0  startup_stm32f4xx.o(.text)
    I2C3_EV_IRQHandler                       0x08000253   Thumb Code     0  startup_stm32f4xx.o(.text)
    OTG_FS_IRQHandler                        0x08000253   Thumb Code     0  startup_stm32f4xx.o(.text)
    OTG_FS_WKUP_IRQHandler                   0x08000253   Thumb Code     0  startup_stm32f4xx.o(.text)
    OTG_HS_EP1_IN_IRQHandler                 0x08000253   Thumb Code     0  startup_stm32f4xx.o(.text)
    OTG_HS_EP1_OUT_IRQHandler                0x08000253   Thumb Code     0  startup_stm32f4xx.o(.text)
    OTG_HS_IRQHandler                        0x08000253   Thumb Code     0  startup_stm32f4xx.o(.text)
    OTG_HS_WKUP_IRQHandler                   0x08000253   Thumb Code     0  startup_stm32f4xx.o(.text)
    PVD_IRQHandler                           0x08000253   Thumb Code     0  startup_stm32f4xx.o(.text)
    RCC_IRQHandler                           0x08000253   Thumb Code     0  startup_stm32f4xx.o(.text)
    RTC_Alarm_IRQHandler                     0x08000253   Thumb Code     0  startup_stm32f4xx.o(.text)
    RTC_WKUP_IRQHandler                      0x08000253   Thumb Code     0  startup_stm32f4xx.o(.text)
    SDIO_IRQHandler                          0x08000253   Thumb Code     0  startup_stm32f4xx.o(.text)
    SPI1_IRQHandler                          0x08000253   Thumb Code     0  startup_stm32f4xx.o(.text)
    SPI2_IRQHandler                          0x08000253   Thumb Code     0  startup_stm32f4xx.o(.text)
    SPI3_IRQHandler                          0x08000253   Thumb Code     0  startup_stm32f4xx.o(.text)
    TAMP_STAMP_IRQHandler                    0x08000253   Thumb Code     0  startup_stm32f4xx.o(.text)
    TIM1_BRK_TIM9_IRQHandler                 0x08000253   Thumb Code     0  startup_stm32f4xx.o(.text)
    TIM1_CC_IRQHandler                       0x08000253   Thumb Code     0  startup_stm32f4xx.o(.text)
    TIM1_TRG_COM_TIM11_IRQHandler            0x08000253   Thumb Code     0  startup_stm32f4xx.o(.text)
    TIM1_UP_TIM10_IRQHandler                 0x08000253   Thumb Code     0  startup_stm32f4xx.o(.text)
    TIM3_IRQHandler                          0x08000253   Thumb Code     0  startup_stm32f4xx.o(.text)
    TIM4_IRQHandler                          0x08000253   Thumb Code     0  startup_stm32f4xx.o(.text)
    TIM5_IRQHandler                          0x08000253   Thumb Code     0  startup_stm32f4xx.o(.text)
    TIM6_DAC_IRQHandler                      0x08000253   Thumb Code     0  startup_stm32f4xx.o(.text)
    TIM7_IRQHandler                          0x08000253   Thumb Code     0  startup_stm32f4xx.o(.text)
    TIM8_BRK_TIM12_IRQHandler                0x08000253   Thumb Code     0  startup_stm32f4xx.o(.text)
    TIM8_CC_IRQHandler                       0x08000253   Thumb Code     0  startup_stm32f4xx.o(.text)
    TIM8_TRG_COM_TIM14_IRQHandler            0x08000253   Thumb Code     0  startup_stm32f4xx.o(.text)
    TIM8_UP_TIM13_IRQHandler                 0x08000253   Thumb Code     0  startup_stm32f4xx.o(.text)
    UART5_IRQHandler                         0x08000253   Thumb Code     0  startup_stm32f4xx.o(.text)
    USART6_IRQHandler                        0x08000253   Thumb Code     0  startup_stm32f4xx.o(.text)
    WWDG_IRQHandler                          0x08000253   Thumb Code     0  startup_stm32f4xx.o(.text)
    __user_initial_stackheap                 0x08000255   Thumb Code     0  startup_stm32f4xx.o(.text)
    main                                     0x08000279   Thumb Code  1306  main.o(.text)
    NMI_Handler                              0x08000805   Thumb Code     2  stm32f4xx_it.o(.text)
    HardFault_Handler                        0x08000807   Thumb Code     4  stm32f4xx_it.o(.text)
    MemManage_Handler                        0x0800080b   Thumb Code     4  stm32f4xx_it.o(.text)
    BusFault_Handler                         0x0800080f   Thumb Code     4  stm32f4xx_it.o(.text)
    UsageFault_Handler                       0x08000813   Thumb Code     4  stm32f4xx_it.o(.text)
    SVC_Handler                              0x08000817   Thumb Code     2  stm32f4xx_it.o(.text)
    DebugMon_Handler                         0x08000819   Thumb Code     2  stm32f4xx_it.o(.text)
    PendSV_Handler                           0x0800081b   Thumb Code     2  stm32f4xx_it.o(.text)
    SystemInit                               0x080008e3   Thumb Code    74  system_stm32f4xx.o(.text)
    SystemCoreClockUpdate                    0x0800092d   Thumb Code   174  system_stm32f4xx.o(.text)
    TIM2_timer_start                         0x08000a09   Thumb Code   136  delay.o(.text)
    micros                                   0x08000a91   Thumb Code    18  delay.o(.text)
    millis                                   0x08000aa3   Thumb Code     6  delay.o(.text)
    delay_ms                                 0x08000aa9   Thumb Code    40  delay.o(.text)
    delay_us                                 0x08000ad1   Thumb Code    40  delay.o(.text)
    TIM2_IRQHandler                          0x08000af9   Thumb Code    44  delay.o(.text)
    PinPort                                  0x08000b31   Thumb Code    14  gpio.o(.text)
    PinBit                                   0x08000b3f   Thumb Code    14  gpio.o(.text)
    PinSource                                0x08000b4d   Thumb Code     8  gpio.o(.text)
    pinMode                                  0x08000b55   Thumb Code    68  gpio.o(.text)
    digitalWrite                             0x08000b99   Thumb Code    60  gpio.o(.text)
    digitalRead                              0x08000bd5   Thumb Code    88  gpio.o(.text)
    GPIOMode                                 0x08000c2d   Thumb Code   188  gpio.o(.text)
    GPIOWrite                                0x08000ce9   Thumb Code    16  gpio.o(.text)
    i2c_begin                                0x08000d25   Thumb Code   354  i2c.o(.text)
    i2c_start_send                           0x08000e87   Thumb Code   228  i2c.o(.text)
    i2c_transmit                             0x08000f6b   Thumb Code    66  i2c.o(.text)
    i2c_request                              0x08000fad   Thumb Code    74  i2c.o(.text)
    i2c_start_receive                        0x08000ff7   Thumb Code   252  i2c.o(.text)
    i2c_receive                              0x080010f3   Thumb Code   102  i2c.o(.text)
    I2C1_EV_IRQHandler                       0x08001159   Thumb Code     2  i2c.o(.text)
    I2C1_ER_IRQHandler                       0x0800115b   Thumb Code    46  i2c.o(.text)
    Print::printNumber(unsigned, unsigned char) 0x08001195   Thumb Code    74  print.o(.text)
    Print::print(char)                       0x080011df   Thumb Code    18  print.o(.text)
    Print::print(int, unsigned char)         0x080011f1   Thumb Code    84  print.o(.text)
    Print::print(const char*)                0x08001245   Thumb Code    16  print.o(.text)
    Print::print(unsigned, unsigned char)    0x08001255   Thumb Code    34  print.o(.text)
    Print::printFloat(double, unsigned char) 0x08001277   Thumb Code   378  print.o(.text)
    Print::write(const unsigned char*, unsigned) 0x080013f1   Thumb Code    42  print.o(.text)
    Print::print(unsigned char, unsigned char) 0x0800141b   Thumb Code    20  print.o(.text)
    Print::print(short, unsigned char)       0x0800142f   Thumb Code    20  print.o(.text)
    Print::print(unsigned short, unsigned char) 0x08001443   Thumb Code    20  print.o(.text)
    Print::print(double, unsigned char)      0x08001457   Thumb Code    24  print.o(.text)
    Print::printByte(unsigned char)          0x0800146f   Thumb Code    38  print.o(.text)
    Print::printByte(unsigned char*, unsigned char, char) 0x08001495   Thumb Code    50  print.o(.text)
    Print::printByte(unsigned)               0x080014c7   Thumb Code    56  print.o(.text)
    Print::println()                         0x080014ff   Thumb Code    28  print.o(.text)
    Print::println(const char*)              0x0800151b   Thumb Code    28  print.o(.text)
    Print::println(char)                     0x08001537   Thumb Code    28  print.o(.text)
    Print::println(unsigned char, unsigned char) 0x08001553   Thumb Code    36  print.o(.text)
    Print::println(short, unsigned char)     0x08001577   Thumb Code    36  print.o(.text)
    Print::println(unsigned short, unsigned char) 0x0800159b   Thumb Code    36  print.o(.text)
    Print::println(int, unsigned char)       0x080015bf   Thumb Code    36  print.o(.text)
    Print::println(unsigned, unsigned char)  0x080015e3   Thumb Code    36  print.o(.text)
    Print::println(double, unsigned char)    0x08001607   Thumb Code    44  print.o(.text)
    ST7032i::command(unsigned char)          0x0800165d   Thumb Code    50  st7032i.o(.text)
    ST7032i::ST7032i(I2CWire&)               0x0800168f   Thumb Code    64  st7032i.o(.text)
    ST7032i::ST7032i__sub_object(I2CWire&)   0x0800168f   Thumb Code     0  st7032i.o(.text)
    ST7032i::clear()                         0x080016cf   Thumb Code    24  st7032i.o(.text)
    ST7032i::display()                       0x080016e7   Thumb Code    26  st7032i.o(.text)
    ST7032i::begin()                         0x08001701   Thumb Code   184  st7032i.o(.text)
    ST7032i::write(unsigned char)            0x080017b9   Thumb Code    58  st7032i.o(.text)
    ST7032i::home()                          0x080017f3   Thumb Code    24  st7032i.o(.text)
    ST7032i::setCursor(unsigned char, unsigned char) 0x0800180b   Thumb Code    56  st7032i.o(.text)
    ST7032i::noDisplay()                     0x08001843   Thumb Code    26  st7032i.o(.text)
    ST7032i::setContrast(unsigned char)      0x0800185d   Thumb Code    88  st7032i.o(.text)
    ST7032i::noBlink()                       0x080018b5   Thumb Code    26  st7032i.o(.text)
    ST7032i::blink()                         0x080018cf   Thumb Code    26  st7032i.o(.text)
    ST7032i::noCursor()                      0x080018e9   Thumb Code    26  st7032i.o(.text)
    ST7032i::showCursor()                    0x08001903   Thumb Code    26  st7032i.o(.text)
    ST7032i::scrollDisplayLeft()             0x0800191d   Thumb Code    14  st7032i.o(.text)
    ST7032i::scrollDisplayRight()            0x0800192b   Thumb Code    14  st7032i.o(.text)
    ST7032i::leftToRight()                   0x08001939   Thumb Code    26  st7032i.o(.text)
    ST7032i::rightToLeft()                   0x08001953   Thumb Code    26  st7032i.o(.text)
    ST7032i::autoscroll()                    0x0800196d   Thumb Code    26  st7032i.o(.text)
    ST7032i::noAutoscroll()                  0x08001987   Thumb Code    26  st7032i.o(.text)
    ST7032i::createChar(unsigned char, unsigned char*) 0x080019a1   Thumb Code    50  st7032i.o(.text)
    SysTick_Handler                          0x080019e1   Thumb Code    12  systick.o(.text)
    SysTick_delay                            0x080019ed   Thumb Code    18  systick.o(.text)
    SysTick_Start                            0x080019ff   Thumb Code    88  systick.o(.text)
    SysTick_count                            0x08001a57   Thumb Code     6  systick.o(.text)
    ring_clear                               0x08001a69   Thumb Code    16  usart.o(.text)
    ring_count                               0x08001a79   Thumb Code     8  usart.o(.text)
    ring_is_full                             0x08001a81   Thumb Code    30  usart.o(.text)
    ring_enque                               0x08001a9f   Thumb Code    72  usart.o(.text)
    ring_deque                               0x08001ae7   Thumb Code    70  usart.o(.text)
    ring_peek                                0x08001b2d   Thumb Code    28  usart.o(.text)
    usart_begin                              0x08001b49   Thumb Code   450  usart.o(.text)
    usart_polling_write                      0x08001d0b   Thumb Code    30  usart.o(.text)
    usart_write                              0x08001d29   Thumb Code    70  usart.o(.text)
    usart_print                              0x08001d6f   Thumb Code    32  usart.o(.text)
    usart_polling_read                       0x08001d8f   Thumb Code    12  usart.o(.text)
    usart_read                               0x08001d9b   Thumb Code    26  usart.o(.text)
    usart_flush                              0x08001db5   Thumb Code    44  usart.o(.text)
    usart_peek                               0x08001de1   Thumb Code    12  usart.o(.text)
    usart_available                          0x08001ded   Thumb Code    12  usart.o(.text)
    USART1_IRQHandler                        0x08001df9   Thumb Code    92  usart.o(.text)
    USART2_IRQHandler                        0x08001e55   Thumb Code    92  usart.o(.text)
    USART3_IRQHandler                        0x08001eb1   Thumb Code    92  usart.o(.text)
    UART4_IRQHandler                         0x08001f0d   Thumb Code   164  usart.o(.text)
    USARTSerial::begin(_GPIOPin, _GPIOPin, unsigned) 0x08001fb9   Thumb Code    28  usartserial.o(.text)
    USARTSerial::write(unsigned char)        0x08001fd5   Thumb Code    18  usartserial.o(.text)
    DS1307::readRegisters(unsigned char, unsigned char*, unsigned char) 0x08001fe9   Thumb Code    72  ds1307.o(.text)
    DS1307::writeRegisters(unsigned char, unsigned char*, unsigned char) 0x08002031   Thumb Code    70  ds1307.o(.text)
    DS1307::updateTime()                     0x08002077   Thumb Code    26  ds1307.o(.text)
    DS1307::updateCalendar()                 0x08002091   Thumb Code    28  ds1307.o(.text)
    DS1307::setTime(const long&)             0x080020ad   Thumb Code    20  ds1307.o(.text)
    DS1307::setCalendar(const long&)         0x080020c1   Thumb Code    20  ds1307.o(.text)
    DS1307::writeRegister(unsigned char, unsigned char) 0x080020d5   Thumb Code    34  ds1307.o(.text)
    DS1307::readRegister(unsigned char)      0x080020f7   Thumb Code    38  ds1307.o(.text)
    DS1307::start()                          0x0800211d   Thumb Code    22  ds1307.o(.text)
    DS1307::stop()                           0x08002133   Thumb Code    40  ds1307.o(.text)
    DS1307::JD2000(unsigned char, unsigned char, unsigned char) 0x0800215b   Thumb Code   174  ds1307.o(.text)
    DS1307::JD2000(const long&)              0x08002209   Thumb Code    72  ds1307.o(.text)
    DS1307::dayOfWeek()                      0x08002251   Thumb Code    30  ds1307.o(.text)
    I2CWire::begin()                         0x0800228d   Thumb Code    24  i2cwire.o(.text)
    I2CWire::beginTransmission(unsigned char) 0x080022a5   Thumb Code    22  i2cwire.o(.text)
    I2CWire::endTransmission(unsigned char)  0x080022bb   Thumb Code   126  i2cwire.o(.text)
    I2CWire::endRequest()                    0x08002339   Thumb Code    18  i2cwire.o(.text)
    I2CWire::receiveFrom(unsigned char, unsigned short) 0x0800234b   Thumb Code   104  i2cwire.o(.text)
    I2CWire::write(unsigned char)            0x080023b3   Thumb Code    50  i2cwire.o(.text)
    I2CWire::flush()                         0x080023e5   Thumb Code     2  i2cwire.o(.text)
    NVIC_PriorityGroupConfig                 0x080023f5   Thumb Code    10  misc.o(.text)
    NVIC_Init                                0x080023ff   Thumb Code   108  misc.o(.text)
    NVIC_SetVectorTable                      0x0800246b   Thumb Code    14  misc.o(.text)
    NVIC_SystemLPConfig                      0x08002479   Thumb Code    34  misc.o(.text)
    SysTick_CLKSourceConfig                  0x0800249b   Thumb Code    40  misc.o(.text)
    GPIO_DeInit                              0x080024d9   Thumb Code   220  stm32f4xx_gpio.o(.text)
    GPIO_Init                                0x080025b5   Thumb Code   144  stm32f4xx_gpio.o(.text)
    GPIO_StructInit                          0x08002645   Thumb Code    18  stm32f4xx_gpio.o(.text)
    GPIO_PinLockConfig                       0x08002657   Thumb Code    18  stm32f4xx_gpio.o(.text)
    GPIO_ReadInputDataBit                    0x08002669   Thumb Code    18  stm32f4xx_gpio.o(.text)
    GPIO_ReadInputData                       0x0800267b   Thumb Code     8  stm32f4xx_gpio.o(.text)
    GPIO_ReadOutputDataBit                   0x08002683   Thumb Code    18  stm32f4xx_gpio.o(.text)
    GPIO_ReadOutputData                      0x08002695   Thumb Code     8  stm32f4xx_gpio.o(.text)
    GPIO_SetBits                             0x0800269d   Thumb Code     4  stm32f4xx_gpio.o(.text)
    GPIO_ResetBits                           0x080026a1   Thumb Code     4  stm32f4xx_gpio.o(.text)
    GPIO_WriteBit                            0x080026a5   Thumb Code    10  stm32f4xx_gpio.o(.text)
    GPIO_Write                               0x080026af   Thumb Code     4  stm32f4xx_gpio.o(.text)
    GPIO_ToggleBits                          0x080026b3   Thumb Code     8  stm32f4xx_gpio.o(.text)
    GPIO_PinAFConfig                         0x080026bb   Thumb Code    70  stm32f4xx_gpio.o(.text)
    I2C_DeInit                               0x08002725   Thumb Code    82  stm32f4xx_i2c.o(.text)
    I2C_Init                                 0x08002777   Thumb Code   218  stm32f4xx_i2c.o(.text)
    I2C_StructInit                           0x08002851   Thumb Code    30  stm32f4xx_i2c.o(.text)
    I2C_Cmd                                  0x0800286f   Thumb Code    24  stm32f4xx_i2c.o(.text)
    I2C_GenerateSTART                        0x08002887   Thumb Code    24  stm32f4xx_i2c.o(.text)
    I2C_GenerateSTOP                         0x0800289f   Thumb Code    24  stm32f4xx_i2c.o(.text)
    I2C_Send7bitAddress                      0x080028b7   Thumb Code    16  stm32f4xx_i2c.o(.text)
    I2C_AcknowledgeConfig                    0x080028c7   Thumb Code    24  stm32f4xx_i2c.o(.text)
    I2C_OwnAddress2Config                    0x080028df   Thumb Code    22  stm32f4xx_i2c.o(.text)
    I2C_DualAddressCmd                       0x080028f5   Thumb Code    24  stm32f4xx_i2c.o(.text)
    I2C_GeneralCallCmd                       0x0800290d   Thumb Code    24  stm32f4xx_i2c.o(.text)
    I2C_SoftwareResetCmd                     0x08002925   Thumb Code    22  stm32f4xx_i2c.o(.text)
    I2C_StretchClockCmd                      0x0800293b   Thumb Code    24  stm32f4xx_i2c.o(.text)
    I2C_FastModeDutyCycleConfig              0x08002953   Thumb Code    28  stm32f4xx_i2c.o(.text)
    I2C_NACKPositionConfig                   0x0800296f   Thumb Code    28  stm32f4xx_i2c.o(.text)
    I2C_SMBusAlertConfig                     0x0800298b   Thumb Code    28  stm32f4xx_i2c.o(.text)
    I2C_ARPCmd                               0x080029a7   Thumb Code    24  stm32f4xx_i2c.o(.text)
    I2C_SendData                             0x080029bf   Thumb Code     4  stm32f4xx_i2c.o(.text)
    I2C_ReceiveData                          0x080029c3   Thumb Code     8  stm32f4xx_i2c.o(.text)
    I2C_TransmitPEC                          0x080029cb   Thumb Code    24  stm32f4xx_i2c.o(.text)
    I2C_PECPositionConfig                    0x080029e3   Thumb Code    28  stm32f4xx_i2c.o(.text)
    I2C_CalculatePEC                         0x080029ff   Thumb Code    24  stm32f4xx_i2c.o(.text)
    I2C_GetPEC                               0x08002a17   Thumb Code     8  stm32f4xx_i2c.o(.text)
    I2C_DMACmd                               0x08002a1f   Thumb Code    24  stm32f4xx_i2c.o(.text)
    I2C_DMALastTransferCmd                   0x08002a37   Thumb Code    24  stm32f4xx_i2c.o(.text)
    I2C_ReadRegister                         0x08002a4f   Thumb Code    12  stm32f4xx_i2c.o(.text)
    I2C_ITConfig                             0x08002a5b   Thumb Code    18  stm32f4xx_i2c.o(.text)
    I2C_CheckEvent                           0x08002a6d   Thumb Code    42  stm32f4xx_i2c.o(.text)
    I2C_GetLastEvent                         0x08002a97   Thumb Code    26  stm32f4xx_i2c.o(.text)
    I2C_GetFlagStatus                        0x08002ab1   Thumb Code    42  stm32f4xx_i2c.o(.text)
    I2C_ClearFlag                            0x08002adb   Thumb Code    12  stm32f4xx_i2c.o(.text)
    I2C_GetITStatus                          0x08002ae7   Thumb Code    62  stm32f4xx_i2c.o(.text)
    I2C_ClearITPendingBit                    0x08002b25   Thumb Code    12  stm32f4xx_i2c.o(.text)
    RCC_DeInit                               0x08002b31   Thumb Code    60  stm32f4xx_rcc.o(.text)
    RCC_HSEConfig                            0x08002b6d   Thumb Code    14  stm32f4xx_rcc.o(.text)
    RCC_GetFlagStatus                        0x08002b7b   Thumb Code    60  stm32f4xx_rcc.o(.text)
    RCC_WaitForHSEStartUp                    0x08002bb7   Thumb Code    48  stm32f4xx_rcc.o(.text)
    RCC_AdjustHSICalibrationValue            0x08002be7   Thumb Code    20  stm32f4xx_rcc.o(.text)
    RCC_HSICmd                               0x08002bfb   Thumb Code     6  stm32f4xx_rcc.o(.text)
    RCC_LSEConfig                            0x08002c01   Thumb Code    46  stm32f4xx_rcc.o(.text)
    RCC_LSICmd                               0x08002c2f   Thumb Code     6  stm32f4xx_rcc.o(.text)
    RCC_PLLConfig                            0x08002c35   Thumb Code    32  stm32f4xx_rcc.o(.text)
    RCC_PLLCmd                               0x08002c55   Thumb Code     6  stm32f4xx_rcc.o(.text)
    RCC_PLLI2SConfig                         0x08002c5b   Thumb Code    14  stm32f4xx_rcc.o(.text)
    RCC_PLLI2SCmd                            0x08002c69   Thumb Code     6  stm32f4xx_rcc.o(.text)
    RCC_ClockSecuritySystemCmd               0x08002c6f   Thumb Code     6  stm32f4xx_rcc.o(.text)
    RCC_MCO1Config                           0x08002c75   Thumb Code    28  stm32f4xx_rcc.o(.text)
    RCC_MCO2Config                           0x08002c91   Thumb Code    28  stm32f4xx_rcc.o(.text)
    RCC_SYSCLKConfig                         0x08002cad   Thumb Code    20  stm32f4xx_rcc.o(.text)
    RCC_GetSYSCLKSource                      0x08002cc1   Thumb Code    12  stm32f4xx_rcc.o(.text)
    RCC_HCLKConfig                           0x08002ccd   Thumb Code    20  stm32f4xx_rcc.o(.text)
    RCC_PCLK1Config                          0x08002ce1   Thumb Code    20  stm32f4xx_rcc.o(.text)
    RCC_PCLK2Config                          0x08002cf5   Thumb Code    22  stm32f4xx_rcc.o(.text)
    RCC_GetClocksFreq                        0x08002d0b   Thumb Code   222  stm32f4xx_rcc.o(.text)
    RCC_RTCCLKConfig                         0x08002de9   Thumb Code    54  stm32f4xx_rcc.o(.text)
    RCC_RTCCLKCmd                            0x08002e1f   Thumb Code     8  stm32f4xx_rcc.o(.text)
    RCC_BackupResetCmd                       0x08002e27   Thumb Code     8  stm32f4xx_rcc.o(.text)
    RCC_I2SCLKConfig                         0x08002e2f   Thumb Code     6  stm32f4xx_rcc.o(.text)
    RCC_AHB1PeriphClockCmd                   0x08002e35   Thumb Code    34  stm32f4xx_rcc.o(.text)
    RCC_AHB2PeriphClockCmd                   0x08002e57   Thumb Code    34  stm32f4xx_rcc.o(.text)
    RCC_AHB3PeriphClockCmd                   0x08002e79   Thumb Code    34  stm32f4xx_rcc.o(.text)
    RCC_APB1PeriphClockCmd                   0x08002e9b   Thumb Code    34  stm32f4xx_rcc.o(.text)
    RCC_APB2PeriphClockCmd                   0x08002ebd   Thumb Code    34  stm32f4xx_rcc.o(.text)
    RCC_AHB1PeriphResetCmd                   0x08002edf   Thumb Code    34  stm32f4xx_rcc.o(.text)
    RCC_AHB2PeriphResetCmd                   0x08002f01   Thumb Code    72  stm32f4xx_rcc.o(.text)
    RCC_AHB3PeriphResetCmd                   0x08002f49   Thumb Code    34  stm32f4xx_rcc.o(.text)
    RCC_APB1PeriphResetCmd                   0x08002f6b   Thumb Code    34  stm32f4xx_rcc.o(.text)
    RCC_APB2PeriphResetCmd                   0x08002f8d   Thumb Code    34  stm32f4xx_rcc.o(.text)
    RCC_AHB1PeriphClockLPModeCmd             0x08002faf   Thumb Code    34  stm32f4xx_rcc.o(.text)
    RCC_AHB2PeriphClockLPModeCmd             0x08002fd1   Thumb Code    34  stm32f4xx_rcc.o(.text)
    RCC_AHB3PeriphClockLPModeCmd             0x08002ff3   Thumb Code    34  stm32f4xx_rcc.o(.text)
    RCC_APB1PeriphClockLPModeCmd             0x08003015   Thumb Code    34  stm32f4xx_rcc.o(.text)
    RCC_APB2PeriphClockLPModeCmd             0x08003037   Thumb Code    34  stm32f4xx_rcc.o(.text)
    RCC_ITConfig                             0x08003059   Thumb Code    34  stm32f4xx_rcc.o(.text)
    RCC_ClearFlag                            0x0800307b   Thumb Code    18  stm32f4xx_rcc.o(.text)
    RCC_GetITStatus                          0x0800308d   Thumb Code    22  stm32f4xx_rcc.o(.text)
    RCC_ClearITPendingBit                    0x080030a3   Thumb Code     8  stm32f4xx_rcc.o(.text)
    TIM_DeInit                               0x080030b1   Thumb Code   346  stm32f4xx_tim.o(.text)
    TIM_TimeBaseInit                         0x0800320b   Thumb Code   104  stm32f4xx_tim.o(.text)
    TIM_TimeBaseStructInit                   0x08003273   Thumb Code    18  stm32f4xx_tim.o(.text)
    TIM_PrescalerConfig                      0x08003285   Thumb Code     6  stm32f4xx_tim.o(.text)
    TIM_CounterModeConfig                    0x0800328b   Thumb Code    18  stm32f4xx_tim.o(.text)
    TIM_SetCounter                           0x0800329d   Thumb Code     4  stm32f4xx_tim.o(.text)
    TIM_SetAutoreload                        0x080032a1   Thumb Code     4  stm32f4xx_tim.o(.text)
    TIM_GetCounter                           0x080032a5   Thumb Code     6  stm32f4xx_tim.o(.text)
    TIM_GetPrescaler                         0x080032ab   Thumb Code     6  stm32f4xx_tim.o(.text)
    TIM_UpdateDisableConfig                  0x080032b1   Thumb Code    24  stm32f4xx_tim.o(.text)
    TIM_UpdateRequestConfig                  0x080032c9   Thumb Code    24  stm32f4xx_tim.o(.text)
    TIM_ARRPreloadConfig                     0x080032e1   Thumb Code    24  stm32f4xx_tim.o(.text)
    TIM_SelectOnePulseMode                   0x080032f9   Thumb Code    18  stm32f4xx_tim.o(.text)
    TIM_SetClockDivision                     0x0800330b   Thumb Code    18  stm32f4xx_tim.o(.text)
    TIM_Cmd                                  0x0800331d   Thumb Code    24  stm32f4xx_tim.o(.text)
    TIM_OC1Init                              0x08003335   Thumb Code   114  stm32f4xx_tim.o(.text)
    TIM_OC2Init                              0x080033a7   Thumb Code   154  stm32f4xx_tim.o(.text)
    TIM_OC3Init                              0x08003441   Thumb Code   204  stm32f4xx_tim.o(.text)
    TIM_OC4Init                              0x0800350d   Thumb Code   112  stm32f4xx_tim.o(.text)
    TIM_OCStructInit                         0x0800357d   Thumb Code    20  stm32f4xx_tim.o(.text)
    TIM_SelectOCxM                           0x08003591   Thumb Code    86  stm32f4xx_tim.o(.text)
    TIM_SetCompare1                          0x080035e7   Thumb Code     4  stm32f4xx_tim.o(.text)
    TIM_SetCompare2                          0x080035eb   Thumb Code     4  stm32f4xx_tim.o(.text)
    TIM_SetCompare3                          0x080035ef   Thumb Code     4  stm32f4xx_tim.o(.text)
    TIM_SetCompare4                          0x080035f3   Thumb Code     4  stm32f4xx_tim.o(.text)
    TIM_ForcedOC1Config                      0x080035f7   Thumb Code    18  stm32f4xx_tim.o(.text)
    TIM_ForcedOC2Config                      0x08003609   Thumb Code    26  stm32f4xx_tim.o(.text)
    TIM_ForcedOC3Config                      0x08003623   Thumb Code    18  stm32f4xx_tim.o(.text)
    TIM_ForcedOC4Config                      0x08003635   Thumb Code    26  stm32f4xx_tim.o(.text)
    TIM_OC1PreloadConfig                     0x0800364f   Thumb Code    18  stm32f4xx_tim.o(.text)
    TIM_OC2PreloadConfig                     0x08003661   Thumb Code    26  stm32f4xx_tim.o(.text)
    TIM_OC3PreloadConfig                     0x0800367b   Thumb Code    18  stm32f4xx_tim.o(.text)
    TIM_OC4PreloadConfig                     0x0800368d   Thumb Code    26  stm32f4xx_tim.o(.text)
    TIM_OC1FastConfig                        0x080036a7   Thumb Code    18  stm32f4xx_tim.o(.text)
    TIM_OC2FastConfig                        0x080036b9   Thumb Code    26  stm32f4xx_tim.o(.text)
    TIM_OC3FastConfig                        0x080036d3   Thumb Code    18  stm32f4xx_tim.o(.text)
    TIM_OC4FastConfig                        0x080036e5   Thumb Code    26  stm32f4xx_tim.o(.text)
    TIM_ClearOC1Ref                          0x080036ff   Thumb Code    18  stm32f4xx_tim.o(.text)
    TIM_ClearOC2Ref                          0x08003711   Thumb Code    24  stm32f4xx_tim.o(.text)
    TIM_ClearOC3Ref                          0x08003729   Thumb Code    18  stm32f4xx_tim.o(.text)
    TIM_ClearOC4Ref                          0x0800373b   Thumb Code    24  stm32f4xx_tim.o(.text)
    TIM_OC1PolarityConfig                    0x08003753   Thumb Code    18  stm32f4xx_tim.o(.text)
    TIM_OC1NPolarityConfig                   0x08003765   Thumb Code    18  stm32f4xx_tim.o(.text)
    TIM_OC2PolarityConfig                    0x08003777   Thumb Code    26  stm32f4xx_tim.o(.text)
    TIM_OC2NPolarityConfig                   0x08003791   Thumb Code    26  stm32f4xx_tim.o(.text)
    TIM_OC3PolarityConfig                    0x080037ab   Thumb Code    26  stm32f4xx_tim.o(.text)
    TIM_OC3NPolarityConfig                   0x080037c5   Thumb Code    26  stm32f4xx_tim.o(.text)
    TIM_OC4PolarityConfig                    0x080037df   Thumb Code    26  stm32f4xx_tim.o(.text)
    TIM_CCxCmd                               0x080037f9   Thumb Code    30  stm32f4xx_tim.o(.text)
    TIM_CCxNCmd                              0x08003817   Thumb Code    30  stm32f4xx_tim.o(.text)
    TIM_SetIC4Prescaler                      0x08003835   Thumb Code    26  stm32f4xx_tim.o(.text)
    TIM_SetIC3Prescaler                      0x0800389f   Thumb Code    18  stm32f4xx_tim.o(.text)
    TIM_SetIC2Prescaler                      0x080038f9   Thumb Code    26  stm32f4xx_tim.o(.text)
    TIM_SetIC1Prescaler                      0x0800396d   Thumb Code    18  stm32f4xx_tim.o(.text)
    TIM_ICInit                               0x080039b9   Thumb Code   110  stm32f4xx_tim.o(.text)
    TIM_ICStructInit                         0x08003a27   Thumb Code    18  stm32f4xx_tim.o(.text)
    TIM_PWMIConfig                           0x08003a39   Thumb Code   124  stm32f4xx_tim.o(.text)
    TIM_GetCapture1                          0x08003ab5   Thumb Code     6  stm32f4xx_tim.o(.text)
    TIM_GetCapture2                          0x08003abb   Thumb Code     6  stm32f4xx_tim.o(.text)
    TIM_GetCapture3                          0x08003ac1   Thumb Code     6  stm32f4xx_tim.o(.text)
    TIM_GetCapture4                          0x08003ac7   Thumb Code     6  stm32f4xx_tim.o(.text)
    TIM_BDTRConfig                           0x08003acd   Thumb Code    32  stm32f4xx_tim.o(.text)
    TIM_BDTRStructInit                       0x08003aed   Thumb Code    18  stm32f4xx_tim.o(.text)
    TIM_CtrlPWMOutputs                       0x08003aff   Thumb Code    30  stm32f4xx_tim.o(.text)
    TIM_SelectCOM                            0x08003b1d   Thumb Code    24  stm32f4xx_tim.o(.text)
    TIM_CCPreloadControl                     0x08003b35   Thumb Code    24  stm32f4xx_tim.o(.text)
    TIM_ITConfig                             0x08003b4d   Thumb Code    18  stm32f4xx_tim.o(.text)
    TIM_GenerateEvent                        0x08003b5f   Thumb Code     4  stm32f4xx_tim.o(.text)
    TIM_GetFlagStatus                        0x08003b63   Thumb Code    18  stm32f4xx_tim.o(.text)
    TIM_ClearFlag                            0x08003b75   Thumb Code     6  stm32f4xx_tim.o(.text)
    TIM_GetITStatus                          0x08003b7b   Thumb Code    34  stm32f4xx_tim.o(.text)
    TIM_ClearITPendingBit                    0x08003b9d   Thumb Code     6  stm32f4xx_tim.o(.text)
    TIM_DMAConfig                            0x08003ba3   Thumb Code    10  stm32f4xx_tim.o(.text)
    TIM_DMACmd                               0x08003bad   Thumb Code    18  stm32f4xx_tim.o(.text)
    TIM_SelectCCDMA                          0x08003bbf   Thumb Code    24  stm32f4xx_tim.o(.text)
    TIM_InternalClockConfig                  0x08003bd7   Thumb Code    12  stm32f4xx_tim.o(.text)
    TIM_SelectInputTrigger                   0x08003be3   Thumb Code    18  stm32f4xx_tim.o(.text)
    TIM_ITRxExternalClockConfig              0x08003bf5   Thumb Code    24  stm32f4xx_tim.o(.text)
    TIM_TIxExternalClockConfig               0x08003c0d   Thumb Code    62  stm32f4xx_tim.o(.text)
    TIM_ETRConfig                            0x08003c4b   Thumb Code    28  stm32f4xx_tim.o(.text)
    TIM_ETRClockMode1Config                  0x08003c67   Thumb Code    54  stm32f4xx_tim.o(.text)
    TIM_ETRClockMode2Config                  0x08003c9d   Thumb Code    32  stm32f4xx_tim.o(.text)
    TIM_SelectOutputTrigger                  0x08003cbd   Thumb Code    18  stm32f4xx_tim.o(.text)
    TIM_SelectSlaveMode                      0x08003ccf   Thumb Code    18  stm32f4xx_tim.o(.text)
    TIM_SelectMasterSlaveMode                0x08003ce1   Thumb Code    18  stm32f4xx_tim.o(.text)
    TIM_EncoderInterfaceConfig               0x08003cf3   Thumb Code    66  stm32f4xx_tim.o(.text)
    TIM_SelectHallSensor                     0x08003d35   Thumb Code    24  stm32f4xx_tim.o(.text)
    TIM_RemapConfig                          0x08003d4d   Thumb Code     6  stm32f4xx_tim.o(.text)
    USART_DeInit                             0x08003d55   Thumb Code   156  stm32f4xx_usart.o(.text)
    USART_Init                               0x08003df1   Thumb Code   204  stm32f4xx_usart.o(.text)
    USART_StructInit                         0x08003ebd   Thumb Code    24  stm32f4xx_usart.o(.text)
    USART_ClockInit                          0x08003ed5   Thumb Code    32  stm32f4xx_usart.o(.text)
    USART_ClockStructInit                    0x08003ef5   Thumb Code    12  stm32f4xx_usart.o(.text)
    USART_Cmd                                0x08003f01   Thumb Code    24  stm32f4xx_usart.o(.text)
    USART_SetPrescaler                       0x08003f19   Thumb Code    16  stm32f4xx_usart.o(.text)
    USART_OverSampling8Cmd                   0x08003f29   Thumb Code    22  stm32f4xx_usart.o(.text)
    USART_OneBitMethodCmd                    0x08003f3f   Thumb Code    24  stm32f4xx_usart.o(.text)
    USART_SendData                           0x08003f57   Thumb Code     8  stm32f4xx_usart.o(.text)
    USART_ReceiveData                        0x08003f5f   Thumb Code    10  stm32f4xx_usart.o(.text)
    USART_SetAddress                         0x08003f69   Thumb Code    18  stm32f4xx_usart.o(.text)
    USART_ReceiverWakeUpCmd                  0x08003f7b   Thumb Code    24  stm32f4xx_usart.o(.text)
    USART_WakeUpConfig                       0x08003f93   Thumb Code    18  stm32f4xx_usart.o(.text)
    USART_LINBreakDetectLengthConfig         0x08003fa5   Thumb Code    18  stm32f4xx_usart.o(.text)
    USART_LINCmd                             0x08003fb7   Thumb Code    24  stm32f4xx_usart.o(.text)
    USART_SendBreak                          0x08003fcf   Thumb Code    10  stm32f4xx_usart.o(.text)
    USART_HalfDuplexCmd                      0x08003fd9   Thumb Code    24  stm32f4xx_usart.o(.text)
    USART_SetGuardTime                       0x08003ff1   Thumb Code    16  stm32f4xx_usart.o(.text)
    USART_SmartCardCmd                       0x08004001   Thumb Code    24  stm32f4xx_usart.o(.text)
    USART_SmartCardNACKCmd                   0x08004019   Thumb Code    24  stm32f4xx_usart.o(.text)
    USART_IrDAConfig                         0x08004031   Thumb Code    18  stm32f4xx_usart.o(.text)
    USART_IrDACmd                            0x08004043   Thumb Code    24  stm32f4xx_usart.o(.text)
    USART_DMACmd                             0x0800405b   Thumb Code    18  stm32f4xx_usart.o(.text)
    USART_ITConfig                           0x0800406d   Thumb Code    74  stm32f4xx_usart.o(.text)
    USART_GetFlagStatus                      0x080040b7   Thumb Code    26  stm32f4xx_usart.o(.text)
    USART_ClearFlag                          0x080040d1   Thumb Code    18  stm32f4xx_usart.o(.text)
    USART_GetITStatus                        0x080040e3   Thumb Code   110  stm32f4xx_usart.o(.text)
    USART_ClearITPendingBit                  0x08004151   Thumb Code    30  stm32f4xx_usart.o(.text)
    strtol                                   0x0800416f   Thumb Code   112  strtol.o(.text)
    strlen                                   0x080041df   Thumb Code    62  strlen.o(.text)
    __aeabi_memcpy                           0x0800421d   Thumb Code     0  rt_memcpy_v6.o(.text)
    __rt_memcpy                              0x0800421d   Thumb Code   138  rt_memcpy_v6.o(.text)
    _memcpy_lastbytes                        0x08004283   Thumb Code     0  rt_memcpy_v6.o(.text)
    __aeabi_memcpy4                          0x080042a7   Thumb Code     0  rt_memcpy_w.o(.text)
    __aeabi_memcpy8                          0x080042a7   Thumb Code     0  rt_memcpy_w.o(.text)
    __rt_memcpy_w                            0x080042a7   Thumb Code   100  rt_memcpy_w.o(.text)
    _memcpy_lastbytes_aligned                0x080042ef   Thumb Code     0  rt_memcpy_w.o(.text)
    __use_two_region_memory                  0x0800430b   Thumb Code     2  heapauxi.o(.text)
    __rt_heap_escrow$2region                 0x0800430d   Thumb Code     2  heapauxi.o(.text)
    __rt_heap_expand$2region                 0x0800430f   Thumb Code     2  heapauxi.o(.text)
    __cpp_initialize__aeabi_                 0x08004311   Thumb Code    26  init_aeabi.o(.text)
    __rt_ctype_table                         0x08004335   Thumb Code    16  rt_ctype_table.o(.text)
    __aeabi_errno_addr                       0x08004345   Thumb Code     8  rt_errno_addr_intlibspace.o(.text)
    __errno$intlibspace                      0x08004345   Thumb Code     0  rt_errno_addr_intlibspace.o(.text)
    __rt_errno_addr$intlibspace              0x08004345   Thumb Code     0  rt_errno_addr_intlibspace.o(.text)
    _strtoul                                 0x0800434d   Thumb Code   158  _strtoul.o(.text)
    __rt_SIGPVFN                             0x080043eb   Thumb Code    14  defsig_pvfn_outer.o(.text)
    __user_libspace                          0x080043f9   Thumb Code     8  libspace.o(.text)
    __user_perproc_libspace                  0x080043f9   Thumb Code     0  libspace.o(.text)
    __user_perthread_libspace                0x080043f9   Thumb Code     0  libspace.o(.text)
    __rt_locale                              0x08004401   Thumb Code     8  rt_locale_intlibspace.o(.text)
    _chval                                   0x08004409   Thumb Code    28  _chval.o(.text)
    __sig_exit                               0x08004425   Thumb Code    10  defsig_exit.o(.text)
    __rt_SIGPVFN_inner                       0x08004431   Thumb Code    14  defsig_pvfn_inner.o(.text)
    _sys_exit                                0x08004461   Thumb Code     8  sys_exit.o(.text)
    __user_setup_stackheap                   0x0800446d   Thumb Code    74  sys_stackheap_outer.o(.text)
    exit                                     0x080044b7   Thumb Code    12  exit.o(.text)
    __default_signal_display                 0x080044c3   Thumb Code    50  defsig_general.o(.text)
    strcmp                                   0x080044f5   Thumb Code   128  strcmpv7m.o(.text)
    _ttywrch                                 0x08004575   Thumb Code    14  sys_wrch.o(.text)
    __I$use$semihosting                      0x08004583   Thumb Code     0  use_no_semi.o(.text)
    __use_no_semihosting_swi                 0x08004583   Thumb Code     2  use_no_semi.o(.text)
    USARTSerial::flush()                     0x08004585   Thumb Code    14  main.o(i._ZN11USARTSerial5flushEv)
    __semihosting_library_function           0x08004585   Thumb Code     0  indicate_semi.o(.text)
    USARTSerial::available()                 0x08004593   Thumb Code    14  main.o(i._ZN11USARTSerial9availableEv)
    Print::write(const char*)                0x080045a1   Thumb Code    34  print.o(i._ZN5Print5writeEPKc)
    Stream::Stream__sub_object()             0x080045c5   Thumb Code    22  main.o(i._ZN6StreamC2Ev)
    I2CWire::read()                          0x080045e5   Thumb Code    20  i2cwire.o(i._ZN7I2CWire4readEv)
    __cxa_pure_virtual                       0x080045f9   Thumb Code     6  pure_virt.o(i.__cxa_pure_virtual)
    _get_lc_ctype                            0x08004601   Thumb Code    44  lc_ctype_c.o(locale$$code)
    __aeabi_dadd                             0x0800462d   Thumb Code     0  daddsub_clz.o(x$fpl$dadd)
    _dadd                                    0x0800462d   Thumb Code   332  daddsub_clz.o(x$fpl$dadd)
    __fpl_dcmp_Inf                           0x0800477d   Thumb Code    24  dcmpi.o(x$fpl$dcmpinf)
    __aeabi_ddiv                             0x08004795   Thumb Code     0  ddiv.o(x$fpl$ddiv)
    _ddiv                                    0x08004795   Thumb Code   552  ddiv.o(x$fpl$ddiv)
    __aeabi_d2iz                             0x08004a45   Thumb Code     0  dfix.o(x$fpl$dfix)
    _dfix                                    0x08004a45   Thumb Code    94  dfix.o(x$fpl$dfix)
    __aeabi_d2uiz                            0x08004aa5   Thumb Code     0  dfixu.o(x$fpl$dfixu)
    _dfixu                                   0x08004aa5   Thumb Code    90  dfixu.o(x$fpl$dfixu)
    __aeabi_i2d                              0x08004aff   Thumb Code     0  dflt_clz.o(x$fpl$dflt)
    _dflt                                    0x08004aff   Thumb Code    46  dflt_clz.o(x$fpl$dflt)
    __aeabi_ui2d                             0x08004b2d   Thumb Code     0  dflt_clz.o(x$fpl$dfltu)
    _dfltu                                   0x08004b2d   Thumb Code    38  dflt_clz.o(x$fpl$dfltu)
    __aeabi_cdcmple                          0x08004b55   Thumb Code     0  dleqf.o(x$fpl$dleqf)
    _dcmple                                  0x08004b55   Thumb Code   120  dleqf.o(x$fpl$dleqf)
    __fpl_dcmple_InfNaN                      0x08004bb7   Thumb Code     0  dleqf.o(x$fpl$dleqf)
    __aeabi_dmul                             0x08004bcd   Thumb Code     0  dmul.o(x$fpl$dmul)
    _dmul                                    0x08004bcd   Thumb Code   332  dmul.o(x$fpl$dmul)
    __fpl_dnaninf                            0x08004d21   Thumb Code   156  dnaninf.o(x$fpl$dnaninf)
    __fpl_dretinf                            0x08004dbd   Thumb Code    12  dretinf.o(x$fpl$dretinf)
    __aeabi_cdrcmple                         0x08004dc9   Thumb Code     0  drleqf.o(x$fpl$drleqf)
    _drcmple                                 0x08004dc9   Thumb Code   108  drleqf.o(x$fpl$drleqf)
    __aeabi_drsub                            0x08004e35   Thumb Code     0  daddsub_clz.o(x$fpl$drsb)
    _drsb                                    0x08004e35   Thumb Code    22  daddsub_clz.o(x$fpl$drsb)
    __aeabi_dsub                             0x08004e4d   Thumb Code     0  daddsub_clz.o(x$fpl$dsub)
    _dsub                                    0x08004e4d   Thumb Code   464  daddsub_clz.o(x$fpl$dsub)
    __aeabi_f2d                              0x08005021   Thumb Code     0  f2d.o(x$fpl$f2d)
    _f2d                                     0x08005021   Thumb Code    86  f2d.o(x$fpl$f2d)
    __aeabi_fdiv                             0x08005079   Thumb Code     0  fdiv.o(x$fpl$fdiv)
    _fdiv                                    0x08005079   Thumb Code   384  fdiv.o(x$fpl$fdiv)
    __aeabi_ui2f                             0x080051fd   Thumb Code     0  fflt_clz.o(x$fpl$ffltu)
    _ffltu                                   0x080051fd   Thumb Code    38  fflt_clz.o(x$fpl$ffltu)
    __fpl_fnaninf                            0x08005223   Thumb Code   140  fnaninf.o(x$fpl$fnaninf)
    __fpl_fretinf                            0x080052af   Thumb Code    10  fretinf.o(x$fpl$fretinf)
    __I$use$fp                               0x080052b8   Number         0  usenofp.o(x$fpl$usenofp)
    vtable for USARTSerial                   0x080054a0   Data          32  usartserial.o(.constdata__ZTV11USARTSerial)
    vtable for Print                         0x080054c0   Data          16  print.o(.constdata__ZTV5Print)
    vtable for Stream                        0x080054d0   Data          32  main.o(.constdata__ZTV6Stream)
    vtable for I2CWire                       0x080054f0   Data          36  i2cwire.o(.constdata__ZTV7I2CWire)
    vtable for ST7032i                       0x08005514   Data          16  st7032i.o(.constdata__ZTV7ST7032i)
    Region$$Table$$Base                      0x08005524   Number         0  anon$$obj.o(Region$$Table)
    Region$$Table$$Limit                     0x08005544   Number         0  anon$$obj.o(Region$$Table)
    __ctype                                  0x08005551   Data           0  lc_ctype_c.o(locale$$data)
    SHT$$INIT_ARRAY$$Base                    0x08005654   Number         0  main.o(.init_array)
    SHT$$INIT_ARRAY$$Limit                   0x08005658   Number         0  main.o(.init_array)
    SystemCoreClock                          0x20000000   Data           4  system_stm32f4xx.o(.data)
    AHBPrescTable                            0x20000004   Data          16  system_stm32f4xx.o(.data)
    __counter_micros                         0x20000014   Data           4  delay.o(.data)
    __counter_millis                         0x20000018   Data           4  delay.o(.data)
    PortPeriph                               0x2000001c   Data          40  gpio.o(.data)
    Port                                     0x20000044   Data          40  gpio.o(.data)
    Pin                                      0x2000006c   Data          34  gpio.o(.data)
    _systick_counter                         0x20000090   Data           4  systick.o(.data)
    Serial3                                  0x200000a4   Data          28  main.o(.bss)
    Wire1                                    0x200000c0   Data          24  main.o(.bss)
    lcd                                      0x200000d8   Data          24  main.o(.bss)
    rtc                                      0x200000f0   Data          12  main.o(.bss)
    I2C1Buffer                               0x200000fc   Data         276  i2c.o(.bss)
    I2C2Buffer                               0x20000210   Data         276  i2c.o(.bss)
    I2C3Buffer                               0x20000324   Data         276  i2c.o(.bss)
    rxring                                   0x20000438   Data        1572  usart.o(.bss)
    txring                                   0x20000a5c   Data        1572  usart.o(.bss)
    __libspace_start                         0x20001080   Data          96  libspace.o(.bss)
    __temporary_stack_top$libspace           0x200010e0   Data           0  libspace.o(.bss)



==============================================================================

Memory Map of the image

  Image Entry point : 0x08000189

  Load Region LR_IROM1 (Base: 0x08000000, Size: 0x000056fc, Max: 0x00100000, ABSOLUTE)

    Execution Region ER_IROM1 (Base: 0x08000000, Size: 0x00005658, Max: 0x00100000, ABSOLUTE)

    Base Addr    Size         Type   Attr      Idx    E Section Name        Object

    0x08000000   0x00000188   Data   RO            3    RESET               startup_stm32f4xx.o
    0x08000188   0x00000008   Code   RO          997  * !!!main             c_w.l(__main.o)
    0x08000190   0x00000034   Code   RO         1390    !!!scatter          c_w.l(__scatter.o)
    0x080001c4   0x0000001a   Code   RO         1392    !!handler_copy      c_w.l(__scatter_copy.o)
    0x080001de   0x00000002   PAD
    0x080001e0   0x0000001c   Code   RO         1394    !!handler_zi        c_w.l(__scatter_zi.o)
    0x080001fc   0x00000002   Code   RO         1327    .ARM.Collect$$libinit$$00000000  c_w.l(libinit.o)
    0x080001fe   0x00000000   Code   RO         1167    .ARM.Collect$$libinit$$00000002  c_w.l(libinit2.o)
    0x080001fe   0x00000000   Code   RO         1170    .ARM.Collect$$libinit$$00000008  c_w.l(libinit2.o)
    0x080001fe   0x00000000   Code   RO         1172    .ARM.Collect$$libinit$$0000000A  c_w.l(libinit2.o)
    0x080001fe   0x00000000   Code   RO         1174    .ARM.Collect$$libinit$$0000000C  c_w.l(libinit2.o)
    0x080001fe   0x00000006   Code   RO         1175    .ARM.Collect$$libinit$$0000000D  c_w.l(libinit2.o)
    0x08000204   0x00000000   Code   RO         1177    .ARM.Collect$$libinit$$0000000F  c_w.l(libinit2.o)
    0x08000204   0x0000000c   Code   RO         1178    .ARM.Collect$$libinit$$00000010  c_w.l(libinit2.o)
    0x08000210   0x00000000   Code   RO         1179    .ARM.Collect$$libinit$$00000011  c_w.l(libinit2.o)
    0x08000210   0x00000000   Code   RO         1181    .ARM.Collect$$libinit$$00000013  c_w.l(libinit2.o)
    0x08000210   0x00000000   Code   RO         1183    .ARM.Collect$$libinit$$00000015  c_w.l(libinit2.o)
    0x08000210   0x00000000   Code   RO         1185    .ARM.Collect$$libinit$$00000017  c_w.l(libinit2.o)
    0x08000210   0x00000000   Code   RO         1187    .ARM.Collect$$libinit$$00000019  c_w.l(libinit2.o)
    0x08000210   0x00000000   Code   RO         1189    .ARM.Collect$$libinit$$0000001B  c_w.l(libinit2.o)
    0x08000210   0x00000000   Code   RO         1191    .ARM.Collect$$libinit$$0000001D  c_w.l(libinit2.o)
    0x08000210   0x00000000   Code   RO         1193    .ARM.Collect$$libinit$$0000001F  c_w.l(libinit2.o)
    0x08000210   0x00000000   Code   RO         1195    .ARM.Collect$$libinit$$00000021  c_w.l(libinit2.o)
    0x08000210   0x00000000   Code   RO         1197    .ARM.Collect$$libinit$$00000023  c_w.l(libinit2.o)
    0x08000210   0x00000000   Code   RO         1201    .ARM.Collect$$libinit$$0000002A  c_w.l(libinit2.o)
    0x08000210   0x00000000   Code   RO         1203    .ARM.Collect$$libinit$$0000002C  c_w.l(libinit2.o)
    0x08000210   0x00000000   Code   RO         1205    .ARM.Collect$$libinit$$0000002E  c_w.l(libinit2.o)
    0x08000210   0x00000004   Code   RO         1206    .ARM.Collect$$libinit$$0000002F  c_w.l(libinit2.o)
    0x08000214   0x00000000   Code   RO         1207    .ARM.Collect$$libinit$$00000030  c_w.l(libinit2.o)
    0x08000214   0x00000002   Code   RO         1208    .ARM.Collect$$libinit$$00000031  c_w.l(libinit2.o)
    0x08000216   0x00000002   Code   RO         1372    .ARM.Collect$$libshutdown$$00000000  c_w.l(libshutdown.o)
    0x08000218   0x00000000   Code   RO         1375    .ARM.Collect$$libshutdown$$00000003  c_w.l(libshutdown2.o)
    0x08000218   0x00000000   Code   RO         1378    .ARM.Collect$$libshutdown$$00000006  c_w.l(libshutdown2.o)
    0x08000218   0x00000000   Code   RO         1381    .ARM.Collect$$libshutdown$$00000009  c_w.l(libshutdown2.o)
    0x08000218   0x00000000   Code   RO         1383    .ARM.Collect$$libshutdown$$0000000B  c_w.l(libshutdown2.o)
    0x08000218   0x00000000   Code   RO         1386    .ARM.Collect$$libshutdown$$0000000E  c_w.l(libshutdown2.o)
    0x08000218   0x00000002   Code   RO         1387    .ARM.Collect$$libshutdown$$0000000F  c_w.l(libshutdown2.o)
    0x0800021a   0x00000000   Code   RO         1152    .ARM.Collect$$rtentry$$00000000  c_w.l(rtentry.o)
    0x0800021a   0x00000000   Code   RO         1234    .ARM.Collect$$rtentry$$00000002  c_w.l(rtentry2.o)
    0x0800021a   0x00000006   Code   RO         1246    .ARM.Collect$$rtentry$$00000004  c_w.l(rtentry4.o)
    0x08000220   0x00000000   Code   RO         1236    .ARM.Collect$$rtentry$$00000009  c_w.l(rtentry2.o)
    0x08000220   0x00000004   Code   RO         1237    .ARM.Collect$$rtentry$$0000000A  c_w.l(rtentry2.o)
    0x08000224   0x00000000   Code   RO         1239    .ARM.Collect$$rtentry$$0000000C  c_w.l(rtentry2.o)
    0x08000224   0x00000008   Code   RO         1240    .ARM.Collect$$rtentry$$0000000D  c_w.l(rtentry2.o)
    0x0800022c   0x00000002   Code   RO         1335    .ARM.Collect$$rtexit$$00000000  c_w.l(rtexit.o)
    0x0800022e   0x00000000   Code   RO         1348    .ARM.Collect$$rtexit$$00000002  c_w.l(rtexit2.o)
    0x0800022e   0x00000004   Code   RO         1349    .ARM.Collect$$rtexit$$00000003  c_w.l(rtexit2.o)
    0x08000232   0x00000006   Code   RO         1350    .ARM.Collect$$rtexit$$00000004  c_w.l(rtexit2.o)
    0x08000238   0x00000040   Code   RO            4    .text               startup_stm32f4xx.o
    0x08000278   0x0000058c   Code   RO           11    .text               main.o
    0x08000804   0x00000018   Code   RO          237    .text               stm32f4xx_it.o
    0x0800081c   0x000001ec   Code   RO          361    .text               system_stm32f4xx.o
    0x08000a08   0x00000128   Code   RO          409    .text               delay.o
    0x08000b30   0x000001f4   Code   RO          431    .text               gpio.o
    0x08000d24   0x00000470   Code   RO          453    .text               i2c.o
    0x08001194   0x000004c8   Code   RO          487    .text               print.o
    0x0800165c   0x00000384   Code   RO          534    .text               st7032i.o
    0x080019e0   0x00000088   Code   RO          666    .text               systick.o
    0x08001a68   0x00000550   Code   RO          692    .text               usart.o
    0x08001fb8   0x0000002e   Code   RO          717    .text               usartserial.o
    0x08001fe6   0x00000002   PAD
    0x08001fe8   0x000002a4   Code   RO          765    .text               ds1307.o
    0x0800228c   0x00000168   Code   RO          802    .text               i2cwire.o
    0x080023f4   0x000000e4   Code   RO          856    .text               misc.o
    0x080024d8   0x0000024c   Code   RO          888    .text               stm32f4xx_gpio.o
    0x08002724   0x0000040c   Code   RO          904    .text               stm32f4xx_i2c.o
    0x08002b30   0x00000580   Code   RO          920    .text               stm32f4xx_rcc.o
    0x080030b0   0x00000ca2   Code   RO          938    .text               stm32f4xx_tim.o
    0x08003d52   0x00000002   PAD
    0x08003d54   0x0000041a   Code   RO          954    .text               stm32f4xx_usart.o
    0x0800416e   0x00000070   Code   RO          987    .text               c_w.l(strtol.o)
    0x080041de   0x0000003e   Code   RO          989    .text               c_w.l(strlen.o)
    0x0800421c   0x0000008a   Code   RO          991    .text               c_w.l(rt_memcpy_v6.o)
    0x080042a6   0x00000064   Code   RO          993    .text               c_w.l(rt_memcpy_w.o)
    0x0800430a   0x00000006   Code   RO          995    .text               c_w.l(heapauxi.o)
    0x08004310   0x00000024   Code   RO         1002    .text               c_w.l(init_aeabi.o)
    0x08004334   0x00000010   Code   RO         1153    .text               c_w.l(rt_ctype_table.o)
    0x08004344   0x00000008   Code   RO         1158    .text               c_w.l(rt_errno_addr_intlibspace.o)
    0x0800434c   0x0000009e   Code   RO         1160    .text               c_w.l(_strtoul.o)
    0x080043ea   0x0000000e   Code   RO         1162    .text               c_w.l(defsig_pvfn_outer.o)
    0x080043f8   0x00000008   Code   RO         1230    .text               c_w.l(libspace.o)
    0x08004400   0x00000008   Code   RO         1253    .text               c_w.l(rt_locale_intlibspace.o)
    0x08004408   0x0000001c   Code   RO         1255    .text               c_w.l(_chval.o)
    0x08004424   0x0000000a   Code   RO         1272    .text               c_w.l(defsig_exit.o)
    0x0800442e   0x00000002   PAD
    0x08004430   0x00000030   Code   RO         1274    .text               c_w.l(defsig_pvfn_inner.o)
    0x08004460   0x0000000c   Code   RO         1280    .text               c_w.l(sys_exit.o)
    0x0800446c   0x0000004a   Code   RO         1282    .text               c_w.l(sys_stackheap_outer.o)
    0x080044b6   0x0000000c   Code   RO         1310    .text               c_w.l(exit.o)
    0x080044c2   0x00000032   Code   RO         1314    .text               c_w.l(defsig_general.o)
    0x080044f4   0x00000080   Code   RO         1316    .text               c_w.l(strcmpv7m.o)
    0x08004574   0x0000000e   Code   RO         1328    .text               c_w.l(sys_wrch.o)
    0x08004582   0x00000002   Code   RO         1332    .text               c_w.l(use_no_semi.o)
    0x08004584   0x00000000   Code   RO         1334    .text               c_w.l(indicate_semi.o)
    0x08004584   0x0000000e   Code   RO           41    i._ZN11USARTSerial5flushEv  main.o
    0x08004592   0x0000000e   Code   RO           35    i._ZN11USARTSerial9availableEv  main.o
    0x080045a0   0x00000022   Code   RO          499    i._ZN5Print5writeEPKc  print.o
    0x080045c2   0x00000002   PAD
    0x080045c4   0x00000020   Code   RO           29    i._ZN6StreamC2Ev    main.o
    0x080045e4   0x00000014   Code   RO          829    i._ZN7I2CWire4readEv  i2cwire.o
    0x080045f8   0x00000006   Code   RO         1005    i.__cxa_pure_virtual  cpprt_w.l(pure_virt.o)
    0x080045fe   0x00000002   PAD
    0x08004600   0x0000002c   Code   RO         1267    locale$$code        c_w.l(lc_ctype_c.o)
    0x0800462c   0x00000150   Code   RO         1108    x$fpl$dadd          fz_ws.l(daddsub_clz.o)
    0x0800477c   0x00000018   Code   RO         1219    x$fpl$dcmpinf       fz_ws.l(dcmpi.o)
    0x08004794   0x000002b0   Code   RO         1115    x$fpl$ddiv          fz_ws.l(ddiv.o)
    0x08004a44   0x0000005e   Code   RO         1118    x$fpl$dfix          fz_ws.l(dfix.o)
    0x08004aa2   0x00000002   PAD
    0x08004aa4   0x0000005a   Code   RO         1122    x$fpl$dfixu         fz_ws.l(dfixu.o)
    0x08004afe   0x0000002e   Code   RO         1127    x$fpl$dflt          fz_ws.l(dflt_clz.o)
    0x08004b2c   0x00000026   Code   RO         1126    x$fpl$dfltu         fz_ws.l(dflt_clz.o)
    0x08004b52   0x00000002   PAD
    0x08004b54   0x00000078   Code   RO         1132    x$fpl$dleqf         fz_ws.l(dleqf.o)
    0x08004bcc   0x00000154   Code   RO         1134    x$fpl$dmul          fz_ws.l(dmul.o)
    0x08004d20   0x0000009c   Code   RO         1221    x$fpl$dnaninf       fz_ws.l(dnaninf.o)
    0x08004dbc   0x0000000c   Code   RO         1223    x$fpl$dretinf       fz_ws.l(dretinf.o)
    0x08004dc8   0x0000006c   Code   RO         1136    x$fpl$drleqf        fz_ws.l(drleqf.o)
    0x08004e34   0x00000016   Code   RO         1109    x$fpl$drsb          fz_ws.l(daddsub_clz.o)
    0x08004e4a   0x00000002   PAD
    0x08004e4c   0x000001d4   Code   RO         1110    x$fpl$dsub          fz_ws.l(daddsub_clz.o)
    0x08005020   0x00000056   Code   RO         1138    x$fpl$f2d           fz_ws.l(f2d.o)
    0x08005076   0x00000002   PAD
    0x08005078   0x00000184   Code   RO         1141    x$fpl$fdiv          fz_ws.l(fdiv.o)
    0x080051fc   0x00000026   Code   RO         1144    x$fpl$ffltu         fz_ws.l(fflt_clz.o)
    0x08005222   0x0000008c   Code   RO         1225    x$fpl$fnaninf       fz_ws.l(fnaninf.o)
    0x080052ae   0x0000000a   Code   RO         1227    x$fpl$fretinf       fz_ws.l(fretinf.o)
    0x080052b8   0x00000000   Code   RO         1229    x$fpl$usenofp       fz_ws.l(usenofp.o)
    0x080052b8   0x000001d8   Data   RO           14    .constdata          main.o
    0x08005490   0x00000010   Data   RO          536    .constdata          st7032i.o
    0x080054a0   0x00000020   Data   RO          730    .constdata__ZTV11USARTSerial  usartserial.o
    0x080054c0   0x00000010   Data   RO          498    .constdata__ZTV5Print  print.o
    0x080054d0   0x00000020   Data   RO           48    .constdata__ZTV6Stream  main.o
    0x080054f0   0x00000024   Data   RO          815    .constdata__ZTV7I2CWire  i2cwire.o
    0x08005514   0x00000010   Data   RO          549    .constdata__ZTV7ST7032i  st7032i.o
    0x08005524   0x00000020   Data   RO         1388    Region$$Table       anon$$obj.o
    0x08005544   0x00000110   Data   RO         1266    locale$$data        c_w.l(lc_ctype_c.o)
    0x08005654   0x00000004   Data   RO           15    .init_array         main.o


    Execution Region RW_IRAM1 (Base: 0x20000000, Size: 0x000016e0, Max: 0x00020000, ABSOLUTE)

    Base Addr    Size         Type   Attr      Idx    E Section Name        Object

    0x20000000   0x00000014   Data   RW          362    .data               system_stm32f4xx.o
    0x20000014   0x00000008   Data   RW          410    .data               delay.o
    0x2000001c   0x00000072   Data   RW          432    .data               gpio.o
    0x2000008e   0x00000002   PAD
    0x20000090   0x00000004   Data   RW          667    .data               systick.o
    0x20000094   0x00000010   Data   RW          921    .data               stm32f4xx_rcc.o
    0x200000a4   0x00000058   Zero   RW           13    .bss                main.o
    0x200000fc   0x0000033c   Zero   RW          454    .bss                i2c.o
    0x20000438   0x00000c48   Zero   RW          693    .bss                usart.o
    0x20001080   0x00000060   Zero   RW         1231    .bss                c_w.l(libspace.o)
    0x200010e0   0x00000200   Zero   RW            2    HEAP                startup_stm32f4xx.o
    0x200012e0   0x00000400   Zero   RW            1    STACK               startup_stm32f4xx.o


==============================================================================

Image component sizes


      Code (inc. data)   RO Data    RW Data    ZI Data      Debug   Object Name

         0          0          0          0          0       1188   adc3dma.o
       296         12          0          8          0       2123   delay.o
       676         30          0          0          0      10184   ds1307.o
       500         44          0        114          0       4289   gpio.o
      1136         42          0          0        828       5795   i2c.o
       380         14         36          0          0       5996   i2cwire.o
      1480        170        508          0         88     242806   main.o
       228         22          0          0          0       1865   misc.o
      1258         42         16          0          0      12308   print.o
       900         14         32          0          0     217423   st7032i.o
        64         26        392          0       1536        768   startup_stm32f4xx.o
       588         36          0          0          0       3949   stm32f4xx_gpio.o
      1036         24          0          0          0       7987   stm32f4xx_i2c.o
        24          0          0          0          0     267526   stm32f4xx_it.o
      1408         48          0         16          0      10907   stm32f4xx_rcc.o
      3234         60          0          0          0      22200   stm32f4xx_tim.o
      1050         26          0          0          0       7672   stm32f4xx_usart.o
         0          0          0          0          0       1700   stream.o
       492         46          0         20          0       1607   system_stm32f4xx.o
       136         12          0          4          0      20050   systick.o
      1360         76          0          0       3144       6129   usart.o
        46          0         32          0          0       3220   usartserial.o

    ----------------------------------------------------------------------
     16298        744       1048        164       5596     857692   Object Totals
         0          0         32          0          0          0   (incl. Generated)
         6          0          0          2          0          0   (incl. Padding)

    ----------------------------------------------------------------------

      Code (inc. data)   RO Data    RW Data    ZI Data      Debug   Library Member Name

         8          0          0          0          0         68   __main.o
        52          8          0          0          0          0   __scatter.o
        26          0          0          0          0          0   __scatter_copy.o
        28          0          0          0          0          0   __scatter_zi.o
        28          0          0          0          0         68   _chval.o
       158          0          0          0          0         92   _strtoul.o
        10          0          0          0          0         68   defsig_exit.o
        50          0          0          0          0         88   defsig_general.o
        48         34          0          0          0         76   defsig_pvfn_inner.o
        14          0          0          0          0         80   defsig_pvfn_outer.o
        12          0          0          0          0         72   exit.o
         6          0          0          0          0        152   heapauxi.o
         0          0          0          0          0          0   indicate_semi.o
        36         10          0          0          0         80   init_aeabi.o
        44         10        272          0          0         76   lc_ctype_c.o
         2          0          0          0          0          0   libinit.o
        24          0          0          0          0          0   libinit2.o
         2          0          0          0          0          0   libshutdown.o
         2          0          0          0          0          0   libshutdown2.o
         8          4          0          0         96         68   libspace.o
        16          4          0          0          0         76   rt_ctype_table.o
         8          4          0          0          0         68   rt_errno_addr_intlibspace.o
         8          4          0          0          0         68   rt_locale_intlibspace.o
       138          0          0          0          0         68   rt_memcpy_v6.o
       100          0          0          0          0         80   rt_memcpy_w.o
         0          0          0          0          0          0   rtentry.o
        12          0          0          0          0          0   rtentry2.o
         6          0          0          0          0          0   rtentry4.o
         2          0          0          0          0          0   rtexit.o
        10          0          0          0          0          0   rtexit2.o
       128          0          0          0          0         68   strcmpv7m.o
        62          0          0          0          0         76   strlen.o
       112          0          0          0          0         88   strtol.o
        12          4          0          0          0         68   sys_exit.o
        74          0          0          0          0         80   sys_stackheap_outer.o
        14          0          0          0          0         76   sys_wrch.o
         2          0          0          0          0         68   use_no_semi.o
         6          0          0          0          0         68   pure_virt.o
       826         16          0          0          0        356   daddsub_clz.o
        24          0          0          0          0         68   dcmpi.o
       688        140          0          0          0        212   ddiv.o
        94          4          0          0          0         92   dfix.o
        90          4          0          0          0         92   dfixu.o
        84          0          0          0          0        136   dflt_clz.o
       120          4          0          0          0         92   dleqf.o
       340         12          0          0          0        104   dmul.o
       156          4          0          0          0         92   dnaninf.o
        12          0          0          0          0         68   dretinf.o
       108          0          0          0          0         80   drleqf.o
        86          4          0          0          0         84   f2d.o
       388         76          0          0          0         96   fdiv.o
        38          0          0          0          0         68   fflt_clz.o
       140          4          0          0          0         84   fnaninf.o
        10          0          0          0          0         68   fretinf.o
         0          0          0          0          0          0   usenofp.o

    ----------------------------------------------------------------------
      4486        350        272          0         96       3732   Library Totals
        14          0          0          0          0          0   (incl. Padding)

    ----------------------------------------------------------------------

      Code (inc. data)   RO Data    RW Data    ZI Data      Debug   Library Name

      1262         82        272          0         96       1872   c_w.l
         6          0          0          0          0         68   cpprt_w.l
      3204        268          0          0          0       1792   fz_ws.l

    ----------------------------------------------------------------------
      4486        350        272          0         96       3732   Library Totals

    ----------------------------------------------------------------------

==============================================================================


      Code (inc. data)   RO Data    RW Data    ZI Data      Debug   

     20784       1094       1320        164       5692     856952   Grand Totals
     20784       1094       1320        164       5692     856952   ELF Image Totals
     20784       1094       1320        164          0          0   ROM Totals

==============================================================================

    Total RO  Size (Code + RO Data)                22104 (  21.59kB)
    Total RW  Size (RW Data + ZI Data)              5856 (   5.72kB)
    Total ROM Size (Code + RO Data + RW Data)      22268 (  21.75kB)

==============================================================================

