ARM Linker, 5.02 [Build 28] [MDK-ARM Lite]

==============================================================================

Section Cross References

    startup_stm32f4xx.o(STACK) refers (Special) to heapauxi.o(.text) for __use_two_region_memory
    startup_stm32f4xx.o(HEAP) refers (Special) to heapauxi.o(.text) for __use_two_region_memory
    startup_stm32f4xx.o(RESET) refers (Special) to heapauxi.o(.text) for __use_two_region_memory
    startup_stm32f4xx.o(RESET) refers to startup_stm32f4xx.o(STACK) for __initial_sp
    startup_stm32f4xx.o(RESET) refers to startup_stm32f4xx.o(.text) for Reset_Handler
    startup_stm32f4xx.o(RESET) refers to stm32f4xx_it.o(.text) for NMI_Handler
    startup_stm32f4xx.o(RESET) refers to systick.o(.text) for SysTick_Handler
    startup_stm32f4xx.o(RESET) refers to delay.o(.text) for TIM2_IRQHandler
    startup_stm32f4xx.o(RESET) refers to i2c.o(.text) for I2C1_EV_IRQHandler
    startup_stm32f4xx.o(RESET) refers to usart.o(.text) for USART1_IRQHandler
    startup_stm32f4xx.o(.text) refers (Special) to heapauxi.o(.text) for __use_two_region_memory
    startup_stm32f4xx.o(.text) refers to system_stm32f4xx.o(.text) for SystemInit
    startup_stm32f4xx.o(.text) refers to __main.o(!!!main) for __main
    startup_stm32f4xx.o(.text) refers to startup_stm32f4xx.o(HEAP) for Heap_Mem
    startup_stm32f4xx.o(.text) refers to startup_stm32f4xx.o(STACK) for Stack_Mem
    main.o(.text) refers to delay.o(.text) for TIM2_timer_start
    main.o(.text) refers to usartserial.o(.text) for USARTSerial::begin(_GPIOPin, _GPIOPin, unsigned)
    main.o(.text) refers to rt_memcpy_w.o(.text) for __aeabi_memcpy4
    main.o(.text) refers to strlen.o(.text) for strlen
    main.o(.text) refers to print.o(.text) for Print::println(const char*)
    main.o(.text) refers to main.o(i._ZN11USARTSerial5flushEv) for USARTSerial::flush()
    main.o(.text) refers to stm32f4xx_rcc.o(.text) for RCC_GetClocksFreq
    main.o(.text) refers to gpio.o(.text) for PinBit
    main.o(.text) refers to i2c.o(.text) for i2c_begin
    main.o(.text) refers to st7032i.o(.text) for ST7032i::init(__I2CBuffer*)
    main.o(.text) refers to stm32f4xx_gpio.o(.text) for GPIO_ReadOutputData
    main.o(.text) refers to fflt_clz.o(x$fpl$ffltu) for __aeabi_ui2f
    main.o(.text) refers to fdiv.o(x$fpl$fdiv) for __aeabi_fdiv
    main.o(.text) refers to f2d.o(x$fpl$f2d) for __aeabi_f2d
    main.o(.text) refers to ds1307.o(.text) for DS1307::updateTime()
    main.o(.text) refers to main.o(i._ZN11USARTSerial9availableEv) for USARTSerial::available()
    main.o(.text) refers to usart.o(.text) for usart_read
    main.o(.text) refers to main.o(.bss) for Serial3
    main.o(.text) refers to main.o(.constdata) for .constdata
    main.o(.text) refers to i2c.o(.bss) for I2C1Buffer
    main.o(.text) refers to strtol.o(.text) for strtol
    main.o(.text) refers to main.o(i._ZN5PrintC2Ev) for Print::Print__sub_object()
    main.o(.text) refers to st7032i.o(.constdata__ZTV7ST7032i) for vtable for ST7032i
    main.o(.text) refers to main.o(.constdata__ZTV6Stream) for vtable for Stream
    main.o(.text) refers to usartserial.o(.constdata__ZTV11USARTSerial) for vtable for USARTSerial
    main.o(.ARM.exidx) refers to main.o(.text) for .text
    main.o(.init_array) refers to main.o(.text) for __sti___8_main_cpp
    main.o(.init_array) refers to init_aeabi.o(.text) for __cpp_initialize__aeabi_
    system_stm32f4xx.o(.text) refers to system_stm32f4xx.o(.data) for SystemCoreClock
    adc3dma.o(.text) refers to stm32f4xx_rcc.o(.text) for RCC_AHB1PeriphClockCmd
    adc3dma.o(.text) refers to stm32f4xx_dma.o(.text) for DMA_Init
    adc3dma.o(.text) refers to stm32f4xx_gpio.o(.text) for GPIO_Init
    adc3dma.o(.text) refers to stm32f4xx_adc.o(.text) for ADC_CommonInit
    adc3dma.o(.text) refers to adc3dma.o(.data) for ADC3ConvertedValue
    delay.o(.text) refers to stm32f4xx_rcc.o(.text) for RCC_GetClocksFreq
    delay.o(.text) refers to stm32f4xx_tim.o(.text) for TIM_TimeBaseInit
    delay.o(.text) refers to misc.o(.text) for NVIC_Init
    delay.o(.text) refers to delay.o(.data) for __counter_micros
    gpio.o(.text) refers to stm32f4xx_rcc.o(.text) for RCC_AHB1PeriphClockCmd
    gpio.o(.text) refers to stm32f4xx_gpio.o(.text) for GPIO_Init
    gpio.o(.text) refers to gpio.o(.data) for Port
    i2c.o(.text) refers to stm32f4xx_rcc.o(.text) for RCC_APB1PeriphClockCmd
    i2c.o(.text) refers to gpio.o(.text) for PinBit
    i2c.o(.text) refers to stm32f4xx_gpio.o(.text) for GPIO_PinAFConfig
    i2c.o(.text) refers to stm32f4xx_i2c.o(.text) for I2C_Init
    i2c.o(.text) refers to misc.o(.text) for NVIC_Init
    i2c.o(.text) refers to delay.o(.text) for millis
    i2c.o(.text) refers to rt_memcpy_v6.o(.text) for __aeabi_memcpy
    i2c.o(.text) refers to i2c.o(.bss) for I2C1Buffer
    print.o(.text) refers to print.o(i._ZN5Print5writeEPKc) for Print::write(const char*)
[...]
    .ARM.Collect$$libinit$$00000023          0x08000210   Section        0  libinit2.o(.ARM.Collect$$libinit$$00000023)
    .ARM.Collect$$libinit$$0000002A          0x08000210   Section        0  libinit2.o(.ARM.Collect$$libinit$$0000002A)
    .ARM.Collect$$libinit$$0000002C          0x08000210   Section        0  libinit2.o(.ARM.Collect$$libinit$$0000002C)
    .ARM.Collect$$libinit$$0000002E          0x08000210   Section        0  libinit2.o(.ARM.Collect$$libinit$$0000002E)
    .ARM.Collect$$libinit$$0000002F          0x08000210   Section        4  libinit2.o(.ARM.Collect$$libinit$$0000002F)
    .ARM.Collect$$libinit$$00000030          0x08000214   Section        0  libinit2.o(.ARM.Collect$$libinit$$00000030)
    .ARM.Collect$$libinit$$00000031          0x08000214   Section        2  libinit2.o(.ARM.Collect$$libinit$$00000031)
    .ARM.Collect$$libshutdown$$00000000      0x08000216   Section        2  libshutdown.o(.ARM.Collect$$libshutdown$$00000000)
    .ARM.Collect$$libshutdown$$00000003      0x08000218   Section        0  libshutdown2.o(.ARM.Collect$$libshutdown$$00000003)
    .ARM.Collect$$libshutdown$$00000006      0x08000218   Section        0  libshutdown2.o(.ARM.Collect$$libshutdown$$00000006)
    .ARM.Collect$$libshutdown$$00000009      0x08000218   Section        0  libshutdown2.o(.ARM.Collect$$libshutdown$$00000009)
    .ARM.Collect$$libshutdown$$0000000B      0x08000218   Section        0  libshutdown2.o(.ARM.Collect$$libshutdown$$0000000B)
    .ARM.Collect$$libshutdown$$0000000E      0x08000218   Section        0  libshutdown2.o(.ARM.Collect$$libshutdown$$0000000E)
    .ARM.Collect$$libshutdown$$0000000F      0x08000218   Section        2  libshutdown2.o(.ARM.Collect$$libshutdown$$0000000F)
    .ARM.Collect$$rtentry$$00000000          0x0800021a   Section        0  rtentry.o(.ARM.Collect$$rtentry$$00000000)
    .ARM.Collect$$rtentry$$00000002          0x0800021a   Section        0  rtentry2.o(.ARM.Collect$$rtentry$$00000002)
    .ARM.Collect$$rtentry$$00000004          0x0800021a   Section        6  rtentry4.o(.ARM.Collect$$rtentry$$00000004)
    .ARM.Collect$$rtentry$$00000009          0x08000220   Section        0  rtentry2.o(.ARM.Collect$$rtentry$$00000009)
    .ARM.Collect$$rtentry$$0000000A          0x08000220   Section        4  rtentry2.o(.ARM.Collect$$rtentry$$0000000A)
    .ARM.Collect$$rtentry$$0000000C          0x08000224   Section        0  rtentry2.o(.ARM.Collect$$rtentry$$0000000C)
    .ARM.Collect$$rtentry$$0000000D          0x08000224   Section        8  rtentry2.o(.ARM.Collect$$rtentry$$0000000D)
    .ARM.Collect$$rtexit$$00000000           0x0800022c   Section        2  rtexit.o(.ARM.Collect$$rtexit$$00000000)
    .ARM.Collect$$rtexit$$00000002           0x0800022e   Section        0  rtexit2.o(.ARM.Collect$$rtexit$$00000002)
    .ARM.Collect$$rtexit$$00000003           0x0800022e   Section        4  rtexit2.o(.ARM.Collect$$rtexit$$00000003)
    .ARM.Collect$$rtexit$$00000004           0x08000232   Section        6  rtexit2.o(.ARM.Collect$$rtexit$$00000004)
    .text                                    0x08000238   Section       64  startup_stm32f4xx.o(.text)
    .text                                    0x08000278   Section        0  main.o(.text)
    __sti___8_main_cpp                       0x080007ad   Thumb Code    68  main.o(.text)
    .text                                    0x08000818   Section        0  stm32f4xx_it.o(.text)
    .text                                    0x08000830   Section        0  system_stm32f4xx.o(.text)
    SetSysClock                              0x08000831   Thumb Code   198  system_stm32f4xx.o(.text)
    .text                                    0x08000a1c   Section        0  delay.o(.text)
    .text                                    0x08000b44   Section        0  gpio.o(.text)
    .text                                    0x08000d38   Section        0  i2c.o(.text)
    .text                                    0x080011b4   Section        0  print.o(.text)
    .text                                    0x0800167c   Section        0  st7032i.o(.text)
    .text                                    0x080019cc   Section        0  systick.o(.text)
    .text                                    0x08001a54   Section        0  usart.o(.text)
    .text                                    0x08001fa4   Section        0  usartserial.o(.text)
    .text                                    0x08001fd4   Section        0  ds1307.o(.text)
    .text                                    0x08002234   Section        0  misc.o(.text)
    .text                                    0x08002318   Section        0  stm32f4xx_gpio.o(.text)
    .text                                    0x08002564   Section        0  stm32f4xx_i2c.o(.text)
    .text                                    0x08002970   Section        0  stm32f4xx_rcc.o(.text)
    .text                                    0x08002ef0   Section        0  stm32f4xx_tim.o(.text)
    TI4_Config                               0x0800368f   Thumb Code    80  stm32f4xx_tim.o(.text)
    TI3_Config                               0x080036f1   Thumb Code    72  stm32f4xx_tim.o(.text)
    TI2_Config                               0x08003753   Thumb Code    90  stm32f4xx_tim.o(.text)
    TI1_Config                               0x080037bf   Thumb Code    58  stm32f4xx_tim.o(.text)
    .text                                    0x08003b94   Section        0  stm32f4xx_usart.o(.text)
    .text                                    0x08003fae   Section        0  strtol.o(.text)
    .text                                    0x0800401e   Section        0  strlen.o(.text)
    .text                                    0x0800405c   Section      138  rt_memcpy_v6.o(.text)
    .text                                    0x080040e6   Section      100  rt_memcpy_w.o(.text)
    .text                                    0x0800414a   Section        0  heapauxi.o(.text)
    .text                                    0x08004150   Section        0  init_aeabi.o(.text)
    .text                                    0x08004174   Section       16  rt_ctype_table.o(.text)
    .text                                    0x08004184   Section        8  rt_errno_addr_intlibspace.o(.text)
    .text                                    0x0800418c   Section        0  _strtoul.o(.text)
    .text                                    0x0800422a   Section        0  defsig_pvfn_outer.o(.text)
    .text                                    0x08004238   Section        8  libspace.o(.text)
    .text                                    0x08004240   Section        8  rt_locale_intlibspace.o(.text)
    .text                                    0x08004248   Section        0  _chval.o(.text)
    .text                                    0x08004264   Section        0  defsig_exit.o(.text)
    .text                                    0x08004270   Section        0  defsig_pvfn_inner.o(.text)
    .text                                    0x080042a0   Section        0  sys_exit.o(.text)
    .text                                    0x080042ac   Section       74  sys_stackheap_outer.o(.text)
    .text                                    0x080042f6   Section        0  exit.o(.text)
    .text                                    0x08004302   Section        0  defsig_general.o(.text)
    .text                                    0x08004334   Section      128  strcmpv7m.o(.text)
    .text                                    0x080043b4   Section        0  sys_wrch.o(.text)
    .text                                    0x080043c2   Section        2  use_no_semi.o(.text)
    .text                                    0x080043c4   Section        0  indicate_semi.o(.text)
    i._ZN11USARTSerial5flushEv               0x080043c4   Section        0  main.o(i._ZN11USARTSerial5flushEv)
    i._ZN11USARTSerial9availableEv           0x080043d2   Section        0  main.o(i._ZN11USARTSerial9availableEv)
    i._ZN5Print5writeEPKc                    0x080043e2   Section        0  print.o(i._ZN5Print5writeEPKc)
    i._ZN5PrintC2Ev                          0x08004404   Section        0  main.o(i._ZN5PrintC2Ev)
    i.__cxa_pure_virtual                     0x08004414   Section        0  pure_virt.o(i.__cxa_pure_virtual)
    locale$$code                             0x0800441c   Section       44  lc_ctype_c.o(locale$$code)
    x$fpl$dadd                               0x08004448   Section      336  daddsub_clz.o(x$fpl$dadd)
    _dadd1                                   0x08004459   Thumb Code     0  daddsub_clz.o(x$fpl$dadd)
    x$fpl$dcmpinf                            0x08004598   Section       24  dcmpi.o(x$fpl$dcmpinf)
    x$fpl$ddiv                               0x080045b0   Section      688  ddiv.o(x$fpl$ddiv)
    ddiv_entry                               0x080045b7   Thumb Code     0  ddiv.o(x$fpl$ddiv)
    x$fpl$dfix                               0x08004860   Section       94  dfix.o(x$fpl$dfix)
    x$fpl$dfixu                              0x080048c0   Section       90  dfixu.o(x$fpl$dfixu)
    x$fpl$dflt                               0x0800491a   Section       46  dflt_clz.o(x$fpl$dflt)
    x$fpl$dfltu                              0x08004948   Section       38  dflt_clz.o(x$fpl$dfltu)
    x$fpl$dleqf                              0x08004970   Section      120  dleqf.o(x$fpl$dleqf)
    x$fpl$dmul                               0x080049e8   Section      340  dmul.o(x$fpl$dmul)
    x$fpl$dnaninf                            0x08004b3c   Section      156  dnaninf.o(x$fpl$dnaninf)
    x$fpl$dretinf                            0x08004bd8   Section       12  dretinf.o(x$fpl$dretinf)
    x$fpl$drleqf                             0x08004be4   Section      108  drleqf.o(x$fpl$drleqf)
    x$fpl$drsb                               0x08004c50   Section       22  daddsub_clz.o(x$fpl$drsb)
    x$fpl$dsub                               0x08004c68   Section      468  daddsub_clz.o(x$fpl$dsub)
    _dsub1                                   0x08004c79   Thumb Code     0  daddsub_clz.o(x$fpl$dsub)
    x$fpl$f2d                                0x08004e3c   Section       86  f2d.o(x$fpl$f2d)
    x$fpl$fdiv                               0x08004e94   Section      388  fdiv.o(x$fpl$fdiv)
    _fdiv1                                   0x08004e95   Thumb Code     0  fdiv.o(x$fpl$fdiv)
    x$fpl$ffltu                              0x08005018   Section       38  fflt_clz.o(x$fpl$ffltu)
    x$fpl$fnaninf                            0x0800503e   Section      140  fnaninf.o(x$fpl$fnaninf)
    x$fpl$fretinf                            0x080050ca   Section       10  fretinf.o(x$fpl$fretinf)
    .constdata                               0x080050d4   Section      472  main.o(.constdata)
    x$fpl$usenofp                            0x080050d4   Section        0  usenofp.o(x$fpl$usenofp)
    .constdata                               0x080052ac   Section       16  st7032i.o(.constdata)
    .constdata__ZTV11USARTSerial             0x080052bc   Section       32  usartserial.o(.constdata__ZTV11USARTSerial)
    .constdata__ZTV5Print                    0x080052dc   Section       16  print.o(.constdata__ZTV5Print)
    .constdata__ZTV6Stream                   0x080052ec   Section       32  main.o(.constdata__ZTV6Stream)
    .constdata__ZTV7ST7032i                  0x0800530c   Section       16  st7032i.o(.constdata__ZTV7ST7032i)
    locale$$data                             0x0800533c   Section      272  lc_ctype_c.o(locale$$data)
    __lcctype_c_name                         0x08005340   Data           2  lc_ctype_c.o(locale$$data)
    __lcctype_c_start                        0x08005348   Data           0  lc_ctype_c.o(locale$$data)
    .init_array                              0x0800544c   Section        4  main.o(.init_array)
    __lcctype_c_end                          0x0800544c   Data           0  lc_ctype_c.o(locale$$data)
    .data                                    0x20000000   Section       20  system_stm32f4xx.o(.data)
    .data                                    0x20000014   Section        8  delay.o(.data)
    .data                                    0x2000001c   Section      114  gpio.o(.data)
    .data                                    0x20000090   Section        4  systick.o(.data)
    .data                                    0x20000094   Section       16  stm32f4xx_rcc.o(.data)
    APBAHBPrescTable                         0x20000094   Data          16  stm32f4xx_rcc.o(.data)
    .bss                                     0x200000a4   Section       64  main.o(.bss)
    .bss                                     0x200000e4   Section      828  i2c.o(.bss)
    .bss                                     0x20000420   Section     3144  usart.o(.bss)
    .bss                                     0x20001068   Section       96  libspace.o(.bss)
    HEAP                                     0x200010c8   Section      512  startup_stm32f4xx.o(HEAP)
    Heap_Mem                                 0x200010c8   Data         512  startup_stm32f4xx.o(HEAP)
    STACK                                    0x200012c8   Section     1024  startup_stm32f4xx.o(STACK)
    Stack_Mem                                0x200012c8   Data        1024  startup_stm32f4xx.o(STACK)
    __initial_sp                             0x200016c8   Data           0  startup_stm32f4xx.o(STACK)

    Global Symbols

    Symbol Name                              Value     Ov Type        Size  Object(Section)

    BuildAttributes$$THM_ISAv4$E$P$D$K$B$S$7EM$PE$A:L22UL41UL21$X:L11$S22US41US21$IEEE1$IW$USESV6$~STKCKD$USESV7$~SHL$OSPACE$ROPI$EBA8$UX$STANDARDLIB$REQ8$PRES8$EABIv2 0x00000000   Number         0  anon$$obj.o ABSOLUTE
    __ARM_use_no_argv                        0x00000000   Number         0  main.o ABSOLUTE
    __ARM_exceptions_init                     - Undefined Weak Reference
    __alloca_initialize                       - Undefined Weak Reference
    __cxa_finalize                            - Undefined Weak Reference
    __sigvec_lookup                           - Undefined Weak Reference
    _atexit_init                              - Undefined Weak Reference
    _call_atexit_fns                          - Undefined Weak Reference
    _clock_init                               - Undefined Weak Reference
    _fp_trap_init                             - Undefined Weak Reference
    _fp_trap_shutdown                         - Undefined Weak Reference
    _get_lc_collate                           - Undefined Weak Reference
    _get_lc_monetary                          - Undefined Weak Reference
    _get_lc_numeric                           - Undefined Weak Reference
    _get_lc_time                              - Undefined Weak Reference
    _getenv_init                              - Undefined Weak Reference
    _handle_redirection                       - Undefined Weak Reference
    _init_alloc                               - Undefined Weak Reference
    _init_user_alloc                          - Undefined Weak Reference
    _initio                                   - Undefined Weak Reference
    _rand_init                                - Undefined Weak Reference
    _signal_finish                            - Undefined Weak Reference
    _signal_init                              - Undefined Weak Reference
    _terminate_alloc                          - Undefined Weak Reference
    _terminate_user_alloc                     - Undefined Weak Reference
    _terminateio                              - Undefined Weak Reference
    __Vectors_Size                           0x00000188   Number         0  startup_stm32f4xx.o ABSOLUTE
    __Vectors                                0x08000000   Data           4  startup_stm32f4xx.o(RESET)
    __Vectors_End                            0x08000188   Data           0  startup_stm32f4xx.o(RESET)
    __main                                   0x08000189   Thumb Code     8  __main.o(!!!main)
    __scatterload                            0x08000191   Thumb Code     0  __scatter.o(!!!scatter)
    __scatterload_rt2                        0x08000191   Thumb Code    44  __scatter.o(!!!scatter)
    __scatterload_rt2_thumb_only             0x08000191   Thumb Code     0  __scatter.o(!!!scatter)
    __scatterload_null                       0x0800019f   Thumb Code     0  __scatter.o(!!!scatter)
    __scatterload_copy                       0x080001c5   Thumb Code    26  __scatter_copy.o(!!handler_copy)
    __scatterload_zeroinit                   0x080001e1   Thumb Code    28  __scatter_zi.o(!!handler_zi)
    __rt_lib_init                            0x080001fd   Thumb Code     0  libinit.o(.ARM.Collect$$libinit$$00000000)
    __rt_lib_init_fp_1                       0x080001ff   Thumb Code     0  libinit2.o(.ARM.Collect$$libinit$$00000002)
    __rt_lib_init_heap_1                     0x080001ff   Thumb Code     0  libinit2.o(.ARM.Collect$$libinit$$00000008)
    __rt_lib_init_lc_common                  0x080001ff   Thumb Code     0  libinit2.o(.ARM.Collect$$libinit$$0000000D)
    __rt_lib_init_rand_1                     0x080001ff   Thumb Code     0  libinit2.o(.ARM.Collect$$libinit$$0000000C)
    __rt_lib_init_user_alloc_1               0x080001ff   Thumb Code     0  libinit2.o(.ARM.Collect$$libinit$$0000000A)
    __rt_lib_init_lc_collate_1               0x08000205   Thumb Code     0  libinit2.o(.ARM.Collect$$libinit$$0000000F)
    __rt_lib_init_lc_ctype_2                 0x08000205   Thumb Code     0  libinit2.o(.ARM.Collect$$libinit$$00000010)
    __rt_lib_init_alloca_1                   0x08000211   Thumb Code     0  libinit2.o(.ARM.Collect$$libinit$$0000002C)
    __rt_lib_init_argv_1                     0x08000211   Thumb Code     0  libinit2.o(.ARM.Collect$$libinit$$0000002A)
    __rt_lib_init_atexit_1                   0x08000211   Thumb Code     0  libinit2.o(.ARM.Collect$$libinit$$00000019)
    __rt_lib_init_clock_1                    0x08000211   Thumb Code     0  libinit2.o(.ARM.Collect$$libinit$$0000001F)
    __rt_lib_init_cpp_2                      0x08000211   Thumb Code     0  libinit2.o(.ARM.Collect$$libinit$$0000002F)
    __rt_lib_init_exceptions_1               0x08000211   Thumb Code     0  libinit2.o(.ARM.Collect$$libinit$$0000002E)
    __rt_lib_init_fp_trap_1                  0x08000211   Thumb Code     0  libinit2.o(.ARM.Collect$$libinit$$0000001D)
    __rt_lib_init_getenv_1                   0x08000211   Thumb Code     0  libinit2.o(.ARM.Collect$$libinit$$00000021)
    __rt_lib_init_lc_ctype_1                 0x08000211   Thumb Code     0  libinit2.o(.ARM.Collect$$libinit$$00000011)
    __rt_lib_init_lc_monetary_1              0x08000211   Thumb Code     0  libinit2.o(.ARM.Collect$$libinit$$00000013)
    __rt_lib_init_lc_numeric_1               0x08000211   Thumb Code     0  libinit2.o(.ARM.Collect$$libinit$$00000015)
    __rt_lib_init_lc_time_1                  0x08000211   Thumb Code     0  libinit2.o(.ARM.Collect$$libinit$$00000017)
    __rt_lib_init_signal_1                   0x08000211   Thumb Code     0  libinit2.o(.ARM.Collect$$libinit$$0000001B)
    __rt_lib_init_stdio_1                    0x08000211   Thumb Code     0  libinit2.o(.ARM.Collect$$libinit$$00000023)
    __rt_lib_init_cpp_1                      0x08000215   Thumb Code     0  libinit2.o(.ARM.Collect$$libinit$$00000030)
    __rt_lib_init_return                     0x08000215   Thumb Code     0  libinit2.o(.ARM.Collect$$libinit$$00000031)
    __rt_lib_shutdown                        0x08000217   Thumb Code     0  libshutdown.o(.ARM.Collect$$libshutdown$$00000000)
    __rt_lib_shutdown_fp_trap_1              0x08000219   Thumb Code     0  libshutdown2.o(.ARM.Collect$$libshutdown$$00000006)
    __rt_lib_shutdown_heap_1                 0x08000219   Thumb Code     0  libshutdown2.o(.ARM.Collect$$libshutdown$$0000000E)
    __rt_lib_shutdown_return                 0x08000219   Thumb Code     0  libshutdown2.o(.ARM.Collect$$libshutdown$$0000000F)
    __rt_lib_shutdown_signal_1               0x08000219   Thumb Code     0  libshutdown2.o(.ARM.Collect$$libshutdown$$00000009)
    __rt_lib_shutdown_stdio_1                0x08000219   Thumb Code     0  libshutdown2.o(.ARM.Collect$$libshutdown$$00000003)
    __rt_lib_shutdown_user_alloc_1           0x08000219   Thumb Code     0  libshutdown2.o(.ARM.Collect$$libshutdown$$0000000B)
    __rt_entry                               0x0800021b   Thumb Code     0  rtentry.o(.ARM.Collect$$rtentry$$00000000)
    __rt_entry_presh_1                       0x0800021b   Thumb Code     0  rtentry2.o(.ARM.Collect$$rtentry$$00000002)
    __rt_entry_sh                            0x0800021b   Thumb Code     0  rtentry4.o(.ARM.Collect$$rtentry$$00000004)
    __rt_entry_li                            0x08000221   Thumb Code     0  rtentry2.o(.ARM.Collect$$rtentry$$0000000A)
    __rt_entry_postsh_1                      0x08000221   Thumb Code     0  rtentry2.o(.ARM.Collect$$rtentry$$00000009)
    __rt_entry_main                          0x08000225   Thumb Code     0  rtentry2.o(.ARM.Collect$$rtentry$$0000000D)
    __rt_entry_postli_1                      0x08000225   Thumb Code     0  rtentry2.o(.ARM.Collect$$rtentry$$0000000C)
    __rt_exit                                0x0800022d   Thumb Code     0  rtexit.o(.ARM.Collect$$rtexit$$00000000)
    __rt_exit_ls                             0x0800022f   Thumb Code     0  rtexit2.o(.ARM.Collect$$rtexit$$00000003)
    __rt_exit_prels_1                        0x0800022f   Thumb Code     0  rtexit2.o(.ARM.Collect$$rtexit$$00000002)
    __rt_exit_exit                           0x08000233   Thumb Code     0  rtexit2.o(.ARM.Collect$$rtexit$$00000004)
    Reset_Handler                            0x08000239   Thumb Code     8  startup_stm32f4xx.o(.text)
    ADC_IRQHandler                           0x08000253   Thumb Code     0  startup_stm32f4xx.o(.text)
    CAN1_RX0_IRQHandler                      0x08000253   Thumb Code     0  startup_stm32f4xx.o(.text)
    CAN1_RX1_IRQHandler                      0x08000253   Thumb Code     0  startup_stm32f4xx.o(.text)
    CAN1_SCE_IRQHandler                      0x08000253   Thumb Code     0  startup_stm32f4xx.o(.text)
    CAN1_TX_IRQHandler                       0x08000253   Thumb Code     0  startup_stm32f4xx.o(.text)
    CAN2_RX0_IRQHandler                      0x08000253   Thumb Code     0  startup_stm32f4xx.o(.text)
    CAN2_RX1_IRQHandler                      0x08000253   Thumb Code     0  startup_stm32f4xx.o(.text)
    CAN2_SCE_IRQHandler                      0x08000253   Thumb Code     0  startup_stm32f4xx.o(.text)
    CAN2_TX_IRQHandler                       0x08000253   Thumb Code     0  startup_stm32f4xx.o(.text)
    CRYP_IRQHandler                          0x08000253   Thumb Code     0  startup_stm32f4xx.o(.text)
    DCMI_IRQHandler                          0x08000253   Thumb Code     0  startup_stm32f4xx.o(.text)
    DMA1_Stream0_IRQHandler                  0x08000253   Thumb Code     0  startup_stm32f4xx.o(.text)
    DMA1_Stream1_IRQHandler                  0x08000253   Thumb Code     0  startup_stm32f4xx.o(.text)
    DMA1_Stream2_IRQHandler                  0x08000253   Thumb Code     0  startup_stm32f4xx.o(.text)
    DMA1_Stream3_IRQHandler                  0x08000253   Thumb Code     0  startup_stm32f4xx.o(.text)
    DMA1_Stream4_IRQHandler                  0x08000253   Thumb Code     0  startup_stm32f4xx.o(.text)
    DMA1_Stream5_IRQHandler                  0x08000253   Thumb Code     0  startup_stm32f4xx.o(.text)
    DMA1_Stream6_IRQHandler                  0x08000253   Thumb Code     0  startup_stm32f4xx.o(.text)
    DMA1_Stream7_IRQHandler                  0x08000253   Thumb Code     0  startup_stm32f4xx.o(.text)
    DMA2_Stream0_IRQHandler                  0x08000253   Thumb Code     0  startup_stm32f4xx.o(.text)
    DMA2_Stream1_IRQHandler                  0x08000253   Thumb Code     0  startup_stm32f4xx.o(.text)
    DMA2_Stream2_IRQHandler                  0x08000253   Thumb Code     0  startup_stm32f4xx.o(.text)
    DMA2_Stream3_IRQHandler                  0x08000253   Thumb Code     0  startup_stm32f4xx.o(.text)
    DMA2_Stream4_IRQHandler                  0x08000253   Thumb Code     0  startup_stm32f4xx.o(.text)
    DMA2_Stream5_IRQHandler                  0x08000253   Thumb Code     0  startup_stm32f4xx.o(.text)
    DMA2_Stream6_IRQHandler                  0x08000253   Thumb Code     0  startup_stm32f4xx.o(.text)
    DMA2_Stream7_IRQHandler                  0x08000253   Thumb Code     0  startup_stm32f4xx.o(.text)
    ETH_IRQHandler                           0x08000253   Thumb Code     0  startup_stm32f4xx.o(.text)
    ETH_WKUP_IRQHandler                      0x08000253   Thumb Code     0  startup_stm32f4xx.o(.text)
    EXTI0_IRQHandler                         0x08000253   Thumb Code     0  startup_stm32f4xx.o(.text)
    EXTI15_10_IRQHandler                     0x08000253   Thumb Code     0  startup_stm32f4xx.o(.text)
    EXTI1_IRQHandler                         0x08000253   Thumb Code     0  startup_stm32f4xx.o(.text)
    EXTI2_IRQHandler                         0x08000253   Thumb Code     0  startup_stm32f4xx.o(.text)
    EXTI3_IRQHandler                         0x08000253   Thumb Code     0  startup_stm32f4xx.o(.text)
    EXTI4_IRQHandler                         0x08000253   Thumb Code     0  startup_stm32f4xx.o(.text)
    EXTI9_5_IRQHandler                       0x08000253   Thumb Code     0  startup_stm32f4xx.o(.text)
    FLASH_IRQHandler                         0x08000253   Thumb Code     0  startup_stm32f4xx.o(.text)
    FPU_IRQHandler                           0x08000253   Thumb Code     0  startup_stm32f4xx.o(.text)
    FSMC_IRQHandler                          0x08000253   Thumb Code     0  startup_stm32f4xx.o(.text)
    HASH_RNG_IRQHandler                      0x08000253   Thumb Code     0  startup_stm32f4xx.o(.text)
    I2C2_ER_IRQHandler                       0x08000253   Thumb Code     0  startup_stm32f4xx.o(.text)
    I2C2_EV_IRQHandler                       0x08000253   Thumb Code     0  startup_stm32f4xx.o(.text)
    I2C3_ER_IRQHandler                       0x08000253   Thumb Code     0  startup_stm32f4xx.o(.text)
    I2C3_EV_IRQHandler                       0x08000253   Thumb Code     0  startup_stm32f4xx.o(.text)
    OTG_FS_IRQHandler                        0x08000253   Thumb Code     0  startup_stm32f4xx.o(.text)
    OTG_FS_WKUP_IRQHandler                   0x08000253   Thumb Code     0  startup_stm32f4xx.o(.text)
    OTG_HS_EP1_IN_IRQHandler                 0x08000253   Thumb Code     0  startup_stm32f4xx.o(.text)
    OTG_HS_EP1_OUT_IRQHandler                0x08000253   Thumb Code     0  startup_stm32f4xx.o(.text)
    OTG_HS_IRQHandler                        0x08000253   Thumb Code     0  startup_stm32f4xx.o(.text)
    OTG_HS_WKUP_IRQHandler                   0x08000253   Thumb Code     0  startup_stm32f4xx.o(.text)
    PVD_IRQHandler                           0x08000253   Thumb Code     0  startup_stm32f4xx.o(.text)
    RCC_IRQHandler                           0x08000253   Thumb Code     0  startup_stm32f4xx.o(.text)
    RTC_Alarm_IRQHandler                     0x08000253   Thumb Code     0  startup_stm32f4xx.o(.text)
    RTC_WKUP_IRQHandler                      0x08000253   Thumb Code     0  startup_stm32f4xx.o(.text)
    SDIO_IRQHandler                          0x08000253   Thumb Code     0  startup_stm32f4xx.o(.text)
    SPI1_IRQHandler                          0x08000253   Thumb Code     0  startup_stm32f4xx.o(.text)
    SPI2_IRQHandler                          0x08000253   Thumb Code     0  startup_stm32f4xx.o(.text)
    SPI3_IRQHandler                          0x08000253   Thumb Code     0  startup_stm32f4xx.o(.text)
    TAMP_STAMP_IRQHandler                    0x08000253   Thumb Code     0  startup_stm32f4xx.o(.text)
    TIM1_BRK_TIM9_IRQHandler                 0x08000253   Thumb Code     0  startup_stm32f4xx.o(.text)
    TIM1_CC_IRQHandler                       0x08000253   Thumb Code     0  startup_stm32f4xx.o(.text)
    TIM1_TRG_COM_TIM11_IRQHandler            0x08000253   Thumb Code     0  startup_stm32f4xx.o(.text)
    TIM1_UP_TIM10_IRQHandler                 0x08000253   Thumb Code     0  startup_stm32f4xx.o(.text)
    TIM3_IRQHandler                          0x08000253   Thumb Code     0  startup_stm32f4xx.o(.text)
    TIM4_IRQHandler                          0x08000253   Thumb Code     0  startup_stm32f4xx.o(.text)
    TIM5_IRQHandler                          0x08000253   Thumb Code     0  startup_stm32f4xx.o(.text)
    TIM6_DAC_IRQHandler                      0x08000253   Thumb Code     0  startup_stm32f4xx.o(.text)
    TIM7_IRQHandler                          0x08000253   Thumb Code     0  startup_stm32f4xx.o(.text)
    TIM8_BRK_TIM12_IRQHandler                0x08000253   Thumb Code     0  startup_stm32f4xx.o(.text)
    TIM8_CC_IRQHandler                       0x08000253   Thumb Code     0  startup_stm32f4xx.o(.text)
    TIM8_TRG_COM_TIM14_IRQHandler            0x08000253   Thumb Code     0  startup_stm32f4xx.o(.text)
    TIM8_UP_TIM13_IRQHandler                 0x08000253   Thumb Code     0  startup_stm32f4xx.o(.text)
    UART5_IRQHandler                         0x08000253   Thumb Code     0  startup_stm32f4xx.o(.text)
    USART6_IRQHandler                        0x08000253   Thumb Code     0  startup_stm32f4xx.o(.text)
    WWDG_IRQHandler                          0x08000253   Thumb Code     0  startup_stm32f4xx.o(.text)
    __user_initial_stackheap                 0x08000255   Thumb Code     0  startup_stm32f4xx.o(.text)
    main                                     0x08000279   Thumb Code  1332  main.o(.text)
    NMI_Handler                              0x08000819   Thumb Code     2  stm32f4xx_it.o(.text)
    HardFault_Handler                        0x0800081b   Thumb Code     4  stm32f4xx_it.o(.text)
    MemManage_Handler                        0x0800081f   Thumb Code     4  stm32f4xx_it.o(.text)
    BusFault_Handler                         0x08000823   Thumb Code     4  stm32f4xx_it.o(.text)
    UsageFault_Handler                       0x08000827   Thumb Code     4  stm32f4xx_it.o(.text)
    SVC_Handler                              0x0800082b   Thumb Code     2  stm32f4xx_it.o(.text)
    DebugMon_Handler                         0x0800082d   Thumb Code     2  stm32f4xx_it.o(.text)
    PendSV_Handler                           0x0800082f   Thumb Code     2  stm32f4xx_it.o(.text)
    SystemInit                               0x080008f7   Thumb Code    74  system_stm32f4xx.o(.text)
    SystemCoreClockUpdate                    0x08000941   Thumb Code   174  system_stm32f4xx.o(.text)
    TIM2_timer_start                         0x08000a1d   Thumb Code   136  delay.o(.text)
    micros                                   0x08000aa5   Thumb Code    18  delay.o(.text)
    millis                                   0x08000ab7   Thumb Code     6  delay.o(.text)
    delay_ms                                 0x08000abd   Thumb Code    40  delay.o(.text)
    delay_us                                 0x08000ae5   Thumb Code    40  delay.o(.text)
    TIM2_IRQHandler                          0x08000b0d   Thumb Code    44  delay.o(.text)
    PinPort                                  0x08000b45   Thumb Code    14  gpio.o(.text)
    PinBit                                   0x08000b53   Thumb Code    14  gpio.o(.text)
    PinSource                                0x08000b61   Thumb Code     8  gpio.o(.text)
    pinMode                                  0x08000b69   Thumb Code    68  gpio.o(.text)
    digitalWrite                             0x08000bad   Thumb Code    60  gpio.o(.text)
    digitalRead                              0x08000be9   Thumb Code    88  gpio.o(.text)
    GPIOMode                                 0x08000c41   Thumb Code   188  gpio.o(.text)
    GPIOWrite                                0x08000cfd   Thumb Code    16  gpio.o(.text)
    i2c_begin                                0x08000d39   Thumb Code   354  i2c.o(.text)
    i2c_start_send                           0x08000e9b   Thumb Code   228  i2c.o(.text)
    i2c_transmit                             0x08000f7f   Thumb Code    70  i2c.o(.text)
    i2c_request                              0x08000fc5   Thumb Code    78  i2c.o(.text)
    i2c_start_receive                        0x08001013   Thumb Code   252  i2c.o(.text)
    i2c_receive                              0x0800110f   Thumb Code   102  i2c.o(.text)
    I2C1_EV_IRQHandler                       0x08001175   Thumb Code     4  i2c.o(.text)
    I2C1_ER_IRQHandler                       0x08001179   Thumb Code    46  i2c.o(.text)
    Print::printNumber(unsigned, unsigned char) 0x080011b5   Thumb Code    74  print.o(.text)
    Print::print(char)                       0x080011ff   Thumb Code    18  print.o(.text)
    Print::print(int, unsigned char)         0x08001211   Thumb Code    84  print.o(.text)
    Print::print(const char*)                0x08001265   Thumb Code    16  print.o(.text)
    Print::print(unsigned, unsigned char)    0x08001275   Thumb Code    34  print.o(.text)
    Print::printFloat(double, unsigned char) 0x08001297   Thumb Code   378  print.o(.text)
    Print::write(const unsigned char*, unsigned) 0x08001411   Thumb Code    42  print.o(.text)
    Print::print(unsigned char, unsigned char) 0x0800143b   Thumb Code    20  print.o(.text)
    Print::print(short, unsigned char)       0x0800144f   Thumb Code    20  print.o(.text)
    Print::print(unsigned short, unsigned char) 0x08001463   Thumb Code    20  print.o(.text)
    Print::print(double, unsigned char)      0x08001477   Thumb Code    24  print.o(.text)
    Print::printByte(unsigned char)          0x0800148f   Thumb Code    38  print.o(.text)
    Print::printByte(unsigned char*, unsigned char, char) 0x080014b5   Thumb Code    50  print.o(.text)
    Print::printByte(unsigned)               0x080014e7   Thumb Code    56  print.o(.text)
    Print::println()                         0x0800151f   Thumb Code    28  print.o(.text)
    Print::println(const char*)              0x0800153b   Thumb Code    28  print.o(.text)
    Print::println(char)                     0x08001557   Thumb Code    28  print.o(.text)
    Print::println(unsigned char, unsigned char) 0x08001573   Thumb Code    36  print.o(.text)
    Print::println(short, unsigned char)     0x08001597   Thumb Code    36  print.o(.text)
    Print::println(unsigned short, unsigned char) 0x080015bb   Thumb Code    36  print.o(.text)
    Print::println(int, unsigned char)       0x080015df   Thumb Code    36  print.o(.text)
    Print::println(unsigned, unsigned char)  0x08001603   Thumb Code    36  print.o(.text)
    Print::println(double, unsigned char)    0x08001627   Thumb Code    44  print.o(.text)
    ST7032i::command(unsigned char)          0x0800167d   Thumb Code    36  st7032i.o(.text)
    ST7032i::init(__I2CBuffer*)              0x080016a1   Thumb Code    48  st7032i.o(.text)
    ST7032i::clear()                         0x080016d1   Thumb Code    24  st7032i.o(.text)
    ST7032i::display()                       0x080016e9   Thumb Code    26  st7032i.o(.text)
    ST7032i::begin()                         0x08001703   Thumb Code   184  st7032i.o(.text)
    ST7032i::write(unsigned char)            0x080017bb   Thumb Code    44  st7032i.o(.text)
    ST7032i::home()                          0x080017e7   Thumb Code    24  st7032i.o(.text)
    ST7032i::setCursor(unsigned char, unsigned char) 0x080017ff   Thumb Code    56  st7032i.o(.text)
    ST7032i::noDisplay()                     0x08001837   Thumb Code    26  st7032i.o(.text)
    ST7032i::setContrast(unsigned char)      0x08001851   Thumb Code    88  st7032i.o(.text)
    ST7032i::noBlink()                       0x080018a9   Thumb Code    26  st7032i.o(.text)
    ST7032i::blink()                         0x080018c3   Thumb Code    26  st7032i.o(.text)
    ST7032i::noCursor()                      0x080018dd   Thumb Code    26  st7032i.o(.text)
    ST7032i::showCursor()                    0x080018f7   Thumb Code    26  st7032i.o(.text)
    ST7032i::scrollDisplayLeft()             0x08001911   Thumb Code    14  st7032i.o(.text)
    ST7032i::scrollDisplayRight()            0x0800191f   Thumb Code    14  st7032i.o(.text)
    ST7032i::leftToRight()                   0x0800192d   Thumb Code    26  st7032i.o(.text)
    ST7032i::rightToLeft()                   0x08001947   Thumb Code    26  st7032i.o(.text)
    ST7032i::autoscroll()                    0x08001961   Thumb Code    26  st7032i.o(.text)
    ST7032i::noAutoscroll()                  0x0800197b   Thumb Code    26  st7032i.o(.text)
    ST7032i::createChar(unsigned char, unsigned char*) 0x08001995   Thumb Code    50  st7032i.o(.text)
    SysTick_Handler                          0x080019cd   Thumb Code    12  systick.o(.text)
    SysTick_delay                            0x080019d9   Thumb Code    18  systick.o(.text)
    SysTick_Start                            0x080019eb   Thumb Code    88  systick.o(.text)
    SysTick_count                            0x08001a43   Thumb Code     6  systick.o(.text)
    ring_clear                               0x08001a55   Thumb Code    16  usart.o(.text)
    ring_count                               0x08001a65   Thumb Code     8  usart.o(.text)
    ring_is_full                             0x08001a6d   Thumb Code    30  usart.o(.text)
    ring_enque                               0x08001a8b   Thumb Code    72  usart.o(.text)
    ring_deque                               0x08001ad3   Thumb Code    70  usart.o(.text)
    ring_peek                                0x08001b19   Thumb Code    28  usart.o(.text)
    usart_begin                              0x08001b35   Thumb Code   450  usart.o(.text)
    usart_polling_write                      0x08001cf7   Thumb Code    30  usart.o(.text)
    usart_write                              0x08001d15   Thumb Code    70  usart.o(.text)
    usart_print                              0x08001d5b   Thumb Code    32  usart.o(.text)
    usart_polling_read                       0x08001d7b   Thumb Code    12  usart.o(.text)
    usart_read                               0x08001d87   Thumb Code    26  usart.o(.text)
    usart_flush                              0x08001da1   Thumb Code    44  usart.o(.text)
    usart_peek                               0x08001dcd   Thumb Code    12  usart.o(.text)
    usart_available                          0x08001dd9   Thumb Code    12  usart.o(.text)
    USART1_IRQHandler                        0x08001de5   Thumb Code    92  usart.o(.text)
    USART2_IRQHandler                        0x08001e41   Thumb Code    92  usart.o(.text)
    USART3_IRQHandler                        0x08001e9d   Thumb Code    92  usart.o(.text)
    UART4_IRQHandler                         0x08001ef9   Thumb Code   164  usart.o(.text)
    USARTSerial::begin(_GPIOPin, _GPIOPin, unsigned) 0x08001fa5   Thumb Code    28  usartserial.o(.text)
    USARTSerial::write(unsigned char)        0x08001fc1   Thumb Code    18  usartserial.o(.text)
    DS1307::readRegisters(unsigned char, unsigned char*, unsigned char) 0x08001fd5   Thumb Code    32  ds1307.o(.text)
    DS1307::writeRegisters(unsigned char, unsigned char*, unsigned char) 0x08001ff5   Thumb Code    44  ds1307.o(.text)
    DS1307::updateTime()                     0x08002021   Thumb Code    26  ds1307.o(.text)
    DS1307::updateCalendar()                 0x0800203b   Thumb Code    28  ds1307.o(.text)
    DS1307::setTime(const long&)             0x08002057   Thumb Code    20  ds1307.o(.text)
    DS1307::setCalendar(const long&)         0x0800206b   Thumb Code    20  ds1307.o(.text)
    DS1307::writeRegister(unsigned char, unsigned char) 0x0800207f   Thumb Code    34  ds1307.o(.text)
    DS1307::readRegister(unsigned char)      0x080020a1   Thumb Code    38  ds1307.o(.text)
    DS1307::start()                          0x080020c7   Thumb Code    22  ds1307.o(.text)
    DS1307::stop()                           0x080020dd   Thumb Code    40  ds1307.o(.text)
    DS1307::JD2000(unsigned char, unsigned char, unsigned char) 0x08002105   Thumb Code   174  ds1307.o(.text)
    DS1307::JD2000(const long&)              0x080021b3   Thumb Code    72  ds1307.o(.text)
    DS1307::dayOfWeek()                      0x080021fb   Thumb Code    30  ds1307.o(.text)
    NVIC_PriorityGroupConfig                 0x08002235   Thumb Code    10  misc.o(.text)
    NVIC_Init                                0x0800223f   Thumb Code   108  misc.o(.text)
    NVIC_SetVectorTable                      0x080022ab   Thumb Code    14  misc.o(.text)
    NVIC_SystemLPConfig                      0x080022b9   Thumb Code    34  misc.o(.text)
    SysTick_CLKSourceConfig                  0x080022db   Thumb Code    40  misc.o(.text)
    GPIO_DeInit                              0x08002319   Thumb Code   220  stm32f4xx_gpio.o(.text)
    GPIO_Init                                0x080023f5   Thumb Code   144  stm32f4xx_gpio.o(.text)
    GPIO_StructInit                          0x08002485   Thumb Code    18  stm32f4xx_gpio.o(.text)
    GPIO_PinLockConfig                       0x08002497   Thumb Code    18  stm32f4xx_gpio.o(.text)
    GPIO_ReadInputDataBit                    0x080024a9   Thumb Code    18  stm32f4xx_gpio.o(.text)
    GPIO_ReadInputData                       0x080024bb   Thumb Code     8  stm32f4xx_gpio.o(.text)
    GPIO_ReadOutputDataBit                   0x080024c3   Thumb Code    18  stm32f4xx_gpio.o(.text)
    GPIO_ReadOutputData                      0x080024d5   Thumb Code     8  stm32f4xx_gpio.o(.text)
    GPIO_SetBits                             0x080024dd   Thumb Code     4  stm32f4xx_gpio.o(.text)
    GPIO_ResetBits                           0x080024e1   Thumb Code     4  stm32f4xx_gpio.o(.text)
    GPIO_WriteBit                            0x080024e5   Thumb Code    10  stm32f4xx_gpio.o(.text)
    GPIO_Write                               0x080024ef   Thumb Code     4  stm32f4xx_gpio.o(.text)
    GPIO_ToggleBits                          0x080024f3   Thumb Code     8  stm32f4xx_gpio.o(.text)
    GPIO_PinAFConfig                         0x080024fb   Thumb Code    70  stm32f4xx_gpio.o(.text)
    I2C_DeInit                               0x08002565   Thumb Code    82  stm32f4xx_i2c.o(.text)
    I2C_Init                                 0x080025b7   Thumb Code   218  stm32f4xx_i2c.o(.text)
    I2C_StructInit                           0x08002691   Thumb Code    30  stm32f4xx_i2c.o(.text)
    I2C_Cmd                                  0x080026af   Thumb Code    24  stm32f4xx_i2c.o(.text)
    I2C_GenerateSTART                        0x080026c7   Thumb Code    24  stm32f4xx_i2c.o(.text)
    I2C_GenerateSTOP                         0x080026df   Thumb Code    24  stm32f4xx_i2c.o(.text)
    I2C_Send7bitAddress                      0x080026f7   Thumb Code    16  stm32f4xx_i2c.o(.text)
    I2C_AcknowledgeConfig                    0x08002707   Thumb Code    24  stm32f4xx_i2c.o(.text)
    I2C_OwnAddress2Config                    0x0800271f   Thumb Code    22  stm32f4xx_i2c.o(.text)
    I2C_DualAddressCmd                       0x08002735   Thumb Code    24  stm32f4xx_i2c.o(.text)
    I2C_GeneralCallCmd                       0x0800274d   Thumb Code    24  stm32f4xx_i2c.o(.text)
    I2C_SoftwareResetCmd                     0x08002765   Thumb Code    22  stm32f4xx_i2c.o(.text)
    I2C_StretchClockCmd                      0x0800277b   Thumb Code    24  stm32f4xx_i2c.o(.text)
    I2C_FastModeDutyCycleConfig              0x08002793   Thumb Code    28  stm32f4xx_i2c.o(.text)
    I2C_NACKPositionConfig                   0x080027af   Thumb Code    28  stm32f4xx_i2c.o(.text)
    I2C_SMBusAlertConfig                     0x080027cb   Thumb Code    28  stm32f4xx_i2c.o(.text)
    I2C_ARPCmd                               0x080027e7   Thumb Code    24  stm32f4xx_i2c.o(.text)
    I2C_SendData                             0x080027ff   Thumb Code     4  stm32f4xx_i2c.o(.text)
    I2C_ReceiveData                          0x08002803   Thumb Code     8  stm32f4xx_i2c.o(.text)
    I2C_TransmitPEC                          0x0800280b   Thumb Code    24  stm32f4xx_i2c.o(.text)
    I2C_PECPositionConfig                    0x08002823   Thumb Code    28  stm32f4xx_i2c.o(.text)
    I2C_CalculatePEC                         0x0800283f   Thumb Code    24  stm32f4xx_i2c.o(.text)
    I2C_GetPEC                               0x08002857   Thumb Code     8  stm32f4xx_i2c.o(.text)
    I2C_DMACmd                               0x0800285f   Thumb Code    24  stm32f4xx_i2c.o(.text)
    I2C_DMALastTransferCmd                   0x08002877   Thumb Code    24  stm32f4xx_i2c.o(.text)
    I2C_ReadRegister                         0x0800288f   Thumb Code    12  stm32f4xx_i2c.o(.text)
    I2C_ITConfig                             0x0800289b   Thumb Code    18  stm32f4xx_i2c.o(.text)
    I2C_CheckEvent                           0x080028ad   Thumb Code    42  stm32f4xx_i2c.o(.text)
    I2C_GetLastEvent                         0x080028d7   Thumb Code    26  stm32f4xx_i2c.o(.text)
    I2C_GetFlagStatus                        0x080028f1   Thumb Code    42  stm32f4xx_i2c.o(.text)
    I2C_ClearFlag                            0x0800291b   Thumb Code    12  stm32f4xx_i2c.o(.text)
    I2C_GetITStatus                          0x08002927   Thumb Code    62  stm32f4xx_i2c.o(.text)
    I2C_ClearITPendingBit                    0x08002965   Thumb Code    12  stm32f4xx_i2c.o(.text)
    RCC_DeInit                               0x08002971   Thumb Code    60  stm32f4xx_rcc.o(.text)
    RCC_HSEConfig                            0x080029ad   Thumb Code    14  stm32f4xx_rcc.o(.text)
    RCC_GetFlagStatus                        0x080029bb   Thumb Code    60  stm32f4xx_rcc.o(.text)
    RCC_WaitForHSEStartUp                    0x080029f7   Thumb Code    48  stm32f4xx_rcc.o(.text)
    RCC_AdjustHSICalibrationValue            0x08002a27   Thumb Code    20  stm32f4xx_rcc.o(.text)
    RCC_HSICmd                               0x08002a3b   Thumb Code     6  stm32f4xx_rcc.o(.text)
    RCC_LSEConfig                            0x08002a41   Thumb Code    46  stm32f4xx_rcc.o(.text)
    RCC_LSICmd                               0x08002a6f   Thumb Code     6  stm32f4xx_rcc.o(.text)
    RCC_PLLConfig                            0x08002a75   Thumb Code    32  stm32f4xx_rcc.o(.text)
    RCC_PLLCmd                               0x08002a95   Thumb Code     6  stm32f4xx_rcc.o(.text)
    RCC_PLLI2SConfig                         0x08002a9b   Thumb Code    14  stm32f4xx_rcc.o(.text)
    RCC_PLLI2SCmd                            0x08002aa9   Thumb Code     6  stm32f4xx_rcc.o(.text)
    RCC_ClockSecuritySystemCmd               0x08002aaf   Thumb Code     6  stm32f4xx_rcc.o(.text)
    RCC_MCO1Config                           0x08002ab5   Thumb Code    28  stm32f4xx_rcc.o(.text)
    RCC_MCO2Config                           0x08002ad1   Thumb Code    28  stm32f4xx_rcc.o(.text)
    RCC_SYSCLKConfig                         0x08002aed   Thumb Code    20  stm32f4xx_rcc.o(.text)
    RCC_GetSYSCLKSource                      0x08002b01   Thumb Code    12  stm32f4xx_rcc.o(.text)
    RCC_HCLKConfig                           0x08002b0d   Thumb Code    20  stm32f4xx_rcc.o(.text)
    RCC_PCLK1Config                          0x08002b21   Thumb Code    20  stm32f4xx_rcc.o(.text)
    RCC_PCLK2Config                          0x08002b35   Thumb Code    22  stm32f4xx_rcc.o(.text)
    RCC_GetClocksFreq                        0x08002b4b   Thumb Code   222  stm32f4xx_rcc.o(.text)
    RCC_RTCCLKConfig                         0x08002c29   Thumb Code    54  stm32f4xx_rcc.o(.text)
    RCC_RTCCLKCmd                            0x08002c5f   Thumb Code     8  stm32f4xx_rcc.o(.text)
    RCC_BackupResetCmd                       0x08002c67   Thumb Code     8  stm32f4xx_rcc.o(.text)
    RCC_I2SCLKConfig                         0x08002c6f   Thumb Code     6  stm32f4xx_rcc.o(.text)
    RCC_AHB1PeriphClockCmd                   0x08002c75   Thumb Code    34  stm32f4xx_rcc.o(.text)
    RCC_AHB2PeriphClockCmd                   0x08002c97   Thumb Code    34  stm32f4xx_rcc.o(.text)
    RCC_AHB3PeriphClockCmd                   0x08002cb9   Thumb Code    34  stm32f4xx_rcc.o(.text)
    RCC_APB1PeriphClockCmd                   0x08002cdb   Thumb Code    34  stm32f4xx_rcc.o(.text)
    RCC_APB2PeriphClockCmd                   0x08002cfd   Thumb Code    34  stm32f4xx_rcc.o(.text)
    RCC_AHB1PeriphResetCmd                   0x08002d1f   Thumb Code    34  stm32f4xx_rcc.o(.text)
    RCC_AHB2PeriphResetCmd                   0x08002d41   Thumb Code    72  stm32f4xx_rcc.o(.text)
    RCC_AHB3PeriphResetCmd                   0x08002d89   Thumb Code    34  stm32f4xx_rcc.o(.text)
    RCC_APB1PeriphResetCmd                   0x08002dab   Thumb Code    34  stm32f4xx_rcc.o(.text)
    RCC_APB2PeriphResetCmd                   0x08002dcd   Thumb Code    34  stm32f4xx_rcc.o(.text)
    RCC_AHB1PeriphClockLPModeCmd             0x08002def   Thumb Code    34  stm32f4xx_rcc.o(.text)
    RCC_AHB2PeriphClockLPModeCmd             0x08002e11   Thumb Code    34  stm32f4xx_rcc.o(.text)
    RCC_AHB3PeriphClockLPModeCmd             0x08002e33   Thumb Code    34  stm32f4xx_rcc.o(.text)
    RCC_APB1PeriphClockLPModeCmd             0x08002e55   Thumb Code    34  stm32f4xx_rcc.o(.text)
    RCC_APB2PeriphClockLPModeCmd             0x08002e77   Thumb Code    34  stm32f4xx_rcc.o(.text)
    RCC_ITConfig                             0x08002e99   Thumb Code    34  stm32f4xx_rcc.o(.text)
    RCC_ClearFlag                            0x08002ebb   Thumb Code    18  stm32f4xx_rcc.o(.text)
    RCC_GetITStatus                          0x08002ecd   Thumb Code    22  stm32f4xx_rcc.o(.text)
    RCC_ClearITPendingBit                    0x08002ee3   Thumb Code     8  stm32f4xx_rcc.o(.text)
    TIM_DeInit                               0x08002ef1   Thumb Code   346  stm32f4xx_tim.o(.text)
    TIM_TimeBaseInit                         0x0800304b   Thumb Code   104  stm32f4xx_tim.o(.text)
    TIM_TimeBaseStructInit                   0x080030b3   Thumb Code    18  stm32f4xx_tim.o(.text)
    TIM_PrescalerConfig                      0x080030c5   Thumb Code     6  stm32f4xx_tim.o(.text)
    TIM_CounterModeConfig                    0x080030cb   Thumb Code    18  stm32f4xx_tim.o(.text)
    TIM_SetCounter                           0x080030dd   Thumb Code     4  stm32f4xx_tim.o(.text)
    TIM_SetAutoreload                        0x080030e1   Thumb Code     4  stm32f4xx_tim.o(.text)
    TIM_GetCounter                           0x080030e5   Thumb Code     6  stm32f4xx_tim.o(.text)
    TIM_GetPrescaler                         0x080030eb   Thumb Code     6  stm32f4xx_tim.o(.text)
    TIM_UpdateDisableConfig                  0x080030f1   Thumb Code    24  stm32f4xx_tim.o(.text)
    TIM_UpdateRequestConfig                  0x08003109   Thumb Code    24  stm32f4xx_tim.o(.text)
    TIM_ARRPreloadConfig                     0x08003121   Thumb Code    24  stm32f4xx_tim.o(.text)
    TIM_SelectOnePulseMode                   0x08003139   Thumb Code    18  stm32f4xx_tim.o(.text)
    TIM_SetClockDivision                     0x0800314b   Thumb Code    18  stm32f4xx_tim.o(.text)
    TIM_Cmd                                  0x0800315d   Thumb Code    24  stm32f4xx_tim.o(.text)
    TIM_OC1Init                              0x08003175   Thumb Code   114  stm32f4xx_tim.o(.text)
    TIM_OC2Init                              0x080031e7   Thumb Code   154  stm32f4xx_tim.o(.text)
    TIM_OC3Init                              0x08003281   Thumb Code   204  stm32f4xx_tim.o(.text)
    TIM_OC4Init                              0x0800334d   Thumb Code   112  stm32f4xx_tim.o(.text)
    TIM_OCStructInit                         0x080033bd   Thumb Code    20  stm32f4xx_tim.o(.text)
    TIM_SelectOCxM                           0x080033d1   Thumb Code    86  stm32f4xx_tim.o(.text)
    TIM_SetCompare1                          0x08003427   Thumb Code     4  stm32f4xx_tim.o(.text)
    TIM_SetCompare2                          0x0800342b   Thumb Code     4  stm32f4xx_tim.o(.text)
    TIM_SetCompare3                          0x0800342f   Thumb Code     4  stm32f4xx_tim.o(.text)
    TIM_SetCompare4                          0x08003433   Thumb Code     4  stm32f4xx_tim.o(.text)
    TIM_ForcedOC1Config                      0x08003437   Thumb Code    18  stm32f4xx_tim.o(.text)
    TIM_ForcedOC2Config                      0x08003449   Thumb Code    26  stm32f4xx_tim.o(.text)
    TIM_ForcedOC3Config                      0x08003463   Thumb Code    18  stm32f4xx_tim.o(.text)
    TIM_ForcedOC4Config                      0x08003475   Thumb Code    26  stm32f4xx_tim.o(.text)
    TIM_OC1PreloadConfig                     0x0800348f   Thumb Code    18  stm32f4xx_tim.o(.text)
    TIM_OC2PreloadConfig                     0x080034a1   Thumb Code    26  stm32f4xx_tim.o(.text)
    TIM_OC3PreloadConfig                     0x080034bb   Thumb Code    18  stm32f4xx_tim.o(.text)
    TIM_OC4PreloadConfig                     0x080034cd   Thumb Code    26  stm32f4xx_tim.o(.text)
    TIM_OC1FastConfig                        0x080034e7   Thumb Code    18  stm32f4xx_tim.o(.text)
    TIM_OC2FastConfig                        0x080034f9   Thumb Code    26  stm32f4xx_tim.o(.text)
    TIM_OC3FastConfig                        0x08003513   Thumb Code    18  stm32f4xx_tim.o(.text)
    TIM_OC4FastConfig                        0x08003525   Thumb Code    26  stm32f4xx_tim.o(.text)
    TIM_ClearOC1Ref                          0x0800353f   Thumb Code    18  stm32f4xx_tim.o(.text)
    TIM_ClearOC2Ref                          0x08003551   Thumb Code    24  stm32f4xx_tim.o(.text)
    TIM_ClearOC3Ref                          0x08003569   Thumb Code    18  stm32f4xx_tim.o(.text)
    TIM_ClearOC4Ref                          0x0800357b   Thumb Code    24  stm32f4xx_tim.o(.text)
    TIM_OC1PolarityConfig                    0x08003593   Thumb Code    18  stm32f4xx_tim.o(.text)
    TIM_OC1NPolarityConfig                   0x080035a5   Thumb Code    18  stm32f4xx_tim.o(.text)
    TIM_OC2PolarityConfig                    0x080035b7   Thumb Code    26  stm32f4xx_tim.o(.text)
    TIM_OC2NPolarityConfig                   0x080035d1   Thumb Code    26  stm32f4xx_tim.o(.text)
    TIM_OC3PolarityConfig                    0x080035eb   Thumb Code    26  stm32f4xx_tim.o(.text)
    TIM_OC3NPolarityConfig                   0x08003605   Thumb Code    26  stm32f4xx_tim.o(.text)
    TIM_OC4PolarityConfig                    0x0800361f   Thumb Code    26  stm32f4xx_tim.o(.text)
    TIM_CCxCmd                               0x08003639   Thumb Code    30  stm32f4xx_tim.o(.text)
    TIM_CCxNCmd                              0x08003657   Thumb Code    30  stm32f4xx_tim.o(.text)
    TIM_SetIC4Prescaler                      0x08003675   Thumb Code    26  stm32f4xx_tim.o(.text)
    TIM_SetIC3Prescaler                      0x080036df   Thumb Code    18  stm32f4xx_tim.o(.text)
    TIM_SetIC2Prescaler                      0x08003739   Thumb Code    26  stm32f4xx_tim.o(.text)
    TIM_SetIC1Prescaler                      0x080037ad   Thumb Code    18  stm32f4xx_tim.o(.text)
    TIM_ICInit                               0x080037f9   Thumb Code   110  stm32f4xx_tim.o(.text)
    TIM_ICStructInit                         0x08003867   Thumb Code    18  stm32f4xx_tim.o(.text)
    TIM_PWMIConfig                           0x08003879   Thumb Code   124  stm32f4xx_tim.o(.text)
    TIM_GetCapture1                          0x080038f5   Thumb Code     6  stm32f4xx_tim.o(.text)
    TIM_GetCapture2                          0x080038fb   Thumb Code     6  stm32f4xx_tim.o(.text)
    TIM_GetCapture3                          0x08003901   Thumb Code     6  stm32f4xx_tim.o(.text)
    TIM_GetCapture4                          0x08003907   Thumb Code     6  stm32f4xx_tim.o(.text)
    TIM_BDTRConfig                           0x0800390d   Thumb Code    32  stm32f4xx_tim.o(.text)
    TIM_BDTRStructInit                       0x0800392d   Thumb Code    18  stm32f4xx_tim.o(.text)
    TIM_CtrlPWMOutputs                       0x0800393f   Thumb Code    30  stm32f4xx_tim.o(.text)
    TIM_SelectCOM                            0x0800395d   Thumb Code    24  stm32f4xx_tim.o(.text)
    TIM_CCPreloadControl                     0x08003975   Thumb Code    24  stm32f4xx_tim.o(.text)
    TIM_ITConfig                             0x0800398d   Thumb Code    18  stm32f4xx_tim.o(.text)
    TIM_GenerateEvent                        0x0800399f   Thumb Code     4  stm32f4xx_tim.o(.text)
    TIM_GetFlagStatus                        0x080039a3   Thumb Code    18  stm32f4xx_tim.o(.text)
    TIM_ClearFlag                            0x080039b5   Thumb Code     6  stm32f4xx_tim.o(.text)
    TIM_GetITStatus                          0x080039bb   Thumb Code    34  stm32f4xx_tim.o(.text)
    TIM_ClearITPendingBit                    0x080039dd   Thumb Code     6  stm32f4xx_tim.o(.text)
    TIM_DMAConfig                            0x080039e3   Thumb Code    10  stm32f4xx_tim.o(.text)
    TIM_DMACmd                               0x080039ed   Thumb Code    18  stm32f4xx_tim.o(.text)
    TIM_SelectCCDMA                          0x080039ff   Thumb Code    24  stm32f4xx_tim.o(.text)
    TIM_InternalClockConfig                  0x08003a17   Thumb Code    12  stm32f4xx_tim.o(.text)
    TIM_SelectInputTrigger                   0x08003a23   Thumb Code    18  stm32f4xx_tim.o(.text)
    TIM_ITRxExternalClockConfig              0x08003a35   Thumb Code    24  stm32f4xx_tim.o(.text)
    TIM_TIxExternalClockConfig               0x08003a4d   Thumb Code    62  stm32f4xx_tim.o(.text)
    TIM_ETRConfig                            0x08003a8b   Thumb Code    28  stm32f4xx_tim.o(.text)
    TIM_ETRClockMode1Config                  0x08003aa7   Thumb Code    54  stm32f4xx_tim.o(.text)
    TIM_ETRClockMode2Config                  0x08003add   Thumb Code    32  stm32f4xx_tim.o(.text)
    TIM_SelectOutputTrigger                  0x08003afd   Thumb Code    18  stm32f4xx_tim.o(.text)
    TIM_SelectSlaveMode                      0x08003b0f   Thumb Code    18  stm32f4xx_tim.o(.text)
    TIM_SelectMasterSlaveMode                0x08003b21   Thumb Code    18  stm32f4xx_tim.o(.text)
    TIM_EncoderInterfaceConfig               0x08003b33   Thumb Code    66  stm32f4xx_tim.o(.text)
    TIM_SelectHallSensor                     0x08003b75   Thumb Code    24  stm32f4xx_tim.o(.text)
    TIM_RemapConfig                          0x08003b8d   Thumb Code     6  stm32f4xx_tim.o(.text)
    USART_DeInit                             0x08003b95   Thumb Code   156  stm32f4xx_usart.o(.text)
    USART_Init                               0x08003c31   Thumb Code   204  stm32f4xx_usart.o(.text)
    USART_StructInit                         0x08003cfd   Thumb Code    24  stm32f4xx_usart.o(.text)
    USART_ClockInit                          0x08003d15   Thumb Code    32  stm32f4xx_usart.o(.text)
    USART_ClockStructInit                    0x08003d35   Thumb Code    12  stm32f4xx_usart.o(.text)
    USART_Cmd                                0x08003d41   Thumb Code    24  stm32f4xx_usart.o(.text)
    USART_SetPrescaler                       0x08003d59   Thumb Code    16  stm32f4xx_usart.o(.text)
    USART_OverSampling8Cmd                   0x08003d69   Thumb Code    22  stm32f4xx_usart.o(.text)
    USART_OneBitMethodCmd                    0x08003d7f   Thumb Code    24  stm32f4xx_usart.o(.text)
    USART_SendData                           0x08003d97   Thumb Code     8  stm32f4xx_usart.o(.text)
    USART_ReceiveData                        0x08003d9f   Thumb Code    10  stm32f4xx_usart.o(.text)
    USART_SetAddress                         0x08003da9   Thumb Code    18  stm32f4xx_usart.o(.text)
    USART_ReceiverWakeUpCmd                  0x08003dbb   Thumb Code    24  stm32f4xx_usart.o(.text)
    USART_WakeUpConfig                       0x08003dd3   Thumb Code    18  stm32f4xx_usart.o(.text)
    USART_LINBreakDetectLengthConfig         0x08003de5   Thumb Code    18  stm32f4xx_usart.o(.text)
    USART_LINCmd                             0x08003df7   Thumb Code    24  stm32f4xx_usart.o(.text)
    USART_SendBreak                          0x08003e0f   Thumb Code    10  stm32f4xx_usart.o(.text)
    USART_HalfDuplexCmd                      0x08003e19   Thumb Code    24  stm32f4xx_usart.o(.text)
    USART_SetGuardTime                       0x08003e31   Thumb Code    16  stm32f4xx_usart.o(.text)
    USART_SmartCardCmd                       0x08003e41   Thumb Code    24  stm32f4xx_usart.o(.text)
    USART_SmartCardNACKCmd                   0x08003e59   Thumb Code    24  stm32f4xx_usart.o(.text)
    USART_IrDAConfig                         0x08003e71   Thumb Code    18  stm32f4xx_usart.o(.text)
    USART_IrDACmd                            0x08003e83   Thumb Code    24  stm32f4xx_usart.o(.text)
    USART_DMACmd                             0x08003e9b   Thumb Code    18  stm32f4xx_usart.o(.text)
    USART_ITConfig                           0x08003ead   Thumb Code    74  stm32f4xx_usart.o(.text)
    USART_GetFlagStatus                      0x08003ef7   Thumb Code    26  stm32f4xx_usart.o(.text)
    USART_ClearFlag                          0x08003f11   Thumb Code    18  stm32f4xx_usart.o(.text)
    USART_GetITStatus                        0x08003f23   Thumb Code   110  stm32f4xx_usart.o(.text)
    USART_ClearITPendingBit                  0x08003f91   Thumb Code    30  stm32f4xx_usart.o(.text)
    strtol                                   0x08003faf   Thumb Code   112  strtol.o(.text)
    strlen                                   0x0800401f   Thumb Code    62  strlen.o(.text)
    __aeabi_memcpy                           0x0800405d   Thumb Code     0  rt_memcpy_v6.o(.text)
    __rt_memcpy                              0x0800405d   Thumb Code   138  rt_memcpy_v6.o(.text)
    _memcpy_lastbytes                        0x080040c3   Thumb Code     0  rt_memcpy_v6.o(.text)
    __aeabi_memcpy4                          0x080040e7   Thumb Code     0  rt_memcpy_w.o(.text)
    __aeabi_memcpy8                          0x080040e7   Thumb Code     0  rt_memcpy_w.o(.text)
    __rt_memcpy_w                            0x080040e7   Thumb Code   100  rt_memcpy_w.o(.text)
    _memcpy_lastbytes_aligned                0x0800412f   Thumb Code     0  rt_memcpy_w.o(.text)
    __use_two_region_memory                  0x0800414b   Thumb Code     2  heapauxi.o(.text)
    __rt_heap_escrow$2region                 0x0800414d   Thumb Code     2  heapauxi.o(.text)
    __rt_heap_expand$2region                 0x0800414f   Thumb Code     2  heapauxi.o(.text)
    __cpp_initialize__aeabi_                 0x08004151   Thumb Code    26  init_aeabi.o(.text)
    __rt_ctype_table                         0x08004175   Thumb Code    16  rt_ctype_table.o(.text)
    __aeabi_errno_addr                       0x08004185   Thumb Code     8  rt_errno_addr_intlibspace.o(.text)
    __errno$intlibspace                      0x08004185   Thumb Code     0  rt_errno_addr_intlibspace.o(.text)
    __rt_errno_addr$intlibspace              0x08004185   Thumb Code     0  rt_errno_addr_intlibspace.o(.text)
    _strtoul                                 0x0800418d   Thumb Code   158  _strtoul.o(.text)
    __rt_SIGPVFN                             0x0800422b   Thumb Code    14  defsig_pvfn_outer.o(.text)
    __user_libspace                          0x08004239   Thumb Code     8  libspace.o(.text)
    __user_perproc_libspace                  0x08004239   Thumb Code     0  libspace.o(.text)
    __user_perthread_libspace                0x08004239   Thumb Code     0  libspace.o(.text)
    __rt_locale                              0x08004241   Thumb Code     8  rt_locale_intlibspace.o(.text)
    _chval                                   0x08004249   Thumb Code    28  _chval.o(.text)
    __sig_exit                               0x08004265   Thumb Code    10  defsig_exit.o(.text)
    __rt_SIGPVFN_inner                       0x08004271   Thumb Code    14  defsig_pvfn_inner.o(.text)
    _sys_exit                                0x080042a1   Thumb Code     8  sys_exit.o(.text)
    __user_setup_stackheap                   0x080042ad   Thumb Code    74  sys_stackheap_outer.o(.text)
    exit                                     0x080042f7   Thumb Code    12  exit.o(.text)
    __default_signal_display                 0x08004303   Thumb Code    50  defsig_general.o(.text)
    strcmp                                   0x08004335   Thumb Code   128  strcmpv7m.o(.text)
    _ttywrch                                 0x080043b5   Thumb Code    14  sys_wrch.o(.text)
    __I$use$semihosting                      0x080043c3   Thumb Code     0  use_no_semi.o(.text)
    __use_no_semihosting_swi                 0x080043c3   Thumb Code     2  use_no_semi.o(.text)
    USARTSerial::flush()                     0x080043c5   Thumb Code    14  main.o(i._ZN11USARTSerial5flushEv)
    __semihosting_library_function           0x080043c5   Thumb Code     0  indicate_semi.o(.text)
    USARTSerial::available()                 0x080043d3   Thumb Code    16  main.o(i._ZN11USARTSerial9availableEv)
    Print::write(const char*)                0x080043e3   Thumb Code    34  print.o(i._ZN5Print5writeEPKc)
    Print::Print__sub_object()               0x08004405   Thumb Code    10  main.o(i._ZN5PrintC2Ev)
    __cxa_pure_virtual                       0x08004415   Thumb Code     6  pure_virt.o(i.__cxa_pure_virtual)
    _get_lc_ctype                            0x0800441d   Thumb Code    44  lc_ctype_c.o(locale$$code)
    __aeabi_dadd                             0x08004449   Thumb Code     0  daddsub_clz.o(x$fpl$dadd)
    _dadd                                    0x08004449   Thumb Code   332  daddsub_clz.o(x$fpl$dadd)
    __fpl_dcmp_Inf                           0x08004599   Thumb Code    24  dcmpi.o(x$fpl$dcmpinf)
    __aeabi_ddiv                             0x080045b1   Thumb Code     0  ddiv.o(x$fpl$ddiv)
    _ddiv                                    0x080045b1   Thumb Code   552  ddiv.o(x$fpl$ddiv)
    __aeabi_d2iz                             0x08004861   Thumb Code     0  dfix.o(x$fpl$dfix)
    _dfix                                    0x08004861   Thumb Code    94  dfix.o(x$fpl$dfix)
    __aeabi_d2uiz                            0x080048c1   Thumb Code     0  dfixu.o(x$fpl$dfixu)
    _dfixu                                   0x080048c1   Thumb Code    90  dfixu.o(x$fpl$dfixu)
    __aeabi_i2d                              0x0800491b   Thumb Code     0  dflt_clz.o(x$fpl$dflt)
    _dflt                                    0x0800491b   Thumb Code    46  dflt_clz.o(x$fpl$dflt)
    __aeabi_ui2d                             0x08004949   Thumb Code     0  dflt_clz.o(x$fpl$dfltu)
    _dfltu                                   0x08004949   Thumb Code    38  dflt_clz.o(x$fpl$dfltu)
    __aeabi_cdcmple                          0x08004971   Thumb Code     0  dleqf.o(x$fpl$dleqf)
    _dcmple                                  0x08004971   Thumb Code   120  dleqf.o(x$fpl$dleqf)
    __fpl_dcmple_InfNaN                      0x080049d3   Thumb Code     0  dleqf.o(x$fpl$dleqf)
    __aeabi_dmul                             0x080049e9   Thumb Code     0  dmul.o(x$fpl$dmul)
    _dmul                                    0x080049e9   Thumb Code   332  dmul.o(x$fpl$dmul)
    __fpl_dnaninf                            0x08004b3d   Thumb Code   156  dnaninf.o(x$fpl$dnaninf)
    __fpl_dretinf                            0x08004bd9   Thumb Code    12  dretinf.o(x$fpl$dretinf)
    __aeabi_cdrcmple                         0x08004be5   Thumb Code     0  drleqf.o(x$fpl$drleqf)
    _drcmple                                 0x08004be5   Thumb Code   108  drleqf.o(x$fpl$drleqf)
    __aeabi_drsub                            0x08004c51   Thumb Code     0  daddsub_clz.o(x$fpl$drsb)
    _drsb                                    0x08004c51   Thumb Code    22  daddsub_clz.o(x$fpl$drsb)
    __aeabi_dsub                             0x08004c69   Thumb Code     0  daddsub_clz.o(x$fpl$dsub)
    _dsub                                    0x08004c69   Thumb Code   464  daddsub_clz.o(x$fpl$dsub)
    __aeabi_f2d                              0x08004e3d   Thumb Code     0  f2d.o(x$fpl$f2d)
    _f2d                                     0x08004e3d   Thumb Code    86  f2d.o(x$fpl$f2d)
    __aeabi_fdiv                             0x08004e95   Thumb Code     0  fdiv.o(x$fpl$fdiv)
    _fdiv                                    0x08004e95   Thumb Code   384  fdiv.o(x$fpl$fdiv)
    __aeabi_ui2f                             0x08005019   Thumb Code     0  fflt_clz.o(x$fpl$ffltu)
    _ffltu                                   0x08005019   Thumb Code    38  fflt_clz.o(x$fpl$ffltu)
    __fpl_fnaninf                            0x0800503f   Thumb Code   140  fnaninf.o(x$fpl$fnaninf)
    __fpl_fretinf                            0x080050cb   Thumb Code    10  fretinf.o(x$fpl$fretinf)
    __I$use$fp                               0x080050d4   Number         0  usenofp.o(x$fpl$usenofp)
    vtable for USARTSerial                   0x080052bc   Data          32  usartserial.o(.constdata__ZTV11USARTSerial)
    vtable for Print                         0x080052dc   Data          16  print.o(.constdata__ZTV5Print)
    vtable for Stream                        0x080052ec   Data          32  main.o(.constdata__ZTV6Stream)
    vtable for ST7032i                       0x0800530c   Data          16  st7032i.o(.constdata__ZTV7ST7032i)
    Region$$Table$$Base                      0x0800531c   Number         0  anon$$obj.o(Region$$Table)
    Region$$Table$$Limit                     0x0800533c   Number         0  anon$$obj.o(Region$$Table)
    __ctype                                  0x08005349   Data           0  lc_ctype_c.o(locale$$data)
    SHT$$INIT_ARRAY$$Base                    0x0800544c   Number         0  main.o(.init_array)
    SHT$$INIT_ARRAY$$Limit                   0x08005450   Number         0  main.o(.init_array)
    SystemCoreClock                          0x20000000   Data           4  system_stm32f4xx.o(.data)
    AHBPrescTable                            0x20000004   Data          16  system_stm32f4xx.o(.data)
    __counter_micros                         0x20000014   Data           4  delay.o(.data)
    __counter_millis                         0x20000018   Data           4  delay.o(.data)
    PortPeriph                               0x2000001c   Data          40  gpio.o(.data)
    Port                                     0x20000044   Data          40  gpio.o(.data)
    Pin                                      0x2000006c   Data          34  gpio.o(.data)
    _systick_counter                         0x20000090   Data           4  systick.o(.data)
    lcd                                      0x200000a4   Data          24  main.o(.bss)
    Serial3                                  0x200000bc   Data          28  main.o(.bss)
    rtc                                      0x200000d8   Data          12  main.o(.bss)
    I2C1Buffer                               0x200000e4   Data         276  i2c.o(.bss)
    I2C2Buffer                               0x200001f8   Data         276  i2c.o(.bss)
    I2C3Buffer                               0x2000030c   Data         276  i2c.o(.bss)
    rxring                                   0x20000420   Data        1572  usart.o(.bss)
    txring                                   0x20000a44   Data        1572  usart.o(.bss)
    __libspace_start                         0x20001068   Data          96  libspace.o(.bss)
    __temporary_stack_top$libspace           0x200010c8   Data           0  libspace.o(.bss)



==============================================================================

Memory Map of the image

  Image Entry point : 0x08000189

  Load Region LR_IROM1 (Base: 0x08000000, Size: 0x000054f4, Max: 0x00100000, ABSOLUTE)

    Execution Region ER_IROM1 (Base: 0x08000000, Size: 0x00005450, Max: 0x00100000, ABSOLUTE)

    Base Addr    Size         Type   Attr      Idx    E Section Name        Object

    0x08000000   0x00000188   Data   RO            3    RESET               startup_stm32f4xx.o
    0x08000188   0x00000008   Code   RO          924  * !!!main             c_w.l(__main.o)
    0x08000190   0x00000034   Code   RO         1317    !!!scatter          c_w.l(__scatter.o)
    0x080001c4   0x0000001a   Code   RO         1319    !!handler_copy      c_w.l(__scatter_copy.o)
    0x080001de   0x00000002   PAD
    0x080001e0   0x0000001c   Code   RO         1321    !!handler_zi        c_w.l(__scatter_zi.o)
    0x080001fc   0x00000002   Code   RO         1254    .ARM.Collect$$libinit$$00000000  c_w.l(libinit.o)
    0x080001fe   0x00000000   Code   RO         1094    .ARM.Collect$$libinit$$00000002  c_w.l(libinit2.o)
    0x080001fe   0x00000000   Code   RO         1097    .ARM.Collect$$libinit$$00000008  c_w.l(libinit2.o)
    0x080001fe   0x00000000   Code   RO         1099    .ARM.Collect$$libinit$$0000000A  c_w.l(libinit2.o)
    0x080001fe   0x00000000   Code   RO         1101    .ARM.Collect$$libinit$$0000000C  c_w.l(libinit2.o)
    0x080001fe   0x00000006   Code   RO         1102    .ARM.Collect$$libinit$$0000000D  c_w.l(libinit2.o)
    0x08000204   0x00000000   Code   RO         1104    .ARM.Collect$$libinit$$0000000F  c_w.l(libinit2.o)
    0x08000204   0x0000000c   Code   RO         1105    .ARM.Collect$$libinit$$00000010  c_w.l(libinit2.o)
    0x08000210   0x00000000   Code   RO         1106    .ARM.Collect$$libinit$$00000011  c_w.l(libinit2.o)
    0x08000210   0x00000000   Code   RO         1108    .ARM.Collect$$libinit$$00000013  c_w.l(libinit2.o)
    0x08000210   0x00000000   Code   RO         1110    .ARM.Collect$$libinit$$00000015  c_w.l(libinit2.o)
    0x08000210   0x00000000   Code   RO         1112    .ARM.Collect$$libinit$$00000017  c_w.l(libinit2.o)
    0x08000210   0x00000000   Code   RO         1114    .ARM.Collect$$libinit$$00000019  c_w.l(libinit2.o)
    0x08000210   0x00000000   Code   RO         1116    .ARM.Collect$$libinit$$0000001B  c_w.l(libinit2.o)
    0x08000210   0x00000000   Code   RO         1118    .ARM.Collect$$libinit$$0000001D  c_w.l(libinit2.o)
    0x08000210   0x00000000   Code   RO         1120    .ARM.Collect$$libinit$$0000001F  c_w.l(libinit2.o)
    0x08000210   0x00000000   Code   RO         1122    .ARM.Collect$$libinit$$00000021  c_w.l(libinit2.o)
    0x08000210   0x00000000   Code   RO         1124    .ARM.Collect$$libinit$$00000023  c_w.l(libinit2.o)
    0x08000210   0x00000000   Code   RO         1128    .ARM.Collect$$libinit$$0000002A  c_w.l(libinit2.o)
    0x08000210   0x00000000   Code   RO         1130    .ARM.Collect$$libinit$$0000002C  c_w.l(libinit2.o)
    0x08000210   0x00000000   Code   RO         1132    .ARM.Collect$$libinit$$0000002E  c_w.l(libinit2.o)
    0x08000210   0x00000004   Code   RO         1133    .ARM.Collect$$libinit$$0000002F  c_w.l(libinit2.o)
    0x08000214   0x00000000   Code   RO         1134    .ARM.Collect$$libinit$$00000030  c_w.l(libinit2.o)
    0x08000214   0x00000002   Code   RO         1135    .ARM.Collect$$libinit$$00000031  c_w.l(libinit2.o)
    0x08000216   0x00000002   Code   RO         1299    .ARM.Collect$$libshutdown$$00000000  c_w.l(libshutdown.o)
    0x08000218   0x00000000   Code   RO         1302    .ARM.Collect$$libshutdown$$00000003  c_w.l(libshutdown2.o)
    0x08000218   0x00000000   Code   RO         1305    .ARM.Collect$$libshutdown$$00000006  c_w.l(libshutdown2.o)
    0x08000218   0x00000000   Code   RO         1308    .ARM.Collect$$libshutdown$$00000009  c_w.l(libshutdown2.o)
    0x08000218   0x00000000   Code   RO         1310    .ARM.Collect$$libshutdown$$0000000B  c_w.l(libshutdown2.o)
    0x08000218   0x00000000   Code   RO         1313    .ARM.Collect$$libshutdown$$0000000E  c_w.l(libshutdown2.o)
    0x08000218   0x00000002   Code   RO         1314    .ARM.Collect$$libshutdown$$0000000F  c_w.l(libshutdown2.o)
    0x0800021a   0x00000000   Code   RO         1079    .ARM.Collect$$rtentry$$00000000  c_w.l(rtentry.o)
    0x0800021a   0x00000000   Code   RO         1161    .ARM.Collect$$rtentry$$00000002  c_w.l(rtentry2.o)
    0x0800021a   0x00000006   Code   RO         1173    .ARM.Collect$$rtentry$$00000004  c_w.l(rtentry4.o)
    0x08000220   0x00000000   Code   RO         1163    .ARM.Collect$$rtentry$$00000009  c_w.l(rtentry2.o)
    0x08000220   0x00000004   Code   RO         1164    .ARM.Collect$$rtentry$$0000000A  c_w.l(rtentry2.o)
    0x08000224   0x00000000   Code   RO         1166    .ARM.Collect$$rtentry$$0000000C  c_w.l(rtentry2.o)
    0x08000224   0x00000008   Code   RO         1167    .ARM.Collect$$rtentry$$0000000D  c_w.l(rtentry2.o)
    0x0800022c   0x00000002   Code   RO         1262    .ARM.Collect$$rtexit$$00000000  c_w.l(rtexit.o)
    0x0800022e   0x00000000   Code   RO         1275    .ARM.Collect$$rtexit$$00000002  c_w.l(rtexit2.o)
    0x0800022e   0x00000004   Code   RO         1276    .ARM.Collect$$rtexit$$00000003  c_w.l(rtexit2.o)
    0x08000232   0x00000006   Code   RO         1277    .ARM.Collect$$rtexit$$00000004  c_w.l(rtexit2.o)
    0x08000238   0x00000040   Code   RO            4    .text               startup_stm32f4xx.o
    0x08000278   0x000005a0   Code   RO           11    .text               main.o
    0x08000818   0x00000018   Code   RO          234    .text               stm32f4xx_it.o
    0x08000830   0x000001ec   Code   RO          358    .text               system_stm32f4xx.o
    0x08000a1c   0x00000128   Code   RO          406    .text               delay.o
    0x08000b44   0x000001f4   Code   RO          428    .text               gpio.o
    0x08000d38   0x0000047c   Code   RO          450    .text               i2c.o
    0x080011b4   0x000004c8   Code   RO          484    .text               print.o
    0x0800167c   0x00000350   Code   RO          531    .text               st7032i.o
    0x080019cc   0x00000088   Code   RO          660    .text               systick.o
    0x08001a54   0x00000550   Code   RO          686    .text               usart.o
    0x08001fa4   0x0000002e   Code   RO          711    .text               usartserial.o
    0x08001fd2   0x00000002   PAD
    0x08001fd4   0x00000260   Code   RO          756    .text               ds1307.o
    0x08002234   0x000000e4   Code   RO          783    .text               misc.o
    0x08002318   0x0000024c   Code   RO          815    .text               stm32f4xx_gpio.o
    0x08002564   0x0000040c   Code   RO          831    .text               stm32f4xx_i2c.o
    0x08002970   0x00000580   Code   RO          847    .text               stm32f4xx_rcc.o
    0x08002ef0   0x00000ca2   Code   RO          865    .text               stm32f4xx_tim.o
    0x08003b92   0x00000002   PAD
    0x08003b94   0x0000041a   Code   RO          881    .text               stm32f4xx_usart.o
    0x08003fae   0x00000070   Code   RO          914    .text               c_w.l(strtol.o)
    0x0800401e   0x0000003e   Code   RO          916    .text               c_w.l(strlen.o)
    0x0800405c   0x0000008a   Code   RO          918    .text               c_w.l(rt_memcpy_v6.o)
    0x080040e6   0x00000064   Code   RO          920    .text               c_w.l(rt_memcpy_w.o)
    0x0800414a   0x00000006   Code   RO          922    .text               c_w.l(heapauxi.o)
    0x08004150   0x00000024   Code   RO          929    .text               c_w.l(init_aeabi.o)
    0x08004174   0x00000010   Code   RO         1080    .text               c_w.l(rt_ctype_table.o)
    0x08004184   0x00000008   Code   RO         1085    .text               c_w.l(rt_errno_addr_intlibspace.o)
    0x0800418c   0x0000009e   Code   RO         1087    .text               c_w.l(_strtoul.o)
    0x0800422a   0x0000000e   Code   RO         1089    .text               c_w.l(defsig_pvfn_outer.o)
    0x08004238   0x00000008   Code   RO         1157    .text               c_w.l(libspace.o)
    0x08004240   0x00000008   Code   RO         1180    .text               c_w.l(rt_locale_intlibspace.o)
    0x08004248   0x0000001c   Code   RO         1182    .text               c_w.l(_chval.o)
    0x08004264   0x0000000a   Code   RO         1199    .text               c_w.l(defsig_exit.o)
    0x0800426e   0x00000002   PAD
    0x08004270   0x00000030   Code   RO         1201    .text               c_w.l(defsig_pvfn_inner.o)
    0x080042a0   0x0000000c   Code   RO         1207    .text               c_w.l(sys_exit.o)
    0x080042ac   0x0000004a   Code   RO         1209    .text               c_w.l(sys_stackheap_outer.o)
    0x080042f6   0x0000000c   Code   RO         1237    .text               c_w.l(exit.o)
    0x08004302   0x00000032   Code   RO         1241    .text               c_w.l(defsig_general.o)
    0x08004334   0x00000080   Code   RO         1243    .text               c_w.l(strcmpv7m.o)
    0x080043b4   0x0000000e   Code   RO         1255    .text               c_w.l(sys_wrch.o)
    0x080043c2   0x00000002   Code   RO         1259    .text               c_w.l(use_no_semi.o)
    0x080043c4   0x00000000   Code   RO         1261    .text               c_w.l(indicate_semi.o)
    0x080043c4   0x0000000e   Code   RO           35    i._ZN11USARTSerial5flushEv  main.o
    0x080043d2   0x00000010   Code   RO           29    i._ZN11USARTSerial9availableEv  main.o
    0x080043e2   0x00000022   Code   RO          496    i._ZN5Print5writeEPKc  print.o
    0x08004404   0x00000010   Code   RO           41    i._ZN5PrintC2Ev     main.o
    0x08004414   0x00000006   Code   RO          932    i.__cxa_pure_virtual  cpprt_w.l(pure_virt.o)
    0x0800441a   0x00000002   PAD
    0x0800441c   0x0000002c   Code   RO         1194    locale$$code        c_w.l(lc_ctype_c.o)
    0x08004448   0x00000150   Code   RO         1035    x$fpl$dadd          fz_ws.l(daddsub_clz.o)
    0x08004598   0x00000018   Code   RO         1146    x$fpl$dcmpinf       fz_ws.l(dcmpi.o)
    0x080045b0   0x000002b0   Code   RO         1042    x$fpl$ddiv          fz_ws.l(ddiv.o)
    0x08004860   0x0000005e   Code   RO         1045    x$fpl$dfix          fz_ws.l(dfix.o)
    0x080048be   0x00000002   PAD
    0x080048c0   0x0000005a   Code   RO         1049    x$fpl$dfixu         fz_ws.l(dfixu.o)
    0x0800491a   0x0000002e   Code   RO         1054    x$fpl$dflt          fz_ws.l(dflt_clz.o)
    0x08004948   0x00000026   Code   RO         1053    x$fpl$dfltu         fz_ws.l(dflt_clz.o)
    0x0800496e   0x00000002   PAD
    0x08004970   0x00000078   Code   RO         1059    x$fpl$dleqf         fz_ws.l(dleqf.o)
    0x080049e8   0x00000154   Code   RO         1061    x$fpl$dmul          fz_ws.l(dmul.o)
    0x08004b3c   0x0000009c   Code   RO         1148    x$fpl$dnaninf       fz_ws.l(dnaninf.o)
    0x08004bd8   0x0000000c   Code   RO         1150    x$fpl$dretinf       fz_ws.l(dretinf.o)
    0x08004be4   0x0000006c   Code   RO         1063    x$fpl$drleqf        fz_ws.l(drleqf.o)
    0x08004c50   0x00000016   Code   RO         1036    x$fpl$drsb          fz_ws.l(daddsub_clz.o)
    0x08004c66   0x00000002   PAD
    0x08004c68   0x000001d4   Code   RO         1037    x$fpl$dsub          fz_ws.l(daddsub_clz.o)
    0x08004e3c   0x00000056   Code   RO         1065    x$fpl$f2d           fz_ws.l(f2d.o)
    0x08004e92   0x00000002   PAD
    0x08004e94   0x00000184   Code   RO         1068    x$fpl$fdiv          fz_ws.l(fdiv.o)
    0x08005018   0x00000026   Code   RO         1071    x$fpl$ffltu         fz_ws.l(fflt_clz.o)
    0x0800503e   0x0000008c   Code   RO         1152    x$fpl$fnaninf       fz_ws.l(fnaninf.o)
    0x080050ca   0x0000000a   Code   RO         1154    x$fpl$fretinf       fz_ws.l(fretinf.o)
    0x080050d4   0x00000000   Code   RO         1156    x$fpl$usenofp       fz_ws.l(usenofp.o)
    0x080050d4   0x000001d8   Data   RO           14    .constdata          main.o
    0x080052ac   0x00000010   Data   RO          533    .constdata          st7032i.o
    0x080052bc   0x00000020   Data   RO          724    .constdata__ZTV11USARTSerial  usartserial.o
    0x080052dc   0x00000010   Data   RO          495    .constdata__ZTV5Print  print.o
    0x080052ec   0x00000020   Data   RO           48    .constdata__ZTV6Stream  main.o
    0x0800530c   0x00000010   Data   RO          546    .constdata__ZTV7ST7032i  st7032i.o
    0x0800531c   0x00000020   Data   RO         1315    Region$$Table       anon$$obj.o
    0x0800533c   0x00000110   Data   RO         1193    locale$$data        c_w.l(lc_ctype_c.o)
    0x0800544c   0x00000004   Data   RO           15    .init_array         main.o


    Execution Region RW_IRAM1 (Base: 0x20000000, Size: 0x000016c8, Max: 0x00020000, ABSOLUTE)

    Base Addr    Size         Type   Attr      Idx    E Section Name        Object

    0x20000000   0x00000014   Data   RW          359    .data               system_stm32f4xx.o
    0x20000014   0x00000008   Data   RW          407    .data               delay.o
    0x2000001c   0x00000072   Data   RW          429    .data               gpio.o
    0x2000008e   0x00000002   PAD
    0x20000090   0x00000004   Data   RW          661    .data               systick.o
    0x20000094   0x00000010   Data   RW          848    .data               stm32f4xx_rcc.o
    0x200000a4   0x00000040   Zero   RW           13    .bss                main.o
    0x200000e4   0x0000033c   Zero   RW          451    .bss                i2c.o
    0x20000420   0x00000c48   Zero   RW          687    .bss                usart.o
    0x20001068   0x00000060   Zero   RW         1158    .bss                c_w.l(libspace.o)
    0x200010c8   0x00000200   Zero   RW            2    HEAP                startup_stm32f4xx.o
    0x200012c8   0x00000400   Zero   RW            1    STACK               startup_stm32f4xx.o


==============================================================================

Image component sizes


      Code (inc. data)   RO Data    RW Data    ZI Data      Debug   Object Name

         0          0          0          0          0       1188   adc3dma.o
       296         12          0          8          0       2123   delay.o
       608         28          0          0          0       4776   ds1307.o
       500         44          0        114          0       4289   gpio.o
      1148         44          0          0        828       5815   i2c.o
      1486        168        508          0         64     241536   main.o
       228         22          0          0          0       1865   misc.o
      1258         42         16          0          0      12308   print.o
       848          6         32          0          0     217863   st7032i.o
        64         26        392          0       1536        768   startup_stm32f4xx.o
       588         36          0          0          0       3949   stm32f4xx_gpio.o
      1036         24          0          0          0       7987   stm32f4xx_i2c.o
        24          0          0          0          0     267526   stm32f4xx_it.o
      1408         48          0         16          0      10907   stm32f4xx_rcc.o
      3234         60          0          0          0      22200   stm32f4xx_tim.o
      1050         26          0          0          0       7672   stm32f4xx_usart.o
       492         46          0         20          0       1607   system_stm32f4xx.o
       136         12          0          4          0      20050   systick.o
      1360         76          0          0       3144       6129   usart.o
        46          0         32          0          0       2124   usartserial.o

    ----------------------------------------------------------------------
     15814        720       1012        164       5572     842682   Object Totals
         0          0         32          0          0          0   (incl. Generated)
         4          0          0          2          0          0   (incl. Padding)

    ----------------------------------------------------------------------

      Code (inc. data)   RO Data    RW Data    ZI Data      Debug   Library Member Name

         8          0          0          0          0         68   __main.o
        52          8          0          0          0          0   __scatter.o
        26          0          0          0          0          0   __scatter_copy.o
        28          0          0          0          0          0   __scatter_zi.o
        28          0          0          0          0         68   _chval.o
       158          0          0          0          0         92   _strtoul.o
        10          0          0          0          0         68   defsig_exit.o
        50          0          0          0          0         88   defsig_general.o
        48         34          0          0          0         76   defsig_pvfn_inner.o
        14          0          0          0          0         80   defsig_pvfn_outer.o
        12          0          0          0          0         72   exit.o
         6          0          0          0          0        152   heapauxi.o
         0          0          0          0          0          0   indicate_semi.o
        36         10          0          0          0         80   init_aeabi.o
        44         10        272          0          0         76   lc_ctype_c.o
         2          0          0          0          0          0   libinit.o
        24          0          0          0          0          0   libinit2.o
         2          0          0          0          0          0   libshutdown.o
         2          0          0          0          0          0   libshutdown2.o
         8          4          0          0         96         68   libspace.o
        16          4          0          0          0         76   rt_ctype_table.o
         8          4          0          0          0         68   rt_errno_addr_intlibspace.o
         8          4          0          0          0         68   rt_locale_intlibspace.o
       138          0          0          0          0         68   rt_memcpy_v6.o
       100          0          0          0          0         80   rt_memcpy_w.o
         0          0          0          0          0          0   rtentry.o
        12          0          0          0          0          0   rtentry2.o
         6          0          0          0          0          0   rtentry4.o
         2          0          0          0          0          0   rtexit.o
        10          0          0          0          0          0   rtexit2.o
       128          0          0          0          0         68   strcmpv7m.o
        62          0          0          0          0         76   strlen.o
       112          0          0          0          0         88   strtol.o
        12          4          0          0          0         68   sys_exit.o
        74          0          0          0          0         80   sys_stackheap_outer.o
        14          0          0          0          0         76   sys_wrch.o
         2          0          0          0          0         68   use_no_semi.o
         6          0          0          0          0         68   pure_virt.o
       826         16          0          0          0        356   daddsub_clz.o
        24          0          0          0          0         68   dcmpi.o
       688        140          0          0          0        212   ddiv.o
        94          4          0          0          0         92   dfix.o
        90          4          0          0          0         92   dfixu.o
        84          0          0          0          0        136   dflt_clz.o
       120          4          0          0          0         92   dleqf.o
       340         12          0          0          0        104   dmul.o
       156          4          0          0          0         92   dnaninf.o
        12          0          0          0          0         68   dretinf.o
       108          0          0          0          0         80   drleqf.o
        86          4          0          0          0         84   f2d.o
       388         76          0          0          0         96   fdiv.o
        38          0          0          0          0         68   fflt_clz.o
       140          4          0          0          0         84   fnaninf.o
        10          0          0          0          0         68   fretinf.o
         0          0          0          0          0          0   usenofp.o

    ----------------------------------------------------------------------
      4486        350        272          0         96       3732   Library Totals
        14          0          0          0          0          0   (incl. Padding)

    ----------------------------------------------------------------------

      Code (inc. data)   RO Data    RW Data    ZI Data      Debug   Library Name

      1262         82        272          0         96       1872   c_w.l
         6          0          0          0          0         68   cpprt_w.l
      3204        268          0          0          0       1792   fz_ws.l

    ----------------------------------------------------------------------
      4486        350        272          0         96       3732   Library Totals

    ----------------------------------------------------------------------

==============================================================================


      Code (inc. data)   RO Data    RW Data    ZI Data      Debug   

     20300       1070       1284        164       5668     842098   Grand Totals
     20300       1070       1284        164       5668     842098   ELF Image Totals
     20300       1070       1284        164          0          0   ROM Totals

==============================================================================

    Total RO  Size (Code + RO Data)                21584 (  21.08kB)
    Total RW  Size (RW Data + ZI Data)              5832 (   5.70kB)
    Total ROM Size (Code + RO Data + RW Data)      21748 (  21.24kB)

==============================================================================

