ARM Linker, 5.02 [Build 28] [MDK-ARM Lite]

==============================================================================

Section Cross References

    startup_stm32f4xx.o(STACK) refers (Special) to heapauxi.o(.text) for __use_two_region_memory
    startup_stm32f4xx.o(HEAP) refers (Special) to heapauxi.o(.text) for __use_two_region_memory
    startup_stm32f4xx.o(RESET) refers (Special) to heapauxi.o(.text) for __use_two_region_memory
    startup_stm32f4xx.o(RESET) refers to startup_stm32f4xx.o(STACK) for __initial_sp
    startup_stm32f4xx.o(RESET) refers to startup_stm32f4xx.o(.text) for Reset_Handler
    startup_stm32f4xx.o(RESET) refers to stm32f4xx_it.o(.text) for NMI_Handler
    startup_stm32f4xx.o(RESET) refers to systick.o(.text) for SysTick_Handler
    startup_stm32f4xx.o(RESET) refers to delay.o(.text) for TIM2_IRQHandler
    startup_stm32f4xx.o(RESET) refers to usart.o(.text) for USART1_IRQHandler
    startup_stm32f4xx.o(.text) refers (Special) to heapauxi.o(.text) for __use_two_region_memory
    startup_stm32f4xx.o(.text) refers to system_stm32f4xx.o(.text) for SystemInit
    startup_stm32f4xx.o(.text) refers to __main.o(!!!main) for __main
    startup_stm32f4xx.o(.text) refers to startup_stm32f4xx.o(HEAP) for Heap_Mem
    startup_stm32f4xx.o(.text) refers to startup_stm32f4xx.o(STACK) for Stack_Mem
    main.o(.text) refers to delay.o(.text) for TIM2_timer_start
    main.o(.text) refers to usartserial.o(.text) for USARTSerial::begin(_GPIOPin, _GPIOPin, unsigned)
    main.o(.text) refers to print.o(.text) for Print::print(const char*)
    main.o(.text) refers to usart.o(.text) for usart_flush
    main.o(.text) refers to stm32f4xx_rcc.o(.text) for RCC_GetClocksFreq
    main.o(.text) refers to gpio.o(.text) for PinBit
    main.o(.text) refers to i2c.o(.text) for i2c_begin
    main.o(.text) refers to st7032i.o(.text) for ST7032i::init(__I2CBus*)
    main.o(.text) refers to stm32f4xx_gpio.o(.text) for GPIO_ReadOutputData
    main.o(.text) refers to fflt_clz.o(x$fpl$ffltu) for __aeabi_ui2f
    main.o(.text) refers to fdiv.o(x$fpl$fdiv) for __aeabi_fdiv
    main.o(.text) refers to f2d.o(x$fpl$f2d) for __aeabi_f2d
    main.o(.text) refers to main.o(i._ZN5PrintC2Ev) for Print::Print__sub_object()
    main.o(.text) refers to main.o(.bss) for .bss
    main.o(.text) refers to i2c.o(.bss) for Wire1
    main.o(.text) refers to st7032i.o(.constdata__ZTV7ST7032i) for vtable for ST7032i
    main.o(.text) refers to usartserial.o(.constdata__ZTV11USARTSerial) for vtable for USARTSerial
    main.o(.ARM.exidx) refers to main.o(.text) for .text
    main.o(.init_array) refers to main.o(.text) for __sti___8_main_cpp
    main.o(.init_array) refers to init_aeabi.o(.text) for __cpp_initialize__aeabi_
    system_stm32f4xx.o(.text) refers to system_stm32f4xx.o(.data) for .data
    adc3dma.o(.text) refers to stm32f4xx_rcc.o(.text) for RCC_AHB1PeriphClockCmd
    adc3dma.o(.text) refers to stm32f4xx_dma.o(.text) for DMA_Init
    adc3dma.o(.text) refers to stm32f4xx_gpio.o(.text) for GPIO_Init
    adc3dma.o(.text) refers to stm32f4xx_adc.o(.text) for ADC_CommonInit
    adc3dma.o(.text) refers to adc3dma.o(.data) for .data
    delay.o(.text) refers to stm32f4xx_rcc.o(.text) for RCC_GetClocksFreq
    delay.o(.text) refers to stm32f4xx_tim.o(.text) for TIM_TimeBaseInit
    delay.o(.text) refers to misc.o(.text) for NVIC_Init
    delay.o(.text) refers to delay.o(.data) for .data
    gpio.o(.text) refers to stm32f4xx_rcc.o(.text) for RCC_AHB1PeriphClockCmd
    gpio.o(.text) refers to stm32f4xx_gpio.o(.text) for GPIO_Init
    gpio.o(.text) refers to gpio.o(.data) for .data
    i2c.o(.text) refers to stm32f4xx_rcc.o(.text) for RCC_APB1PeriphClockCmd
    i2c.o(.text) refers to gpio.o(.text) for PinBit
    i2c.o(.text) refers to stm32f4xx_gpio.o(.text) for GPIO_PinAFConfig
    i2c.o(.text) refers to stm32f4xx_i2c.o(.text) for I2C_Init
    i2c.o(.text) refers to misc.o(.text) for NVIC_Init
    i2c.o(.text) refers to delay.o(.text) for delay_us
    i2c.o(.text) refers to i2c.o(.bss) for .bss
    print.o(.text) refers to print.o(i._ZN5Print5writeEPKc) for Print::write(const char*)
    print.o(.text) refers to drleqf.o(x$fpl$drleqf) for __aeabi_cdrcmple
    print.o(.text) refers to dleqf.o(x$fpl$dleqf) for __aeabi_cdcmple
    print.o(.text) refers to ddiv.o(x$fpl$ddiv) for __aeabi_ddiv
    print.o(.text) refers to daddsub_clz.o(x$fpl$dadd) for __aeabi_dadd
    print.o(.text) refers to dfixu.o(x$fpl$dfixu) for __aeabi_d2uiz
    print.o(.text) refers to dflt_clz.o(x$fpl$dfltu) for __aeabi_ui2d
    print.o(.text) refers to daddsub_clz.o(x$fpl$drsb) for __aeabi_drsub
    print.o(.text) refers to dmul.o(x$fpl$dmul) for __aeabi_dmul
    print.o(.text) refers to dfix.o(x$fpl$dfix) for __aeabi_d2iz
    print.o(.text) refers to dflt_clz.o(x$fpl$dflt) for __aeabi_i2d
    print.o(.ARM.exidx) refers to print.o(.text) for .text
[...]
    ../clib/signal.c                         0x00000000   Number         0  defsig_rtmem_formal.o ABSOLUTE
    ../clib/signal.s                         0x00000000   Number         0  defsig.o ABSOLUTE
    ../clib/stdlib.c                         0x00000000   Number         0  exit.o ABSOLUTE
    ../clib/string.c                         0x00000000   Number         0  strlen.o ABSOLUTE
    ../fplib/daddsub.s                       0x00000000   Number         0  daddsub_clz.o ABSOLUTE
    ../fplib/dcmpi.s                         0x00000000   Number         0  dcmpi.o ABSOLUTE
    ../fplib/ddiv.s                          0x00000000   Number         0  ddiv.o ABSOLUTE
    ../fplib/dfix.s                          0x00000000   Number         0  dfix.o ABSOLUTE
    ../fplib/dfixu.s                         0x00000000   Number         0  dfixu.o ABSOLUTE
    ../fplib/dflt.s                          0x00000000   Number         0  dflt_clz.o ABSOLUTE
    ../fplib/dleqf.s                         0x00000000   Number         0  dleqf.o ABSOLUTE
    ../fplib/dmul.s                          0x00000000   Number         0  dmul.o ABSOLUTE
    ../fplib/dnaninf.s                       0x00000000   Number         0  dnaninf.o ABSOLUTE
    ../fplib/dretinf.s                       0x00000000   Number         0  dretinf.o ABSOLUTE
    ../fplib/drleqf.s                        0x00000000   Number         0  drleqf.o ABSOLUTE
    ../fplib/f2d.s                           0x00000000   Number         0  f2d.o ABSOLUTE
    ../fplib/fdiv.s                          0x00000000   Number         0  fdiv.o ABSOLUTE
    ../fplib/fflt.s                          0x00000000   Number         0  fflt_clz.o ABSOLUTE
    ../fplib/fmul.s                          0x00000000   Number         0  fmul.o ABSOLUTE
    ../fplib/fnaninf.s                       0x00000000   Number         0  fnaninf.o ABSOLUTE
    ../fplib/fpinit.s                        0x00000000   Number         0  fpinit.o ABSOLUTE
    ../fplib/fretinf.s                       0x00000000   Number         0  fretinf.o ABSOLUTE
    ../fplib/usenofp.s                       0x00000000   Number         0  usenofp.o ABSOLUTE
    ..\..\stm32library\STM32F4xx_StdPeriph_Driver\src\misc.c 0x00000000   Number         0  misc.o ABSOLUTE
    ..\..\stm32library\STM32F4xx_StdPeriph_Driver\src\stm32f4xx_adc.c 0x00000000   Number         0  stm32f4xx_adc.o ABSOLUTE
    ..\..\stm32library\STM32F4xx_StdPeriph_Driver\src\stm32f4xx_dma.c 0x00000000   Number         0  stm32f4xx_dma.o ABSOLUTE
    ..\..\stm32library\STM32F4xx_StdPeriph_Driver\src\stm32f4xx_gpio.c 0x00000000   Number         0  stm32f4xx_gpio.o ABSOLUTE
    ..\..\stm32library\STM32F4xx_StdPeriph_Driver\src\stm32f4xx_i2c.c 0x00000000   Number         0  stm32f4xx_i2c.o ABSOLUTE
    ..\..\stm32library\STM32F4xx_StdPeriph_Driver\src\stm32f4xx_rcc.c 0x00000000   Number         0  stm32f4xx_rcc.o ABSOLUTE
    ..\..\stm32library\STM32F4xx_StdPeriph_Driver\src\stm32f4xx_tim.c 0x00000000   Number         0  stm32f4xx_tim.o ABSOLUTE
    ..\..\stm32library\STM32F4xx_StdPeriph_Driver\src\stm32f4xx_usart.c 0x00000000   Number         0  stm32f4xx_usart.o ABSOLUTE
    ..\..\stm32library\armcore\Print.cpp     0x00000000   Number         0  print.o ABSOLUTE
    ..\..\stm32library\armcore\ST7032i.cpp   0x00000000   Number         0  st7032i.o ABSOLUTE
    ..\..\stm32library\armcore\Stream.cpp    0x00000000   Number         0  stream.o ABSOLUTE
    ..\..\stm32library\armcore\USARTSerial.cpp 0x00000000   Number         0  usartserial.o ABSOLUTE
    ..\..\stm32library\armcore\adc3dma.c     0x00000000   Number         0  adc3dma.o ABSOLUTE
    ..\..\stm32library\armcore\delay.c       0x00000000   Number         0  delay.o ABSOLUTE
    ..\..\stm32library\armcore\gpio.c        0x00000000   Number         0  gpio.o ABSOLUTE
    ..\..\stm32library\armcore\i2c.c         0x00000000   Number         0  i2c.o ABSOLUTE
    ..\..\stm32library\armcore\systick.c     0x00000000   Number         0  systick.o ABSOLUTE
    ..\..\stm32library\armcore\usart.c       0x00000000   Number         0  usart.o ABSOLUTE
    ..\\..\\stm32library\\STM32F4xx_StdPeriph_Driver\\src\\misc.c 0x00000000   Number         0  misc.o ABSOLUTE
    ..\\..\\stm32library\\STM32F4xx_StdPeriph_Driver\\src\\stm32f4xx_adc.c 0x00000000   Number         0  stm32f4xx_adc.o ABSOLUTE
    ..\\..\\stm32library\\STM32F4xx_StdPeriph_Driver\\src\\stm32f4xx_dma.c 0x00000000   Number         0  stm32f4xx_dma.o ABSOLUTE
    ..\\..\\stm32library\\STM32F4xx_StdPeriph_Driver\\src\\stm32f4xx_gpio.c 0x00000000   Number         0  stm32f4xx_gpio.o ABSOLUTE
    ..\\..\\stm32library\\STM32F4xx_StdPeriph_Driver\\src\\stm32f4xx_i2c.c 0x00000000   Number         0  stm32f4xx_i2c.o ABSOLUTE
    ..\\..\\stm32library\\STM32F4xx_StdPeriph_Driver\\src\\stm32f4xx_rcc.c 0x00000000   Number         0  stm32f4xx_rcc.o ABSOLUTE
    ..\\..\\stm32library\\STM32F4xx_StdPeriph_Driver\\src\\stm32f4xx_tim.c 0x00000000   Number         0  stm32f4xx_tim.o ABSOLUTE
    ..\\..\\stm32library\\STM32F4xx_StdPeriph_Driver\\src\\stm32f4xx_usart.c 0x00000000   Number         0  stm32f4xx_usart.o ABSOLUTE
    ..\\..\\stm32library\\armcore\\ST7032i.cpp 0x00000000   Number         0  st7032i.o ABSOLUTE
    ..\\..\\stm32library\\armcore\\Stream.cpp 0x00000000   Number         0  stream.o ABSOLUTE
    ..\\..\\stm32library\\armcore\\USARTSerial.cpp 0x00000000   Number         0  usartserial.o ABSOLUTE
    ..\\..\\stm32library\\armcore\\adc3dma.c 0x00000000   Number         0  adc3dma.o ABSOLUTE
    ..\\..\\stm32library\\armcore\\delay.c   0x00000000   Number         0  delay.o ABSOLUTE
    ..\\..\\stm32library\\armcore\\gpio.c    0x00000000   Number         0  gpio.o ABSOLUTE
    ..\\..\\stm32library\\armcore\\i2c.c     0x00000000   Number         0  i2c.o ABSOLUTE
    ..\\..\\stm32library\\armcore\\systick.c 0x00000000   Number         0  systick.o ABSOLUTE
    ..\\..\\stm32library\\armcore\\usart.c   0x00000000   Number         0  usart.o ABSOLUTE
    ..\\main.cpp                             0x00000000   Number         0  main.o ABSOLUTE
    ..\\stm32f4xx_it.c                       0x00000000   Number         0  stm32f4xx_it.o ABSOLUTE
    ..\\system_stm32f4xx.c                   0x00000000   Number         0  system_stm32f4xx.o ABSOLUTE
    ..\main.cpp                              0x00000000   Number         0  main.o ABSOLUTE
    ..\stm32f4xx_it.c                        0x00000000   Number         0  stm32f4xx_it.o ABSOLUTE
    ..\system_stm32f4xx.c                    0x00000000   Number         0  system_stm32f4xx.o ABSOLUTE
    dc.s                                     0x00000000   Number         0  dc.o ABSOLUTE
    startup_stm32f4xx.s                      0x00000000   Number         0  startup_stm32f4xx.o ABSOLUTE
    RESET                                    0x08000000   Section      392  startup_stm32f4xx.o(RESET)
    !!!main                                  0x08000188   Section        8  __main.o(!!!main)
    !!!scatter                               0x08000190   Section       52  __scatter.o(!!!scatter)
    !!handler_copy                           0x080001c4   Section       26  __scatter_copy.o(!!handler_copy)
    !!handler_zi                             0x080001e0   Section       28  __scatter_zi.o(!!handler_zi)
    .ARM.Collect$$libinit$$00000000          0x080001fc   Section        2  libinit.o(.ARM.Collect$$libinit$$00000000)
    .ARM.Collect$$libinit$$00000002          0x080001fe   Section        0  libinit2.o(.ARM.Collect$$libinit$$00000002)
    .ARM.Collect$$libinit$$00000008          0x080001fe   Section        0  libinit2.o(.ARM.Collect$$libinit$$00000008)
    .ARM.Collect$$libinit$$0000000A          0x080001fe   Section        0  libinit2.o(.ARM.Collect$$libinit$$0000000A)
    .ARM.Collect$$libinit$$0000000C          0x080001fe   Section        0  libinit2.o(.ARM.Collect$$libinit$$0000000C)
    .ARM.Collect$$libinit$$0000000F          0x080001fe   Section        0  libinit2.o(.ARM.Collect$$libinit$$0000000F)
    .ARM.Collect$$libinit$$00000011          0x080001fe   Section        0  libinit2.o(.ARM.Collect$$libinit$$00000011)
    .ARM.Collect$$libinit$$00000013          0x080001fe   Section        0  libinit2.o(.ARM.Collect$$libinit$$00000013)
    .ARM.Collect$$libinit$$00000015          0x080001fe   Section        0  libinit2.o(.ARM.Collect$$libinit$$00000015)
    .ARM.Collect$$libinit$$00000017          0x080001fe   Section        0  libinit2.o(.ARM.Collect$$libinit$$00000017)
    .ARM.Collect$$libinit$$00000019          0x080001fe   Section        0  libinit2.o(.ARM.Collect$$libinit$$00000019)
    .ARM.Collect$$libinit$$0000001B          0x080001fe   Section        0  libinit2.o(.ARM.Collect$$libinit$$0000001B)
    .ARM.Collect$$libinit$$0000001D          0x080001fe   Section        0  libinit2.o(.ARM.Collect$$libinit$$0000001D)
    .ARM.Collect$$libinit$$0000001F          0x080001fe   Section        0  libinit2.o(.ARM.Collect$$libinit$$0000001F)
    .ARM.Collect$$libinit$$00000021          0x080001fe   Section        0  libinit2.o(.ARM.Collect$$libinit$$00000021)
    .ARM.Collect$$libinit$$00000023          0x080001fe   Section        0  libinit2.o(.ARM.Collect$$libinit$$00000023)
    .ARM.Collect$$libinit$$0000002A          0x080001fe   Section        0  libinit2.o(.ARM.Collect$$libinit$$0000002A)
    .ARM.Collect$$libinit$$0000002C          0x080001fe   Section        0  libinit2.o(.ARM.Collect$$libinit$$0000002C)
    .ARM.Collect$$libinit$$0000002E          0x080001fe   Section        0  libinit2.o(.ARM.Collect$$libinit$$0000002E)
    .ARM.Collect$$libinit$$0000002F          0x080001fe   Section        4  libinit2.o(.ARM.Collect$$libinit$$0000002F)
    .ARM.Collect$$libinit$$00000030          0x08000202   Section        0  libinit2.o(.ARM.Collect$$libinit$$00000030)
    .ARM.Collect$$libinit$$00000031          0x08000202   Section        2  libinit2.o(.ARM.Collect$$libinit$$00000031)
    .ARM.Collect$$libshutdown$$00000000      0x08000204   Section        2  libshutdown.o(.ARM.Collect$$libshutdown$$00000000)
    .ARM.Collect$$libshutdown$$00000003      0x08000206   Section        0  libshutdown2.o(.ARM.Collect$$libshutdown$$00000003)
    .ARM.Collect$$libshutdown$$00000006      0x08000206   Section        0  libshutdown2.o(.ARM.Collect$$libshutdown$$00000006)
    .ARM.Collect$$libshutdown$$00000009      0x08000206   Section        0  libshutdown2.o(.ARM.Collect$$libshutdown$$00000009)
    .ARM.Collect$$libshutdown$$0000000B      0x08000206   Section        0  libshutdown2.o(.ARM.Collect$$libshutdown$$0000000B)
    .ARM.Collect$$libshutdown$$0000000E      0x08000206   Section        0  libshutdown2.o(.ARM.Collect$$libshutdown$$0000000E)
    .ARM.Collect$$libshutdown$$0000000F      0x08000206   Section        2  libshutdown2.o(.ARM.Collect$$libshutdown$$0000000F)
    .ARM.Collect$$rtentry$$00000000          0x08000208   Section        0  rtentry.o(.ARM.Collect$$rtentry$$00000000)
    .ARM.Collect$$rtentry$$00000002          0x08000208   Section        0  rtentry2.o(.ARM.Collect$$rtentry$$00000002)
    .ARM.Collect$$rtentry$$00000004          0x08000208   Section        6  rtentry4.o(.ARM.Collect$$rtentry$$00000004)
    .ARM.Collect$$rtentry$$00000009          0x0800020e   Section        0  rtentry2.o(.ARM.Collect$$rtentry$$00000009)
    .ARM.Collect$$rtentry$$0000000A          0x0800020e   Section        4  rtentry2.o(.ARM.Collect$$rtentry$$0000000A)
    .ARM.Collect$$rtentry$$0000000C          0x08000212   Section        0  rtentry2.o(.ARM.Collect$$rtentry$$0000000C)
    .ARM.Collect$$rtentry$$0000000D          0x08000212   Section        8  rtentry2.o(.ARM.Collect$$rtentry$$0000000D)
    .ARM.Collect$$rtexit$$00000000           0x0800021a   Section        2  rtexit.o(.ARM.Collect$$rtexit$$00000000)
    .ARM.Collect$$rtexit$$00000002           0x0800021c   Section        0  rtexit2.o(.ARM.Collect$$rtexit$$00000002)
    .ARM.Collect$$rtexit$$00000003           0x0800021c   Section        4  rtexit2.o(.ARM.Collect$$rtexit$$00000003)
    .ARM.Collect$$rtexit$$00000004           0x08000220   Section        6  rtexit2.o(.ARM.Collect$$rtexit$$00000004)
    .text                                    0x08000228   Section       64  startup_stm32f4xx.o(.text)
    .text                                    0x08000268   Section        0  main.o(.text)
    __sti___8_main_cpp                       0x08000551   Thumb Code    36  main.o(.text)
    .text                                    0x08000628   Section        0  stm32f4xx_it.o(.text)
    .text                                    0x08000638   Section        0  system_stm32f4xx.o(.text)
    SetSysClock                              0x080006e3   Thumb Code   140  system_stm32f4xx.o(.text)
    .text                                    0x08000794   Section        0  delay.o(.text)
    .text                                    0x0800089c   Section        0  gpio.o(.text)
    .text                                    0x08000a38   Section        0  i2c.o(.text)
    .text                                    0x08000da0   Section        0  print.o(.text)
    .text                                    0x08001070   Section        0  st7032i.o(.text)
    .text                                    0x080012f8   Section        0  systick.o(.text)
    .text                                    0x08001354   Section        0  usart.o(.text)
    .text                                    0x08001804   Section        0  usartserial.o(.text)
    .text                                    0x08001810   Section        0  misc.o(.text)
    .text                                    0x080018c0   Section        0  stm32f4xx_gpio.o(.text)
    .text                                    0x08001aa4   Section        0  stm32f4xx_i2c.o(.text)
    .text                                    0x08001dcc   Section        0  stm32f4xx_rcc.o(.text)
    .text                                    0x0800219c   Section        0  stm32f4xx_tim.o(.text)
    TI2_Config                               0x080027e7   Thumb Code    54  stm32f4xx_tim.o(.text)
    TI1_Config                               0x08002b49   Thumb Code    46  stm32f4xx_tim.o(.text)
    .text                                    0x08002b78   Section        0  stm32f4xx_usart.o(.text)
    .text                                    0x08002ebc   Section        0  strlen.o(.text)
    .text                                    0x08002efa   Section        0  heapauxi.o(.text)
    .text                                    0x08002f00   Section        0  init_aeabi.o(.text)
    .text                                    0x08002f24   Section        0  defsig_pvfn_outer.o(.text)
    .text                                    0x08002f32   Section        0  defsig_exit.o(.text)
    .text                                    0x08002f3c   Section        0  defsig_pvfn_inner.o(.text)
    .text                                    0x08002f6c   Section        0  sys_exit.o(.text)
    .text                                    0x08002f78   Section       74  sys_stackheap_outer.o(.text)
    .text                                    0x08002fc2   Section        0  exit.o(.text)
    .text                                    0x08002fce   Section        0  defsig_general.o(.text)
    .text                                    0x08003000   Section        0  sys_wrch.o(.text)
    .text                                    0x08003010   Section        8  libspace.o(.text)
    .text                                    0x08003018   Section        2  use_no_semi.o(.text)
    .text                                    0x0800301a   Section        0  indicate_semi.o(.text)
    i._ZN5Print5writeEPKc                    0x0800301a   Section        0  print.o(i._ZN5Print5writeEPKc)
    i._ZN5PrintC2Ev                          0x0800303c   Section        0  main.o(i._ZN5PrintC2Ev)
    i.__cxa_pure_virtual                     0x0800304c   Section        0  pure_virt.o(i.__cxa_pure_virtual)
    x$fpl$dadd                               0x08003054   Section      336  daddsub_clz.o(x$fpl$dadd)
    _dadd1                                   0x08003065   Thumb Code     0  daddsub_clz.o(x$fpl$dadd)
    x$fpl$dcmpinf                            0x080031a4   Section       24  dcmpi.o(x$fpl$dcmpinf)
    x$fpl$ddiv                               0x080031bc   Section      688  ddiv.o(x$fpl$ddiv)
    ddiv_entry                               0x080031c3   Thumb Code     0  ddiv.o(x$fpl$ddiv)
    x$fpl$dfix                               0x0800346c   Section       94  dfix.o(x$fpl$dfix)
    x$fpl$dfixu                              0x080034cc   Section       90  dfixu.o(x$fpl$dfixu)
    x$fpl$dflt                               0x08003526   Section       46  dflt_clz.o(x$fpl$dflt)
    x$fpl$dfltu                              0x08003554   Section       38  dflt_clz.o(x$fpl$dfltu)
    x$fpl$dleqf                              0x0800357c   Section      120  dleqf.o(x$fpl$dleqf)
    x$fpl$dmul                               0x080035f4   Section      340  dmul.o(x$fpl$dmul)
    x$fpl$dnaninf                            0x08003748   Section      156  dnaninf.o(x$fpl$dnaninf)
    x$fpl$dretinf                            0x080037e4   Section       12  dretinf.o(x$fpl$dretinf)
    x$fpl$drleqf                             0x080037f0   Section      108  drleqf.o(x$fpl$drleqf)
    x$fpl$drsb                               0x0800385c   Section       22  daddsub_clz.o(x$fpl$drsb)
    x$fpl$dsub                               0x08003874   Section      468  daddsub_clz.o(x$fpl$dsub)
    _dsub1                                   0x08003885   Thumb Code     0  daddsub_clz.o(x$fpl$dsub)
    x$fpl$f2d                                0x08003a48   Section       86  f2d.o(x$fpl$f2d)
    x$fpl$fdiv                               0x08003aa0   Section      388  fdiv.o(x$fpl$fdiv)
    _fdiv1                                   0x08003aa1   Thumb Code     0  fdiv.o(x$fpl$fdiv)
    x$fpl$ffltu                              0x08003c24   Section       38  fflt_clz.o(x$fpl$ffltu)
    x$fpl$fnaninf                            0x08003c4a   Section      140  fnaninf.o(x$fpl$fnaninf)
    x$fpl$fretinf                            0x08003cd6   Section       10  fretinf.o(x$fpl$fretinf)
    .constdata                               0x08003ce0   Section       16  st7032i.o(.constdata)
    x$fpl$usenofp                            0x08003ce0   Section        0  usenofp.o(x$fpl$usenofp)
    .constdata__ZTV11USARTSerial             0x08003cf0   Section       32  usartserial.o(.constdata__ZTV11USARTSerial)
    .constdata__ZTV5Print                    0x08003d10   Section       16  print.o(.constdata__ZTV5Print)
    .constdata__ZTV7ST7032i                  0x08003d20   Section       16  st7032i.o(.constdata__ZTV7ST7032i)
    .init_array                              0x08003d50   Section        4  main.o(.init_array)
    .data                                    0x20000000   Section       20  system_stm32f4xx.o(.data)
    .data                                    0x20000014   Section        8  delay.o(.data)
    .data                                    0x2000001c   Section       80  gpio.o(.data)
    .data                                    0x2000006c   Section        4  systick.o(.data)
    .data                                    0x20000070   Section       16  stm32f4xx_rcc.o(.data)
    APBAHBPrescTable                         0x20000070   Data          16  stm32f4xx_rcc.o(.data)
    .bss                                     0x20000080   Section       52  main.o(.bss)
    .bss                                     0x200000b4   Section       36  i2c.o(.bss)
    .bss                                     0x200000d8   Section     3144  usart.o(.bss)
    .bss                                     0x20000d20   Section       96  libspace.o(.bss)
    HEAP                                     0x20000d80   Section      512  startup_stm32f4xx.o(HEAP)
    Heap_Mem                                 0x20000d80   Data         512  startup_stm32f4xx.o(HEAP)
    STACK                                    0x20000f80   Section     1024  startup_stm32f4xx.o(STACK)
    Stack_Mem                                0x20000f80   Data        1024  startup_stm32f4xx.o(STACK)
    __initial_sp                             0x20001380   Data           0  startup_stm32f4xx.o(STACK)

    Global Symbols

    Symbol Name                              Value     Ov Type        Size  Object(Section)

    BuildAttributes$$THM_ISAv4$E$P$D$K$B$S$7EM$PE$A:L22UL41UL21$X:L11$S22US41US21$IEEE1$IW$USESV6$~STKCKD$USESV7$~SHL$OSPACE$ROPI$EBA8$UX$STANDARDLIB$REQ8$PRES8$EABIv2 0x00000000   Number         0  anon$$obj.o ABSOLUTE
    __ARM_use_no_argv                        0x00000000   Number         0  main.o ABSOLUTE
    __ARM_exceptions_init                     - Undefined Weak Reference
    __alloca_initialize                       - Undefined Weak Reference
    __cxa_finalize                            - Undefined Weak Reference
    __rt_locale                               - Undefined Weak Reference
    __sigvec_lookup                           - Undefined Weak Reference
    _atexit_init                              - Undefined Weak Reference
    _call_atexit_fns                          - Undefined Weak Reference
    _clock_init                               - Undefined Weak Reference
    _fp_trap_init                             - Undefined Weak Reference
    _fp_trap_shutdown                         - Undefined Weak Reference
    _get_lc_collate                           - Undefined Weak Reference
    _get_lc_ctype                             - Undefined Weak Reference
    _get_lc_monetary                          - Undefined Weak Reference
    _get_lc_numeric                           - Undefined Weak Reference
    _get_lc_time                              - Undefined Weak Reference
    _getenv_init                              - Undefined Weak Reference
    _handle_redirection                       - Undefined Weak Reference
    _init_alloc                               - Undefined Weak Reference
    _init_user_alloc                          - Undefined Weak Reference
    _initio                                   - Undefined Weak Reference
    _rand_init                                - Undefined Weak Reference
    _signal_finish                            - Undefined Weak Reference
    _signal_init                              - Undefined Weak Reference
    _terminate_alloc                          - Undefined Weak Reference
    _terminate_user_alloc                     - Undefined Weak Reference
    _terminateio                              - Undefined Weak Reference
    __Vectors_Size                           0x00000188   Number         0  startup_stm32f4xx.o ABSOLUTE
    __Vectors                                0x08000000   Data           4  startup_stm32f4xx.o(RESET)
    __Vectors_End                            0x08000188   Data           0  startup_stm32f4xx.o(RESET)
    __main                                   0x08000189   Thumb Code     8  __main.o(!!!main)
    __scatterload                            0x08000191   Thumb Code     0  __scatter.o(!!!scatter)
    __scatterload_rt2                        0x08000191   Thumb Code    44  __scatter.o(!!!scatter)
    __scatterload_rt2_thumb_only             0x08000191   Thumb Code     0  __scatter.o(!!!scatter)
    __scatterload_null                       0x0800019f   Thumb Code     0  __scatter.o(!!!scatter)
    __scatterload_copy                       0x080001c5   Thumb Code    26  __scatter_copy.o(!!handler_copy)
    __scatterload_zeroinit                   0x080001e1   Thumb Code    28  __scatter_zi.o(!!handler_zi)
    __rt_lib_init                            0x080001fd   Thumb Code     0  libinit.o(.ARM.Collect$$libinit$$00000000)
    __rt_lib_init_alloca_1                   0x080001ff   Thumb Code     0  libinit2.o(.ARM.Collect$$libinit$$0000002C)
    __rt_lib_init_argv_1                     0x080001ff   Thumb Code     0  libinit2.o(.ARM.Collect$$libinit$$0000002A)
    __rt_lib_init_atexit_1                   0x080001ff   Thumb Code     0  libinit2.o(.ARM.Collect$$libinit$$00000019)
    __rt_lib_init_clock_1                    0x080001ff   Thumb Code     0  libinit2.o(.ARM.Collect$$libinit$$0000001F)
    __rt_lib_init_cpp_2                      0x080001ff   Thumb Code     0  libinit2.o(.ARM.Collect$$libinit$$0000002F)
    __rt_lib_init_exceptions_1               0x080001ff   Thumb Code     0  libinit2.o(.ARM.Collect$$libinit$$0000002E)
    __rt_lib_init_fp_1                       0x080001ff   Thumb Code     0  libinit2.o(.ARM.Collect$$libinit$$00000002)
    __rt_lib_init_fp_trap_1                  0x080001ff   Thumb Code     0  libinit2.o(.ARM.Collect$$libinit$$0000001D)
    __rt_lib_init_getenv_1                   0x080001ff   Thumb Code     0  libinit2.o(.ARM.Collect$$libinit$$00000021)
    __rt_lib_init_heap_1                     0x080001ff   Thumb Code     0  libinit2.o(.ARM.Collect$$libinit$$00000008)
    __rt_lib_init_lc_collate_1               0x080001ff   Thumb Code     0  libinit2.o(.ARM.Collect$$libinit$$0000000F)
    __rt_lib_init_lc_ctype_1                 0x080001ff   Thumb Code     0  libinit2.o(.ARM.Collect$$libinit$$00000011)
    __rt_lib_init_lc_monetary_1              0x080001ff   Thumb Code     0  libinit2.o(.ARM.Collect$$libinit$$00000013)
    __rt_lib_init_lc_numeric_1               0x080001ff   Thumb Code     0  libinit2.o(.ARM.Collect$$libinit$$00000015)
    __rt_lib_init_lc_time_1                  0x080001ff   Thumb Code     0  libinit2.o(.ARM.Collect$$libinit$$00000017)
    __rt_lib_init_rand_1                     0x080001ff   Thumb Code     0  libinit2.o(.ARM.Collect$$libinit$$0000000C)
    __rt_lib_init_signal_1                   0x080001ff   Thumb Code     0  libinit2.o(.ARM.Collect$$libinit$$0000001B)
    __rt_lib_init_stdio_1                    0x080001ff   Thumb Code     0  libinit2.o(.ARM.Collect$$libinit$$00000023)
    __rt_lib_init_user_alloc_1               0x080001ff   Thumb Code     0  libinit2.o(.ARM.Collect$$libinit$$0000000A)
    __rt_lib_init_cpp_1                      0x08000203   Thumb Code     0  libinit2.o(.ARM.Collect$$libinit$$00000030)
    __rt_lib_init_return                     0x08000203   Thumb Code     0  libinit2.o(.ARM.Collect$$libinit$$00000031)
    __rt_lib_shutdown                        0x08000205   Thumb Code     0  libshutdown.o(.ARM.Collect$$libshutdown$$00000000)
    __rt_lib_shutdown_fp_trap_1              0x08000207   Thumb Code     0  libshutdown2.o(.ARM.Collect$$libshutdown$$00000006)
    __rt_lib_shutdown_heap_1                 0x08000207   Thumb Code     0  libshutdown2.o(.ARM.Collect$$libshutdown$$0000000E)
    __rt_lib_shutdown_return                 0x08000207   Thumb Code     0  libshutdown2.o(.ARM.Collect$$libshutdown$$0000000F)
    __rt_lib_shutdown_signal_1               0x08000207   Thumb Code     0  libshutdown2.o(.ARM.Collect$$libshutdown$$00000009)
    __rt_lib_shutdown_stdio_1                0x08000207   Thumb Code     0  libshutdown2.o(.ARM.Collect$$libshutdown$$00000003)
    __rt_lib_shutdown_user_alloc_1           0x08000207   Thumb Code     0  libshutdown2.o(.ARM.Collect$$libshutdown$$0000000B)
    __rt_entry                               0x08000209   Thumb Code     0  rtentry.o(.ARM.Collect$$rtentry$$00000000)
    __rt_entry_presh_1                       0x08000209   Thumb Code     0  rtentry2.o(.ARM.Collect$$rtentry$$00000002)
    __rt_entry_sh                            0x08000209   Thumb Code     0  rtentry4.o(.ARM.Collect$$rtentry$$00000004)
    __rt_entry_li                            0x0800020f   Thumb Code     0  rtentry2.o(.ARM.Collect$$rtentry$$0000000A)
    __rt_entry_postsh_1                      0x0800020f   Thumb Code     0  rtentry2.o(.ARM.Collect$$rtentry$$00000009)
    __rt_entry_main                          0x08000213   Thumb Code     0  rtentry2.o(.ARM.Collect$$rtentry$$0000000D)
    __rt_entry_postli_1                      0x08000213   Thumb Code     0  rtentry2.o(.ARM.Collect$$rtentry$$0000000C)
    __rt_exit                                0x0800021b   Thumb Code     0  rtexit.o(.ARM.Collect$$rtexit$$00000000)
    __rt_exit_ls                             0x0800021d   Thumb Code     0  rtexit2.o(.ARM.Collect$$rtexit$$00000003)
    __rt_exit_prels_1                        0x0800021d   Thumb Code     0  rtexit2.o(.ARM.Collect$$rtexit$$00000002)
    __rt_exit_exit                           0x08000221   Thumb Code     0  rtexit2.o(.ARM.Collect$$rtexit$$00000004)
    Reset_Handler                            0x08000229   Thumb Code     8  startup_stm32f4xx.o(.text)
    ADC_IRQHandler                           0x08000243   Thumb Code     0  startup_stm32f4xx.o(.text)
    CAN1_RX0_IRQHandler                      0x08000243   Thumb Code     0  startup_stm32f4xx.o(.text)
    CAN1_RX1_IRQHandler                      0x08000243   Thumb Code     0  startup_stm32f4xx.o(.text)
    CAN1_SCE_IRQHandler                      0x08000243   Thumb Code     0  startup_stm32f4xx.o(.text)
    CAN1_TX_IRQHandler                       0x08000243   Thumb Code     0  startup_stm32f4xx.o(.text)
    CAN2_RX0_IRQHandler                      0x08000243   Thumb Code     0  startup_stm32f4xx.o(.text)
    CAN2_RX1_IRQHandler                      0x08000243   Thumb Code     0  startup_stm32f4xx.o(.text)
    CAN2_SCE_IRQHandler                      0x08000243   Thumb Code     0  startup_stm32f4xx.o(.text)
    CAN2_TX_IRQHandler                       0x08000243   Thumb Code     0  startup_stm32f4xx.o(.text)
    CRYP_IRQHandler                          0x08000243   Thumb Code     0  startup_stm32f4xx.o(.text)
    DCMI_IRQHandler                          0x08000243   Thumb Code     0  startup_stm32f4xx.o(.text)
    DMA1_Stream0_IRQHandler                  0x08000243   Thumb Code     0  startup_stm32f4xx.o(.text)
    DMA1_Stream1_IRQHandler                  0x08000243   Thumb Code     0  startup_stm32f4xx.o(.text)
    DMA1_Stream2_IRQHandler                  0x08000243   Thumb Code     0  startup_stm32f4xx.o(.text)
    DMA1_Stream3_IRQHandler                  0x08000243   Thumb Code     0  startup_stm32f4xx.o(.text)
    DMA1_Stream4_IRQHandler                  0x08000243   Thumb Code     0  startup_stm32f4xx.o(.text)
    DMA1_Stream5_IRQHandler                  0x08000243   Thumb Code     0  startup_stm32f4xx.o(.text)
    DMA1_Stream6_IRQHandler                  0x08000243   Thumb Code     0  startup_stm32f4xx.o(.text)
    DMA1_Stream7_IRQHandler                  0x08000243   Thumb Code     0  startup_stm32f4xx.o(.text)
    DMA2_Stream0_IRQHandler                  0x08000243   Thumb Code     0  startup_stm32f4xx.o(.text)
    DMA2_Stream1_IRQHandler                  0x08000243   Thumb Code     0  startup_stm32f4xx.o(.text)
    DMA2_Stream2_IRQHandler                  0x08000243   Thumb Code     0  startup_stm32f4xx.o(.text)
    DMA2_Stream3_IRQHandler                  0x08000243   Thumb Code     0  startup_stm32f4xx.o(.text)
    DMA2_Stream4_IRQHandler                  0x08000243   Thumb Code     0  startup_stm32f4xx.o(.text)
    DMA2_Stream5_IRQHandler                  0x08000243   Thumb Code     0  startup_stm32f4xx.o(.text)
    DMA2_Stream6_IRQHandler                  0x08000243   Thumb Code     0  startup_stm32f4xx.o(.text)
    DMA2_Stream7_IRQHandler                  0x08000243   Thumb Code     0  startup_stm32f4xx.o(.text)
    ETH_IRQHandler                           0x08000243   Thumb Code     0  startup_stm32f4xx.o(.text)
    ETH_WKUP_IRQHandler                      0x08000243   Thumb Code     0  startup_stm32f4xx.o(.text)
    EXTI0_IRQHandler                         0x08000243   Thumb Code     0  startup_stm32f4xx.o(.text)
    EXTI15_10_IRQHandler                     0x08000243   Thumb Code     0  startup_stm32f4xx.o(.text)
    EXTI1_IRQHandler                         0x08000243   Thumb Code     0  startup_stm32f4xx.o(.text)
    EXTI2_IRQHandler                         0x08000243   Thumb Code     0  startup_stm32f4xx.o(.text)
    EXTI3_IRQHandler                         0x08000243   Thumb Code     0  startup_stm32f4xx.o(.text)
    EXTI4_IRQHandler                         0x08000243   Thumb Code     0  startup_stm32f4xx.o(.text)
    EXTI9_5_IRQHandler                       0x08000243   Thumb Code     0  startup_stm32f4xx.o(.text)
    FLASH_IRQHandler                         0x08000243   Thumb Code     0  startup_stm32f4xx.o(.text)
    FPU_IRQHandler                           0x08000243   Thumb Code     0  startup_stm32f4xx.o(.text)
    FSMC_IRQHandler                          0x08000243   Thumb Code     0  startup_stm32f4xx.o(.text)
    HASH_RNG_IRQHandler                      0x08000243   Thumb Code     0  startup_stm32f4xx.o(.text)
    I2C1_ER_IRQHandler                       0x08000243   Thumb Code     0  startup_stm32f4xx.o(.text)
    I2C1_EV_IRQHandler                       0x08000243   Thumb Code     0  startup_stm32f4xx.o(.text)
    I2C2_ER_IRQHandler                       0x08000243   Thumb Code     0  startup_stm32f4xx.o(.text)
    I2C2_EV_IRQHandler                       0x08000243   Thumb Code     0  startup_stm32f4xx.o(.text)
    I2C3_ER_IRQHandler                       0x08000243   Thumb Code     0  startup_stm32f4xx.o(.text)
    I2C3_EV_IRQHandler                       0x08000243   Thumb Code     0  startup_stm32f4xx.o(.text)
    OTG_FS_IRQHandler                        0x08000243   Thumb Code     0  startup_stm32f4xx.o(.text)
    OTG_FS_WKUP_IRQHandler                   0x08000243   Thumb Code     0  startup_stm32f4xx.o(.text)
    OTG_HS_EP1_IN_IRQHandler                 0x08000243   Thumb Code     0  startup_stm32f4xx.o(.text)
    OTG_HS_EP1_OUT_IRQHandler                0x08000243   Thumb Code     0  startup_stm32f4xx.o(.text)
    OTG_HS_IRQHandler                        0x08000243   Thumb Code     0  startup_stm32f4xx.o(.text)
    OTG_HS_WKUP_IRQHandler                   0x08000243   Thumb Code     0  startup_stm32f4xx.o(.text)
    PVD_IRQHandler                           0x08000243   Thumb Code     0  startup_stm32f4xx.o(.text)
    RCC_IRQHandler                           0x08000243   Thumb Code     0  startup_stm32f4xx.o(.text)
    RTC_Alarm_IRQHandler                     0x08000243   Thumb Code     0  startup_stm32f4xx.o(.text)
    RTC_WKUP_IRQHandler                      0x08000243   Thumb Code     0  startup_stm32f4xx.o(.text)
    SDIO_IRQHandler                          0x08000243   Thumb Code     0  startup_stm32f4xx.o(.text)
    SPI1_IRQHandler                          0x08000243   Thumb Code     0  startup_stm32f4xx.o(.text)
    SPI2_IRQHandler                          0x08000243   Thumb Code     0  startup_stm32f4xx.o(.text)
    SPI3_IRQHandler                          0x08000243   Thumb Code     0  startup_stm32f4xx.o(.text)
    TAMP_STAMP_IRQHandler                    0x08000243   Thumb Code     0  startup_stm32f4xx.o(.text)
    TIM1_BRK_TIM9_IRQHandler                 0x08000243   Thumb Code     0  startup_stm32f4xx.o(.text)
    TIM1_CC_IRQHandler                       0x08000243   Thumb Code     0  startup_stm32f4xx.o(.text)
    TIM1_TRG_COM_TIM11_IRQHandler            0x08000243   Thumb Code     0  startup_stm32f4xx.o(.text)
    TIM1_UP_TIM10_IRQHandler                 0x08000243   Thumb Code     0  startup_stm32f4xx.o(.text)
    TIM3_IRQHandler                          0x08000243   Thumb Code     0  startup_stm32f4xx.o(.text)
    TIM4_IRQHandler                          0x08000243   Thumb Code     0  startup_stm32f4xx.o(.text)
    TIM5_IRQHandler                          0x08000243   Thumb Code     0  startup_stm32f4xx.o(.text)
    TIM6_DAC_IRQHandler                      0x08000243   Thumb Code     0  startup_stm32f4xx.o(.text)
    TIM7_IRQHandler                          0x08000243   Thumb Code     0  startup_stm32f4xx.o(.text)
    TIM8_BRK_TIM12_IRQHandler                0x08000243   Thumb Code     0  startup_stm32f4xx.o(.text)
    TIM8_CC_IRQHandler                       0x08000243   Thumb Code     0  startup_stm32f4xx.o(.text)
    TIM8_TRG_COM_TIM14_IRQHandler            0x08000243   Thumb Code     0  startup_stm32f4xx.o(.text)
    TIM8_UP_TIM13_IRQHandler                 0x08000243   Thumb Code     0  startup_stm32f4xx.o(.text)
    UART5_IRQHandler                         0x08000243   Thumb Code     0  startup_stm32f4xx.o(.text)
    USART6_IRQHandler                        0x08000243   Thumb Code     0  startup_stm32f4xx.o(.text)
    WWDG_IRQHandler                          0x08000243   Thumb Code     0  startup_stm32f4xx.o(.text)
    __user_initial_stackheap                 0x08000245   Thumb Code     0  startup_stm32f4xx.o(.text)
    main                                     0x08000269   Thumb Code   744  main.o(.text)
    NMI_Handler                              0x08000629   Thumb Code     2  stm32f4xx_it.o(.text)
    HardFault_Handler                        0x0800062b   Thumb Code     2  stm32f4xx_it.o(.text)
    MemManage_Handler                        0x0800062d   Thumb Code     2  stm32f4xx_it.o(.text)
    BusFault_Handler                         0x0800062f   Thumb Code     2  stm32f4xx_it.o(.text)
    UsageFault_Handler                       0x08000631   Thumb Code     2  stm32f4xx_it.o(.text)
    SVC_Handler                              0x08000633   Thumb Code     2  stm32f4xx_it.o(.text)
    DebugMon_Handler                         0x08000635   Thumb Code     2  stm32f4xx_it.o(.text)
    PendSV_Handler                           0x08000637   Thumb Code     2  stm32f4xx_it.o(.text)
    SystemInit                               0x08000639   Thumb Code    62  system_stm32f4xx.o(.text)
    SystemCoreClockUpdate                    0x08000677   Thumb Code   108  system_stm32f4xx.o(.text)
    TIM2_timer_start                         0x08000795   Thumb Code   126  delay.o(.text)
    micros                                   0x08000813   Thumb Code    18  delay.o(.text)
    millis                                   0x08000825   Thumb Code     6  delay.o(.text)
    delay_ms                                 0x0800082b   Thumb Code    26  delay.o(.text)
    delay_us                                 0x08000845   Thumb Code    36  delay.o(.text)
    TIM2_IRQHandler                          0x08000869   Thumb Code    42  delay.o(.text)
    PinPort                                  0x0800089d   Thumb Code    12  gpio.o(.text)
    PinBit                                   0x080008a9   Thumb Code    12  gpio.o(.text)
    PinSource                                0x080008b5   Thumb Code     6  gpio.o(.text)
    pinMode                                  0x080008bb   Thumb Code    66  gpio.o(.text)
    digitalWrite                             0x080008fd   Thumb Code    46  gpio.o(.text)
    digitalRead                              0x0800092b   Thumb Code    68  gpio.o(.text)
    GPIOMode                                 0x0800096f   Thumb Code   156  gpio.o(.text)
    GPIOWrite                                0x08000a0b   Thumb Code     4  gpio.o(.text)
    i2c_begin                                0x08000a39   Thumb Code   278  i2c.o(.text)
    i2c_start                                0x08000b4f   Thumb Code   136  i2c.o(.text)
    i2c_transmit                             0x08000bd7   Thumb Code   116  i2c.o(.text)
    i2c_receive                              0x08000c4b   Thumb Code   310  i2c.o(.text)
    Print::printNumber(unsigned long, unsigned char) 0x08000da1   Thumb Code    58  print.o(.text)
    Print::print(char)                       0x08000ddb   Thumb Code     6  print.o(.text)
    Print::print(long, int)                  0x08000de1   Thumb Code    64  print.o(.text)
    Print::print(int, int)                   0x08000e21   Thumb Code     2  print.o(.text)
    Print::print(const char*)                0x08000e23   Thumb Code     4  print.o(.text)
    Print::print(unsigned long, int)         0x08000e27   Thumb Code    14  print.o(.text)
    Print::printFloat(double, unsigned char) 0x08000e35   Thumb Code   286  print.o(.text)
    Print::write(const unsigned char*, unsigned) 0x08000f53   Thumb Code    38  print.o(.text)
    Print::print(unsigned char, int)         0x08000f79   Thumb Code     2  print.o(.text)
    Print::print(unsigned, int)              0x08000f7b   Thumb Code     2  print.o(.text)
    Print::print(double, int)                0x08000f7d   Thumb Code    14  print.o(.text)
    Print::println()                         0x08000f8b   Thumb Code    24  print.o(.text)
    Print::println(const char*)              0x08000fa3   Thumb Code    20  print.o(.text)
    Print::println(char)                     0x08000fb7   Thumb Code    20  print.o(.text)
    Print::println(unsigned char, int)       0x08000fcb   Thumb Code    20  print.o(.text)
    Print::println(int, int)                 0x08000fdf   Thumb Code    20  print.o(.text)
    Print::println(unsigned, int)            0x08000ff3   Thumb Code    20  print.o(.text)
    Print::println(long, int)                0x08001007   Thumb Code    20  print.o(.text)
    Print::println(unsigned long, int)       0x0800101b   Thumb Code    20  print.o(.text)
    Print::println(double, int)              0x0800102f   Thumb Code    26  print.o(.text)
    ST7032i::command(unsigned char)          0x08001071   Thumb Code    32  st7032i.o(.text)
    ST7032i::init(__I2CBus*)                 0x08001091   Thumb Code    28  st7032i.o(.text)
    ST7032i::home()                          0x080010ad   Thumb Code    18  st7032i.o(.text)
    ST7032i::clear()                         0x080010bf   Thumb Code    18  st7032i.o(.text)
    ST7032i::display()                       0x080010d1   Thumb Code    14  st7032i.o(.text)
    ST7032i::begin()                         0x080010df   Thumb Code   184  st7032i.o(.text)
    ST7032i::write(unsigned char)            0x08001197   Thumb Code    34  st7032i.o(.text)
    ST7032i::setCursor(unsigned char, unsigned char) 0x080011b9   Thumb Code    52  st7032i.o(.text)
    ST7032i::noDisplay()                     0x080011ed   Thumb Code    14  st7032i.o(.text)
    ST7032i::setContrast(unsigned char)      0x080011fb   Thumb Code    88  st7032i.o(.text)
    ST7032i::noBlink()                       0x08001253   Thumb Code    14  st7032i.o(.text)
    ST7032i::blink()                         0x08001261   Thumb Code    14  st7032i.o(.text)
    ST7032i::noCursor()                      0x0800126f   Thumb Code    14  st7032i.o(.text)
    ST7032i::showCursor()                    0x0800127d   Thumb Code    14  st7032i.o(.text)
    ST7032i::scrollDisplayLeft()             0x0800128b   Thumb Code     4  st7032i.o(.text)
    ST7032i::scrollDisplayRight()            0x0800128f   Thumb Code     4  st7032i.o(.text)
    ST7032i::leftToRight()                   0x08001293   Thumb Code    14  st7032i.o(.text)
    ST7032i::rightToLeft()                   0x080012a1   Thumb Code    14  st7032i.o(.text)
    ST7032i::autoscroll()                    0x080012af   Thumb Code    14  st7032i.o(.text)
    ST7032i::noAutoscroll()                  0x080012bd   Thumb Code    14  st7032i.o(.text)
    ST7032i::createChar(unsigned char, unsigned char*) 0x080012cb   Thumb Code    42  st7032i.o(.text)
    SysTick_Handler                          0x080012f9   Thumb Code    10  systick.o(.text)
    SysTick_delay                            0x08001303   Thumb Code    14  systick.o(.text)
    SysTick_Start                            0x08001311   Thumb Code    52  systick.o(.text)
    SysTick_count                            0x08001345   Thumb Code     6  systick.o(.text)
    ring_clear                               0x08001355   Thumb Code    14  usart.o(.text)
    ring_count                               0x08001363   Thumb Code     6  usart.o(.text)
    ring_is_full                             0x08001369   Thumb Code    26  usart.o(.text)
    ring_enque                               0x08001383   Thumb Code    64  usart.o(.text)
    ring_deque                               0x080013c3   Thumb Code    54  usart.o(.text)
    ring_peek                                0x080013f9   Thumb Code    22  usart.o(.text)
    usart_begin                              0x0800140f   Thumb Code   384  usart.o(.text)
    usart_polling_write                      0x0800158f   Thumb Code    30  usart.o(.text)
    usart_write                              0x080015ad   Thumb Code    76  usart.o(.text)
    usart_polling_read                       0x080015f9   Thumb Code     4  usart.o(.text)
    usart_read                               0x080015fd   Thumb Code    20  usart.o(.text)
    usart_flush                              0x08001611   Thumb Code    40  usart.o(.text)
    usart_peek                               0x08001639   Thumb Code     4  usart.o(.text)
    usart_available                          0x0800163d   Thumb Code     8  usart.o(.text)
    USART1_IRQHandler                        0x08001645   Thumb Code    96  usart.o(.text)
    USART2_IRQHandler                        0x080016a5   Thumb Code    96  usart.o(.text)
    USART3_IRQHandler                        0x08001705   Thumb Code    96  usart.o(.text)
    UART4_IRQHandler                         0x08001765   Thumb Code    98  usart.o(.text)
    USARTSerial::begin(_GPIOPin, _GPIOPin, unsigned) 0x08001805   Thumb Code     6  usartserial.o(.text)
    USARTSerial::write(unsigned char)        0x0800180b   Thumb Code     6  usartserial.o(.text)
    NVIC_PriorityGroupConfig                 0x08001811   Thumb Code    10  misc.o(.text)
    NVIC_Init                                0x0800181b   Thumb Code    92  misc.o(.text)
    NVIC_SetVectorTable                      0x08001877   Thumb Code    14  misc.o(.text)
    NVIC_SystemLPConfig                      0x08001885   Thumb Code    20  misc.o(.text)
    SysTick_CLKSourceConfig                  0x08001899   Thumb Code    24  misc.o(.text)
    GPIO_DeInit                              0x080018c1   Thumb Code   192  stm32f4xx_gpio.o(.text)
    GPIO_Init                                0x08001981   Thumb Code   120  stm32f4xx_gpio.o(.text)
    GPIO_StructInit                          0x080019f9   Thumb Code    18  stm32f4xx_gpio.o(.text)
    GPIO_PinLockConfig                       0x08001a0b   Thumb Code    16  stm32f4xx_gpio.o(.text)
    GPIO_ReadInputDataBit                    0x08001a1b   Thumb Code    14  stm32f4xx_gpio.o(.text)
    GPIO_ReadInputData                       0x08001a29   Thumb Code     6  stm32f4xx_gpio.o(.text)
    GPIO_ReadOutputDataBit                   0x08001a2f   Thumb Code    14  stm32f4xx_gpio.o(.text)
    GPIO_ReadOutputData                      0x08001a3d   Thumb Code     6  stm32f4xx_gpio.o(.text)
    GPIO_SetBits                             0x08001a43   Thumb Code     4  stm32f4xx_gpio.o(.text)
    GPIO_ResetBits                           0x08001a47   Thumb Code     4  stm32f4xx_gpio.o(.text)
    GPIO_WriteBit                            0x08001a4b   Thumb Code    10  stm32f4xx_gpio.o(.text)
    GPIO_Write                               0x08001a55   Thumb Code     4  stm32f4xx_gpio.o(.text)
    GPIO_ToggleBits                          0x08001a59   Thumb Code     8  stm32f4xx_gpio.o(.text)
    GPIO_PinAFConfig                         0x08001a61   Thumb Code    32  stm32f4xx_gpio.o(.text)
    I2C_DeInit                               0x08001aa5   Thumb Code    56  stm32f4xx_i2c.o(.text)
    I2C_Init                                 0x08001add   Thumb Code   172  stm32f4xx_i2c.o(.text)
    I2C_StructInit                           0x08001b89   Thumb Code    28  stm32f4xx_i2c.o(.text)
    I2C_Cmd                                  0x08001ba5   Thumb Code    20  stm32f4xx_i2c.o(.text)
    I2C_GenerateSTART                        0x08001bb9   Thumb Code    20  stm32f4xx_i2c.o(.text)
    I2C_GenerateSTOP                         0x08001bcd   Thumb Code    20  stm32f4xx_i2c.o(.text)
    I2C_Send7bitAddress                      0x08001be1   Thumb Code    16  stm32f4xx_i2c.o(.text)
    I2C_AcknowledgeConfig                    0x08001bf1   Thumb Code    20  stm32f4xx_i2c.o(.text)
    I2C_OwnAddress2Config                    0x08001c05   Thumb Code    16  stm32f4xx_i2c.o(.text)
    I2C_DualAddressCmd                       0x08001c15   Thumb Code    20  stm32f4xx_i2c.o(.text)
    I2C_GeneralCallCmd                       0x08001c29   Thumb Code    20  stm32f4xx_i2c.o(.text)
    I2C_SoftwareResetCmd                     0x08001c3d   Thumb Code    20  stm32f4xx_i2c.o(.text)
    I2C_StretchClockCmd                      0x08001c51   Thumb Code    20  stm32f4xx_i2c.o(.text)
    I2C_FastModeDutyCycleConfig              0x08001c65   Thumb Code    22  stm32f4xx_i2c.o(.text)
    I2C_NACKPositionConfig                   0x08001c7b   Thumb Code    22  stm32f4xx_i2c.o(.text)
    I2C_SMBusAlertConfig                     0x08001c91   Thumb Code    22  stm32f4xx_i2c.o(.text)
    I2C_ARPCmd                               0x08001ca7   Thumb Code    20  stm32f4xx_i2c.o(.text)
    I2C_SendData                             0x08001cbb   Thumb Code     4  stm32f4xx_i2c.o(.text)
    I2C_ReceiveData                          0x08001cbf   Thumb Code     6  stm32f4xx_i2c.o(.text)
    I2C_TransmitPEC                          0x08001cc5   Thumb Code    20  stm32f4xx_i2c.o(.text)
    I2C_PECPositionConfig                    0x08001cd9   Thumb Code    22  stm32f4xx_i2c.o(.text)
    I2C_CalculatePEC                         0x08001cef   Thumb Code    20  stm32f4xx_i2c.o(.text)
    I2C_GetPEC                               0x08001d03   Thumb Code     6  stm32f4xx_i2c.o(.text)
    I2C_DMACmd                               0x08001d09   Thumb Code    20  stm32f4xx_i2c.o(.text)
    I2C_DMALastTransferCmd                   0x08001d1d   Thumb Code    20  stm32f4xx_i2c.o(.text)
    I2C_ReadRegister                         0x08001d31   Thumb Code     4  stm32f4xx_i2c.o(.text)
    I2C_ITConfig                             0x08001d35   Thumb Code    16  stm32f4xx_i2c.o(.text)
    I2C_CheckEvent                           0x08001d45   Thumb Code    24  stm32f4xx_i2c.o(.text)
    I2C_GetLastEvent                         0x08001d5d   Thumb Code    14  stm32f4xx_i2c.o(.text)
    I2C_GetFlagStatus                        0x08001d6b   Thumb Code    30  stm32f4xx_i2c.o(.text)
    I2C_ClearFlag                            0x08001d89   Thumb Code     6  stm32f4xx_i2c.o(.text)
    I2C_GetITStatus                          0x08001d8f   Thumb Code    34  stm32f4xx_i2c.o(.text)
    I2C_ClearITPendingBit                    0x08001db1   Thumb Code     6  stm32f4xx_i2c.o(.text)
    RCC_DeInit                               0x08001dcd   Thumb Code    48  stm32f4xx_rcc.o(.text)
    RCC_HSEConfig                            0x08001dfd   Thumb Code    12  stm32f4xx_rcc.o(.text)
    RCC_GetFlagStatus                        0x08001e09   Thumb Code    46  stm32f4xx_rcc.o(.text)
    RCC_WaitForHSEStartUp                    0x08001e37   Thumb Code    38  stm32f4xx_rcc.o(.text)
    RCC_AdjustHSICalibrationValue            0x08001e5d   Thumb Code    16  stm32f4xx_rcc.o(.text)
    RCC_HSICmd                               0x08001e6d   Thumb Code     6  stm32f4xx_rcc.o(.text)
    RCC_LSEConfig                            0x08001e73   Thumb Code    24  stm32f4xx_rcc.o(.text)
    RCC_LSICmd                               0x08001e8b   Thumb Code     6  stm32f4xx_rcc.o(.text)
    RCC_PLLConfig                            0x08001e91   Thumb Code    32  stm32f4xx_rcc.o(.text)
    RCC_PLLCmd                               0x08001eb1   Thumb Code     6  stm32f4xx_rcc.o(.text)
    RCC_PLLI2SConfig                         0x08001eb7   Thumb Code    14  stm32f4xx_rcc.o(.text)
    RCC_PLLI2SCmd                            0x08001ec5   Thumb Code     6  stm32f4xx_rcc.o(.text)
    RCC_ClockSecuritySystemCmd               0x08001ecb   Thumb Code     6  stm32f4xx_rcc.o(.text)
    RCC_MCO1Config                           0x08001ed1   Thumb Code    18  stm32f4xx_rcc.o(.text)
    RCC_MCO2Config                           0x08001ee3   Thumb Code    18  stm32f4xx_rcc.o(.text)
    RCC_SYSCLKConfig                         0x08001ef5   Thumb Code    16  stm32f4xx_rcc.o(.text)
    RCC_GetSYSCLKSource                      0x08001f05   Thumb Code    12  stm32f4xx_rcc.o(.text)
    RCC_HCLKConfig                           0x08001f11   Thumb Code    16  stm32f4xx_rcc.o(.text)
    RCC_PCLK1Config                          0x08001f21   Thumb Code    16  stm32f4xx_rcc.o(.text)
    RCC_PCLK2Config                          0x08001f31   Thumb Code    18  stm32f4xx_rcc.o(.text)
    RCC_GetClocksFreq                        0x08001f43   Thumb Code   136  stm32f4xx_rcc.o(.text)
    RCC_RTCCLKConfig                         0x08001fcb   Thumb Code    42  stm32f4xx_rcc.o(.text)
    RCC_RTCCLKCmd                            0x08001ff5   Thumb Code     8  stm32f4xx_rcc.o(.text)
    RCC_BackupResetCmd                       0x08001ffd   Thumb Code     8  stm32f4xx_rcc.o(.text)
    RCC_I2SCLKConfig                         0x08002005   Thumb Code     6  stm32f4xx_rcc.o(.text)
    RCC_AHB1PeriphClockCmd                   0x0800200b   Thumb Code    20  stm32f4xx_rcc.o(.text)
    RCC_AHB2PeriphClockCmd                   0x0800201f   Thumb Code    20  stm32f4xx_rcc.o(.text)
    RCC_AHB3PeriphClockCmd                   0x08002033   Thumb Code    20  stm32f4xx_rcc.o(.text)
    RCC_APB1PeriphClockCmd                   0x08002047   Thumb Code    20  stm32f4xx_rcc.o(.text)
    RCC_APB2PeriphClockCmd                   0x0800205b   Thumb Code    20  stm32f4xx_rcc.o(.text)
    RCC_AHB1PeriphResetCmd                   0x0800206f   Thumb Code    20  stm32f4xx_rcc.o(.text)
    RCC_AHB2PeriphResetCmd                   0x08002083   Thumb Code    20  stm32f4xx_rcc.o(.text)
    RCC_AHB3PeriphResetCmd                   0x08002097   Thumb Code    20  stm32f4xx_rcc.o(.text)
    RCC_APB1PeriphResetCmd                   0x080020ab   Thumb Code    20  stm32f4xx_rcc.o(.text)
    RCC_APB2PeriphResetCmd                   0x080020bf   Thumb Code    20  stm32f4xx_rcc.o(.text)
    RCC_AHB1PeriphClockLPModeCmd             0x080020d3   Thumb Code    20  stm32f4xx_rcc.o(.text)
    RCC_AHB2PeriphClockLPModeCmd             0x080020e7   Thumb Code    20  stm32f4xx_rcc.o(.text)
    RCC_AHB3PeriphClockLPModeCmd             0x080020fb   Thumb Code    20  stm32f4xx_rcc.o(.text)
    RCC_APB1PeriphClockLPModeCmd             0x0800210f   Thumb Code    20  stm32f4xx_rcc.o(.text)
    RCC_APB2PeriphClockLPModeCmd             0x08002123   Thumb Code    20  stm32f4xx_rcc.o(.text)
    RCC_ITConfig                             0x08002137   Thumb Code    20  stm32f4xx_rcc.o(.text)
    RCC_ClearFlag                            0x0800214b   Thumb Code    14  stm32f4xx_rcc.o(.text)
    RCC_GetITStatus                          0x08002159   Thumb Code    18  stm32f4xx_rcc.o(.text)
    RCC_ClearITPendingBit                    0x0800216b   Thumb Code     8  stm32f4xx_rcc.o(.text)
    TIM_DeInit                               0x0800219d   Thumb Code   284  stm32f4xx_tim.o(.text)
    TIM_TimeBaseInit                         0x080022b9   Thumb Code    96  stm32f4xx_tim.o(.text)
    TIM_TimeBaseStructInit                   0x08002319   Thumb Code    18  stm32f4xx_tim.o(.text)
    TIM_PrescalerConfig                      0x0800232b   Thumb Code     6  stm32f4xx_tim.o(.text)
    TIM_CounterModeConfig                    0x08002331   Thumb Code    12  stm32f4xx_tim.o(.text)
    TIM_SetCounter                           0x0800233d   Thumb Code     4  stm32f4xx_tim.o(.text)
    TIM_SetAutoreload                        0x08002341   Thumb Code     4  stm32f4xx_tim.o(.text)
    TIM_GetCounter                           0x08002345   Thumb Code     4  stm32f4xx_tim.o(.text)
    TIM_GetPrescaler                         0x08002349   Thumb Code     4  stm32f4xx_tim.o(.text)
    TIM_UpdateDisableConfig                  0x0800234d   Thumb Code    20  stm32f4xx_tim.o(.text)
    TIM_UpdateRequestConfig                  0x08002361   Thumb Code    20  stm32f4xx_tim.o(.text)
    TIM_ARRPreloadConfig                     0x08002375   Thumb Code    20  stm32f4xx_tim.o(.text)
    TIM_SelectOnePulseMode                   0x08002389   Thumb Code    16  stm32f4xx_tim.o(.text)
    TIM_SetClockDivision                     0x08002399   Thumb Code    16  stm32f4xx_tim.o(.text)
    TIM_Cmd                                  0x080023a9   Thumb Code    20  stm32f4xx_tim.o(.text)
    TIM_OC1Init                              0x080023bd   Thumb Code    88  stm32f4xx_tim.o(.text)
    TIM_OC2Init                              0x08002415   Thumb Code   120  stm32f4xx_tim.o(.text)
    TIM_OC3Init                              0x0800248d   Thumb Code   116  stm32f4xx_tim.o(.text)
    TIM_OC4Init                              0x08002501   Thumb Code    88  stm32f4xx_tim.o(.text)
    TIM_OCStructInit                         0x08002559   Thumb Code    20  stm32f4xx_tim.o(.text)
    TIM_SelectOCxM                           0x0800256d   Thumb Code   130  stm32f4xx_tim.o(.text)
    TIM_SetCompare1                          0x080025ef   Thumb Code     4  stm32f4xx_tim.o(.text)
    TIM_SetCompare2                          0x080025f3   Thumb Code     4  stm32f4xx_tim.o(.text)
    TIM_SetCompare3                          0x080025f7   Thumb Code     4  stm32f4xx_tim.o(.text)
    TIM_SetCompare4                          0x080025fb   Thumb Code     4  stm32f4xx_tim.o(.text)
    TIM_ForcedOC1Config                      0x080025ff   Thumb Code    12  stm32f4xx_tim.o(.text)
    TIM_ForcedOC2Config                      0x0800260b   Thumb Code    20  stm32f4xx_tim.o(.text)
    TIM_ForcedOC3Config                      0x0800261f   Thumb Code    12  stm32f4xx_tim.o(.text)
    TIM_ForcedOC4Config                      0x0800262b   Thumb Code    20  stm32f4xx_tim.o(.text)
    TIM_OC1PreloadConfig                     0x0800263f   Thumb Code    12  stm32f4xx_tim.o(.text)
    TIM_OC2PreloadConfig                     0x0800264b   Thumb Code    20  stm32f4xx_tim.o(.text)
    TIM_OC3PreloadConfig                     0x0800265f   Thumb Code    12  stm32f4xx_tim.o(.text)
    TIM_OC4PreloadConfig                     0x0800266b   Thumb Code    20  stm32f4xx_tim.o(.text)
    TIM_OC1FastConfig                        0x0800267f   Thumb Code    12  stm32f4xx_tim.o(.text)
    TIM_OC2FastConfig                        0x0800268b   Thumb Code    20  stm32f4xx_tim.o(.text)
    TIM_OC3FastConfig                        0x0800269f   Thumb Code    12  stm32f4xx_tim.o(.text)
    TIM_OC4FastConfig                        0x080026ab   Thumb Code    20  stm32f4xx_tim.o(.text)
    TIM_ClearOC1Ref                          0x080026bf   Thumb Code    12  stm32f4xx_tim.o(.text)
    TIM_ClearOC2Ref                          0x080026cb   Thumb Code    20  stm32f4xx_tim.o(.text)
    TIM_ClearOC3Ref                          0x080026df   Thumb Code    12  stm32f4xx_tim.o(.text)
    TIM_ClearOC4Ref                          0x080026eb   Thumb Code    20  stm32f4xx_tim.o(.text)
    TIM_OC1PolarityConfig                    0x080026ff   Thumb Code    12  stm32f4xx_tim.o(.text)
    TIM_OC1NPolarityConfig                   0x0800270b   Thumb Code    12  stm32f4xx_tim.o(.text)
    TIM_OC2PolarityConfig                    0x08002717   Thumb Code    20  stm32f4xx_tim.o(.text)
    TIM_OC2NPolarityConfig                   0x0800272b   Thumb Code    20  stm32f4xx_tim.o(.text)
    TIM_OC3PolarityConfig                    0x0800273f   Thumb Code    20  stm32f4xx_tim.o(.text)
    TIM_OC3NPolarityConfig                   0x08002753   Thumb Code    20  stm32f4xx_tim.o(.text)
    TIM_OC4PolarityConfig                    0x08002767   Thumb Code    20  stm32f4xx_tim.o(.text)
    TIM_CCxCmd                               0x0800277b   Thumb Code    22  stm32f4xx_tim.o(.text)
    TIM_CCxNCmd                              0x08002791   Thumb Code    22  stm32f4xx_tim.o(.text)
    TIM_SetIC4Prescaler                      0x080027a7   Thumb Code    24  stm32f4xx_tim.o(.text)
    TIM_SetIC3Prescaler                      0x080027bf   Thumb Code    16  stm32f4xx_tim.o(.text)
    TIM_SetIC2Prescaler                      0x080027cf   Thumb Code    24  stm32f4xx_tim.o(.text)
    TIM_SetIC1Prescaler                      0x0800281d   Thumb Code    16  stm32f4xx_tim.o(.text)
    TIM_ICInit                               0x0800282d   Thumb Code   164  stm32f4xx_tim.o(.text)
    TIM_ICStructInit                         0x080028d1   Thumb Code    16  stm32f4xx_tim.o(.text)
    TIM_PWMIConfig                           0x080028e1   Thumb Code   104  stm32f4xx_tim.o(.text)
    TIM_GetCapture1                          0x08002949   Thumb Code     4  stm32f4xx_tim.o(.text)
    TIM_GetCapture2                          0x0800294d   Thumb Code     4  stm32f4xx_tim.o(.text)
    TIM_GetCapture3                          0x08002951   Thumb Code     4  stm32f4xx_tim.o(.text)
    TIM_GetCapture4                          0x08002955   Thumb Code     4  stm32f4xx_tim.o(.text)
    TIM_BDTRConfig                           0x08002959   Thumb Code    34  stm32f4xx_tim.o(.text)
    TIM_BDTRStructInit                       0x0800297b   Thumb Code    18  stm32f4xx_tim.o(.text)
    TIM_CtrlPWMOutputs                       0x0800298d   Thumb Code    22  stm32f4xx_tim.o(.text)
    TIM_SelectCOM                            0x080029a3   Thumb Code    20  stm32f4xx_tim.o(.text)
    TIM_CCPreloadControl                     0x080029b7   Thumb Code    20  stm32f4xx_tim.o(.text)
    TIM_ITConfig                             0x080029cb   Thumb Code    16  stm32f4xx_tim.o(.text)
    TIM_GenerateEvent                        0x080029db   Thumb Code     4  stm32f4xx_tim.o(.text)
    TIM_GetFlagStatus                        0x080029df   Thumb Code    14  stm32f4xx_tim.o(.text)
    TIM_ClearFlag                            0x080029ed   Thumb Code     6  stm32f4xx_tim.o(.text)
    TIM_GetITStatus                          0x080029f3   Thumb Code    24  stm32f4xx_tim.o(.text)
    TIM_ClearITPendingBit                    0x08002a0b   Thumb Code     6  stm32f4xx_tim.o(.text)
    TIM_DMAConfig                            0x08002a11   Thumb Code     8  stm32f4xx_tim.o(.text)
    TIM_DMACmd                               0x08002a19   Thumb Code    16  stm32f4xx_tim.o(.text)
    TIM_SelectCCDMA                          0x08002a29   Thumb Code    20  stm32f4xx_tim.o(.text)
    TIM_InternalClockConfig                  0x08002a3d   Thumb Code    10  stm32f4xx_tim.o(.text)
    TIM_SelectInputTrigger                   0x08002a47   Thumb Code    12  stm32f4xx_tim.o(.text)
    TIM_ITRxExternalClockConfig              0x08002a53   Thumb Code    18  stm32f4xx_tim.o(.text)
    TIM_TIxExternalClockConfig               0x08002a65   Thumb Code    44  stm32f4xx_tim.o(.text)
    TIM_ETRConfig                            0x08002a91   Thumb Code    24  stm32f4xx_tim.o(.text)
    TIM_ETRClockMode1Config                  0x08002aa9   Thumb Code    18  stm32f4xx_tim.o(.text)
    TIM_ETRClockMode2Config                  0x08002abb   Thumb Code    18  stm32f4xx_tim.o(.text)
    TIM_SelectOutputTrigger                  0x08002acd   Thumb Code    16  stm32f4xx_tim.o(.text)
    TIM_SelectSlaveMode                      0x08002add   Thumb Code    16  stm32f4xx_tim.o(.text)
    TIM_SelectMasterSlaveMode                0x08002aed   Thumb Code    16  stm32f4xx_tim.o(.text)
    TIM_EncoderInterfaceConfig               0x08002afd   Thumb Code    50  stm32f4xx_tim.o(.text)
    TIM_SelectHallSensor                     0x08002b2f   Thumb Code    20  stm32f4xx_tim.o(.text)
    TIM_RemapConfig                          0x08002b43   Thumb Code     6  stm32f4xx_tim.o(.text)
    USART_DeInit                             0x08002b79   Thumb Code   114  stm32f4xx_usart.o(.text)
    USART_Init                               0x08002beb   Thumb Code   174  stm32f4xx_usart.o(.text)
    USART_StructInit                         0x08002c99   Thumb Code    22  stm32f4xx_usart.o(.text)
    USART_ClockInit                          0x08002caf   Thumb Code    28  stm32f4xx_usart.o(.text)
    USART_ClockStructInit                    0x08002ccb   Thumb Code    12  stm32f4xx_usart.o(.text)
    USART_Cmd                                0x08002cd7   Thumb Code    20  stm32f4xx_usart.o(.text)
    USART_SetPrescaler                       0x08002ceb   Thumb Code    16  stm32f4xx_usart.o(.text)
    USART_OverSampling8Cmd                   0x08002cfb   Thumb Code    20  stm32f4xx_usart.o(.text)
    USART_OneBitMethodCmd                    0x08002d0f   Thumb Code    20  stm32f4xx_usart.o(.text)
    USART_SendData                           0x08002d23   Thumb Code     8  stm32f4xx_usart.o(.text)
    USART_ReceiveData                        0x08002d2b   Thumb Code     8  stm32f4xx_usart.o(.text)
    USART_SetAddress                         0x08002d33   Thumb Code    16  stm32f4xx_usart.o(.text)
    USART_ReceiverWakeUpCmd                  0x08002d43   Thumb Code    20  stm32f4xx_usart.o(.text)
    USART_WakeUpConfig                       0x08002d57   Thumb Code    16  stm32f4xx_usart.o(.text)
    USART_LINBreakDetectLengthConfig         0x08002d67   Thumb Code    16  stm32f4xx_usart.o(.text)
    USART_LINCmd                             0x08002d77   Thumb Code    20  stm32f4xx_usart.o(.text)
    USART_SendBreak                          0x08002d8b   Thumb Code    10  stm32f4xx_usart.o(.text)
    USART_HalfDuplexCmd                      0x08002d95   Thumb Code    20  stm32f4xx_usart.o(.text)
    USART_SetGuardTime                       0x08002da9   Thumb Code    16  stm32f4xx_usart.o(.text)
    USART_SmartCardCmd                       0x08002db9   Thumb Code    20  stm32f4xx_usart.o(.text)
    USART_SmartCardNACKCmd                   0x08002dcd   Thumb Code    20  stm32f4xx_usart.o(.text)
    USART_IrDAConfig                         0x08002de1   Thumb Code    16  stm32f4xx_usart.o(.text)
    USART_IrDACmd                            0x08002df1   Thumb Code    20  stm32f4xx_usart.o(.text)
    USART_DMACmd                             0x08002e05   Thumb Code    16  stm32f4xx_usart.o(.text)
    USART_ITConfig                           0x08002e15   Thumb Code    48  stm32f4xx_usart.o(.text)
    USART_GetFlagStatus                      0x08002e45   Thumb Code    14  stm32f4xx_usart.o(.text)
    USART_ClearFlag                          0x08002e53   Thumb Code     6  stm32f4xx_usart.o(.text)
    USART_GetITStatus                        0x08002e59   Thumb Code    62  stm32f4xx_usart.o(.text)
    USART_ClearITPendingBit                  0x08002e97   Thumb Code    12  stm32f4xx_usart.o(.text)
    strlen                                   0x08002ebd   Thumb Code    62  strlen.o(.text)
    __use_two_region_memory                  0x08002efb   Thumb Code     2  heapauxi.o(.text)
    __rt_heap_escrow$2region                 0x08002efd   Thumb Code     2  heapauxi.o(.text)
    __rt_heap_expand$2region                 0x08002eff   Thumb Code     2  heapauxi.o(.text)
    __cpp_initialize__aeabi_                 0x08002f01   Thumb Code    26  init_aeabi.o(.text)
    __rt_SIGPVFN                             0x08002f25   Thumb Code    14  defsig_pvfn_outer.o(.text)
    __sig_exit                               0x08002f33   Thumb Code    10  defsig_exit.o(.text)
    __rt_SIGPVFN_inner                       0x08002f3d   Thumb Code    14  defsig_pvfn_inner.o(.text)
    _sys_exit                                0x08002f6d   Thumb Code     8  sys_exit.o(.text)
    __user_setup_stackheap                   0x08002f79   Thumb Code    74  sys_stackheap_outer.o(.text)
    exit                                     0x08002fc3   Thumb Code    12  exit.o(.text)
    __default_signal_display                 0x08002fcf   Thumb Code    50  defsig_general.o(.text)
    _ttywrch                                 0x08003001   Thumb Code    14  sys_wrch.o(.text)
    __user_libspace                          0x08003011   Thumb Code     8  libspace.o(.text)
    __user_perproc_libspace                  0x08003011   Thumb Code     0  libspace.o(.text)
    __user_perthread_libspace                0x08003011   Thumb Code     0  libspace.o(.text)
    __I$use$semihosting                      0x08003019   Thumb Code     0  use_no_semi.o(.text)
    __use_no_semihosting_swi                 0x08003019   Thumb Code     2  use_no_semi.o(.text)
    Print::write(const char*)                0x0800301b   Thumb Code    34  print.o(i._ZN5Print5writeEPKc)
    __semihosting_library_function           0x0800301b   Thumb Code     0  indicate_semi.o(.text)
    Print::Print__sub_object()               0x0800303d   Thumb Code    10  main.o(i._ZN5PrintC2Ev)
    __cxa_pure_virtual                       0x0800304d   Thumb Code     6  pure_virt.o(i.__cxa_pure_virtual)
    __aeabi_dadd                             0x08003055   Thumb Code     0  daddsub_clz.o(x$fpl$dadd)
    _dadd                                    0x08003055   Thumb Code   332  daddsub_clz.o(x$fpl$dadd)
    __fpl_dcmp_Inf                           0x080031a5   Thumb Code    24  dcmpi.o(x$fpl$dcmpinf)
    __aeabi_ddiv                             0x080031bd   Thumb Code     0  ddiv.o(x$fpl$ddiv)
    _ddiv                                    0x080031bd   Thumb Code   552  ddiv.o(x$fpl$ddiv)
    __aeabi_d2iz                             0x0800346d   Thumb Code     0  dfix.o(x$fpl$dfix)
    _dfix                                    0x0800346d   Thumb Code    94  dfix.o(x$fpl$dfix)
    __aeabi_d2uiz                            0x080034cd   Thumb Code     0  dfixu.o(x$fpl$dfixu)
    _dfixu                                   0x080034cd   Thumb Code    90  dfixu.o(x$fpl$dfixu)
    __aeabi_i2d                              0x08003527   Thumb Code     0  dflt_clz.o(x$fpl$dflt)
    _dflt                                    0x08003527   Thumb Code    46  dflt_clz.o(x$fpl$dflt)
    __aeabi_ui2d                             0x08003555   Thumb Code     0  dflt_clz.o(x$fpl$dfltu)
    _dfltu                                   0x08003555   Thumb Code    38  dflt_clz.o(x$fpl$dfltu)
    __aeabi_cdcmple                          0x0800357d   Thumb Code     0  dleqf.o(x$fpl$dleqf)
    _dcmple                                  0x0800357d   Thumb Code   120  dleqf.o(x$fpl$dleqf)
    __fpl_dcmple_InfNaN                      0x080035df   Thumb Code     0  dleqf.o(x$fpl$dleqf)
    __aeabi_dmul                             0x080035f5   Thumb Code     0  dmul.o(x$fpl$dmul)
    _dmul                                    0x080035f5   Thumb Code   332  dmul.o(x$fpl$dmul)
    __fpl_dnaninf                            0x08003749   Thumb Code   156  dnaninf.o(x$fpl$dnaninf)
    __fpl_dretinf                            0x080037e5   Thumb Code    12  dretinf.o(x$fpl$dretinf)
    __aeabi_cdrcmple                         0x080037f1   Thumb Code     0  drleqf.o(x$fpl$drleqf)
    _drcmple                                 0x080037f1   Thumb Code   108  drleqf.o(x$fpl$drleqf)
    __aeabi_drsub                            0x0800385d   Thumb Code     0  daddsub_clz.o(x$fpl$drsb)
    _drsb                                    0x0800385d   Thumb Code    22  daddsub_clz.o(x$fpl$drsb)
    __aeabi_dsub                             0x08003875   Thumb Code     0  daddsub_clz.o(x$fpl$dsub)
    _dsub                                    0x08003875   Thumb Code   464  daddsub_clz.o(x$fpl$dsub)
    __aeabi_f2d                              0x08003a49   Thumb Code     0  f2d.o(x$fpl$f2d)
    _f2d                                     0x08003a49   Thumb Code    86  f2d.o(x$fpl$f2d)
    __aeabi_fdiv                             0x08003aa1   Thumb Code     0  fdiv.o(x$fpl$fdiv)
    _fdiv                                    0x08003aa1   Thumb Code   384  fdiv.o(x$fpl$fdiv)
    __aeabi_ui2f                             0x08003c25   Thumb Code     0  fflt_clz.o(x$fpl$ffltu)
    _ffltu                                   0x08003c25   Thumb Code    38  fflt_clz.o(x$fpl$ffltu)
    __fpl_fnaninf                            0x08003c4b   Thumb Code   140  fnaninf.o(x$fpl$fnaninf)
    __fpl_fretinf                            0x08003cd7   Thumb Code    10  fretinf.o(x$fpl$fretinf)
    __I$use$fp                               0x08003ce0   Number         0  usenofp.o(x$fpl$usenofp)
    vtable for USARTSerial                   0x08003cf0   Data          32  usartserial.o(.constdata__ZTV11USARTSerial)
    vtable for Print                         0x08003d10   Data          16  print.o(.constdata__ZTV5Print)
    vtable for ST7032i                       0x08003d20   Data          16  st7032i.o(.constdata__ZTV7ST7032i)
    Region$$Table$$Base                      0x08003d30   Number         0  anon$$obj.o(Region$$Table)
    Region$$Table$$Limit                     0x08003d50   Number         0  anon$$obj.o(Region$$Table)
    SHT$$INIT_ARRAY$$Base                    0x08003d50   Number         0  main.o(.init_array)
    SHT$$INIT_ARRAY$$Limit                   0x08003d54   Number         0  main.o(.init_array)
    SystemCoreClock                          0x20000000   Data           4  system_stm32f4xx.o(.data)
    AHBPrescTable                            0x20000004   Data          16  system_stm32f4xx.o(.data)
    __counter_micros                         0x20000014   Data           4  delay.o(.data)
    __counter_millis                         0x20000018   Data           4  delay.o(.data)
    PortPeriph                               0x2000001c   Data          40  gpio.o(.data)
    Port                                     0x20000044   Data          40  gpio.o(.data)
    _systick_counter                         0x2000006c   Data           4  systick.o(.data)
    lcd                                      0x20000080   Data          24  main.o(.bss)
    Serial3                                  0x20000098   Data          28  main.o(.bss)
    Wire1                                    0x200000b4   Data          12  i2c.o(.bss)
    Wire2                                    0x200000c0   Data          12  i2c.o(.bss)
    Wire3                                    0x200000cc   Data          12  i2c.o(.bss)
    rxring                                   0x200000d8   Data        1572  usart.o(.bss)
    txring                                   0x200006fc   Data        1572  usart.o(.bss)
    __libspace_start                         0x20000d20   Data          96  libspace.o(.bss)
    __temporary_stack_top$libspace           0x20000d80   Data           0  libspace.o(.bss)



==============================================================================

Memory Map of the image

  Image Entry point : 0x08000189

  Load Region LR_IROM1 (Base: 0x08000000, Size: 0x00003dd4, Max: 0x00100000, ABSOLUTE)

    Execution Region ER_IROM1 (Base: 0x08000000, Size: 0x00003d54, Max: 0x00100000, ABSOLUTE)

    Base Addr    Size         Type   Attr      Idx    E Section Name        Object

    0x08000000   0x00000188   Data   RO            3    RESET               startup_stm32f4xx.o
    0x08000188   0x00000008   Code   RO          876  * !!!main             c_w.l(__main.o)
    0x08000190   0x00000034   Code   RO         1208    !!!scatter          c_w.l(__scatter.o)
    0x080001c4   0x0000001a   Code   RO         1210    !!handler_copy      c_w.l(__scatter_copy.o)
    0x080001de   0x00000002   PAD
    0x080001e0   0x0000001c   Code   RO         1212    !!handler_zi        c_w.l(__scatter_zi.o)
    0x080001fc   0x00000002   Code   RO         1144    .ARM.Collect$$libinit$$00000000  c_w.l(libinit.o)
    0x080001fe   0x00000000   Code   RO         1037    .ARM.Collect$$libinit$$00000002  c_w.l(libinit2.o)
    0x080001fe   0x00000000   Code   RO         1040    .ARM.Collect$$libinit$$00000008  c_w.l(libinit2.o)
    0x080001fe   0x00000000   Code   RO         1042    .ARM.Collect$$libinit$$0000000A  c_w.l(libinit2.o)
    0x080001fe   0x00000000   Code   RO         1044    .ARM.Collect$$libinit$$0000000C  c_w.l(libinit2.o)
    0x080001fe   0x00000000   Code   RO         1047    .ARM.Collect$$libinit$$0000000F  c_w.l(libinit2.o)
    0x080001fe   0x00000000   Code   RO         1049    .ARM.Collect$$libinit$$00000011  c_w.l(libinit2.o)
    0x080001fe   0x00000000   Code   RO         1051    .ARM.Collect$$libinit$$00000013  c_w.l(libinit2.o)
    0x080001fe   0x00000000   Code   RO         1053    .ARM.Collect$$libinit$$00000015  c_w.l(libinit2.o)
    0x080001fe   0x00000000   Code   RO         1055    .ARM.Collect$$libinit$$00000017  c_w.l(libinit2.o)
    0x080001fe   0x00000000   Code   RO         1057    .ARM.Collect$$libinit$$00000019  c_w.l(libinit2.o)
    0x080001fe   0x00000000   Code   RO         1059    .ARM.Collect$$libinit$$0000001B  c_w.l(libinit2.o)
    0x080001fe   0x00000000   Code   RO         1061    .ARM.Collect$$libinit$$0000001D  c_w.l(libinit2.o)
    0x080001fe   0x00000000   Code   RO         1063    .ARM.Collect$$libinit$$0000001F  c_w.l(libinit2.o)
    0x080001fe   0x00000000   Code   RO         1065    .ARM.Collect$$libinit$$00000021  c_w.l(libinit2.o)
    0x080001fe   0x00000000   Code   RO         1067    .ARM.Collect$$libinit$$00000023  c_w.l(libinit2.o)
    0x080001fe   0x00000000   Code   RO         1071    .ARM.Collect$$libinit$$0000002A  c_w.l(libinit2.o)
    0x080001fe   0x00000000   Code   RO         1073    .ARM.Collect$$libinit$$0000002C  c_w.l(libinit2.o)
    0x080001fe   0x00000000   Code   RO         1075    .ARM.Collect$$libinit$$0000002E  c_w.l(libinit2.o)
    0x080001fe   0x00000004   Code   RO         1076    .ARM.Collect$$libinit$$0000002F  c_w.l(libinit2.o)
    0x08000202   0x00000000   Code   RO         1077    .ARM.Collect$$libinit$$00000030  c_w.l(libinit2.o)
    0x08000202   0x00000002   Code   RO         1078    .ARM.Collect$$libinit$$00000031  c_w.l(libinit2.o)
    0x08000204   0x00000002   Code   RO         1190    .ARM.Collect$$libshutdown$$00000000  c_w.l(libshutdown.o)
    0x08000206   0x00000000   Code   RO         1193    .ARM.Collect$$libshutdown$$00000003  c_w.l(libshutdown2.o)
    0x08000206   0x00000000   Code   RO         1196    .ARM.Collect$$libshutdown$$00000006  c_w.l(libshutdown2.o)
    0x08000206   0x00000000   Code   RO         1199    .ARM.Collect$$libshutdown$$00000009  c_w.l(libshutdown2.o)
    0x08000206   0x00000000   Code   RO         1201    .ARM.Collect$$libshutdown$$0000000B  c_w.l(libshutdown2.o)
    0x08000206   0x00000000   Code   RO         1204    .ARM.Collect$$libshutdown$$0000000E  c_w.l(libshutdown2.o)
    0x08000206   0x00000002   Code   RO         1205    .ARM.Collect$$libshutdown$$0000000F  c_w.l(libshutdown2.o)
    0x08000208   0x00000000   Code   RO         1031    .ARM.Collect$$rtentry$$00000000  c_w.l(rtentry.o)
    0x08000208   0x00000000   Code   RO         1101    .ARM.Collect$$rtentry$$00000002  c_w.l(rtentry2.o)
    0x08000208   0x00000006   Code   RO         1113    .ARM.Collect$$rtentry$$00000004  c_w.l(rtentry4.o)
    0x0800020e   0x00000000   Code   RO         1103    .ARM.Collect$$rtentry$$00000009  c_w.l(rtentry2.o)
    0x0800020e   0x00000004   Code   RO         1104    .ARM.Collect$$rtentry$$0000000A  c_w.l(rtentry2.o)
    0x08000212   0x00000000   Code   RO         1106    .ARM.Collect$$rtentry$$0000000C  c_w.l(rtentry2.o)
    0x08000212   0x00000008   Code   RO         1107    .ARM.Collect$$rtentry$$0000000D  c_w.l(rtentry2.o)
    0x0800021a   0x00000002   Code   RO         1155    .ARM.Collect$$rtexit$$00000000  c_w.l(rtexit.o)
    0x0800021c   0x00000000   Code   RO         1166    .ARM.Collect$$rtexit$$00000002  c_w.l(rtexit2.o)
    0x0800021c   0x00000004   Code   RO         1167    .ARM.Collect$$rtexit$$00000003  c_w.l(rtexit2.o)
    0x08000220   0x00000006   Code   RO         1168    .ARM.Collect$$rtexit$$00000004  c_w.l(rtexit2.o)
    0x08000226   0x00000002   PAD
    0x08000228   0x00000040   Code   RO            4    .text               startup_stm32f4xx.o
    0x08000268   0x000003c0   Code   RO           11    .text               main.o
    0x08000628   0x00000010   Code   RO          205    .text               stm32f4xx_it.o
    0x08000638   0x0000015c   Code   RO          329    .text               system_stm32f4xx.o
    0x08000794   0x00000108   Code   RO          377    .text               delay.o
    0x0800089c   0x0000019c   Code   RO          400    .text               gpio.o
    0x08000a38   0x00000368   Code   RO          424    .text               i2c.o
    0x08000da0   0x000002d0   Code   RO          451    .text               print.o
    0x08001070   0x00000288   Code   RO          500    .text               st7032i.o
    0x080012f8   0x0000005c   Code   RO          629    .text               systick.o
    0x08001354   0x000004b0   Code   RO          655    .text               usart.o
    0x08001804   0x0000000c   Code   RO          681    .text               usartserial.o
    0x08001810   0x000000b0   Code   RO          740    .text               misc.o
    0x080018c0   0x000001e4   Code   RO          772    .text               stm32f4xx_gpio.o
    0x08001aa4   0x00000328   Code   RO          788    .text               stm32f4xx_i2c.o
    0x08001dcc   0x000003d0   Code   RO          804    .text               stm32f4xx_rcc.o
    0x0800219c   0x000009da   Code   RO          822    .text               stm32f4xx_tim.o
    0x08002b76   0x00000002   PAD
    0x08002b78   0x00000344   Code   RO          839    .text               stm32f4xx_usart.o
    0x08002ebc   0x0000003e   Code   RO          872    .text               c_w.l(strlen.o)
    0x08002efa   0x00000006   Code   RO          874    .text               c_w.l(heapauxi.o)
    0x08002f00   0x00000024   Code   RO          881    .text               c_w.l(init_aeabi.o)
    0x08002f24   0x0000000e   Code   RO         1032    .text               c_w.l(defsig_pvfn_outer.o)
    0x08002f32   0x0000000a   Code   RO         1117    .text               c_w.l(defsig_exit.o)
    0x08002f3c   0x00000030   Code   RO         1119    .text               c_w.l(defsig_pvfn_inner.o)
    0x08002f6c   0x0000000c   Code   RO         1125    .text               c_w.l(sys_exit.o)
    0x08002f78   0x0000004a   Code   RO         1127    .text               c_w.l(sys_stackheap_outer.o)
    0x08002fc2   0x0000000c   Code   RO         1129    .text               c_w.l(exit.o)
    0x08002fce   0x00000032   Code   RO         1133    .text               c_w.l(defsig_general.o)
    0x08003000   0x0000000e   Code   RO         1145    .text               c_w.l(sys_wrch.o)
    0x0800300e   0x00000002   PAD
    0x08003010   0x00000008   Code   RO         1149    .text               c_w.l(libspace.o)
    0x08003018   0x00000002   Code   RO         1152    .text               c_w.l(use_no_semi.o)
    0x0800301a   0x00000000   Code   RO         1154    .text               c_w.l(indicate_semi.o)
    0x0800301a   0x00000022   Code   RO          463    i._ZN5Print5writeEPKc  print.o
    0x0800303c   0x00000010   Code   RO           28    i._ZN5PrintC2Ev     main.o
    0x0800304c   0x00000006   Code   RO          884    i.__cxa_pure_virtual  cpprt_w.l(pure_virt.o)
    0x08003052   0x00000002   PAD
    0x08003054   0x00000150   Code   RO          987    x$fpl$dadd          fz_ws.l(daddsub_clz.o)
    0x080031a4   0x00000018   Code   RO         1089    x$fpl$dcmpinf       fz_ws.l(dcmpi.o)
    0x080031bc   0x000002b0   Code   RO          994    x$fpl$ddiv          fz_ws.l(ddiv.o)
    0x0800346c   0x0000005e   Code   RO          997    x$fpl$dfix          fz_ws.l(dfix.o)
    0x080034ca   0x00000002   PAD
    0x080034cc   0x0000005a   Code   RO         1001    x$fpl$dfixu         fz_ws.l(dfixu.o)
    0x08003526   0x0000002e   Code   RO         1006    x$fpl$dflt          fz_ws.l(dflt_clz.o)
    0x08003554   0x00000026   Code   RO         1005    x$fpl$dfltu         fz_ws.l(dflt_clz.o)
    0x0800357a   0x00000002   PAD
    0x0800357c   0x00000078   Code   RO         1011    x$fpl$dleqf         fz_ws.l(dleqf.o)
    0x080035f4   0x00000154   Code   RO         1013    x$fpl$dmul          fz_ws.l(dmul.o)
    0x08003748   0x0000009c   Code   RO         1091    x$fpl$dnaninf       fz_ws.l(dnaninf.o)
    0x080037e4   0x0000000c   Code   RO         1093    x$fpl$dretinf       fz_ws.l(dretinf.o)
    0x080037f0   0x0000006c   Code   RO         1015    x$fpl$drleqf        fz_ws.l(drleqf.o)
    0x0800385c   0x00000016   Code   RO          988    x$fpl$drsb          fz_ws.l(daddsub_clz.o)
    0x08003872   0x00000002   PAD
    0x08003874   0x000001d4   Code   RO          989    x$fpl$dsub          fz_ws.l(daddsub_clz.o)
    0x08003a48   0x00000056   Code   RO         1017    x$fpl$f2d           fz_ws.l(f2d.o)
    0x08003a9e   0x00000002   PAD
    0x08003aa0   0x00000184   Code   RO         1020    x$fpl$fdiv          fz_ws.l(fdiv.o)
    0x08003c24   0x00000026   Code   RO         1023    x$fpl$ffltu         fz_ws.l(fflt_clz.o)
    0x08003c4a   0x0000008c   Code   RO         1095    x$fpl$fnaninf       fz_ws.l(fnaninf.o)
    0x08003cd6   0x0000000a   Code   RO         1097    x$fpl$fretinf       fz_ws.l(fretinf.o)
    0x08003ce0   0x00000000   Code   RO         1099    x$fpl$usenofp       fz_ws.l(usenofp.o)
    0x08003ce0   0x00000010   Data   RO          502    .constdata          st7032i.o
    0x08003cf0   0x00000020   Data   RO          694    .constdata__ZTV11USARTSerial  usartserial.o
    0x08003d10   0x00000010   Data   RO          462    .constdata__ZTV5Print  print.o
    0x08003d20   0x00000010   Data   RO          515    .constdata__ZTV7ST7032i  st7032i.o
    0x08003d30   0x00000020   Data   RO         1206    Region$$Table       anon$$obj.o
    0x08003d50   0x00000004   Data   RO           14    .init_array         main.o


    Execution Region RW_IRAM1 (Base: 0x20000000, Size: 0x00001380, Max: 0x00020000, ABSOLUTE)

    Base Addr    Size         Type   Attr      Idx    E Section Name        Object

    0x20000000   0x00000014   Data   RW          330    .data               system_stm32f4xx.o
    0x20000014   0x00000008   Data   RW          378    .data               delay.o
    0x2000001c   0x00000050   Data   RW          401    .data               gpio.o
    0x2000006c   0x00000004   Data   RW          630    .data               systick.o
    0x20000070   0x00000010   Data   RW          805    .data               stm32f4xx_rcc.o
    0x20000080   0x00000034   Zero   RW           13    .bss                main.o
    0x200000b4   0x00000024   Zero   RW          425    .bss                i2c.o
    0x200000d8   0x00000c48   Zero   RW          656    .bss                usart.o
    0x20000d20   0x00000060   Zero   RW         1150    .bss                c_w.l(libspace.o)
    0x20000d80   0x00000200   Zero   RW            2    HEAP                startup_stm32f4xx.o
    0x20000f80   0x00000400   Zero   RW            1    STACK               startup_stm32f4xx.o


==============================================================================

Image component sizes


      Code (inc. data)   RO Data    RW Data    ZI Data      Debug   Object Name

         0          0          0          0          0       1188   adc3dma.o
       264         10          0          8          0       2209   delay.o
       412         42          0         80          0       4007   gpio.o
       872         32          0          0         36       4571   i2c.o
       976        186          4          0         52     236705   main.o
       176         16          0          0          0       1853   misc.o
       754         40         16          0          0      10292   print.o
       648          4         32          0          0     216592   st7032i.o
        64         26        392          0       1536        768   startup_stm32f4xx.o
       484         36          0          0          0       3589   stm32f4xx_gpio.o
       808         22          0          0          0       7067   stm32f4xx_i2c.o
        16          0          0          0          0     267510   stm32f4xx_it.o
       976         42          0         16          0       9899   stm32f4xx_rcc.o
      2522         52          0          0          0      19682   stm32f4xx_tim.o
       836         26          0          0          0       6720   stm32f4xx_usart.o
       348         38          0         20          0       1695   system_stm32f4xx.o
        92         10          0          4          0      19930   systick.o
      1200         62          0          0       3144       6079   usart.o
        12          0         32          0          0       1912   usartserial.o

    ----------------------------------------------------------------------
     11462        644        508        128       4768     822268   Object Totals
         0          0         32          0          0          0   (incl. Generated)
         2          0          0          0          0          0   (incl. Padding)

    ----------------------------------------------------------------------

      Code (inc. data)   RO Data    RW Data    ZI Data      Debug   Library Member Name

         8          0          0          0          0         68   __main.o
        52          8          0          0          0          0   __scatter.o
        26          0          0          0          0          0   __scatter_copy.o
        28          0          0          0          0          0   __scatter_zi.o
        10          0          0          0          0         68   defsig_exit.o
        50          0          0          0          0         88   defsig_general.o
        48         34          0          0          0         76   defsig_pvfn_inner.o
        14          0          0          0          0         80   defsig_pvfn_outer.o
        12          0          0          0          0         72   exit.o
         6          0          0          0          0        152   heapauxi.o
         0          0          0          0          0          0   indicate_semi.o
        36         10          0          0          0         80   init_aeabi.o
         2          0          0          0          0          0   libinit.o
         6          0          0          0          0          0   libinit2.o
         2          0          0          0          0          0   libshutdown.o
         2          0          0          0          0          0   libshutdown2.o
         8          4          0          0         96         68   libspace.o
         0          0          0          0          0          0   rtentry.o
        12          0          0          0          0          0   rtentry2.o
         6          0          0          0          0          0   rtentry4.o
         2          0          0          0          0          0   rtexit.o
        10          0          0          0          0          0   rtexit2.o
        62          0          0          0          0         76   strlen.o
        12          4          0          0          0         68   sys_exit.o
        74          0          0          0          0         80   sys_stackheap_outer.o
        14          0          0          0          0         76   sys_wrch.o
         2          0          0          0          0         68   use_no_semi.o
         6          0          0          0          0         68   pure_virt.o
       826         16          0          0          0        356   daddsub_clz.o
        24          0          0          0          0         68   dcmpi.o
       688        140          0          0          0        212   ddiv.o
        94          4          0          0          0         92   dfix.o
        90          4          0          0          0         92   dfixu.o
        84          0          0          0          0        136   dflt_clz.o
       120          4          0          0          0         92   dleqf.o
       340         12          0          0          0        104   dmul.o
       156          4          0          0          0         92   dnaninf.o
        12          0          0          0          0         68   dretinf.o
       108          0          0          0          0         80   drleqf.o
        86          4          0          0          0         84   f2d.o
       388         76          0          0          0         96   fdiv.o
        38          0          0          0          0         68   fflt_clz.o
       140          4          0          0          0         84   fnaninf.o
        10          0          0          0          0         68   fretinf.o
         0          0          0          0          0          0   usenofp.o

    ----------------------------------------------------------------------
      3730        328          0          0         96       2980   Library Totals
        16          0          0          0          0          0   (incl. Padding)

    ----------------------------------------------------------------------

      Code (inc. data)   RO Data    RW Data    ZI Data      Debug   Library Name

       504         60          0          0         96       1120   c_w.l
         6          0          0          0          0         68   cpprt_w.l
      3204        268          0          0          0       1792   fz_ws.l

    ----------------------------------------------------------------------
      3730        328          0          0         96       2980   Library Totals

    ----------------------------------------------------------------------

==============================================================================


      Code (inc. data)   RO Data    RW Data    ZI Data      Debug   

     15192        972        508        128       4864     820984   Grand Totals
     15192        972        508        128       4864     820984   ELF Image Totals
     15192        972        508        128          0          0   ROM Totals

==============================================================================

    Total RO  Size (Code + RO Data)                15700 (  15.33kB)
    Total RW  Size (RW Data + ZI Data)              4992 (   4.88kB)
    Total ROM Size (Code + RO Data + RW Data)      15828 (  15.46kB)

==============================================================================

