ARM Linker, 5.02 [Build 28] [MDK-ARM Lite]

==============================================================================

Section Cross References

    startup_stm32f4xx.o(STACK) refers (Special) to heapauxi.o(.text) for __use_two_region_memory
    startup_stm32f4xx.o(HEAP) refers (Special) to heapauxi.o(.text) for __use_two_region_memory
    startup_stm32f4xx.o(RESET) refers (Special) to heapauxi.o(.text) for __use_two_region_memory
    startup_stm32f4xx.o(RESET) refers to startup_stm32f4xx.o(STACK) for __initial_sp
    startup_stm32f4xx.o(RESET) refers to startup_stm32f4xx.o(.text) for Reset_Handler
    startup_stm32f4xx.o(RESET) refers to stm32f4xx_it.o(.text) for NMI_Handler
    startup_stm32f4xx.o(RESET) refers to systick.o(.text) for SysTick_Handler
    startup_stm32f4xx.o(RESET) refers to delay.o(.text) for TIM2_IRQHandler
    startup_stm32f4xx.o(RESET) refers to i2c.o(.text) for I2C1_EV_IRQHandler
    startup_stm32f4xx.o(RESET) refers to usart.o(.text) for USART1_IRQHandler
    startup_stm32f4xx.o(.text) refers (Special) to heapauxi.o(.text) for __use_two_region_memory
    startup_stm32f4xx.o(.text) refers to system_stm32f4xx.o(.text) for SystemInit
    startup_stm32f4xx.o(.text) refers to __main.o(!!!main) for __main
    startup_stm32f4xx.o(.text) refers to startup_stm32f4xx.o(HEAP) for Heap_Mem
    startup_stm32f4xx.o(.text) refers to startup_stm32f4xx.o(STACK) for Stack_Mem
    main.o(.text) refers to delay.o(.text) for TIM2_timer_start
    main.o(.text) refers to usartserial.o(.text) for USARTSerial::begin(_GPIOPin, _GPIOPin, unsigned)
    main.o(.text) refers to rt_memcpy_w.o(.text) for __aeabi_memcpy4
    main.o(.text) refers to strlen.o(.text) for strlen
    main.o(.text) refers to print.o(.text) for Print::println(const char*)
    main.o(.text) refers to main.o(i._ZN11USARTSerial5flushEv) for USARTSerial::flush()
    main.o(.text) refers to stm32f4xx_rcc.o(.text) for RCC_GetClocksFreq
    main.o(.text) refers to gpio.o(.text) for PinBit
    main.o(.text) refers to i2c.o(.text) for i2c_begin
    main.o(.text) refers to st7032i.o(.text) for ST7032i::init(__I2CBuffer*)
    main.o(.text) refers to stm32f4xx_gpio.o(.text) for GPIO_ReadOutputData
    main.o(.text) refers to fflt_clz.o(x$fpl$ffltu) for __aeabi_ui2f
    main.o(.text) refers to fdiv.o(x$fpl$fdiv) for __aeabi_fdiv
    main.o(.text) refers to f2d.o(x$fpl$f2d) for __aeabi_f2d
    main.o(.text) refers to main.o(i._ZN11USARTSerial9availableEv) for USARTSerial::available()
    main.o(.text) refers to usart.o(.text) for usart_read
    main.o(.text) refers to main.o(i._ZN5PrintC2Ev) for Print::Print__sub_object()
    main.o(.text) refers to main.o(.bss) for Serial3
    main.o(.text) refers to main.o(.constdata) for .constdata
    main.o(.text) refers to i2c.o(.bss) for I2C1Buffer
    main.o(.text) refers to st7032i.o(.constdata__ZTV7ST7032i) for vtable for ST7032i
    main.o(.text) refers to main.o(.constdata__ZTV6Stream) for vtable for Stream
    main.o(.text) refers to usartserial.o(.constdata__ZTV11USARTSerial) for vtable for USARTSerial
    main.o(.ARM.exidx) refers to main.o(.text) for .text
    main.o(.init_array) refers to main.o(.text) for __sti___8_main_cpp
    main.o(.init_array) refers to init_aeabi.o(.text) for __cpp_initialize__aeabi_
    system_stm32f4xx.o(.text) refers to system_stm32f4xx.o(.data) for SystemCoreClock
    adc3dma.o(.text) refers to stm32f4xx_rcc.o(.text) for RCC_AHB1PeriphClockCmd
    adc3dma.o(.text) refers to stm32f4xx_dma.o(.text) for DMA_Init
    adc3dma.o(.text) refers to stm32f4xx_gpio.o(.text) for GPIO_Init
    adc3dma.o(.text) refers to stm32f4xx_adc.o(.text) for ADC_CommonInit
    adc3dma.o(.text) refers to adc3dma.o(.data) for ADC3ConvertedValue
    delay.o(.text) refers to stm32f4xx_rcc.o(.text) for RCC_GetClocksFreq
    delay.o(.text) refers to stm32f4xx_tim.o(.text) for TIM_TimeBaseInit
    delay.o(.text) refers to misc.o(.text) for NVIC_Init
    delay.o(.text) refers to delay.o(.data) for __counter_micros
    gpio.o(.text) refers to stm32f4xx_rcc.o(.text) for RCC_AHB1PeriphClockCmd
    gpio.o(.text) refers to stm32f4xx_gpio.o(.text) for GPIO_Init
    gpio.o(.text) refers to gpio.o(.data) for Port
    i2c.o(.text) refers to stm32f4xx_rcc.o(.text) for RCC_APB1PeriphClockCmd
    i2c.o(.text) refers to gpio.o(.text) for PinBit
    i2c.o(.text) refers to stm32f4xx_gpio.o(.text) for GPIO_PinAFConfig
    i2c.o(.text) refers to stm32f4xx_i2c.o(.text) for I2C_Init
    i2c.o(.text) refers to misc.o(.text) for NVIC_Init
    i2c.o(.text) refers to delay.o(.text) for delay_us
    i2c.o(.text) refers to i2c.o(.bss) for I2C1Buffer
    print.o(.text) refers to print.o(i._ZN5Print5writeEPKc) for Print::write(const char*)
    print.o(.text) refers to drleqf.o(x$fpl$drleqf) for __aeabi_cdrcmple
    print.o(.text) refers to dleqf.o(x$fpl$dleqf) for __aeabi_cdcmple
    print.o(.text) refers to ddiv.o(x$fpl$ddiv) for __aeabi_ddiv
[...]
    ..\..\stm32library\STM32F4xx_StdPeriph_Driver\src\stm32f4xx_adc.c 0x00000000   Number         0  stm32f4xx_adc.o ABSOLUTE
    ..\..\stm32library\STM32F4xx_StdPeriph_Driver\src\stm32f4xx_dma.c 0x00000000   Number         0  stm32f4xx_dma.o ABSOLUTE
    ..\..\stm32library\STM32F4xx_StdPeriph_Driver\src\stm32f4xx_gpio.c 0x00000000   Number         0  stm32f4xx_gpio.o ABSOLUTE
    ..\..\stm32library\STM32F4xx_StdPeriph_Driver\src\stm32f4xx_i2c.c 0x00000000   Number         0  stm32f4xx_i2c.o ABSOLUTE
    ..\..\stm32library\STM32F4xx_StdPeriph_Driver\src\stm32f4xx_rcc.c 0x00000000   Number         0  stm32f4xx_rcc.o ABSOLUTE
    ..\..\stm32library\STM32F4xx_StdPeriph_Driver\src\stm32f4xx_tim.c 0x00000000   Number         0  stm32f4xx_tim.o ABSOLUTE
    ..\..\stm32library\STM32F4xx_StdPeriph_Driver\src\stm32f4xx_usart.c 0x00000000   Number         0  stm32f4xx_usart.o ABSOLUTE
    ..\..\stm32library\armcore\Print.cpp     0x00000000   Number         0  print.o ABSOLUTE
    ..\..\stm32library\armcore\ST7032i.cpp   0x00000000   Number         0  st7032i.o ABSOLUTE
    ..\..\stm32library\armcore\Stream.cpp    0x00000000   Number         0  stream.o ABSOLUTE
    ..\..\stm32library\armcore\USARTSerial.cpp 0x00000000   Number         0  usartserial.o ABSOLUTE
    ..\..\stm32library\armcore\adc3dma.c     0x00000000   Number         0  adc3dma.o ABSOLUTE
    ..\..\stm32library\armcore\delay.c       0x00000000   Number         0  delay.o ABSOLUTE
    ..\..\stm32library\armcore\gpio.c        0x00000000   Number         0  gpio.o ABSOLUTE
    ..\..\stm32library\armcore\i2c.c         0x00000000   Number         0  i2c.o ABSOLUTE
    ..\..\stm32library\armcore\systick.c     0x00000000   Number         0  systick.o ABSOLUTE
    ..\..\stm32library\armcore\usart.c       0x00000000   Number         0  usart.o ABSOLUTE
    ..\\..\\stm32library\\STM32F4xx_StdPeriph_Driver\\src\\misc.c 0x00000000   Number         0  misc.o ABSOLUTE
    ..\\..\\stm32library\\STM32F4xx_StdPeriph_Driver\\src\\stm32f4xx_adc.c 0x00000000   Number         0  stm32f4xx_adc.o ABSOLUTE
    ..\\..\\stm32library\\STM32F4xx_StdPeriph_Driver\\src\\stm32f4xx_dma.c 0x00000000   Number         0  stm32f4xx_dma.o ABSOLUTE
    ..\\..\\stm32library\\STM32F4xx_StdPeriph_Driver\\src\\stm32f4xx_gpio.c 0x00000000   Number         0  stm32f4xx_gpio.o ABSOLUTE
    ..\\..\\stm32library\\STM32F4xx_StdPeriph_Driver\\src\\stm32f4xx_i2c.c 0x00000000   Number         0  stm32f4xx_i2c.o ABSOLUTE
    ..\\..\\stm32library\\STM32F4xx_StdPeriph_Driver\\src\\stm32f4xx_rcc.c 0x00000000   Number         0  stm32f4xx_rcc.o ABSOLUTE
    ..\\..\\stm32library\\STM32F4xx_StdPeriph_Driver\\src\\stm32f4xx_tim.c 0x00000000   Number         0  stm32f4xx_tim.o ABSOLUTE
    ..\\..\\stm32library\\STM32F4xx_StdPeriph_Driver\\src\\stm32f4xx_usart.c 0x00000000   Number         0  stm32f4xx_usart.o ABSOLUTE
    ..\\..\\stm32library\\armcore\\ST7032i.cpp 0x00000000   Number         0  st7032i.o ABSOLUTE
    ..\\..\\stm32library\\armcore\\Stream.cpp 0x00000000   Number         0  stream.o ABSOLUTE
    ..\\..\\stm32library\\armcore\\USARTSerial.cpp 0x00000000   Number         0  usartserial.o ABSOLUTE
    ..\\..\\stm32library\\armcore\\adc3dma.c 0x00000000   Number         0  adc3dma.o ABSOLUTE
    ..\\..\\stm32library\\armcore\\delay.c   0x00000000   Number         0  delay.o ABSOLUTE
    ..\\..\\stm32library\\armcore\\gpio.c    0x00000000   Number         0  gpio.o ABSOLUTE
    ..\\..\\stm32library\\armcore\\i2c.c     0x00000000   Number         0  i2c.o ABSOLUTE
    ..\\..\\stm32library\\armcore\\systick.c 0x00000000   Number         0  systick.o ABSOLUTE
    ..\\..\\stm32library\\armcore\\usart.c   0x00000000   Number         0  usart.o ABSOLUTE
    ..\\main.cpp                             0x00000000   Number         0  main.o ABSOLUTE
    ..\\stm32f4xx_it.c                       0x00000000   Number         0  stm32f4xx_it.o ABSOLUTE
    ..\\system_stm32f4xx.c                   0x00000000   Number         0  system_stm32f4xx.o ABSOLUTE
    ..\main.cpp                              0x00000000   Number         0  main.o ABSOLUTE
    ..\stm32f4xx_it.c                        0x00000000   Number         0  stm32f4xx_it.o ABSOLUTE
    ..\system_stm32f4xx.c                    0x00000000   Number         0  system_stm32f4xx.o ABSOLUTE
    dc.s                                     0x00000000   Number         0  dc.o ABSOLUTE
    startup_stm32f4xx.s                      0x00000000   Number         0  startup_stm32f4xx.o ABSOLUTE
    RESET                                    0x08000000   Section      392  startup_stm32f4xx.o(RESET)
    !!!main                                  0x08000188   Section        8  __main.o(!!!main)
    !!!scatter                               0x08000190   Section       52  __scatter.o(!!!scatter)
    !!handler_copy                           0x080001c4   Section       26  __scatter_copy.o(!!handler_copy)
    !!handler_zi                             0x080001e0   Section       28  __scatter_zi.o(!!handler_zi)
    .ARM.Collect$$libinit$$00000000          0x080001fc   Section        2  libinit.o(.ARM.Collect$$libinit$$00000000)
    .ARM.Collect$$libinit$$00000002          0x080001fe   Section        0  libinit2.o(.ARM.Collect$$libinit$$00000002)
    .ARM.Collect$$libinit$$00000008          0x080001fe   Section        0  libinit2.o(.ARM.Collect$$libinit$$00000008)
    .ARM.Collect$$libinit$$0000000A          0x080001fe   Section        0  libinit2.o(.ARM.Collect$$libinit$$0000000A)
    .ARM.Collect$$libinit$$0000000C          0x080001fe   Section        0  libinit2.o(.ARM.Collect$$libinit$$0000000C)
    .ARM.Collect$$libinit$$0000000F          0x080001fe   Section        0  libinit2.o(.ARM.Collect$$libinit$$0000000F)
    .ARM.Collect$$libinit$$00000011          0x080001fe   Section        0  libinit2.o(.ARM.Collect$$libinit$$00000011)
    .ARM.Collect$$libinit$$00000013          0x080001fe   Section        0  libinit2.o(.ARM.Collect$$libinit$$00000013)
    .ARM.Collect$$libinit$$00000015          0x080001fe   Section        0  libinit2.o(.ARM.Collect$$libinit$$00000015)
    .ARM.Collect$$libinit$$00000017          0x080001fe   Section        0  libinit2.o(.ARM.Collect$$libinit$$00000017)
    .ARM.Collect$$libinit$$00000019          0x080001fe   Section        0  libinit2.o(.ARM.Collect$$libinit$$00000019)
    .ARM.Collect$$libinit$$0000001B          0x080001fe   Section        0  libinit2.o(.ARM.Collect$$libinit$$0000001B)
    .ARM.Collect$$libinit$$0000001D          0x080001fe   Section        0  libinit2.o(.ARM.Collect$$libinit$$0000001D)
    .ARM.Collect$$libinit$$0000001F          0x080001fe   Section        0  libinit2.o(.ARM.Collect$$libinit$$0000001F)
    .ARM.Collect$$libinit$$00000021          0x080001fe   Section        0  libinit2.o(.ARM.Collect$$libinit$$00000021)
    .ARM.Collect$$libinit$$00000023          0x080001fe   Section        0  libinit2.o(.ARM.Collect$$libinit$$00000023)
    .ARM.Collect$$libinit$$0000002A          0x080001fe   Section        0  libinit2.o(.ARM.Collect$$libinit$$0000002A)
    .ARM.Collect$$libinit$$0000002C          0x080001fe   Section        0  libinit2.o(.ARM.Collect$$libinit$$0000002C)
    .ARM.Collect$$libinit$$0000002E          0x080001fe   Section        0  libinit2.o(.ARM.Collect$$libinit$$0000002E)
    .ARM.Collect$$libinit$$0000002F          0x080001fe   Section        4  libinit2.o(.ARM.Collect$$libinit$$0000002F)
    .ARM.Collect$$libinit$$00000030          0x08000202   Section        0  libinit2.o(.ARM.Collect$$libinit$$00000030)
    .ARM.Collect$$libinit$$00000031          0x08000202   Section        2  libinit2.o(.ARM.Collect$$libinit$$00000031)
    .ARM.Collect$$libshutdown$$00000000      0x08000204   Section        2  libshutdown.o(.ARM.Collect$$libshutdown$$00000000)
    .ARM.Collect$$libshutdown$$00000003      0x08000206   Section        0  libshutdown2.o(.ARM.Collect$$libshutdown$$00000003)
    .ARM.Collect$$libshutdown$$00000006      0x08000206   Section        0  libshutdown2.o(.ARM.Collect$$libshutdown$$00000006)
    .ARM.Collect$$libshutdown$$00000009      0x08000206   Section        0  libshutdown2.o(.ARM.Collect$$libshutdown$$00000009)
    .ARM.Collect$$libshutdown$$0000000B      0x08000206   Section        0  libshutdown2.o(.ARM.Collect$$libshutdown$$0000000B)
    .ARM.Collect$$libshutdown$$0000000E      0x08000206   Section        0  libshutdown2.o(.ARM.Collect$$libshutdown$$0000000E)
    .ARM.Collect$$libshutdown$$0000000F      0x08000206   Section        2  libshutdown2.o(.ARM.Collect$$libshutdown$$0000000F)
    .ARM.Collect$$rtentry$$00000000          0x08000208   Section        0  rtentry.o(.ARM.Collect$$rtentry$$00000000)
    .ARM.Collect$$rtentry$$00000002          0x08000208   Section        0  rtentry2.o(.ARM.Collect$$rtentry$$00000002)
    .ARM.Collect$$rtentry$$00000004          0x08000208   Section        6  rtentry4.o(.ARM.Collect$$rtentry$$00000004)
    .ARM.Collect$$rtentry$$00000009          0x0800020e   Section        0  rtentry2.o(.ARM.Collect$$rtentry$$00000009)
    .ARM.Collect$$rtentry$$0000000A          0x0800020e   Section        4  rtentry2.o(.ARM.Collect$$rtentry$$0000000A)
    .ARM.Collect$$rtentry$$0000000C          0x08000212   Section        0  rtentry2.o(.ARM.Collect$$rtentry$$0000000C)
    .ARM.Collect$$rtentry$$0000000D          0x08000212   Section        8  rtentry2.o(.ARM.Collect$$rtentry$$0000000D)
    .ARM.Collect$$rtexit$$00000000           0x0800021a   Section        2  rtexit.o(.ARM.Collect$$rtexit$$00000000)
    .ARM.Collect$$rtexit$$00000002           0x0800021c   Section        0  rtexit2.o(.ARM.Collect$$rtexit$$00000002)
    .ARM.Collect$$rtexit$$00000003           0x0800021c   Section        4  rtexit2.o(.ARM.Collect$$rtexit$$00000003)
    .ARM.Collect$$rtexit$$00000004           0x08000220   Section        6  rtexit2.o(.ARM.Collect$$rtexit$$00000004)
    .text                                    0x08000228   Section       64  startup_stm32f4xx.o(.text)
    .text                                    0x08000268   Section        0  main.o(.text)
    __sti___8_main_cpp                       0x08000603   Thumb Code    54  main.o(.text)
    .text                                    0x080006a8   Section        0  stm32f4xx_it.o(.text)
    .text                                    0x080006c0   Section        0  system_stm32f4xx.o(.text)
    SetSysClock                              0x080006c1   Thumb Code   198  system_stm32f4xx.o(.text)
    .text                                    0x080008ac   Section        0  delay.o(.text)
    .text                                    0x080009d4   Section        0  gpio.o(.text)
    .text                                    0x08000bc8   Section        0  i2c.o(.text)
    .text                                    0x0800122c   Section        0  print.o(.text)
    .text                                    0x08001664   Section        0  st7032i.o(.text)
    .text                                    0x080019b4   Section        0  systick.o(.text)
    .text                                    0x08001a3c   Section        0  usart.o(.text)
    .text                                    0x08001f8c   Section        0  usartserial.o(.text)
    .text                                    0x08001fbc   Section        0  misc.o(.text)
    .text                                    0x080020a0   Section        0  stm32f4xx_gpio.o(.text)
    .text                                    0x080022ec   Section        0  stm32f4xx_i2c.o(.text)
    .text                                    0x080026f8   Section        0  stm32f4xx_rcc.o(.text)
    .text                                    0x08002c78   Section        0  stm32f4xx_tim.o(.text)
    TI4_Config                               0x08003417   Thumb Code    80  stm32f4xx_tim.o(.text)
    TI3_Config                               0x08003479   Thumb Code    72  stm32f4xx_tim.o(.text)
    TI2_Config                               0x080034db   Thumb Code    90  stm32f4xx_tim.o(.text)
    TI1_Config                               0x08003547   Thumb Code    58  stm32f4xx_tim.o(.text)
    .text                                    0x0800391c   Section        0  stm32f4xx_usart.o(.text)
    .text                                    0x08003d36   Section        0  strlen.o(.text)
    .text                                    0x08003d74   Section      100  rt_memcpy_w.o(.text)
    .text                                    0x08003dd8   Section        0  heapauxi.o(.text)
    .text                                    0x08003de0   Section        0  init_aeabi.o(.text)
    .text                                    0x08003e04   Section        0  defsig_pvfn_outer.o(.text)
    .text                                    0x08003e12   Section        0  defsig_exit.o(.text)
    .text                                    0x08003e1c   Section        0  defsig_pvfn_inner.o(.text)
    .text                                    0x08003e4c   Section        0  sys_exit.o(.text)
    .text                                    0x08003e58   Section       74  sys_stackheap_outer.o(.text)
    .text                                    0x08003ea2   Section        0  exit.o(.text)
    .text                                    0x08003eae   Section        0  defsig_general.o(.text)
    .text                                    0x08003ee0   Section        0  sys_wrch.o(.text)
    .text                                    0x08003ef0   Section        8  libspace.o(.text)
    .text                                    0x08003ef8   Section        2  use_no_semi.o(.text)
    .text                                    0x08003efa   Section        0  indicate_semi.o(.text)
    i._ZN11USARTSerial5flushEv               0x08003efa   Section        0  main.o(i._ZN11USARTSerial5flushEv)
    i._ZN11USARTSerial9availableEv           0x08003f08   Section        0  main.o(i._ZN11USARTSerial9availableEv)
    i._ZN5Print5writeEPKc                    0x08003f18   Section        0  print.o(i._ZN5Print5writeEPKc)
    i._ZN5PrintC2Ev                          0x08003f3c   Section        0  main.o(i._ZN5PrintC2Ev)
    i.__cxa_pure_virtual                     0x08003f4c   Section        0  pure_virt.o(i.__cxa_pure_virtual)
    x$fpl$dadd                               0x08003f54   Section      336  daddsub_clz.o(x$fpl$dadd)
    _dadd1                                   0x08003f65   Thumb Code     0  daddsub_clz.o(x$fpl$dadd)
    x$fpl$dcmpinf                            0x080040a4   Section       24  dcmpi.o(x$fpl$dcmpinf)
    x$fpl$ddiv                               0x080040bc   Section      688  ddiv.o(x$fpl$ddiv)
    ddiv_entry                               0x080040c3   Thumb Code     0  ddiv.o(x$fpl$ddiv)
    x$fpl$dfix                               0x0800436c   Section       94  dfix.o(x$fpl$dfix)
    x$fpl$dfixu                              0x080043cc   Section       90  dfixu.o(x$fpl$dfixu)
    x$fpl$dflt                               0x08004426   Section       46  dflt_clz.o(x$fpl$dflt)
    x$fpl$dfltu                              0x08004454   Section       38  dflt_clz.o(x$fpl$dfltu)
    x$fpl$dleqf                              0x0800447c   Section      120  dleqf.o(x$fpl$dleqf)
    x$fpl$dmul                               0x080044f4   Section      340  dmul.o(x$fpl$dmul)
    x$fpl$dnaninf                            0x08004648   Section      156  dnaninf.o(x$fpl$dnaninf)
    x$fpl$dretinf                            0x080046e4   Section       12  dretinf.o(x$fpl$dretinf)
    x$fpl$drleqf                             0x080046f0   Section      108  drleqf.o(x$fpl$drleqf)
    x$fpl$drsb                               0x0800475c   Section       22  daddsub_clz.o(x$fpl$drsb)
    x$fpl$dsub                               0x08004774   Section      468  daddsub_clz.o(x$fpl$dsub)
    _dsub1                                   0x08004785   Thumb Code     0  daddsub_clz.o(x$fpl$dsub)
    x$fpl$f2d                                0x08004948   Section       86  f2d.o(x$fpl$f2d)
    x$fpl$fdiv                               0x080049a0   Section      388  fdiv.o(x$fpl$fdiv)
    _fdiv1                                   0x080049a1   Thumb Code     0  fdiv.o(x$fpl$fdiv)
    x$fpl$ffltu                              0x08004b24   Section       38  fflt_clz.o(x$fpl$ffltu)
    x$fpl$fnaninf                            0x08004b4a   Section      140  fnaninf.o(x$fpl$fnaninf)
    x$fpl$fretinf                            0x08004bd6   Section       10  fretinf.o(x$fpl$fretinf)
    .constdata                               0x08004be0   Section      472  main.o(.constdata)
    x$fpl$usenofp                            0x08004be0   Section        0  usenofp.o(x$fpl$usenofp)
    .constdata                               0x08004db8   Section       16  st7032i.o(.constdata)
    .constdata__ZTV11USARTSerial             0x08004dc8   Section       32  usartserial.o(.constdata__ZTV11USARTSerial)
    .constdata__ZTV5Print                    0x08004de8   Section       16  print.o(.constdata__ZTV5Print)
    .constdata__ZTV6Stream                   0x08004df8   Section       32  main.o(.constdata__ZTV6Stream)
    .constdata__ZTV7ST7032i                  0x08004e18   Section       16  st7032i.o(.constdata__ZTV7ST7032i)
    .init_array                              0x08004e48   Section        4  main.o(.init_array)
    .data                                    0x20000000   Section       20  system_stm32f4xx.o(.data)
    .data                                    0x20000014   Section        8  delay.o(.data)
    .data                                    0x2000001c   Section      114  gpio.o(.data)
    .data                                    0x20000090   Section        4  systick.o(.data)
    .data                                    0x20000094   Section       16  stm32f4xx_rcc.o(.data)
    APBAHBPrescTable                         0x20000094   Data          16  stm32f4xx_rcc.o(.data)
    .bss                                     0x200000a4   Section       52  main.o(.bss)
    .bss                                     0x200000d8   Section      816  i2c.o(.bss)
    .bss                                     0x20000408   Section     3144  usart.o(.bss)
    .bss                                     0x20001050   Section       96  libspace.o(.bss)
    HEAP                                     0x200010b0   Section      512  startup_stm32f4xx.o(HEAP)
    Heap_Mem                                 0x200010b0   Data         512  startup_stm32f4xx.o(HEAP)
    STACK                                    0x200012b0   Section     1024  startup_stm32f4xx.o(STACK)
    Stack_Mem                                0x200012b0   Data        1024  startup_stm32f4xx.o(STACK)
    __initial_sp                             0x200016b0   Data           0  startup_stm32f4xx.o(STACK)

    Global Symbols

    Symbol Name                              Value     Ov Type        Size  Object(Section)

    BuildAttributes$$THM_ISAv4$E$P$D$K$B$S$7EM$PE$A:L22UL41UL21$X:L11$S22US41US21$IEEE1$IW$USESV6$~STKCKD$USESV7$~SHL$OSPACE$ROPI$EBA8$UX$STANDARDLIB$REQ8$PRES8$EABIv2 0x00000000   Number         0  anon$$obj.o ABSOLUTE
    __ARM_use_no_argv                        0x00000000   Number         0  main.o ABSOLUTE
    __ARM_exceptions_init                     - Undefined Weak Reference
    __alloca_initialize                       - Undefined Weak Reference
    __cxa_finalize                            - Undefined Weak Reference
    __rt_locale                               - Undefined Weak Reference
    __sigvec_lookup                           - Undefined Weak Reference
    _atexit_init                              - Undefined Weak Reference
    _call_atexit_fns                          - Undefined Weak Reference
    _clock_init                               - Undefined Weak Reference
    _fp_trap_init                             - Undefined Weak Reference
    _fp_trap_shutdown                         - Undefined Weak Reference
    _get_lc_collate                           - Undefined Weak Reference
    _get_lc_ctype                             - Undefined Weak Reference
    _get_lc_monetary                          - Undefined Weak Reference
    _get_lc_numeric                           - Undefined Weak Reference
    _get_lc_time                              - Undefined Weak Reference
    _getenv_init                              - Undefined Weak Reference
    _handle_redirection                       - Undefined Weak Reference
    _init_alloc                               - Undefined Weak Reference
    _init_user_alloc                          - Undefined Weak Reference
    _initio                                   - Undefined Weak Reference
    _rand_init                                - Undefined Weak Reference
    _signal_finish                            - Undefined Weak Reference
    _signal_init                              - Undefined Weak Reference
    _terminate_alloc                          - Undefined Weak Reference
    _terminate_user_alloc                     - Undefined Weak Reference
    _terminateio                              - Undefined Weak Reference
    __Vectors_Size                           0x00000188   Number         0  startup_stm32f4xx.o ABSOLUTE
    __Vectors                                0x08000000   Data           4  startup_stm32f4xx.o(RESET)
    __Vectors_End                            0x08000188   Data           0  startup_stm32f4xx.o(RESET)
    __main                                   0x08000189   Thumb Code     8  __main.o(!!!main)
    __scatterload                            0x08000191   Thumb Code     0  __scatter.o(!!!scatter)
    __scatterload_rt2                        0x08000191   Thumb Code    44  __scatter.o(!!!scatter)
    __scatterload_rt2_thumb_only             0x08000191   Thumb Code     0  __scatter.o(!!!scatter)
    __scatterload_null                       0x0800019f   Thumb Code     0  __scatter.o(!!!scatter)
    __scatterload_copy                       0x080001c5   Thumb Code    26  __scatter_copy.o(!!handler_copy)
    __scatterload_zeroinit                   0x080001e1   Thumb Code    28  __scatter_zi.o(!!handler_zi)
    __rt_lib_init                            0x080001fd   Thumb Code     0  libinit.o(.ARM.Collect$$libinit$$00000000)
    __rt_lib_init_alloca_1                   0x080001ff   Thumb Code     0  libinit2.o(.ARM.Collect$$libinit$$0000002C)
    __rt_lib_init_argv_1                     0x080001ff   Thumb Code     0  libinit2.o(.ARM.Collect$$libinit$$0000002A)
    __rt_lib_init_atexit_1                   0x080001ff   Thumb Code     0  libinit2.o(.ARM.Collect$$libinit$$00000019)
    __rt_lib_init_clock_1                    0x080001ff   Thumb Code     0  libinit2.o(.ARM.Collect$$libinit$$0000001F)
    __rt_lib_init_cpp_2                      0x080001ff   Thumb Code     0  libinit2.o(.ARM.Collect$$libinit$$0000002F)
    __rt_lib_init_exceptions_1               0x080001ff   Thumb Code     0  libinit2.o(.ARM.Collect$$libinit$$0000002E)
    __rt_lib_init_fp_1                       0x080001ff   Thumb Code     0  libinit2.o(.ARM.Collect$$libinit$$00000002)
    __rt_lib_init_fp_trap_1                  0x080001ff   Thumb Code     0  libinit2.o(.ARM.Collect$$libinit$$0000001D)
    __rt_lib_init_getenv_1                   0x080001ff   Thumb Code     0  libinit2.o(.ARM.Collect$$libinit$$00000021)
    __rt_lib_init_heap_1                     0x080001ff   Thumb Code     0  libinit2.o(.ARM.Collect$$libinit$$00000008)
    __rt_lib_init_lc_collate_1               0x080001ff   Thumb Code     0  libinit2.o(.ARM.Collect$$libinit$$0000000F)
    __rt_lib_init_lc_ctype_1                 0x080001ff   Thumb Code     0  libinit2.o(.ARM.Collect$$libinit$$00000011)
    __rt_lib_init_lc_monetary_1              0x080001ff   Thumb Code     0  libinit2.o(.ARM.Collect$$libinit$$00000013)
    __rt_lib_init_lc_numeric_1               0x080001ff   Thumb Code     0  libinit2.o(.ARM.Collect$$libinit$$00000015)
    __rt_lib_init_lc_time_1                  0x080001ff   Thumb Code     0  libinit2.o(.ARM.Collect$$libinit$$00000017)
    __rt_lib_init_rand_1                     0x080001ff   Thumb Code     0  libinit2.o(.ARM.Collect$$libinit$$0000000C)
    __rt_lib_init_signal_1                   0x080001ff   Thumb Code     0  libinit2.o(.ARM.Collect$$libinit$$0000001B)
    __rt_lib_init_stdio_1                    0x080001ff   Thumb Code     0  libinit2.o(.ARM.Collect$$libinit$$00000023)
    __rt_lib_init_user_alloc_1               0x080001ff   Thumb Code     0  libinit2.o(.ARM.Collect$$libinit$$0000000A)
    __rt_lib_init_cpp_1                      0x08000203   Thumb Code     0  libinit2.o(.ARM.Collect$$libinit$$00000030)
    __rt_lib_init_return                     0x08000203   Thumb Code     0  libinit2.o(.ARM.Collect$$libinit$$00000031)
    __rt_lib_shutdown                        0x08000205   Thumb Code     0  libshutdown.o(.ARM.Collect$$libshutdown$$00000000)
    __rt_lib_shutdown_fp_trap_1              0x08000207   Thumb Code     0  libshutdown2.o(.ARM.Collect$$libshutdown$$00000006)
    __rt_lib_shutdown_heap_1                 0x08000207   Thumb Code     0  libshutdown2.o(.ARM.Collect$$libshutdown$$0000000E)
    __rt_lib_shutdown_return                 0x08000207   Thumb Code     0  libshutdown2.o(.ARM.Collect$$libshutdown$$0000000F)
    __rt_lib_shutdown_signal_1               0x08000207   Thumb Code     0  libshutdown2.o(.ARM.Collect$$libshutdown$$00000009)
    __rt_lib_shutdown_stdio_1                0x08000207   Thumb Code     0  libshutdown2.o(.ARM.Collect$$libshutdown$$00000003)
    __rt_lib_shutdown_user_alloc_1           0x08000207   Thumb Code     0  libshutdown2.o(.ARM.Collect$$libshutdown$$0000000B)
    __rt_entry                               0x08000209   Thumb Code     0  rtentry.o(.ARM.Collect$$rtentry$$00000000)
    __rt_entry_presh_1                       0x08000209   Thumb Code     0  rtentry2.o(.ARM.Collect$$rtentry$$00000002)
    __rt_entry_sh                            0x08000209   Thumb Code     0  rtentry4.o(.ARM.Collect$$rtentry$$00000004)
    __rt_entry_li                            0x0800020f   Thumb Code     0  rtentry2.o(.ARM.Collect$$rtentry$$0000000A)
    __rt_entry_postsh_1                      0x0800020f   Thumb Code     0  rtentry2.o(.ARM.Collect$$rtentry$$00000009)
    __rt_entry_main                          0x08000213   Thumb Code     0  rtentry2.o(.ARM.Collect$$rtentry$$0000000D)
    __rt_entry_postli_1                      0x08000213   Thumb Code     0  rtentry2.o(.ARM.Collect$$rtentry$$0000000C)
    __rt_exit                                0x0800021b   Thumb Code     0  rtexit.o(.ARM.Collect$$rtexit$$00000000)
    __rt_exit_ls                             0x0800021d   Thumb Code     0  rtexit2.o(.ARM.Collect$$rtexit$$00000003)
    __rt_exit_prels_1                        0x0800021d   Thumb Code     0  rtexit2.o(.ARM.Collect$$rtexit$$00000002)
    __rt_exit_exit                           0x08000221   Thumb Code     0  rtexit2.o(.ARM.Collect$$rtexit$$00000004)
    Reset_Handler                            0x08000229   Thumb Code     8  startup_stm32f4xx.o(.text)
    ADC_IRQHandler                           0x08000243   Thumb Code     0  startup_stm32f4xx.o(.text)
    CAN1_RX0_IRQHandler                      0x08000243   Thumb Code     0  startup_stm32f4xx.o(.text)
    CAN1_RX1_IRQHandler                      0x08000243   Thumb Code     0  startup_stm32f4xx.o(.text)
    CAN1_SCE_IRQHandler                      0x08000243   Thumb Code     0  startup_stm32f4xx.o(.text)
    CAN1_TX_IRQHandler                       0x08000243   Thumb Code     0  startup_stm32f4xx.o(.text)
    CAN2_RX0_IRQHandler                      0x08000243   Thumb Code     0  startup_stm32f4xx.o(.text)
    CAN2_RX1_IRQHandler                      0x08000243   Thumb Code     0  startup_stm32f4xx.o(.text)
    CAN2_SCE_IRQHandler                      0x08000243   Thumb Code     0  startup_stm32f4xx.o(.text)
    CAN2_TX_IRQHandler                       0x08000243   Thumb Code     0  startup_stm32f4xx.o(.text)
    CRYP_IRQHandler                          0x08000243   Thumb Code     0  startup_stm32f4xx.o(.text)
    DCMI_IRQHandler                          0x08000243   Thumb Code     0  startup_stm32f4xx.o(.text)
    DMA1_Stream0_IRQHandler                  0x08000243   Thumb Code     0  startup_stm32f4xx.o(.text)
    DMA1_Stream1_IRQHandler                  0x08000243   Thumb Code     0  startup_stm32f4xx.o(.text)
    DMA1_Stream2_IRQHandler                  0x08000243   Thumb Code     0  startup_stm32f4xx.o(.text)
    DMA1_Stream3_IRQHandler                  0x08000243   Thumb Code     0  startup_stm32f4xx.o(.text)
    DMA1_Stream4_IRQHandler                  0x08000243   Thumb Code     0  startup_stm32f4xx.o(.text)
    DMA1_Stream5_IRQHandler                  0x08000243   Thumb Code     0  startup_stm32f4xx.o(.text)
    DMA1_Stream6_IRQHandler                  0x08000243   Thumb Code     0  startup_stm32f4xx.o(.text)
    DMA1_Stream7_IRQHandler                  0x08000243   Thumb Code     0  startup_stm32f4xx.o(.text)
    DMA2_Stream0_IRQHandler                  0x08000243   Thumb Code     0  startup_stm32f4xx.o(.text)
    DMA2_Stream1_IRQHandler                  0x08000243   Thumb Code     0  startup_stm32f4xx.o(.text)
    DMA2_Stream2_IRQHandler                  0x08000243   Thumb Code     0  startup_stm32f4xx.o(.text)
    DMA2_Stream3_IRQHandler                  0x08000243   Thumb Code     0  startup_stm32f4xx.o(.text)
    DMA2_Stream4_IRQHandler                  0x08000243   Thumb Code     0  startup_stm32f4xx.o(.text)
    DMA2_Stream5_IRQHandler                  0x08000243   Thumb Code     0  startup_stm32f4xx.o(.text)
    DMA2_Stream6_IRQHandler                  0x08000243   Thumb Code     0  startup_stm32f4xx.o(.text)
    DMA2_Stream7_IRQHandler                  0x08000243   Thumb Code     0  startup_stm32f4xx.o(.text)
    ETH_IRQHandler                           0x08000243   Thumb Code     0  startup_stm32f4xx.o(.text)
    ETH_WKUP_IRQHandler                      0x08000243   Thumb Code     0  startup_stm32f4xx.o(.text)
    EXTI0_IRQHandler                         0x08000243   Thumb Code     0  startup_stm32f4xx.o(.text)
    EXTI15_10_IRQHandler                     0x08000243   Thumb Code     0  startup_stm32f4xx.o(.text)
    EXTI1_IRQHandler                         0x08000243   Thumb Code     0  startup_stm32f4xx.o(.text)
    EXTI2_IRQHandler                         0x08000243   Thumb Code     0  startup_stm32f4xx.o(.text)
    EXTI3_IRQHandler                         0x08000243   Thumb Code     0  startup_stm32f4xx.o(.text)
    EXTI4_IRQHandler                         0x08000243   Thumb Code     0  startup_stm32f4xx.o(.text)
    EXTI9_5_IRQHandler                       0x08000243   Thumb Code     0  startup_stm32f4xx.o(.text)
    FLASH_IRQHandler                         0x08000243   Thumb Code     0  startup_stm32f4xx.o(.text)
    FPU_IRQHandler                           0x08000243   Thumb Code     0  startup_stm32f4xx.o(.text)
    FSMC_IRQHandler                          0x08000243   Thumb Code     0  startup_stm32f4xx.o(.text)
    HASH_RNG_IRQHandler                      0x08000243   Thumb Code     0  startup_stm32f4xx.o(.text)
    I2C1_ER_IRQHandler                       0x08000243   Thumb Code     0  startup_stm32f4xx.o(.text)
    I2C2_ER_IRQHandler                       0x08000243   Thumb Code     0  startup_stm32f4xx.o(.text)
    I2C2_EV_IRQHandler                       0x08000243   Thumb Code     0  startup_stm32f4xx.o(.text)
    I2C3_ER_IRQHandler                       0x08000243   Thumb Code     0  startup_stm32f4xx.o(.text)
    I2C3_EV_IRQHandler                       0x08000243   Thumb Code     0  startup_stm32f4xx.o(.text)
    OTG_FS_IRQHandler                        0x08000243   Thumb Code     0  startup_stm32f4xx.o(.text)
    OTG_FS_WKUP_IRQHandler                   0x08000243   Thumb Code     0  startup_stm32f4xx.o(.text)
    OTG_HS_EP1_IN_IRQHandler                 0x08000243   Thumb Code     0  startup_stm32f4xx.o(.text)
    OTG_HS_EP1_OUT_IRQHandler                0x08000243   Thumb Code     0  startup_stm32f4xx.o(.text)
    OTG_HS_IRQHandler                        0x08000243   Thumb Code     0  startup_stm32f4xx.o(.text)
    OTG_HS_WKUP_IRQHandler                   0x08000243   Thumb Code     0  startup_stm32f4xx.o(.text)
    PVD_IRQHandler                           0x08000243   Thumb Code     0  startup_stm32f4xx.o(.text)
    RCC_IRQHandler                           0x08000243   Thumb Code     0  startup_stm32f4xx.o(.text)
    RTC_Alarm_IRQHandler                     0x08000243   Thumb Code     0  startup_stm32f4xx.o(.text)
    RTC_WKUP_IRQHandler                      0x08000243   Thumb Code     0  startup_stm32f4xx.o(.text)
    SDIO_IRQHandler                          0x08000243   Thumb Code     0  startup_stm32f4xx.o(.text)
    SPI1_IRQHandler                          0x08000243   Thumb Code     0  startup_stm32f4xx.o(.text)
    SPI2_IRQHandler                          0x08000243   Thumb Code     0  startup_stm32f4xx.o(.text)
    SPI3_IRQHandler                          0x08000243   Thumb Code     0  startup_stm32f4xx.o(.text)
    TAMP_STAMP_IRQHandler                    0x08000243   Thumb Code     0  startup_stm32f4xx.o(.text)
    TIM1_BRK_TIM9_IRQHandler                 0x08000243   Thumb Code     0  startup_stm32f4xx.o(.text)
    TIM1_CC_IRQHandler                       0x08000243   Thumb Code     0  startup_stm32f4xx.o(.text)
    TIM1_TRG_COM_TIM11_IRQHandler            0x08000243   Thumb Code     0  startup_stm32f4xx.o(.text)
    TIM1_UP_TIM10_IRQHandler                 0x08000243   Thumb Code     0  startup_stm32f4xx.o(.text)
    TIM3_IRQHandler                          0x08000243   Thumb Code     0  startup_stm32f4xx.o(.text)
    TIM4_IRQHandler                          0x08000243   Thumb Code     0  startup_stm32f4xx.o(.text)
    TIM5_IRQHandler                          0x08000243   Thumb Code     0  startup_stm32f4xx.o(.text)
    TIM6_DAC_IRQHandler                      0x08000243   Thumb Code     0  startup_stm32f4xx.o(.text)
    TIM7_IRQHandler                          0x08000243   Thumb Code     0  startup_stm32f4xx.o(.text)
    TIM8_BRK_TIM12_IRQHandler                0x08000243   Thumb Code     0  startup_stm32f4xx.o(.text)
    TIM8_CC_IRQHandler                       0x08000243   Thumb Code     0  startup_stm32f4xx.o(.text)
    TIM8_TRG_COM_TIM14_IRQHandler            0x08000243   Thumb Code     0  startup_stm32f4xx.o(.text)
    TIM8_UP_TIM13_IRQHandler                 0x08000243   Thumb Code     0  startup_stm32f4xx.o(.text)
    UART5_IRQHandler                         0x08000243   Thumb Code     0  startup_stm32f4xx.o(.text)
    USART6_IRQHandler                        0x08000243   Thumb Code     0  startup_stm32f4xx.o(.text)
    WWDG_IRQHandler                          0x08000243   Thumb Code     0  startup_stm32f4xx.o(.text)
    __user_initial_stackheap                 0x08000245   Thumb Code     0  startup_stm32f4xx.o(.text)
    main                                     0x08000269   Thumb Code   922  main.o(.text)
    NMI_Handler                              0x080006a9   Thumb Code     2  stm32f4xx_it.o(.text)
    HardFault_Handler                        0x080006ab   Thumb Code     4  stm32f4xx_it.o(.text)
    MemManage_Handler                        0x080006af   Thumb Code     4  stm32f4xx_it.o(.text)
    BusFault_Handler                         0x080006b3   Thumb Code     4  stm32f4xx_it.o(.text)
    UsageFault_Handler                       0x080006b7   Thumb Code     4  stm32f4xx_it.o(.text)
    SVC_Handler                              0x080006bb   Thumb Code     2  stm32f4xx_it.o(.text)
    DebugMon_Handler                         0x080006bd   Thumb Code     2  stm32f4xx_it.o(.text)
    PendSV_Handler                           0x080006bf   Thumb Code     2  stm32f4xx_it.o(.text)
    SystemInit                               0x08000787   Thumb Code    74  system_stm32f4xx.o(.text)
    SystemCoreClockUpdate                    0x080007d1   Thumb Code   174  system_stm32f4xx.o(.text)
    TIM2_timer_start                         0x080008ad   Thumb Code   136  delay.o(.text)
    micros                                   0x08000935   Thumb Code    18  delay.o(.text)
    millis                                   0x08000947   Thumb Code     6  delay.o(.text)
    delay_ms                                 0x0800094d   Thumb Code    40  delay.o(.text)
    delay_us                                 0x08000975   Thumb Code    40  delay.o(.text)
    TIM2_IRQHandler                          0x0800099d   Thumb Code    44  delay.o(.text)
    PinPort                                  0x080009d5   Thumb Code    14  gpio.o(.text)
    PinBit                                   0x080009e3   Thumb Code    14  gpio.o(.text)
    PinSource                                0x080009f1   Thumb Code     8  gpio.o(.text)
    pinMode                                  0x080009f9   Thumb Code    68  gpio.o(.text)
    digitalWrite                             0x08000a3d   Thumb Code    60  gpio.o(.text)
    digitalRead                              0x08000a79   Thumb Code    88  gpio.o(.text)
    GPIOMode                                 0x08000ad1   Thumb Code   188  gpio.o(.text)
    GPIOWrite                                0x08000b8d   Thumb Code    16  gpio.o(.text)
    i2c_begin                                0x08000bc9   Thumb Code   344  i2c.o(.text)
    i2c_start_send                           0x08000d21   Thumb Code   206  i2c.o(.text)
    i2c_transmit                             0x08000def   Thumb Code    48  i2c.o(.text)
    i2c_receive                              0x08000e1f   Thumb Code   248  i2c.o(.text)
    I2C1_EV_IRQHandler                       0x08000f17   Thumb Code   768  i2c.o(.text)
    Print::printNumber(unsigned long, unsigned char) 0x0800122d   Thumb Code    74  print.o(.text)
    Print::print(char)                       0x08001277   Thumb Code    18  print.o(.text)
    Print::print(long, int)                  0x08001289   Thumb Code    84  print.o(.text)
    Print::print(int, int)                   0x080012dd   Thumb Code    20  print.o(.text)
    Print::print(const char*)                0x080012f1   Thumb Code    16  print.o(.text)
    Print::print(unsigned long, int)         0x08001301   Thumb Code    34  print.o(.text)
    Print::printFloat(double, unsigned char) 0x08001323   Thumb Code   378  print.o(.text)
    Print::write(const unsigned char*, unsigned) 0x0800149d   Thumb Code    42  print.o(.text)
    Print::print(unsigned char, int)         0x080014c7   Thumb Code    20  print.o(.text)
    Print::print(unsigned, int)              0x080014db   Thumb Code    20  print.o(.text)
    Print::print(double, int)                0x080014ef   Thumb Code    26  print.o(.text)
    Print::println()                         0x08001509   Thumb Code    28  print.o(.text)
    Print::println(const char*)              0x08001525   Thumb Code    28  print.o(.text)
    Print::println(char)                     0x08001541   Thumb Code    28  print.o(.text)
    Print::println(unsigned char, int)       0x0800155d   Thumb Code    36  print.o(.text)
    Print::println(int, int)                 0x08001581   Thumb Code    36  print.o(.text)
    Print::println(unsigned, int)            0x080015a5   Thumb Code    36  print.o(.text)
    Print::println(long, int)                0x080015c9   Thumb Code    36  print.o(.text)
    Print::println(unsigned long, int)       0x080015ed   Thumb Code    36  print.o(.text)
    Print::println(double, int)              0x08001611   Thumb Code    44  print.o(.text)
    ST7032i::command(unsigned char)          0x08001665   Thumb Code    36  st7032i.o(.text)
    ST7032i::init(__I2CBuffer*)              0x08001689   Thumb Code    48  st7032i.o(.text)
    ST7032i::clear()                         0x080016b9   Thumb Code    24  st7032i.o(.text)
    ST7032i::display()                       0x080016d1   Thumb Code    26  st7032i.o(.text)
    ST7032i::begin()                         0x080016eb   Thumb Code   184  st7032i.o(.text)
    ST7032i::write(unsigned char)            0x080017a3   Thumb Code    44  st7032i.o(.text)
    ST7032i::home()                          0x080017cf   Thumb Code    24  st7032i.o(.text)
    ST7032i::setCursor(unsigned char, unsigned char) 0x080017e7   Thumb Code    56  st7032i.o(.text)
    ST7032i::noDisplay()                     0x0800181f   Thumb Code    26  st7032i.o(.text)
    ST7032i::setContrast(unsigned char)      0x08001839   Thumb Code    88  st7032i.o(.text)
    ST7032i::noBlink()                       0x08001891   Thumb Code    26  st7032i.o(.text)
    ST7032i::blink()                         0x080018ab   Thumb Code    26  st7032i.o(.text)
    ST7032i::noCursor()                      0x080018c5   Thumb Code    26  st7032i.o(.text)
    ST7032i::showCursor()                    0x080018df   Thumb Code    26  st7032i.o(.text)
    ST7032i::scrollDisplayLeft()             0x080018f9   Thumb Code    14  st7032i.o(.text)
    ST7032i::scrollDisplayRight()            0x08001907   Thumb Code    14  st7032i.o(.text)
    ST7032i::leftToRight()                   0x08001915   Thumb Code    26  st7032i.o(.text)
    ST7032i::rightToLeft()                   0x0800192f   Thumb Code    26  st7032i.o(.text)
    ST7032i::autoscroll()                    0x08001949   Thumb Code    26  st7032i.o(.text)
    ST7032i::noAutoscroll()                  0x08001963   Thumb Code    26  st7032i.o(.text)
    ST7032i::createChar(unsigned char, unsigned char*) 0x0800197d   Thumb Code    50  st7032i.o(.text)
    SysTick_Handler                          0x080019b5   Thumb Code    12  systick.o(.text)
    SysTick_delay                            0x080019c1   Thumb Code    18  systick.o(.text)
    SysTick_Start                            0x080019d3   Thumb Code    88  systick.o(.text)
    SysTick_count                            0x08001a2b   Thumb Code     6  systick.o(.text)
    ring_clear                               0x08001a3d   Thumb Code    16  usart.o(.text)
    ring_count                               0x08001a4d   Thumb Code     8  usart.o(.text)
    ring_is_full                             0x08001a55   Thumb Code    30  usart.o(.text)
    ring_enque                               0x08001a73   Thumb Code    72  usart.o(.text)
    ring_deque                               0x08001abb   Thumb Code    70  usart.o(.text)
    ring_peek                                0x08001b01   Thumb Code    28  usart.o(.text)
    usart_begin                              0x08001b1d   Thumb Code   450  usart.o(.text)
    usart_polling_write                      0x08001cdf   Thumb Code    30  usart.o(.text)
    usart_write                              0x08001cfd   Thumb Code    70  usart.o(.text)
    usart_print                              0x08001d43   Thumb Code    32  usart.o(.text)
    usart_polling_read                       0x08001d63   Thumb Code    12  usart.o(.text)
    usart_read                               0x08001d6f   Thumb Code    26  usart.o(.text)
    usart_flush                              0x08001d89   Thumb Code    44  usart.o(.text)
    usart_peek                               0x08001db5   Thumb Code    12  usart.o(.text)
    usart_available                          0x08001dc1   Thumb Code    12  usart.o(.text)
    USART1_IRQHandler                        0x08001dcd   Thumb Code    92  usart.o(.text)
    USART2_IRQHandler                        0x08001e29   Thumb Code    92  usart.o(.text)
    USART3_IRQHandler                        0x08001e85   Thumb Code    92  usart.o(.text)
    UART4_IRQHandler                         0x08001ee1   Thumb Code   164  usart.o(.text)
    USARTSerial::begin(_GPIOPin, _GPIOPin, unsigned) 0x08001f8d   Thumb Code    28  usartserial.o(.text)
    USARTSerial::write(unsigned char)        0x08001fa9   Thumb Code    18  usartserial.o(.text)
    NVIC_PriorityGroupConfig                 0x08001fbd   Thumb Code    10  misc.o(.text)
    NVIC_Init                                0x08001fc7   Thumb Code   108  misc.o(.text)
    NVIC_SetVectorTable                      0x08002033   Thumb Code    14  misc.o(.text)
    NVIC_SystemLPConfig                      0x08002041   Thumb Code    34  misc.o(.text)
    SysTick_CLKSourceConfig                  0x08002063   Thumb Code    40  misc.o(.text)
    GPIO_DeInit                              0x080020a1   Thumb Code   220  stm32f4xx_gpio.o(.text)
    GPIO_Init                                0x0800217d   Thumb Code   144  stm32f4xx_gpio.o(.text)
    GPIO_StructInit                          0x0800220d   Thumb Code    18  stm32f4xx_gpio.o(.text)
    GPIO_PinLockConfig                       0x0800221f   Thumb Code    18  stm32f4xx_gpio.o(.text)
    GPIO_ReadInputDataBit                    0x08002231   Thumb Code    18  stm32f4xx_gpio.o(.text)
    GPIO_ReadInputData                       0x08002243   Thumb Code     8  stm32f4xx_gpio.o(.text)
    GPIO_ReadOutputDataBit                   0x0800224b   Thumb Code    18  stm32f4xx_gpio.o(.text)
    GPIO_ReadOutputData                      0x0800225d   Thumb Code     8  stm32f4xx_gpio.o(.text)
    GPIO_SetBits                             0x08002265   Thumb Code     4  stm32f4xx_gpio.o(.text)
    GPIO_ResetBits                           0x08002269   Thumb Code     4  stm32f4xx_gpio.o(.text)
    GPIO_WriteBit                            0x0800226d   Thumb Code    10  stm32f4xx_gpio.o(.text)
    GPIO_Write                               0x08002277   Thumb Code     4  stm32f4xx_gpio.o(.text)
    GPIO_ToggleBits                          0x0800227b   Thumb Code     8  stm32f4xx_gpio.o(.text)
    GPIO_PinAFConfig                         0x08002283   Thumb Code    70  stm32f4xx_gpio.o(.text)
    I2C_DeInit                               0x080022ed   Thumb Code    82  stm32f4xx_i2c.o(.text)
    I2C_Init                                 0x0800233f   Thumb Code   218  stm32f4xx_i2c.o(.text)
    I2C_StructInit                           0x08002419   Thumb Code    30  stm32f4xx_i2c.o(.text)
    I2C_Cmd                                  0x08002437   Thumb Code    24  stm32f4xx_i2c.o(.text)
    I2C_GenerateSTART                        0x0800244f   Thumb Code    24  stm32f4xx_i2c.o(.text)
    I2C_GenerateSTOP                         0x08002467   Thumb Code    24  stm32f4xx_i2c.o(.text)
    I2C_Send7bitAddress                      0x0800247f   Thumb Code    16  stm32f4xx_i2c.o(.text)
    I2C_AcknowledgeConfig                    0x0800248f   Thumb Code    24  stm32f4xx_i2c.o(.text)
    I2C_OwnAddress2Config                    0x080024a7   Thumb Code    22  stm32f4xx_i2c.o(.text)
    I2C_DualAddressCmd                       0x080024bd   Thumb Code    24  stm32f4xx_i2c.o(.text)
    I2C_GeneralCallCmd                       0x080024d5   Thumb Code    24  stm32f4xx_i2c.o(.text)
    I2C_SoftwareResetCmd                     0x080024ed   Thumb Code    22  stm32f4xx_i2c.o(.text)
    I2C_StretchClockCmd                      0x08002503   Thumb Code    24  stm32f4xx_i2c.o(.text)
    I2C_FastModeDutyCycleConfig              0x0800251b   Thumb Code    28  stm32f4xx_i2c.o(.text)
    I2C_NACKPositionConfig                   0x08002537   Thumb Code    28  stm32f4xx_i2c.o(.text)
    I2C_SMBusAlertConfig                     0x08002553   Thumb Code    28  stm32f4xx_i2c.o(.text)
    I2C_ARPCmd                               0x0800256f   Thumb Code    24  stm32f4xx_i2c.o(.text)
    I2C_SendData                             0x08002587   Thumb Code     4  stm32f4xx_i2c.o(.text)
    I2C_ReceiveData                          0x0800258b   Thumb Code     8  stm32f4xx_i2c.o(.text)
    I2C_TransmitPEC                          0x08002593   Thumb Code    24  stm32f4xx_i2c.o(.text)
    I2C_PECPositionConfig                    0x080025ab   Thumb Code    28  stm32f4xx_i2c.o(.text)
    I2C_CalculatePEC                         0x080025c7   Thumb Code    24  stm32f4xx_i2c.o(.text)
    I2C_GetPEC                               0x080025df   Thumb Code     8  stm32f4xx_i2c.o(.text)
    I2C_DMACmd                               0x080025e7   Thumb Code    24  stm32f4xx_i2c.o(.text)
    I2C_DMALastTransferCmd                   0x080025ff   Thumb Code    24  stm32f4xx_i2c.o(.text)
    I2C_ReadRegister                         0x08002617   Thumb Code    12  stm32f4xx_i2c.o(.text)
    I2C_ITConfig                             0x08002623   Thumb Code    18  stm32f4xx_i2c.o(.text)
    I2C_CheckEvent                           0x08002635   Thumb Code    42  stm32f4xx_i2c.o(.text)
    I2C_GetLastEvent                         0x0800265f   Thumb Code    26  stm32f4xx_i2c.o(.text)
    I2C_GetFlagStatus                        0x08002679   Thumb Code    42  stm32f4xx_i2c.o(.text)
    I2C_ClearFlag                            0x080026a3   Thumb Code    12  stm32f4xx_i2c.o(.text)
    I2C_GetITStatus                          0x080026af   Thumb Code    62  stm32f4xx_i2c.o(.text)
    I2C_ClearITPendingBit                    0x080026ed   Thumb Code    12  stm32f4xx_i2c.o(.text)
    RCC_DeInit                               0x080026f9   Thumb Code    60  stm32f4xx_rcc.o(.text)
    RCC_HSEConfig                            0x08002735   Thumb Code    14  stm32f4xx_rcc.o(.text)
    RCC_GetFlagStatus                        0x08002743   Thumb Code    60  stm32f4xx_rcc.o(.text)
    RCC_WaitForHSEStartUp                    0x0800277f   Thumb Code    48  stm32f4xx_rcc.o(.text)
    RCC_AdjustHSICalibrationValue            0x080027af   Thumb Code    20  stm32f4xx_rcc.o(.text)
    RCC_HSICmd                               0x080027c3   Thumb Code     6  stm32f4xx_rcc.o(.text)
    RCC_LSEConfig                            0x080027c9   Thumb Code    46  stm32f4xx_rcc.o(.text)
    RCC_LSICmd                               0x080027f7   Thumb Code     6  stm32f4xx_rcc.o(.text)
    RCC_PLLConfig                            0x080027fd   Thumb Code    32  stm32f4xx_rcc.o(.text)
    RCC_PLLCmd                               0x0800281d   Thumb Code     6  stm32f4xx_rcc.o(.text)
    RCC_PLLI2SConfig                         0x08002823   Thumb Code    14  stm32f4xx_rcc.o(.text)
    RCC_PLLI2SCmd                            0x08002831   Thumb Code     6  stm32f4xx_rcc.o(.text)
    RCC_ClockSecuritySystemCmd               0x08002837   Thumb Code     6  stm32f4xx_rcc.o(.text)
    RCC_MCO1Config                           0x0800283d   Thumb Code    28  stm32f4xx_rcc.o(.text)
    RCC_MCO2Config                           0x08002859   Thumb Code    28  stm32f4xx_rcc.o(.text)
    RCC_SYSCLKConfig                         0x08002875   Thumb Code    20  stm32f4xx_rcc.o(.text)
    RCC_GetSYSCLKSource                      0x08002889   Thumb Code    12  stm32f4xx_rcc.o(.text)
    RCC_HCLKConfig                           0x08002895   Thumb Code    20  stm32f4xx_rcc.o(.text)
    RCC_PCLK1Config                          0x080028a9   Thumb Code    20  stm32f4xx_rcc.o(.text)
    RCC_PCLK2Config                          0x080028bd   Thumb Code    22  stm32f4xx_rcc.o(.text)
    RCC_GetClocksFreq                        0x080028d3   Thumb Code   222  stm32f4xx_rcc.o(.text)
    RCC_RTCCLKConfig                         0x080029b1   Thumb Code    54  stm32f4xx_rcc.o(.text)
    RCC_RTCCLKCmd                            0x080029e7   Thumb Code     8  stm32f4xx_rcc.o(.text)
    RCC_BackupResetCmd                       0x080029ef   Thumb Code     8  stm32f4xx_rcc.o(.text)
    RCC_I2SCLKConfig                         0x080029f7   Thumb Code     6  stm32f4xx_rcc.o(.text)
    RCC_AHB1PeriphClockCmd                   0x080029fd   Thumb Code    34  stm32f4xx_rcc.o(.text)
    RCC_AHB2PeriphClockCmd                   0x08002a1f   Thumb Code    34  stm32f4xx_rcc.o(.text)
    RCC_AHB3PeriphClockCmd                   0x08002a41   Thumb Code    34  stm32f4xx_rcc.o(.text)
    RCC_APB1PeriphClockCmd                   0x08002a63   Thumb Code    34  stm32f4xx_rcc.o(.text)
    RCC_APB2PeriphClockCmd                   0x08002a85   Thumb Code    34  stm32f4xx_rcc.o(.text)
    RCC_AHB1PeriphResetCmd                   0x08002aa7   Thumb Code    34  stm32f4xx_rcc.o(.text)
    RCC_AHB2PeriphResetCmd                   0x08002ac9   Thumb Code    72  stm32f4xx_rcc.o(.text)
    RCC_AHB3PeriphResetCmd                   0x08002b11   Thumb Code    34  stm32f4xx_rcc.o(.text)
    RCC_APB1PeriphResetCmd                   0x08002b33   Thumb Code    34  stm32f4xx_rcc.o(.text)
    RCC_APB2PeriphResetCmd                   0x08002b55   Thumb Code    34  stm32f4xx_rcc.o(.text)
    RCC_AHB1PeriphClockLPModeCmd             0x08002b77   Thumb Code    34  stm32f4xx_rcc.o(.text)
    RCC_AHB2PeriphClockLPModeCmd             0x08002b99   Thumb Code    34  stm32f4xx_rcc.o(.text)
    RCC_AHB3PeriphClockLPModeCmd             0x08002bbb   Thumb Code    34  stm32f4xx_rcc.o(.text)
    RCC_APB1PeriphClockLPModeCmd             0x08002bdd   Thumb Code    34  stm32f4xx_rcc.o(.text)
    RCC_APB2PeriphClockLPModeCmd             0x08002bff   Thumb Code    34  stm32f4xx_rcc.o(.text)
    RCC_ITConfig                             0x08002c21   Thumb Code    34  stm32f4xx_rcc.o(.text)
    RCC_ClearFlag                            0x08002c43   Thumb Code    18  stm32f4xx_rcc.o(.text)
    RCC_GetITStatus                          0x08002c55   Thumb Code    22  stm32f4xx_rcc.o(.text)
    RCC_ClearITPendingBit                    0x08002c6b   Thumb Code     8  stm32f4xx_rcc.o(.text)
    TIM_DeInit                               0x08002c79   Thumb Code   346  stm32f4xx_tim.o(.text)
    TIM_TimeBaseInit                         0x08002dd3   Thumb Code   104  stm32f4xx_tim.o(.text)
    TIM_TimeBaseStructInit                   0x08002e3b   Thumb Code    18  stm32f4xx_tim.o(.text)
    TIM_PrescalerConfig                      0x08002e4d   Thumb Code     6  stm32f4xx_tim.o(.text)
    TIM_CounterModeConfig                    0x08002e53   Thumb Code    18  stm32f4xx_tim.o(.text)
    TIM_SetCounter                           0x08002e65   Thumb Code     4  stm32f4xx_tim.o(.text)
    TIM_SetAutoreload                        0x08002e69   Thumb Code     4  stm32f4xx_tim.o(.text)
    TIM_GetCounter                           0x08002e6d   Thumb Code     6  stm32f4xx_tim.o(.text)
    TIM_GetPrescaler                         0x08002e73   Thumb Code     6  stm32f4xx_tim.o(.text)
    TIM_UpdateDisableConfig                  0x08002e79   Thumb Code    24  stm32f4xx_tim.o(.text)
    TIM_UpdateRequestConfig                  0x08002e91   Thumb Code    24  stm32f4xx_tim.o(.text)
    TIM_ARRPreloadConfig                     0x08002ea9   Thumb Code    24  stm32f4xx_tim.o(.text)
    TIM_SelectOnePulseMode                   0x08002ec1   Thumb Code    18  stm32f4xx_tim.o(.text)
    TIM_SetClockDivision                     0x08002ed3   Thumb Code    18  stm32f4xx_tim.o(.text)
    TIM_Cmd                                  0x08002ee5   Thumb Code    24  stm32f4xx_tim.o(.text)
    TIM_OC1Init                              0x08002efd   Thumb Code   114  stm32f4xx_tim.o(.text)
    TIM_OC2Init                              0x08002f6f   Thumb Code   154  stm32f4xx_tim.o(.text)
    TIM_OC3Init                              0x08003009   Thumb Code   204  stm32f4xx_tim.o(.text)
    TIM_OC4Init                              0x080030d5   Thumb Code   112  stm32f4xx_tim.o(.text)
    TIM_OCStructInit                         0x08003145   Thumb Code    20  stm32f4xx_tim.o(.text)
    TIM_SelectOCxM                           0x08003159   Thumb Code    86  stm32f4xx_tim.o(.text)
    TIM_SetCompare1                          0x080031af   Thumb Code     4  stm32f4xx_tim.o(.text)
    TIM_SetCompare2                          0x080031b3   Thumb Code     4  stm32f4xx_tim.o(.text)
    TIM_SetCompare3                          0x080031b7   Thumb Code     4  stm32f4xx_tim.o(.text)
    TIM_SetCompare4                          0x080031bb   Thumb Code     4  stm32f4xx_tim.o(.text)
    TIM_ForcedOC1Config                      0x080031bf   Thumb Code    18  stm32f4xx_tim.o(.text)
    TIM_ForcedOC2Config                      0x080031d1   Thumb Code    26  stm32f4xx_tim.o(.text)
    TIM_ForcedOC3Config                      0x080031eb   Thumb Code    18  stm32f4xx_tim.o(.text)
    TIM_ForcedOC4Config                      0x080031fd   Thumb Code    26  stm32f4xx_tim.o(.text)
    TIM_OC1PreloadConfig                     0x08003217   Thumb Code    18  stm32f4xx_tim.o(.text)
    TIM_OC2PreloadConfig                     0x08003229   Thumb Code    26  stm32f4xx_tim.o(.text)
    TIM_OC3PreloadConfig                     0x08003243   Thumb Code    18  stm32f4xx_tim.o(.text)
    TIM_OC4PreloadConfig                     0x08003255   Thumb Code    26  stm32f4xx_tim.o(.text)
    TIM_OC1FastConfig                        0x0800326f   Thumb Code    18  stm32f4xx_tim.o(.text)
    TIM_OC2FastConfig                        0x08003281   Thumb Code    26  stm32f4xx_tim.o(.text)
    TIM_OC3FastConfig                        0x0800329b   Thumb Code    18  stm32f4xx_tim.o(.text)
    TIM_OC4FastConfig                        0x080032ad   Thumb Code    26  stm32f4xx_tim.o(.text)
    TIM_ClearOC1Ref                          0x080032c7   Thumb Code    18  stm32f4xx_tim.o(.text)
    TIM_ClearOC2Ref                          0x080032d9   Thumb Code    24  stm32f4xx_tim.o(.text)
    TIM_ClearOC3Ref                          0x080032f1   Thumb Code    18  stm32f4xx_tim.o(.text)
    TIM_ClearOC4Ref                          0x08003303   Thumb Code    24  stm32f4xx_tim.o(.text)
    TIM_OC1PolarityConfig                    0x0800331b   Thumb Code    18  stm32f4xx_tim.o(.text)
    TIM_OC1NPolarityConfig                   0x0800332d   Thumb Code    18  stm32f4xx_tim.o(.text)
    TIM_OC2PolarityConfig                    0x0800333f   Thumb Code    26  stm32f4xx_tim.o(.text)
    TIM_OC2NPolarityConfig                   0x08003359   Thumb Code    26  stm32f4xx_tim.o(.text)
    TIM_OC3PolarityConfig                    0x08003373   Thumb Code    26  stm32f4xx_tim.o(.text)
    TIM_OC3NPolarityConfig                   0x0800338d   Thumb Code    26  stm32f4xx_tim.o(.text)
    TIM_OC4PolarityConfig                    0x080033a7   Thumb Code    26  stm32f4xx_tim.o(.text)
    TIM_CCxCmd                               0x080033c1   Thumb Code    30  stm32f4xx_tim.o(.text)
    TIM_CCxNCmd                              0x080033df   Thumb Code    30  stm32f4xx_tim.o(.text)
    TIM_SetIC4Prescaler                      0x080033fd   Thumb Code    26  stm32f4xx_tim.o(.text)
    TIM_SetIC3Prescaler                      0x08003467   Thumb Code    18  stm32f4xx_tim.o(.text)
    TIM_SetIC2Prescaler                      0x080034c1   Thumb Code    26  stm32f4xx_tim.o(.text)
    TIM_SetIC1Prescaler                      0x08003535   Thumb Code    18  stm32f4xx_tim.o(.text)
    TIM_ICInit                               0x08003581   Thumb Code   110  stm32f4xx_tim.o(.text)
    TIM_ICStructInit                         0x080035ef   Thumb Code    18  stm32f4xx_tim.o(.text)
    TIM_PWMIConfig                           0x08003601   Thumb Code   124  stm32f4xx_tim.o(.text)
    TIM_GetCapture1                          0x0800367d   Thumb Code     6  stm32f4xx_tim.o(.text)
    TIM_GetCapture2                          0x08003683   Thumb Code     6  stm32f4xx_tim.o(.text)
    TIM_GetCapture3                          0x08003689   Thumb Code     6  stm32f4xx_tim.o(.text)
    TIM_GetCapture4                          0x0800368f   Thumb Code     6  stm32f4xx_tim.o(.text)
    TIM_BDTRConfig                           0x08003695   Thumb Code    32  stm32f4xx_tim.o(.text)
    TIM_BDTRStructInit                       0x080036b5   Thumb Code    18  stm32f4xx_tim.o(.text)
    TIM_CtrlPWMOutputs                       0x080036c7   Thumb Code    30  stm32f4xx_tim.o(.text)
    TIM_SelectCOM                            0x080036e5   Thumb Code    24  stm32f4xx_tim.o(.text)
    TIM_CCPreloadControl                     0x080036fd   Thumb Code    24  stm32f4xx_tim.o(.text)
    TIM_ITConfig                             0x08003715   Thumb Code    18  stm32f4xx_tim.o(.text)
    TIM_GenerateEvent                        0x08003727   Thumb Code     4  stm32f4xx_tim.o(.text)
    TIM_GetFlagStatus                        0x0800372b   Thumb Code    18  stm32f4xx_tim.o(.text)
    TIM_ClearFlag                            0x0800373d   Thumb Code     6  stm32f4xx_tim.o(.text)
    TIM_GetITStatus                          0x08003743   Thumb Code    34  stm32f4xx_tim.o(.text)
    TIM_ClearITPendingBit                    0x08003765   Thumb Code     6  stm32f4xx_tim.o(.text)
    TIM_DMAConfig                            0x0800376b   Thumb Code    10  stm32f4xx_tim.o(.text)
    TIM_DMACmd                               0x08003775   Thumb Code    18  stm32f4xx_tim.o(.text)
    TIM_SelectCCDMA                          0x08003787   Thumb Code    24  stm32f4xx_tim.o(.text)
    TIM_InternalClockConfig                  0x0800379f   Thumb Code    12  stm32f4xx_tim.o(.text)
    TIM_SelectInputTrigger                   0x080037ab   Thumb Code    18  stm32f4xx_tim.o(.text)
    TIM_ITRxExternalClockConfig              0x080037bd   Thumb Code    24  stm32f4xx_tim.o(.text)
    TIM_TIxExternalClockConfig               0x080037d5   Thumb Code    62  stm32f4xx_tim.o(.text)
    TIM_ETRConfig                            0x08003813   Thumb Code    28  stm32f4xx_tim.o(.text)
    TIM_ETRClockMode1Config                  0x0800382f   Thumb Code    54  stm32f4xx_tim.o(.text)
    TIM_ETRClockMode2Config                  0x08003865   Thumb Code    32  stm32f4xx_tim.o(.text)
    TIM_SelectOutputTrigger                  0x08003885   Thumb Code    18  stm32f4xx_tim.o(.text)
    TIM_SelectSlaveMode                      0x08003897   Thumb Code    18  stm32f4xx_tim.o(.text)
    TIM_SelectMasterSlaveMode                0x080038a9   Thumb Code    18  stm32f4xx_tim.o(.text)
    TIM_EncoderInterfaceConfig               0x080038bb   Thumb Code    66  stm32f4xx_tim.o(.text)
    TIM_SelectHallSensor                     0x080038fd   Thumb Code    24  stm32f4xx_tim.o(.text)
    TIM_RemapConfig                          0x08003915   Thumb Code     6  stm32f4xx_tim.o(.text)
    USART_DeInit                             0x0800391d   Thumb Code   156  stm32f4xx_usart.o(.text)
    USART_Init                               0x080039b9   Thumb Code   204  stm32f4xx_usart.o(.text)
    USART_StructInit                         0x08003a85   Thumb Code    24  stm32f4xx_usart.o(.text)
    USART_ClockInit                          0x08003a9d   Thumb Code    32  stm32f4xx_usart.o(.text)
    USART_ClockStructInit                    0x08003abd   Thumb Code    12  stm32f4xx_usart.o(.text)
    USART_Cmd                                0x08003ac9   Thumb Code    24  stm32f4xx_usart.o(.text)
    USART_SetPrescaler                       0x08003ae1   Thumb Code    16  stm32f4xx_usart.o(.text)
    USART_OverSampling8Cmd                   0x08003af1   Thumb Code    22  stm32f4xx_usart.o(.text)
    USART_OneBitMethodCmd                    0x08003b07   Thumb Code    24  stm32f4xx_usart.o(.text)
    USART_SendData                           0x08003b1f   Thumb Code     8  stm32f4xx_usart.o(.text)
    USART_ReceiveData                        0x08003b27   Thumb Code    10  stm32f4xx_usart.o(.text)
    USART_SetAddress                         0x08003b31   Thumb Code    18  stm32f4xx_usart.o(.text)
    USART_ReceiverWakeUpCmd                  0x08003b43   Thumb Code    24  stm32f4xx_usart.o(.text)
    USART_WakeUpConfig                       0x08003b5b   Thumb Code    18  stm32f4xx_usart.o(.text)
    USART_LINBreakDetectLengthConfig         0x08003b6d   Thumb Code    18  stm32f4xx_usart.o(.text)
    USART_LINCmd                             0x08003b7f   Thumb Code    24  stm32f4xx_usart.o(.text)
    USART_SendBreak                          0x08003b97   Thumb Code    10  stm32f4xx_usart.o(.text)
    USART_HalfDuplexCmd                      0x08003ba1   Thumb Code    24  stm32f4xx_usart.o(.text)
    USART_SetGuardTime                       0x08003bb9   Thumb Code    16  stm32f4xx_usart.o(.text)
    USART_SmartCardCmd                       0x08003bc9   Thumb Code    24  stm32f4xx_usart.o(.text)
    USART_SmartCardNACKCmd                   0x08003be1   Thumb Code    24  stm32f4xx_usart.o(.text)
    USART_IrDAConfig                         0x08003bf9   Thumb Code    18  stm32f4xx_usart.o(.text)
    USART_IrDACmd                            0x08003c0b   Thumb Code    24  stm32f4xx_usart.o(.text)
    USART_DMACmd                             0x08003c23   Thumb Code    18  stm32f4xx_usart.o(.text)
    USART_ITConfig                           0x08003c35   Thumb Code    74  stm32f4xx_usart.o(.text)
    USART_GetFlagStatus                      0x08003c7f   Thumb Code    26  stm32f4xx_usart.o(.text)
    USART_ClearFlag                          0x08003c99   Thumb Code    18  stm32f4xx_usart.o(.text)
    USART_GetITStatus                        0x08003cab   Thumb Code   110  stm32f4xx_usart.o(.text)
    USART_ClearITPendingBit                  0x08003d19   Thumb Code    30  stm32f4xx_usart.o(.text)
    strlen                                   0x08003d37   Thumb Code    62  strlen.o(.text)
    __aeabi_memcpy4                          0x08003d75   Thumb Code     0  rt_memcpy_w.o(.text)
    __aeabi_memcpy8                          0x08003d75   Thumb Code     0  rt_memcpy_w.o(.text)
    __rt_memcpy_w                            0x08003d75   Thumb Code   100  rt_memcpy_w.o(.text)
    _memcpy_lastbytes_aligned                0x08003dbd   Thumb Code     0  rt_memcpy_w.o(.text)
    __use_two_region_memory                  0x08003dd9   Thumb Code     2  heapauxi.o(.text)
    __rt_heap_escrow$2region                 0x08003ddb   Thumb Code     2  heapauxi.o(.text)
    __rt_heap_expand$2region                 0x08003ddd   Thumb Code     2  heapauxi.o(.text)
    __cpp_initialize__aeabi_                 0x08003de1   Thumb Code    26  init_aeabi.o(.text)
    __rt_SIGPVFN                             0x08003e05   Thumb Code    14  defsig_pvfn_outer.o(.text)
    __sig_exit                               0x08003e13   Thumb Code    10  defsig_exit.o(.text)
    __rt_SIGPVFN_inner                       0x08003e1d   Thumb Code    14  defsig_pvfn_inner.o(.text)
    _sys_exit                                0x08003e4d   Thumb Code     8  sys_exit.o(.text)
    __user_setup_stackheap                   0x08003e59   Thumb Code    74  sys_stackheap_outer.o(.text)
    exit                                     0x08003ea3   Thumb Code    12  exit.o(.text)
    __default_signal_display                 0x08003eaf   Thumb Code    50  defsig_general.o(.text)
    _ttywrch                                 0x08003ee1   Thumb Code    14  sys_wrch.o(.text)
    __user_libspace                          0x08003ef1   Thumb Code     8  libspace.o(.text)
    __user_perproc_libspace                  0x08003ef1   Thumb Code     0  libspace.o(.text)
    __user_perthread_libspace                0x08003ef1   Thumb Code     0  libspace.o(.text)
    __I$use$semihosting                      0x08003ef9   Thumb Code     0  use_no_semi.o(.text)
    __use_no_semihosting_swi                 0x08003ef9   Thumb Code     2  use_no_semi.o(.text)
    USARTSerial::flush()                     0x08003efb   Thumb Code    14  main.o(i._ZN11USARTSerial5flushEv)
    __semihosting_library_function           0x08003efb   Thumb Code     0  indicate_semi.o(.text)
    USARTSerial::available()                 0x08003f09   Thumb Code    16  main.o(i._ZN11USARTSerial9availableEv)
    Print::write(const char*)                0x08003f19   Thumb Code    34  print.o(i._ZN5Print5writeEPKc)
    Print::Print__sub_object()               0x08003f3d   Thumb Code    10  main.o(i._ZN5PrintC2Ev)
    __cxa_pure_virtual                       0x08003f4d   Thumb Code     6  pure_virt.o(i.__cxa_pure_virtual)
    __aeabi_dadd                             0x08003f55   Thumb Code     0  daddsub_clz.o(x$fpl$dadd)
    _dadd                                    0x08003f55   Thumb Code   332  daddsub_clz.o(x$fpl$dadd)
    __fpl_dcmp_Inf                           0x080040a5   Thumb Code    24  dcmpi.o(x$fpl$dcmpinf)
    __aeabi_ddiv                             0x080040bd   Thumb Code     0  ddiv.o(x$fpl$ddiv)
    _ddiv                                    0x080040bd   Thumb Code   552  ddiv.o(x$fpl$ddiv)
    __aeabi_d2iz                             0x0800436d   Thumb Code     0  dfix.o(x$fpl$dfix)
    _dfix                                    0x0800436d   Thumb Code    94  dfix.o(x$fpl$dfix)
    __aeabi_d2uiz                            0x080043cd   Thumb Code     0  dfixu.o(x$fpl$dfixu)
    _dfixu                                   0x080043cd   Thumb Code    90  dfixu.o(x$fpl$dfixu)
    __aeabi_i2d                              0x08004427   Thumb Code     0  dflt_clz.o(x$fpl$dflt)
    _dflt                                    0x08004427   Thumb Code    46  dflt_clz.o(x$fpl$dflt)
    __aeabi_ui2d                             0x08004455   Thumb Code     0  dflt_clz.o(x$fpl$dfltu)
    _dfltu                                   0x08004455   Thumb Code    38  dflt_clz.o(x$fpl$dfltu)
    __aeabi_cdcmple                          0x0800447d   Thumb Code     0  dleqf.o(x$fpl$dleqf)
    _dcmple                                  0x0800447d   Thumb Code   120  dleqf.o(x$fpl$dleqf)
    __fpl_dcmple_InfNaN                      0x080044df   Thumb Code     0  dleqf.o(x$fpl$dleqf)
    __aeabi_dmul                             0x080044f5   Thumb Code     0  dmul.o(x$fpl$dmul)
    _dmul                                    0x080044f5   Thumb Code   332  dmul.o(x$fpl$dmul)
    __fpl_dnaninf                            0x08004649   Thumb Code   156  dnaninf.o(x$fpl$dnaninf)
    __fpl_dretinf                            0x080046e5   Thumb Code    12  dretinf.o(x$fpl$dretinf)
    __aeabi_cdrcmple                         0x080046f1   Thumb Code     0  drleqf.o(x$fpl$drleqf)
    _drcmple                                 0x080046f1   Thumb Code   108  drleqf.o(x$fpl$drleqf)
    __aeabi_drsub                            0x0800475d   Thumb Code     0  daddsub_clz.o(x$fpl$drsb)
    _drsb                                    0x0800475d   Thumb Code    22  daddsub_clz.o(x$fpl$drsb)
    __aeabi_dsub                             0x08004775   Thumb Code     0  daddsub_clz.o(x$fpl$dsub)
    _dsub                                    0x08004775   Thumb Code   464  daddsub_clz.o(x$fpl$dsub)
    __aeabi_f2d                              0x08004949   Thumb Code     0  f2d.o(x$fpl$f2d)
    _f2d                                     0x08004949   Thumb Code    86  f2d.o(x$fpl$f2d)
    __aeabi_fdiv                             0x080049a1   Thumb Code     0  fdiv.o(x$fpl$fdiv)
    _fdiv                                    0x080049a1   Thumb Code   384  fdiv.o(x$fpl$fdiv)
    __aeabi_ui2f                             0x08004b25   Thumb Code     0  fflt_clz.o(x$fpl$ffltu)
    _ffltu                                   0x08004b25   Thumb Code    38  fflt_clz.o(x$fpl$ffltu)
    __fpl_fnaninf                            0x08004b4b   Thumb Code   140  fnaninf.o(x$fpl$fnaninf)
    __fpl_fretinf                            0x08004bd7   Thumb Code    10  fretinf.o(x$fpl$fretinf)
    __I$use$fp                               0x08004be0   Number         0  usenofp.o(x$fpl$usenofp)
    vtable for USARTSerial                   0x08004dc8   Data          32  usartserial.o(.constdata__ZTV11USARTSerial)
    vtable for Print                         0x08004de8   Data          16  print.o(.constdata__ZTV5Print)
    vtable for Stream                        0x08004df8   Data          32  main.o(.constdata__ZTV6Stream)
    vtable for ST7032i                       0x08004e18   Data          16  st7032i.o(.constdata__ZTV7ST7032i)
    Region$$Table$$Base                      0x08004e28   Number         0  anon$$obj.o(Region$$Table)
    Region$$Table$$Limit                     0x08004e48   Number         0  anon$$obj.o(Region$$Table)
    SHT$$INIT_ARRAY$$Base                    0x08004e48   Number         0  main.o(.init_array)
    SHT$$INIT_ARRAY$$Limit                   0x08004e4c   Number         0  main.o(.init_array)
    SystemCoreClock                          0x20000000   Data           4  system_stm32f4xx.o(.data)
    AHBPrescTable                            0x20000004   Data          16  system_stm32f4xx.o(.data)
    __counter_micros                         0x20000014   Data           4  delay.o(.data)
    __counter_millis                         0x20000018   Data           4  delay.o(.data)
    PortPeriph                               0x2000001c   Data          40  gpio.o(.data)
    Port                                     0x20000044   Data          40  gpio.o(.data)
    Pin                                      0x2000006c   Data          34  gpio.o(.data)
    _systick_counter                         0x20000090   Data           4  systick.o(.data)
    lcd                                      0x200000a4   Data          24  main.o(.bss)
    Serial3                                  0x200000bc   Data          28  main.o(.bss)
    I2C1Buffer                               0x200000d8   Data         272  i2c.o(.bss)
    I2C2Buffer                               0x200001e8   Data         272  i2c.o(.bss)
    I2C3Buffer                               0x200002f8   Data         272  i2c.o(.bss)
    rxring                                   0x20000408   Data        1572  usart.o(.bss)
    txring                                   0x20000a2c   Data        1572  usart.o(.bss)
    __libspace_start                         0x20001050   Data          96  libspace.o(.bss)
    __temporary_stack_top$libspace           0x200010b0   Data           0  libspace.o(.bss)



==============================================================================

Memory Map of the image

  Image Entry point : 0x08000189

  Load Region LR_IROM1 (Base: 0x08000000, Size: 0x00004ef0, Max: 0x00100000, ABSOLUTE)

    Execution Region ER_IROM1 (Base: 0x08000000, Size: 0x00004e4c, Max: 0x00100000, ABSOLUTE)

    Base Addr    Size         Type   Attr      Idx    E Section Name        Object

    0x08000000   0x00000188   Data   RO            3    RESET               startup_stm32f4xx.o
    0x08000188   0x00000008   Code   RO          885  * !!!main             c_w.l(__main.o)
    0x08000190   0x00000034   Code   RO         1217    !!!scatter          c_w.l(__scatter.o)
    0x080001c4   0x0000001a   Code   RO         1219    !!handler_copy      c_w.l(__scatter_copy.o)
    0x080001de   0x00000002   PAD
    0x080001e0   0x0000001c   Code   RO         1221    !!handler_zi        c_w.l(__scatter_zi.o)
    0x080001fc   0x00000002   Code   RO         1153    .ARM.Collect$$libinit$$00000000  c_w.l(libinit.o)
    0x080001fe   0x00000000   Code   RO         1046    .ARM.Collect$$libinit$$00000002  c_w.l(libinit2.o)
    0x080001fe   0x00000000   Code   RO         1049    .ARM.Collect$$libinit$$00000008  c_w.l(libinit2.o)
    0x080001fe   0x00000000   Code   RO         1051    .ARM.Collect$$libinit$$0000000A  c_w.l(libinit2.o)
    0x080001fe   0x00000000   Code   RO         1053    .ARM.Collect$$libinit$$0000000C  c_w.l(libinit2.o)
    0x080001fe   0x00000000   Code   RO         1056    .ARM.Collect$$libinit$$0000000F  c_w.l(libinit2.o)
    0x080001fe   0x00000000   Code   RO         1058    .ARM.Collect$$libinit$$00000011  c_w.l(libinit2.o)
    0x080001fe   0x00000000   Code   RO         1060    .ARM.Collect$$libinit$$00000013  c_w.l(libinit2.o)
    0x080001fe   0x00000000   Code   RO         1062    .ARM.Collect$$libinit$$00000015  c_w.l(libinit2.o)
    0x080001fe   0x00000000   Code   RO         1064    .ARM.Collect$$libinit$$00000017  c_w.l(libinit2.o)
    0x080001fe   0x00000000   Code   RO         1066    .ARM.Collect$$libinit$$00000019  c_w.l(libinit2.o)
    0x080001fe   0x00000000   Code   RO         1068    .ARM.Collect$$libinit$$0000001B  c_w.l(libinit2.o)
    0x080001fe   0x00000000   Code   RO         1070    .ARM.Collect$$libinit$$0000001D  c_w.l(libinit2.o)
    0x080001fe   0x00000000   Code   RO         1072    .ARM.Collect$$libinit$$0000001F  c_w.l(libinit2.o)
    0x080001fe   0x00000000   Code   RO         1074    .ARM.Collect$$libinit$$00000021  c_w.l(libinit2.o)
    0x080001fe   0x00000000   Code   RO         1076    .ARM.Collect$$libinit$$00000023  c_w.l(libinit2.o)
    0x080001fe   0x00000000   Code   RO         1080    .ARM.Collect$$libinit$$0000002A  c_w.l(libinit2.o)
    0x080001fe   0x00000000   Code   RO         1082    .ARM.Collect$$libinit$$0000002C  c_w.l(libinit2.o)
    0x080001fe   0x00000000   Code   RO         1084    .ARM.Collect$$libinit$$0000002E  c_w.l(libinit2.o)
    0x080001fe   0x00000004   Code   RO         1085    .ARM.Collect$$libinit$$0000002F  c_w.l(libinit2.o)
    0x08000202   0x00000000   Code   RO         1086    .ARM.Collect$$libinit$$00000030  c_w.l(libinit2.o)
    0x08000202   0x00000002   Code   RO         1087    .ARM.Collect$$libinit$$00000031  c_w.l(libinit2.o)
    0x08000204   0x00000002   Code   RO         1199    .ARM.Collect$$libshutdown$$00000000  c_w.l(libshutdown.o)
    0x08000206   0x00000000   Code   RO         1202    .ARM.Collect$$libshutdown$$00000003  c_w.l(libshutdown2.o)
    0x08000206   0x00000000   Code   RO         1205    .ARM.Collect$$libshutdown$$00000006  c_w.l(libshutdown2.o)
    0x08000206   0x00000000   Code   RO         1208    .ARM.Collect$$libshutdown$$00000009  c_w.l(libshutdown2.o)
    0x08000206   0x00000000   Code   RO         1210    .ARM.Collect$$libshutdown$$0000000B  c_w.l(libshutdown2.o)
    0x08000206   0x00000000   Code   RO         1213    .ARM.Collect$$libshutdown$$0000000E  c_w.l(libshutdown2.o)
    0x08000206   0x00000002   Code   RO         1214    .ARM.Collect$$libshutdown$$0000000F  c_w.l(libshutdown2.o)
    0x08000208   0x00000000   Code   RO         1040    .ARM.Collect$$rtentry$$00000000  c_w.l(rtentry.o)
    0x08000208   0x00000000   Code   RO         1110    .ARM.Collect$$rtentry$$00000002  c_w.l(rtentry2.o)
    0x08000208   0x00000006   Code   RO         1122    .ARM.Collect$$rtentry$$00000004  c_w.l(rtentry4.o)
    0x0800020e   0x00000000   Code   RO         1112    .ARM.Collect$$rtentry$$00000009  c_w.l(rtentry2.o)
    0x0800020e   0x00000004   Code   RO         1113    .ARM.Collect$$rtentry$$0000000A  c_w.l(rtentry2.o)
    0x08000212   0x00000000   Code   RO         1115    .ARM.Collect$$rtentry$$0000000C  c_w.l(rtentry2.o)
    0x08000212   0x00000008   Code   RO         1116    .ARM.Collect$$rtentry$$0000000D  c_w.l(rtentry2.o)
    0x0800021a   0x00000002   Code   RO         1164    .ARM.Collect$$rtexit$$00000000  c_w.l(rtexit.o)
    0x0800021c   0x00000000   Code   RO         1175    .ARM.Collect$$rtexit$$00000002  c_w.l(rtexit2.o)
    0x0800021c   0x00000004   Code   RO         1176    .ARM.Collect$$rtexit$$00000003  c_w.l(rtexit2.o)
    0x08000220   0x00000006   Code   RO         1177    .ARM.Collect$$rtexit$$00000004  c_w.l(rtexit2.o)
    0x08000226   0x00000002   PAD
    0x08000228   0x00000040   Code   RO            4    .text               startup_stm32f4xx.o
    0x08000268   0x00000440   Code   RO           11    .text               main.o
    0x080006a8   0x00000018   Code   RO          226    .text               stm32f4xx_it.o
    0x080006c0   0x000001ec   Code   RO          350    .text               system_stm32f4xx.o
    0x080008ac   0x00000128   Code   RO          398    .text               delay.o
    0x080009d4   0x000001f4   Code   RO          420    .text               gpio.o
    0x08000bc8   0x00000664   Code   RO          442    .text               i2c.o
    0x0800122c   0x00000438   Code   RO          476    .text               print.o
    0x08001664   0x00000350   Code   RO          523    .text               st7032i.o
    0x080019b4   0x00000088   Code   RO          652    .text               systick.o
    0x08001a3c   0x00000550   Code   RO          678    .text               usart.o
    0x08001f8c   0x0000002e   Code   RO          703    .text               usartserial.o
    0x08001fba   0x00000002   PAD
    0x08001fbc   0x000000e4   Code   RO          748    .text               misc.o
    0x080020a0   0x0000024c   Code   RO          780    .text               stm32f4xx_gpio.o
    0x080022ec   0x0000040c   Code   RO          796    .text               stm32f4xx_i2c.o
    0x080026f8   0x00000580   Code   RO          812    .text               stm32f4xx_rcc.o
    0x08002c78   0x00000ca2   Code   RO          830    .text               stm32f4xx_tim.o
    0x0800391a   0x00000002   PAD
    0x0800391c   0x0000041a   Code   RO          846    .text               stm32f4xx_usart.o
    0x08003d36   0x0000003e   Code   RO          879    .text               c_w.l(strlen.o)
    0x08003d74   0x00000064   Code   RO          881    .text               c_w.l(rt_memcpy_w.o)
    0x08003dd8   0x00000006   Code   RO          883    .text               c_w.l(heapauxi.o)
    0x08003dde   0x00000002   PAD
    0x08003de0   0x00000024   Code   RO          890    .text               c_w.l(init_aeabi.o)
    0x08003e04   0x0000000e   Code   RO         1041    .text               c_w.l(defsig_pvfn_outer.o)
    0x08003e12   0x0000000a   Code   RO         1126    .text               c_w.l(defsig_exit.o)
    0x08003e1c   0x00000030   Code   RO         1128    .text               c_w.l(defsig_pvfn_inner.o)
    0x08003e4c   0x0000000c   Code   RO         1134    .text               c_w.l(sys_exit.o)
    0x08003e58   0x0000004a   Code   RO         1136    .text               c_w.l(sys_stackheap_outer.o)
    0x08003ea2   0x0000000c   Code   RO         1138    .text               c_w.l(exit.o)
    0x08003eae   0x00000032   Code   RO         1142    .text               c_w.l(defsig_general.o)
    0x08003ee0   0x0000000e   Code   RO         1154    .text               c_w.l(sys_wrch.o)
    0x08003eee   0x00000002   PAD
    0x08003ef0   0x00000008   Code   RO         1158    .text               c_w.l(libspace.o)
    0x08003ef8   0x00000002   Code   RO         1161    .text               c_w.l(use_no_semi.o)
    0x08003efa   0x00000000   Code   RO         1163    .text               c_w.l(indicate_semi.o)
    0x08003efa   0x0000000e   Code   RO           35    i._ZN11USARTSerial5flushEv  main.o
    0x08003f08   0x00000010   Code   RO           29    i._ZN11USARTSerial9availableEv  main.o
    0x08003f18   0x00000022   Code   RO          488    i._ZN5Print5writeEPKc  print.o
    0x08003f3a   0x00000002   PAD
    0x08003f3c   0x00000010   Code   RO           41    i._ZN5PrintC2Ev     main.o
    0x08003f4c   0x00000006   Code   RO          893    i.__cxa_pure_virtual  cpprt_w.l(pure_virt.o)
    0x08003f52   0x00000002   PAD
    0x08003f54   0x00000150   Code   RO          996    x$fpl$dadd          fz_ws.l(daddsub_clz.o)
    0x080040a4   0x00000018   Code   RO         1098    x$fpl$dcmpinf       fz_ws.l(dcmpi.o)
    0x080040bc   0x000002b0   Code   RO         1003    x$fpl$ddiv          fz_ws.l(ddiv.o)
    0x0800436c   0x0000005e   Code   RO         1006    x$fpl$dfix          fz_ws.l(dfix.o)
    0x080043ca   0x00000002   PAD
    0x080043cc   0x0000005a   Code   RO         1010    x$fpl$dfixu         fz_ws.l(dfixu.o)
    0x08004426   0x0000002e   Code   RO         1015    x$fpl$dflt          fz_ws.l(dflt_clz.o)
    0x08004454   0x00000026   Code   RO         1014    x$fpl$dfltu         fz_ws.l(dflt_clz.o)
    0x0800447a   0x00000002   PAD
    0x0800447c   0x00000078   Code   RO         1020    x$fpl$dleqf         fz_ws.l(dleqf.o)
    0x080044f4   0x00000154   Code   RO         1022    x$fpl$dmul          fz_ws.l(dmul.o)
    0x08004648   0x0000009c   Code   RO         1100    x$fpl$dnaninf       fz_ws.l(dnaninf.o)
    0x080046e4   0x0000000c   Code   RO         1102    x$fpl$dretinf       fz_ws.l(dretinf.o)
    0x080046f0   0x0000006c   Code   RO         1024    x$fpl$drleqf        fz_ws.l(drleqf.o)
    0x0800475c   0x00000016   Code   RO          997    x$fpl$drsb          fz_ws.l(daddsub_clz.o)
    0x08004772   0x00000002   PAD
    0x08004774   0x000001d4   Code   RO          998    x$fpl$dsub          fz_ws.l(daddsub_clz.o)
    0x08004948   0x00000056   Code   RO         1026    x$fpl$f2d           fz_ws.l(f2d.o)
    0x0800499e   0x00000002   PAD
    0x080049a0   0x00000184   Code   RO         1029    x$fpl$fdiv          fz_ws.l(fdiv.o)
    0x08004b24   0x00000026   Code   RO         1032    x$fpl$ffltu         fz_ws.l(fflt_clz.o)
    0x08004b4a   0x0000008c   Code   RO         1104    x$fpl$fnaninf       fz_ws.l(fnaninf.o)
    0x08004bd6   0x0000000a   Code   RO         1106    x$fpl$fretinf       fz_ws.l(fretinf.o)
    0x08004be0   0x00000000   Code   RO         1108    x$fpl$usenofp       fz_ws.l(usenofp.o)
    0x08004be0   0x000001d8   Data   RO           14    .constdata          main.o
    0x08004db8   0x00000010   Data   RO          525    .constdata          st7032i.o
    0x08004dc8   0x00000020   Data   RO          716    .constdata__ZTV11USARTSerial  usartserial.o
    0x08004de8   0x00000010   Data   RO          487    .constdata__ZTV5Print  print.o
    0x08004df8   0x00000020   Data   RO           48    .constdata__ZTV6Stream  main.o
    0x08004e18   0x00000010   Data   RO          538    .constdata__ZTV7ST7032i  st7032i.o
    0x08004e28   0x00000020   Data   RO         1215    Region$$Table       anon$$obj.o
    0x08004e48   0x00000004   Data   RO           15    .init_array         main.o


    Execution Region RW_IRAM1 (Base: 0x20000000, Size: 0x000016b0, Max: 0x00020000, ABSOLUTE)

    Base Addr    Size         Type   Attr      Idx    E Section Name        Object

    0x20000000   0x00000014   Data   RW          351    .data               system_stm32f4xx.o
    0x20000014   0x00000008   Data   RW          399    .data               delay.o
    0x2000001c   0x00000072   Data   RW          421    .data               gpio.o
    0x2000008e   0x00000002   PAD
    0x20000090   0x00000004   Data   RW          653    .data               systick.o
    0x20000094   0x00000010   Data   RW          813    .data               stm32f4xx_rcc.o
    0x200000a4   0x00000034   Zero   RW           13    .bss                main.o
    0x200000d8   0x00000330   Zero   RW          443    .bss                i2c.o
    0x20000408   0x00000c48   Zero   RW          679    .bss                usart.o
    0x20001050   0x00000060   Zero   RW         1159    .bss                c_w.l(libspace.o)
    0x200010b0   0x00000200   Zero   RW            2    HEAP                startup_stm32f4xx.o
    0x200012b0   0x00000400   Zero   RW            1    STACK               startup_stm32f4xx.o


==============================================================================

Image component sizes


      Code (inc. data)   RO Data    RW Data    ZI Data      Debug   Object Name

         0          0          0          0          0       1188   adc3dma.o
       296         12          0          8          0       2123   delay.o
       500         44          0        114          0       4289   gpio.o
      1636         58          0          0        816       5342   i2c.o
      1134        118        508          0         52     239656   main.o
       228         22          0          0          0       1865   misc.o
      1114         40         16          0          0      11452   print.o
       848          6         32          0          0     217727   st7032i.o
        64         26        392          0       1536        768   startup_stm32f4xx.o
       588         36          0          0          0       3949   stm32f4xx_gpio.o
      1036         24          0          0          0       7987   stm32f4xx_i2c.o
        24          0          0          0          0     267526   stm32f4xx_it.o
      1408         48          0         16          0      10907   stm32f4xx_rcc.o
      3234         60          0          0          0      22200   stm32f4xx_tim.o
      1050         26          0          0          0       7672   stm32f4xx_usart.o
       492         46          0         20          0       1607   system_stm32f4xx.o
       136         12          0          4          0      20050   systick.o
      1360         76          0          0       3144       6129   usart.o
        46          0         32          0          0       2124   usartserial.o

    ----------------------------------------------------------------------
     15200        654       1012        164       5548     834561   Object Totals
         0          0         32          0          0          0   (incl. Generated)
         6          0          0          2          0          0   (incl. Padding)

    ----------------------------------------------------------------------

      Code (inc. data)   RO Data    RW Data    ZI Data      Debug   Library Member Name

         8          0          0          0          0         68   __main.o
        52          8          0          0          0          0   __scatter.o
        26          0          0          0          0          0   __scatter_copy.o
        28          0          0          0          0          0   __scatter_zi.o
        10          0          0          0          0         68   defsig_exit.o
        50          0          0          0          0         88   defsig_general.o
        48         34          0          0          0         76   defsig_pvfn_inner.o
        14          0          0          0          0         80   defsig_pvfn_outer.o
        12          0          0          0          0         72   exit.o
         6          0          0          0          0        152   heapauxi.o
         0          0          0          0          0          0   indicate_semi.o
        36         10          0          0          0         80   init_aeabi.o
         2          0          0          0          0          0   libinit.o
         6          0          0          0          0          0   libinit2.o
         2          0          0          0          0          0   libshutdown.o
         2          0          0          0          0          0   libshutdown2.o
         8          4          0          0         96         68   libspace.o
       100          0          0          0          0         80   rt_memcpy_w.o
         0          0          0          0          0          0   rtentry.o
        12          0          0          0          0          0   rtentry2.o
         6          0          0          0          0          0   rtentry4.o
         2          0          0          0          0          0   rtexit.o
        10          0          0          0          0          0   rtexit2.o
        62          0          0          0          0         76   strlen.o
        12          4          0          0          0         68   sys_exit.o
        74          0          0          0          0         80   sys_stackheap_outer.o
        14          0          0          0          0         76   sys_wrch.o
         2          0          0          0          0         68   use_no_semi.o
         6          0          0          0          0         68   pure_virt.o
       826         16          0          0          0        356   daddsub_clz.o
        24          0          0          0          0         68   dcmpi.o
       688        140          0          0          0        212   ddiv.o
        94          4          0          0          0         92   dfix.o
        90          4          0          0          0         92   dfixu.o
        84          0          0          0          0        136   dflt_clz.o
       120          4          0          0          0         92   dleqf.o
       340         12          0          0          0        104   dmul.o
       156          4          0          0          0         92   dnaninf.o
        12          0          0          0          0         68   dretinf.o
       108          0          0          0          0         80   drleqf.o
        86          4          0          0          0         84   f2d.o
       388         76          0          0          0         96   fdiv.o
        38          0          0          0          0         68   fflt_clz.o
       140          4          0          0          0         84   fnaninf.o
        10          0          0          0          0         68   fretinf.o
         0          0          0          0          0          0   usenofp.o

    ----------------------------------------------------------------------
      3832        328          0          0         96       3060   Library Totals
        18          0          0          0          0          0   (incl. Padding)

    ----------------------------------------------------------------------

      Code (inc. data)   RO Data    RW Data    ZI Data      Debug   Library Name

       604         60          0          0         96       1200   c_w.l
         6          0          0          0          0         68   cpprt_w.l
      3204        268          0          0          0       1792   fz_ws.l

    ----------------------------------------------------------------------
      3832        328          0          0         96       3060   Library Totals

    ----------------------------------------------------------------------

==============================================================================


      Code (inc. data)   RO Data    RW Data    ZI Data      Debug   

     19032        982       1012        164       5644     833877   Grand Totals
     19032        982       1012        164       5644     833877   ELF Image Totals
     19032        982       1012        164          0          0   ROM Totals

==============================================================================

    Total RO  Size (Code + RO Data)                20044 (  19.57kB)
    Total RW  Size (RW Data + ZI Data)              5808 (   5.67kB)
    Total ROM Size (Code + RO Data + RW Data)      20208 (  19.73kB)

==============================================================================

