ARM Linker, 5.02 [Build 28] [MDK-ARM Lite]

==============================================================================

Section Cross References

    startup_stm32f4xx.o(STACK) refers (Special) to heapauxi.o(.text) for __use_two_region_memory
    startup_stm32f4xx.o(HEAP) refers (Special) to heapauxi.o(.text) for __use_two_region_memory
    startup_stm32f4xx.o(RESET) refers (Special) to heapauxi.o(.text) for __use_two_region_memory
    startup_stm32f4xx.o(RESET) refers to startup_stm32f4xx.o(STACK) for __initial_sp
    startup_stm32f4xx.o(RESET) refers to startup_stm32f4xx.o(.text) for Reset_Handler
    startup_stm32f4xx.o(RESET) refers to stm32f4xx_it.o(.text) for NMI_Handler
    startup_stm32f4xx.o(RESET) refers to systick.o(.text) for SysTick_Handler
    startup_stm32f4xx.o(RESET) refers to delay.o(.text) for TIM2_IRQHandler
    startup_stm32f4xx.o(RESET) refers to usart.o(.text) for USART1_IRQHandler
    startup_stm32f4xx.o(.text) refers (Special) to heapauxi.o(.text) for __use_two_region_memory
    startup_stm32f4xx.o(.text) refers to system_stm32f4xx.o(.text) for SystemInit
    startup_stm32f4xx.o(.text) refers to __main.o(!!!main) for __main
    startup_stm32f4xx.o(.text) refers to startup_stm32f4xx.o(HEAP) for Heap_Mem
    startup_stm32f4xx.o(.text) refers to startup_stm32f4xx.o(STACK) for Stack_Mem
    main.o(.text) refers to delay.o(.text) for TIM2_timer_start
    main.o(.text) refers to usartserial.o(.text) for USARTSerial::begin(_GPIOPin, _GPIOPin, unsigned)
    main.o(.text) refers to rt_memcpy_w.o(.text) for __aeabi_memcpy4
    main.o(.text) refers to strlen.o(.text) for strlen
    main.o(.text) refers to print.o(.text) for Print::println(const char*)
    main.o(.text) refers to main.o(i._ZN11USARTSerial5flushEv) for USARTSerial::flush()
    main.o(.text) refers to stm32f4xx_rcc.o(.text) for RCC_GetClocksFreq
    main.o(.text) refers to gpio.o(.text) for PinBit
    main.o(.text) refers to i2c.o(.text) for i2c_begin
    main.o(.text) refers to st7032i.o(.text) for ST7032i::init(__I2CContext*)
    main.o(.text) refers to stm32f4xx_gpio.o(.text) for GPIO_ReadOutputData
    main.o(.text) refers to fflt_clz.o(x$fpl$ffltu) for __aeabi_ui2f
    main.o(.text) refers to fdiv.o(x$fpl$fdiv) for __aeabi_fdiv
    main.o(.text) refers to f2d.o(x$fpl$f2d) for __aeabi_f2d
    main.o(.text) refers to main.o(i._ZN11USARTSerial9availableEv) for USARTSerial::available()
    main.o(.text) refers to usart.o(.text) for usart_read
    main.o(.text) refers to main.o(.bss) for Serial3
    main.o(.text) refers to main.o(.constdata) for .constdata
    main.o(.text) refers to i2c.o(.bss) for I2C1Buffer
    main.o(.text) refers to main.o(i._ZN5PrintC2Ev) for Print::Print__sub_object()
    main.o(.text) refers to st7032i.o(.constdata__ZTV7ST7032i) for vtable for ST7032i
    main.o(.text) refers to main.o(.constdata__ZTV6Stream) for vtable for Stream
    main.o(.text) refers to usartserial.o(.constdata__ZTV11USARTSerial) for vtable for USARTSerial
    main.o(.ARM.exidx) refers to main.o(.text) for .text
    main.o(.init_array) refers to main.o(.text) for __sti___8_main_cpp
    main.o(.init_array) refers to init_aeabi.o(.text) for __cpp_initialize__aeabi_
    system_stm32f4xx.o(.text) refers to system_stm32f4xx.o(.data) for SystemCoreClock
    adc3dma.o(.text) refers to stm32f4xx_rcc.o(.text) for RCC_AHB1PeriphClockCmd
    adc3dma.o(.text) refers to stm32f4xx_dma.o(.text) for DMA_Init
    adc3dma.o(.text) refers to stm32f4xx_gpio.o(.text) for GPIO_Init
    adc3dma.o(.text) refers to stm32f4xx_adc.o(.text) for ADC_CommonInit
    adc3dma.o(.text) refers to adc3dma.o(.data) for ADC3ConvertedValue
    delay.o(.text) refers to stm32f4xx_rcc.o(.text) for RCC_GetClocksFreq
    delay.o(.text) refers to stm32f4xx_tim.o(.text) for TIM_TimeBaseInit
    delay.o(.text) refers to misc.o(.text) for NVIC_Init
    delay.o(.text) refers to delay.o(.data) for __counter_micros
    gpio.o(.text) refers to stm32f4xx_rcc.o(.text) for RCC_AHB1PeriphClockCmd
    gpio.o(.text) refers to stm32f4xx_gpio.o(.text) for GPIO_Init
    gpio.o(.text) refers to gpio.o(.data) for Port
    i2c.o(.text) refers to stm32f4xx_rcc.o(.text) for RCC_APB1PeriphClockCmd
    i2c.o(.text) refers to gpio.o(.text) for PinBit
    i2c.o(.text) refers to stm32f4xx_gpio.o(.text) for GPIO_PinAFConfig
    i2c.o(.text) refers to stm32f4xx_i2c.o(.text) for I2C_Init
    i2c.o(.text) refers to misc.o(.text) for NVIC_Init
    i2c.o(.text) refers to delay.o(.text) for delay_us
    i2c.o(.text) refers to i2c.o(.bss) for I2C1Buffer
    print.o(.text) refers to print.o(i._ZN5Print5writeEPKc) for Print::write(const char*)
    print.o(.text) refers to drleqf.o(x$fpl$drleqf) for __aeabi_cdrcmple
    print.o(.text) refers to dleqf.o(x$fpl$dleqf) for __aeabi_cdcmple
    print.o(.text) refers to ddiv.o(x$fpl$ddiv) for __aeabi_ddiv
    print.o(.text) refers to daddsub_clz.o(x$fpl$dadd) for __aeabi_dadd
[...]
    ..\..\stm32library\STM32F4xx_StdPeriph_Driver\src\stm32f4xx_i2c.c 0x00000000   Number         0  stm32f4xx_i2c.o ABSOLUTE
    ..\..\stm32library\STM32F4xx_StdPeriph_Driver\src\stm32f4xx_rcc.c 0x00000000   Number         0  stm32f4xx_rcc.o ABSOLUTE
    ..\..\stm32library\STM32F4xx_StdPeriph_Driver\src\stm32f4xx_tim.c 0x00000000   Number         0  stm32f4xx_tim.o ABSOLUTE
    ..\..\stm32library\STM32F4xx_StdPeriph_Driver\src\stm32f4xx_usart.c 0x00000000   Number         0  stm32f4xx_usart.o ABSOLUTE
    ..\..\stm32library\armcore\Print.cpp     0x00000000   Number         0  print.o ABSOLUTE
    ..\..\stm32library\armcore\ST7032i.cpp   0x00000000   Number         0  st7032i.o ABSOLUTE
    ..\..\stm32library\armcore\Stream.cpp    0x00000000   Number         0  stream.o ABSOLUTE
    ..\..\stm32library\armcore\USARTSerial.cpp 0x00000000   Number         0  usartserial.o ABSOLUTE
    ..\..\stm32library\armcore\adc3dma.c     0x00000000   Number         0  adc3dma.o ABSOLUTE
    ..\..\stm32library\armcore\delay.c       0x00000000   Number         0  delay.o ABSOLUTE
    ..\..\stm32library\armcore\gpio.c        0x00000000   Number         0  gpio.o ABSOLUTE
    ..\..\stm32library\armcore\i2c.c         0x00000000   Number         0  i2c.o ABSOLUTE
    ..\..\stm32library\armcore\systick.c     0x00000000   Number         0  systick.o ABSOLUTE
    ..\..\stm32library\armcore\usart.c       0x00000000   Number         0  usart.o ABSOLUTE
    ..\\..\\stm32library\\STM32F4xx_StdPeriph_Driver\\src\\misc.c 0x00000000   Number         0  misc.o ABSOLUTE
    ..\\..\\stm32library\\STM32F4xx_StdPeriph_Driver\\src\\stm32f4xx_adc.c 0x00000000   Number         0  stm32f4xx_adc.o ABSOLUTE
    ..\\..\\stm32library\\STM32F4xx_StdPeriph_Driver\\src\\stm32f4xx_dma.c 0x00000000   Number         0  stm32f4xx_dma.o ABSOLUTE
    ..\\..\\stm32library\\STM32F4xx_StdPeriph_Driver\\src\\stm32f4xx_gpio.c 0x00000000   Number         0  stm32f4xx_gpio.o ABSOLUTE
    ..\\..\\stm32library\\STM32F4xx_StdPeriph_Driver\\src\\stm32f4xx_i2c.c 0x00000000   Number         0  stm32f4xx_i2c.o ABSOLUTE
    ..\\..\\stm32library\\STM32F4xx_StdPeriph_Driver\\src\\stm32f4xx_rcc.c 0x00000000   Number         0  stm32f4xx_rcc.o ABSOLUTE
    ..\\..\\stm32library\\STM32F4xx_StdPeriph_Driver\\src\\stm32f4xx_tim.c 0x00000000   Number         0  stm32f4xx_tim.o ABSOLUTE
    ..\\..\\stm32library\\STM32F4xx_StdPeriph_Driver\\src\\stm32f4xx_usart.c 0x00000000   Number         0  stm32f4xx_usart.o ABSOLUTE
    ..\\..\\stm32library\\armcore\\ST7032i.cpp 0x00000000   Number         0  st7032i.o ABSOLUTE
    ..\\..\\stm32library\\armcore\\Stream.cpp 0x00000000   Number         0  stream.o ABSOLUTE
    ..\\..\\stm32library\\armcore\\USARTSerial.cpp 0x00000000   Number         0  usartserial.o ABSOLUTE
    ..\\..\\stm32library\\armcore\\adc3dma.c 0x00000000   Number         0  adc3dma.o ABSOLUTE
    ..\\..\\stm32library\\armcore\\delay.c   0x00000000   Number         0  delay.o ABSOLUTE
    ..\\..\\stm32library\\armcore\\gpio.c    0x00000000   Number         0  gpio.o ABSOLUTE
    ..\\..\\stm32library\\armcore\\i2c.c     0x00000000   Number         0  i2c.o ABSOLUTE
    ..\\..\\stm32library\\armcore\\systick.c 0x00000000   Number         0  systick.o ABSOLUTE
    ..\\..\\stm32library\\armcore\\usart.c   0x00000000   Number         0  usart.o ABSOLUTE
    ..\\main.cpp                             0x00000000   Number         0  main.o ABSOLUTE
    ..\\stm32f4xx_it.c                       0x00000000   Number         0  stm32f4xx_it.o ABSOLUTE
    ..\\system_stm32f4xx.c                   0x00000000   Number         0  system_stm32f4xx.o ABSOLUTE
    ..\main.cpp                              0x00000000   Number         0  main.o ABSOLUTE
    ..\stm32f4xx_it.c                        0x00000000   Number         0  stm32f4xx_it.o ABSOLUTE
    ..\system_stm32f4xx.c                    0x00000000   Number         0  system_stm32f4xx.o ABSOLUTE
    dc.s                                     0x00000000   Number         0  dc.o ABSOLUTE
    startup_stm32f4xx.s                      0x00000000   Number         0  startup_stm32f4xx.o ABSOLUTE
    RESET                                    0x08000000   Section      392  startup_stm32f4xx.o(RESET)
    !!!main                                  0x08000188   Section        8  __main.o(!!!main)
    !!!scatter                               0x08000190   Section       52  __scatter.o(!!!scatter)
    !!handler_copy                           0x080001c4   Section       26  __scatter_copy.o(!!handler_copy)
    !!handler_zi                             0x080001e0   Section       28  __scatter_zi.o(!!handler_zi)
    .ARM.Collect$$libinit$$00000000          0x080001fc   Section        2  libinit.o(.ARM.Collect$$libinit$$00000000)
    .ARM.Collect$$libinit$$00000002          0x080001fe   Section        0  libinit2.o(.ARM.Collect$$libinit$$00000002)
    .ARM.Collect$$libinit$$00000008          0x080001fe   Section        0  libinit2.o(.ARM.Collect$$libinit$$00000008)
    .ARM.Collect$$libinit$$0000000A          0x080001fe   Section        0  libinit2.o(.ARM.Collect$$libinit$$0000000A)
    .ARM.Collect$$libinit$$0000000C          0x080001fe   Section        0  libinit2.o(.ARM.Collect$$libinit$$0000000C)
    .ARM.Collect$$libinit$$0000000F          0x080001fe   Section        0  libinit2.o(.ARM.Collect$$libinit$$0000000F)
    .ARM.Collect$$libinit$$00000011          0x080001fe   Section        0  libinit2.o(.ARM.Collect$$libinit$$00000011)
    .ARM.Collect$$libinit$$00000013          0x080001fe   Section        0  libinit2.o(.ARM.Collect$$libinit$$00000013)
    .ARM.Collect$$libinit$$00000015          0x080001fe   Section        0  libinit2.o(.ARM.Collect$$libinit$$00000015)
    .ARM.Collect$$libinit$$00000017          0x080001fe   Section        0  libinit2.o(.ARM.Collect$$libinit$$00000017)
    .ARM.Collect$$libinit$$00000019          0x080001fe   Section        0  libinit2.o(.ARM.Collect$$libinit$$00000019)
    .ARM.Collect$$libinit$$0000001B          0x080001fe   Section        0  libinit2.o(.ARM.Collect$$libinit$$0000001B)
    .ARM.Collect$$libinit$$0000001D          0x080001fe   Section        0  libinit2.o(.ARM.Collect$$libinit$$0000001D)
    .ARM.Collect$$libinit$$0000001F          0x080001fe   Section        0  libinit2.o(.ARM.Collect$$libinit$$0000001F)
    .ARM.Collect$$libinit$$00000021          0x080001fe   Section        0  libinit2.o(.ARM.Collect$$libinit$$00000021)
    .ARM.Collect$$libinit$$00000023          0x080001fe   Section        0  libinit2.o(.ARM.Collect$$libinit$$00000023)
    .ARM.Collect$$libinit$$0000002A          0x080001fe   Section        0  libinit2.o(.ARM.Collect$$libinit$$0000002A)
    .ARM.Collect$$libinit$$0000002C          0x080001fe   Section        0  libinit2.o(.ARM.Collect$$libinit$$0000002C)
    .ARM.Collect$$libinit$$0000002E          0x080001fe   Section        0  libinit2.o(.ARM.Collect$$libinit$$0000002E)
    .ARM.Collect$$libinit$$0000002F          0x080001fe   Section        4  libinit2.o(.ARM.Collect$$libinit$$0000002F)
    .ARM.Collect$$libinit$$00000030          0x08000202   Section        0  libinit2.o(.ARM.Collect$$libinit$$00000030)
    .ARM.Collect$$libinit$$00000031          0x08000202   Section        2  libinit2.o(.ARM.Collect$$libinit$$00000031)
    .ARM.Collect$$libshutdown$$00000000      0x08000204   Section        2  libshutdown.o(.ARM.Collect$$libshutdown$$00000000)
    .ARM.Collect$$libshutdown$$00000003      0x08000206   Section        0  libshutdown2.o(.ARM.Collect$$libshutdown$$00000003)
    .ARM.Collect$$libshutdown$$00000006      0x08000206   Section        0  libshutdown2.o(.ARM.Collect$$libshutdown$$00000006)
    .ARM.Collect$$libshutdown$$00000009      0x08000206   Section        0  libshutdown2.o(.ARM.Collect$$libshutdown$$00000009)
    .ARM.Collect$$libshutdown$$0000000B      0x08000206   Section        0  libshutdown2.o(.ARM.Collect$$libshutdown$$0000000B)
    .ARM.Collect$$libshutdown$$0000000E      0x08000206   Section        0  libshutdown2.o(.ARM.Collect$$libshutdown$$0000000E)
    .ARM.Collect$$libshutdown$$0000000F      0x08000206   Section        2  libshutdown2.o(.ARM.Collect$$libshutdown$$0000000F)
    .ARM.Collect$$rtentry$$00000000          0x08000208   Section        0  rtentry.o(.ARM.Collect$$rtentry$$00000000)
    .ARM.Collect$$rtentry$$00000002          0x08000208   Section        0  rtentry2.o(.ARM.Collect$$rtentry$$00000002)
    .ARM.Collect$$rtentry$$00000004          0x08000208   Section        6  rtentry4.o(.ARM.Collect$$rtentry$$00000004)
    .ARM.Collect$$rtentry$$00000009          0x0800020e   Section        0  rtentry2.o(.ARM.Collect$$rtentry$$00000009)
    .ARM.Collect$$rtentry$$0000000A          0x0800020e   Section        4  rtentry2.o(.ARM.Collect$$rtentry$$0000000A)
    .ARM.Collect$$rtentry$$0000000C          0x08000212   Section        0  rtentry2.o(.ARM.Collect$$rtentry$$0000000C)
    .ARM.Collect$$rtentry$$0000000D          0x08000212   Section        8  rtentry2.o(.ARM.Collect$$rtentry$$0000000D)
    .ARM.Collect$$rtexit$$00000000           0x0800021a   Section        2  rtexit.o(.ARM.Collect$$rtexit$$00000000)
    .ARM.Collect$$rtexit$$00000002           0x0800021c   Section        0  rtexit2.o(.ARM.Collect$$rtexit$$00000002)
    .ARM.Collect$$rtexit$$00000003           0x0800021c   Section        4  rtexit2.o(.ARM.Collect$$rtexit$$00000003)
    .ARM.Collect$$rtexit$$00000004           0x08000220   Section        6  rtexit2.o(.ARM.Collect$$rtexit$$00000004)
    .text                                    0x08000228   Section       64  startup_stm32f4xx.o(.text)
    .text                                    0x08000268   Section        0  main.o(.text)
    __sti___8_main_cpp                       0x08000711   Thumb Code    54  main.o(.text)
    .text                                    0x08000764   Section        0  stm32f4xx_it.o(.text)
    .text                                    0x0800077c   Section        0  system_stm32f4xx.o(.text)
    SetSysClock                              0x0800077d   Thumb Code   198  system_stm32f4xx.o(.text)
    .text                                    0x08000968   Section        0  delay.o(.text)
    .text                                    0x08000a90   Section        0  gpio.o(.text)
    .text                                    0x08000c84   Section        0  i2c.o(.text)
    .text                                    0x08001070   Section        0  print.o(.text)
    .text                                    0x08001500   Section        0  st7032i.o(.text)
    .text                                    0x08001850   Section        0  systick.o(.text)
    .text                                    0x080018d8   Section        0  usart.o(.text)
    .text                                    0x08001e28   Section        0  usartserial.o(.text)
    .text                                    0x08001e58   Section        0  misc.o(.text)
    .text                                    0x08001f3c   Section        0  stm32f4xx_gpio.o(.text)
    .text                                    0x08002188   Section        0  stm32f4xx_i2c.o(.text)
    .text                                    0x08002594   Section        0  stm32f4xx_rcc.o(.text)
    .text                                    0x08002b14   Section        0  stm32f4xx_tim.o(.text)
    TI4_Config                               0x080032b3   Thumb Code    80  stm32f4xx_tim.o(.text)
    TI3_Config                               0x08003315   Thumb Code    72  stm32f4xx_tim.o(.text)
    TI2_Config                               0x08003377   Thumb Code    90  stm32f4xx_tim.o(.text)
    TI1_Config                               0x080033e3   Thumb Code    58  stm32f4xx_tim.o(.text)
    .text                                    0x080037b8   Section        0  stm32f4xx_usart.o(.text)
    .text                                    0x08003bd2   Section        0  strlen.o(.text)
    .text                                    0x08003c10   Section      100  rt_memcpy_w.o(.text)
    .text                                    0x08003c74   Section        0  heapauxi.o(.text)
    .text                                    0x08003c7c   Section        0  init_aeabi.o(.text)
    .text                                    0x08003ca0   Section        0  defsig_pvfn_outer.o(.text)
    .text                                    0x08003cae   Section        0  defsig_exit.o(.text)
    .text                                    0x08003cb8   Section        0  defsig_pvfn_inner.o(.text)
    .text                                    0x08003ce8   Section        0  sys_exit.o(.text)
    .text                                    0x08003cf4   Section       74  sys_stackheap_outer.o(.text)
    .text                                    0x08003d3e   Section        0  exit.o(.text)
    .text                                    0x08003d4a   Section        0  defsig_general.o(.text)
    .text                                    0x08003d7c   Section        0  sys_wrch.o(.text)
    .text                                    0x08003d8c   Section        8  libspace.o(.text)
    .text                                    0x08003d94   Section        2  use_no_semi.o(.text)
    .text                                    0x08003d96   Section        0  indicate_semi.o(.text)
    i._ZN11USARTSerial5flushEv               0x08003d96   Section        0  main.o(i._ZN11USARTSerial5flushEv)
    i._ZN11USARTSerial9availableEv           0x08003da4   Section        0  main.o(i._ZN11USARTSerial9availableEv)
    i._ZN5Print5writeEPKc                    0x08003db4   Section        0  print.o(i._ZN5Print5writeEPKc)
    i._ZN5PrintC2Ev                          0x08003dd8   Section        0  main.o(i._ZN5PrintC2Ev)
    i.__cxa_pure_virtual                     0x08003de8   Section        0  pure_virt.o(i.__cxa_pure_virtual)
    x$fpl$dadd                               0x08003df0   Section      336  daddsub_clz.o(x$fpl$dadd)
    _dadd1                                   0x08003e01   Thumb Code     0  daddsub_clz.o(x$fpl$dadd)
    x$fpl$dcmpinf                            0x08003f40   Section       24  dcmpi.o(x$fpl$dcmpinf)
    x$fpl$ddiv                               0x08003f58   Section      688  ddiv.o(x$fpl$ddiv)
    ddiv_entry                               0x08003f5f   Thumb Code     0  ddiv.o(x$fpl$ddiv)
    x$fpl$dfix                               0x08004208   Section       94  dfix.o(x$fpl$dfix)
    x$fpl$dfixu                              0x08004268   Section       90  dfixu.o(x$fpl$dfixu)
    x$fpl$dflt                               0x080042c2   Section       46  dflt_clz.o(x$fpl$dflt)
    x$fpl$dfltu                              0x080042f0   Section       38  dflt_clz.o(x$fpl$dfltu)
    x$fpl$dleqf                              0x08004318   Section      120  dleqf.o(x$fpl$dleqf)
    x$fpl$dmul                               0x08004390   Section      340  dmul.o(x$fpl$dmul)
    x$fpl$dnaninf                            0x080044e4   Section      156  dnaninf.o(x$fpl$dnaninf)
    x$fpl$dretinf                            0x08004580   Section       12  dretinf.o(x$fpl$dretinf)
    x$fpl$drleqf                             0x0800458c   Section      108  drleqf.o(x$fpl$drleqf)
    x$fpl$drsb                               0x080045f8   Section       22  daddsub_clz.o(x$fpl$drsb)
    x$fpl$dsub                               0x08004610   Section      468  daddsub_clz.o(x$fpl$dsub)
    _dsub1                                   0x08004621   Thumb Code     0  daddsub_clz.o(x$fpl$dsub)
    x$fpl$f2d                                0x080047e4   Section       86  f2d.o(x$fpl$f2d)
    x$fpl$fdiv                               0x0800483c   Section      388  fdiv.o(x$fpl$fdiv)
    _fdiv1                                   0x0800483d   Thumb Code     0  fdiv.o(x$fpl$fdiv)
    x$fpl$ffltu                              0x080049c0   Section       38  fflt_clz.o(x$fpl$ffltu)
    x$fpl$fnaninf                            0x080049e6   Section      140  fnaninf.o(x$fpl$fnaninf)
    x$fpl$fretinf                            0x08004a72   Section       10  fretinf.o(x$fpl$fretinf)
    .constdata                               0x08004a7c   Section      472  main.o(.constdata)
    x$fpl$usenofp                            0x08004a7c   Section        0  usenofp.o(x$fpl$usenofp)
    .constdata                               0x08004c54   Section       16  st7032i.o(.constdata)
    .constdata__ZTV11USARTSerial             0x08004c64   Section       32  usartserial.o(.constdata__ZTV11USARTSerial)
    .constdata__ZTV5Print                    0x08004c84   Section       16  print.o(.constdata__ZTV5Print)
    .constdata__ZTV6Stream                   0x08004c94   Section       32  main.o(.constdata__ZTV6Stream)
    .constdata__ZTV7ST7032i                  0x08004cb4   Section       16  st7032i.o(.constdata__ZTV7ST7032i)
    .init_array                              0x08004ce4   Section        4  main.o(.init_array)
    .data                                    0x20000000   Section       20  system_stm32f4xx.o(.data)
    .data                                    0x20000014   Section        8  delay.o(.data)
    .data                                    0x2000001c   Section      114  gpio.o(.data)
    .data                                    0x20000090   Section        4  systick.o(.data)
    .data                                    0x20000094   Section       16  stm32f4xx_rcc.o(.data)
    APBAHBPrescTable                         0x20000094   Data          16  stm32f4xx_rcc.o(.data)
    .bss                                     0x200000a4   Section       52  main.o(.bss)
    .bss                                     0x200000d8   Section       72  i2c.o(.bss)
    .bss                                     0x20000120   Section     3144  usart.o(.bss)
    .bss                                     0x20000d68   Section       96  libspace.o(.bss)
    HEAP                                     0x20000dc8   Section      512  startup_stm32f4xx.o(HEAP)
    Heap_Mem                                 0x20000dc8   Data         512  startup_stm32f4xx.o(HEAP)
    STACK                                    0x20000fc8   Section     1024  startup_stm32f4xx.o(STACK)
    Stack_Mem                                0x20000fc8   Data        1024  startup_stm32f4xx.o(STACK)
    __initial_sp                             0x200013c8   Data           0  startup_stm32f4xx.o(STACK)

    Global Symbols

    Symbol Name                              Value     Ov Type        Size  Object(Section)

    BuildAttributes$$THM_ISAv4$E$P$D$K$B$S$7EM$PE$A:L22UL41UL21$X:L11$S22US41US21$IEEE1$IW$USESV6$~STKCKD$USESV7$~SHL$OSPACE$ROPI$EBA8$UX$STANDARDLIB$REQ8$PRES8$EABIv2 0x00000000   Number         0  anon$$obj.o ABSOLUTE
    __ARM_use_no_argv                        0x00000000   Number         0  main.o ABSOLUTE
    __ARM_exceptions_init                     - Undefined Weak Reference
    __alloca_initialize                       - Undefined Weak Reference
    __cxa_finalize                            - Undefined Weak Reference
    __rt_locale                               - Undefined Weak Reference
    __sigvec_lookup                           - Undefined Weak Reference
    _atexit_init                              - Undefined Weak Reference
    _call_atexit_fns                          - Undefined Weak Reference
    _clock_init                               - Undefined Weak Reference
    _fp_trap_init                             - Undefined Weak Reference
    _fp_trap_shutdown                         - Undefined Weak Reference
    _get_lc_collate                           - Undefined Weak Reference
    _get_lc_ctype                             - Undefined Weak Reference
    _get_lc_monetary                          - Undefined Weak Reference
    _get_lc_numeric                           - Undefined Weak Reference
    _get_lc_time                              - Undefined Weak Reference
    _getenv_init                              - Undefined Weak Reference
    _handle_redirection                       - Undefined Weak Reference
    _init_alloc                               - Undefined Weak Reference
    _init_user_alloc                          - Undefined Weak Reference
    _initio                                   - Undefined Weak Reference
    _rand_init                                - Undefined Weak Reference
    _signal_finish                            - Undefined Weak Reference
    _signal_init                              - Undefined Weak Reference
    _terminate_alloc                          - Undefined Weak Reference
    _terminate_user_alloc                     - Undefined Weak Reference
    _terminateio                              - Undefined Weak Reference
    __Vectors_Size                           0x00000188   Number         0  startup_stm32f4xx.o ABSOLUTE
    __Vectors                                0x08000000   Data           4  startup_stm32f4xx.o(RESET)
    __Vectors_End                            0x08000188   Data           0  startup_stm32f4xx.o(RESET)
    __main                                   0x08000189   Thumb Code     8  __main.o(!!!main)
    __scatterload                            0x08000191   Thumb Code     0  __scatter.o(!!!scatter)
    __scatterload_rt2                        0x08000191   Thumb Code    44  __scatter.o(!!!scatter)
    __scatterload_rt2_thumb_only             0x08000191   Thumb Code     0  __scatter.o(!!!scatter)
    __scatterload_null                       0x0800019f   Thumb Code     0  __scatter.o(!!!scatter)
    __scatterload_copy                       0x080001c5   Thumb Code    26  __scatter_copy.o(!!handler_copy)
    __scatterload_zeroinit                   0x080001e1   Thumb Code    28  __scatter_zi.o(!!handler_zi)
    __rt_lib_init                            0x080001fd   Thumb Code     0  libinit.o(.ARM.Collect$$libinit$$00000000)
    __rt_lib_init_alloca_1                   0x080001ff   Thumb Code     0  libinit2.o(.ARM.Collect$$libinit$$0000002C)
    __rt_lib_init_argv_1                     0x080001ff   Thumb Code     0  libinit2.o(.ARM.Collect$$libinit$$0000002A)
    __rt_lib_init_atexit_1                   0x080001ff   Thumb Code     0  libinit2.o(.ARM.Collect$$libinit$$00000019)
    __rt_lib_init_clock_1                    0x080001ff   Thumb Code     0  libinit2.o(.ARM.Collect$$libinit$$0000001F)
    __rt_lib_init_cpp_2                      0x080001ff   Thumb Code     0  libinit2.o(.ARM.Collect$$libinit$$0000002F)
    __rt_lib_init_exceptions_1               0x080001ff   Thumb Code     0  libinit2.o(.ARM.Collect$$libinit$$0000002E)
    __rt_lib_init_fp_1                       0x080001ff   Thumb Code     0  libinit2.o(.ARM.Collect$$libinit$$00000002)
    __rt_lib_init_fp_trap_1                  0x080001ff   Thumb Code     0  libinit2.o(.ARM.Collect$$libinit$$0000001D)
    __rt_lib_init_getenv_1                   0x080001ff   Thumb Code     0  libinit2.o(.ARM.Collect$$libinit$$00000021)
    __rt_lib_init_heap_1                     0x080001ff   Thumb Code     0  libinit2.o(.ARM.Collect$$libinit$$00000008)
    __rt_lib_init_lc_collate_1               0x080001ff   Thumb Code     0  libinit2.o(.ARM.Collect$$libinit$$0000000F)
    __rt_lib_init_lc_ctype_1                 0x080001ff   Thumb Code     0  libinit2.o(.ARM.Collect$$libinit$$00000011)
    __rt_lib_init_lc_monetary_1              0x080001ff   Thumb Code     0  libinit2.o(.ARM.Collect$$libinit$$00000013)
    __rt_lib_init_lc_numeric_1               0x080001ff   Thumb Code     0  libinit2.o(.ARM.Collect$$libinit$$00000015)
    __rt_lib_init_lc_time_1                  0x080001ff   Thumb Code     0  libinit2.o(.ARM.Collect$$libinit$$00000017)
    __rt_lib_init_rand_1                     0x080001ff   Thumb Code     0  libinit2.o(.ARM.Collect$$libinit$$0000000C)
    __rt_lib_init_signal_1                   0x080001ff   Thumb Code     0  libinit2.o(.ARM.Collect$$libinit$$0000001B)
    __rt_lib_init_stdio_1                    0x080001ff   Thumb Code     0  libinit2.o(.ARM.Collect$$libinit$$00000023)
    __rt_lib_init_user_alloc_1               0x080001ff   Thumb Code     0  libinit2.o(.ARM.Collect$$libinit$$0000000A)
    __rt_lib_init_cpp_1                      0x08000203   Thumb Code     0  libinit2.o(.ARM.Collect$$libinit$$00000030)
    __rt_lib_init_return                     0x08000203   Thumb Code     0  libinit2.o(.ARM.Collect$$libinit$$00000031)
    __rt_lib_shutdown                        0x08000205   Thumb Code     0  libshutdown.o(.ARM.Collect$$libshutdown$$00000000)
    __rt_lib_shutdown_fp_trap_1              0x08000207   Thumb Code     0  libshutdown2.o(.ARM.Collect$$libshutdown$$00000006)
    __rt_lib_shutdown_heap_1                 0x08000207   Thumb Code     0  libshutdown2.o(.ARM.Collect$$libshutdown$$0000000E)
    __rt_lib_shutdown_return                 0x08000207   Thumb Code     0  libshutdown2.o(.ARM.Collect$$libshutdown$$0000000F)
    __rt_lib_shutdown_signal_1               0x08000207   Thumb Code     0  libshutdown2.o(.ARM.Collect$$libshutdown$$00000009)
    __rt_lib_shutdown_stdio_1                0x08000207   Thumb Code     0  libshutdown2.o(.ARM.Collect$$libshutdown$$00000003)
    __rt_lib_shutdown_user_alloc_1           0x08000207   Thumb Code     0  libshutdown2.o(.ARM.Collect$$libshutdown$$0000000B)
    __rt_entry                               0x08000209   Thumb Code     0  rtentry.o(.ARM.Collect$$rtentry$$00000000)
    __rt_entry_presh_1                       0x08000209   Thumb Code     0  rtentry2.o(.ARM.Collect$$rtentry$$00000002)
    __rt_entry_sh                            0x08000209   Thumb Code     0  rtentry4.o(.ARM.Collect$$rtentry$$00000004)
    __rt_entry_li                            0x0800020f   Thumb Code     0  rtentry2.o(.ARM.Collect$$rtentry$$0000000A)
    __rt_entry_postsh_1                      0x0800020f   Thumb Code     0  rtentry2.o(.ARM.Collect$$rtentry$$00000009)
    __rt_entry_main                          0x08000213   Thumb Code     0  rtentry2.o(.ARM.Collect$$rtentry$$0000000D)
    __rt_entry_postli_1                      0x08000213   Thumb Code     0  rtentry2.o(.ARM.Collect$$rtentry$$0000000C)
    __rt_exit                                0x0800021b   Thumb Code     0  rtexit.o(.ARM.Collect$$rtexit$$00000000)
    __rt_exit_ls                             0x0800021d   Thumb Code     0  rtexit2.o(.ARM.Collect$$rtexit$$00000003)
    __rt_exit_prels_1                        0x0800021d   Thumb Code     0  rtexit2.o(.ARM.Collect$$rtexit$$00000002)
    __rt_exit_exit                           0x08000221   Thumb Code     0  rtexit2.o(.ARM.Collect$$rtexit$$00000004)
    Reset_Handler                            0x08000229   Thumb Code     8  startup_stm32f4xx.o(.text)
    ADC_IRQHandler                           0x08000243   Thumb Code     0  startup_stm32f4xx.o(.text)
    CAN1_RX0_IRQHandler                      0x08000243   Thumb Code     0  startup_stm32f4xx.o(.text)
    CAN1_RX1_IRQHandler                      0x08000243   Thumb Code     0  startup_stm32f4xx.o(.text)
    CAN1_SCE_IRQHandler                      0x08000243   Thumb Code     0  startup_stm32f4xx.o(.text)
    CAN1_TX_IRQHandler                       0x08000243   Thumb Code     0  startup_stm32f4xx.o(.text)
    CAN2_RX0_IRQHandler                      0x08000243   Thumb Code     0  startup_stm32f4xx.o(.text)
    CAN2_RX1_IRQHandler                      0x08000243   Thumb Code     0  startup_stm32f4xx.o(.text)
    CAN2_SCE_IRQHandler                      0x08000243   Thumb Code     0  startup_stm32f4xx.o(.text)
    CAN2_TX_IRQHandler                       0x08000243   Thumb Code     0  startup_stm32f4xx.o(.text)
    CRYP_IRQHandler                          0x08000243   Thumb Code     0  startup_stm32f4xx.o(.text)
    DCMI_IRQHandler                          0x08000243   Thumb Code     0  startup_stm32f4xx.o(.text)
    DMA1_Stream0_IRQHandler                  0x08000243   Thumb Code     0  startup_stm32f4xx.o(.text)
    DMA1_Stream1_IRQHandler                  0x08000243   Thumb Code     0  startup_stm32f4xx.o(.text)
    DMA1_Stream2_IRQHandler                  0x08000243   Thumb Code     0  startup_stm32f4xx.o(.text)
    DMA1_Stream3_IRQHandler                  0x08000243   Thumb Code     0  startup_stm32f4xx.o(.text)
    DMA1_Stream4_IRQHandler                  0x08000243   Thumb Code     0  startup_stm32f4xx.o(.text)
    DMA1_Stream5_IRQHandler                  0x08000243   Thumb Code     0  startup_stm32f4xx.o(.text)
    DMA1_Stream6_IRQHandler                  0x08000243   Thumb Code     0  startup_stm32f4xx.o(.text)
    DMA1_Stream7_IRQHandler                  0x08000243   Thumb Code     0  startup_stm32f4xx.o(.text)
    DMA2_Stream0_IRQHandler                  0x08000243   Thumb Code     0  startup_stm32f4xx.o(.text)
    DMA2_Stream1_IRQHandler                  0x08000243   Thumb Code     0  startup_stm32f4xx.o(.text)
    DMA2_Stream2_IRQHandler                  0x08000243   Thumb Code     0  startup_stm32f4xx.o(.text)
    DMA2_Stream3_IRQHandler                  0x08000243   Thumb Code     0  startup_stm32f4xx.o(.text)
    DMA2_Stream4_IRQHandler                  0x08000243   Thumb Code     0  startup_stm32f4xx.o(.text)
    DMA2_Stream5_IRQHandler                  0x08000243   Thumb Code     0  startup_stm32f4xx.o(.text)
    DMA2_Stream6_IRQHandler                  0x08000243   Thumb Code     0  startup_stm32f4xx.o(.text)
    DMA2_Stream7_IRQHandler                  0x08000243   Thumb Code     0  startup_stm32f4xx.o(.text)
    ETH_IRQHandler                           0x08000243   Thumb Code     0  startup_stm32f4xx.o(.text)
    ETH_WKUP_IRQHandler                      0x08000243   Thumb Code     0  startup_stm32f4xx.o(.text)
    EXTI0_IRQHandler                         0x08000243   Thumb Code     0  startup_stm32f4xx.o(.text)
    EXTI15_10_IRQHandler                     0x08000243   Thumb Code     0  startup_stm32f4xx.o(.text)
    EXTI1_IRQHandler                         0x08000243   Thumb Code     0  startup_stm32f4xx.o(.text)
    EXTI2_IRQHandler                         0x08000243   Thumb Code     0  startup_stm32f4xx.o(.text)
    EXTI3_IRQHandler                         0x08000243   Thumb Code     0  startup_stm32f4xx.o(.text)
    EXTI4_IRQHandler                         0x08000243   Thumb Code     0  startup_stm32f4xx.o(.text)
    EXTI9_5_IRQHandler                       0x08000243   Thumb Code     0  startup_stm32f4xx.o(.text)
    FLASH_IRQHandler                         0x08000243   Thumb Code     0  startup_stm32f4xx.o(.text)
    FPU_IRQHandler                           0x08000243   Thumb Code     0  startup_stm32f4xx.o(.text)
    FSMC_IRQHandler                          0x08000243   Thumb Code     0  startup_stm32f4xx.o(.text)
    HASH_RNG_IRQHandler                      0x08000243   Thumb Code     0  startup_stm32f4xx.o(.text)
    I2C1_ER_IRQHandler                       0x08000243   Thumb Code     0  startup_stm32f4xx.o(.text)
    I2C1_EV_IRQHandler                       0x08000243   Thumb Code     0  startup_stm32f4xx.o(.text)
    I2C2_ER_IRQHandler                       0x08000243   Thumb Code     0  startup_stm32f4xx.o(.text)
    I2C2_EV_IRQHandler                       0x08000243   Thumb Code     0  startup_stm32f4xx.o(.text)
    I2C3_ER_IRQHandler                       0x08000243   Thumb Code     0  startup_stm32f4xx.o(.text)
    I2C3_EV_IRQHandler                       0x08000243   Thumb Code     0  startup_stm32f4xx.o(.text)
    OTG_FS_IRQHandler                        0x08000243   Thumb Code     0  startup_stm32f4xx.o(.text)
    OTG_FS_WKUP_IRQHandler                   0x08000243   Thumb Code     0  startup_stm32f4xx.o(.text)
    OTG_HS_EP1_IN_IRQHandler                 0x08000243   Thumb Code     0  startup_stm32f4xx.o(.text)
    OTG_HS_EP1_OUT_IRQHandler                0x08000243   Thumb Code     0  startup_stm32f4xx.o(.text)
    OTG_HS_IRQHandler                        0x08000243   Thumb Code     0  startup_stm32f4xx.o(.text)
    OTG_HS_WKUP_IRQHandler                   0x08000243   Thumb Code     0  startup_stm32f4xx.o(.text)
    PVD_IRQHandler                           0x08000243   Thumb Code     0  startup_stm32f4xx.o(.text)
    RCC_IRQHandler                           0x08000243   Thumb Code     0  startup_stm32f4xx.o(.text)
    RTC_Alarm_IRQHandler                     0x08000243   Thumb Code     0  startup_stm32f4xx.o(.text)
    RTC_WKUP_IRQHandler                      0x08000243   Thumb Code     0  startup_stm32f4xx.o(.text)
    SDIO_IRQHandler                          0x08000243   Thumb Code     0  startup_stm32f4xx.o(.text)
    SPI1_IRQHandler                          0x08000243   Thumb Code     0  startup_stm32f4xx.o(.text)
    SPI2_IRQHandler                          0x08000243   Thumb Code     0  startup_stm32f4xx.o(.text)
    SPI3_IRQHandler                          0x08000243   Thumb Code     0  startup_stm32f4xx.o(.text)
    TAMP_STAMP_IRQHandler                    0x08000243   Thumb Code     0  startup_stm32f4xx.o(.text)
    TIM1_BRK_TIM9_IRQHandler                 0x08000243   Thumb Code     0  startup_stm32f4xx.o(.text)
    TIM1_CC_IRQHandler                       0x08000243   Thumb Code     0  startup_stm32f4xx.o(.text)
    TIM1_TRG_COM_TIM11_IRQHandler            0x08000243   Thumb Code     0  startup_stm32f4xx.o(.text)
    TIM1_UP_TIM10_IRQHandler                 0x08000243   Thumb Code     0  startup_stm32f4xx.o(.text)
    TIM3_IRQHandler                          0x08000243   Thumb Code     0  startup_stm32f4xx.o(.text)
    TIM4_IRQHandler                          0x08000243   Thumb Code     0  startup_stm32f4xx.o(.text)
    TIM5_IRQHandler                          0x08000243   Thumb Code     0  startup_stm32f4xx.o(.text)
    TIM6_DAC_IRQHandler                      0x08000243   Thumb Code     0  startup_stm32f4xx.o(.text)
    TIM7_IRQHandler                          0x08000243   Thumb Code     0  startup_stm32f4xx.o(.text)
    TIM8_BRK_TIM12_IRQHandler                0x08000243   Thumb Code     0  startup_stm32f4xx.o(.text)
    TIM8_CC_IRQHandler                       0x08000243   Thumb Code     0  startup_stm32f4xx.o(.text)
    TIM8_TRG_COM_TIM14_IRQHandler            0x08000243   Thumb Code     0  startup_stm32f4xx.o(.text)
    TIM8_UP_TIM13_IRQHandler                 0x08000243   Thumb Code     0  startup_stm32f4xx.o(.text)
    UART5_IRQHandler                         0x08000243   Thumb Code     0  startup_stm32f4xx.o(.text)
    USART6_IRQHandler                        0x08000243   Thumb Code     0  startup_stm32f4xx.o(.text)
    WWDG_IRQHandler                          0x08000243   Thumb Code     0  startup_stm32f4xx.o(.text)
    __user_initial_stackheap                 0x08000245   Thumb Code     0  startup_stm32f4xx.o(.text)
    main                                     0x08000269   Thumb Code  1192  main.o(.text)
    NMI_Handler                              0x08000765   Thumb Code     2  stm32f4xx_it.o(.text)
    HardFault_Handler                        0x08000767   Thumb Code     4  stm32f4xx_it.o(.text)
    MemManage_Handler                        0x0800076b   Thumb Code     4  stm32f4xx_it.o(.text)
    BusFault_Handler                         0x0800076f   Thumb Code     4  stm32f4xx_it.o(.text)
    UsageFault_Handler                       0x08000773   Thumb Code     4  stm32f4xx_it.o(.text)
    SVC_Handler                              0x08000777   Thumb Code     2  stm32f4xx_it.o(.text)
    DebugMon_Handler                         0x08000779   Thumb Code     2  stm32f4xx_it.o(.text)
    PendSV_Handler                           0x0800077b   Thumb Code     2  stm32f4xx_it.o(.text)
    SystemInit                               0x08000843   Thumb Code    74  system_stm32f4xx.o(.text)
    SystemCoreClockUpdate                    0x0800088d   Thumb Code   174  system_stm32f4xx.o(.text)
    TIM2_timer_start                         0x08000969   Thumb Code   136  delay.o(.text)
    micros                                   0x080009f1   Thumb Code    18  delay.o(.text)
    millis                                   0x08000a03   Thumb Code     6  delay.o(.text)
    delay_ms                                 0x08000a09   Thumb Code    40  delay.o(.text)
    delay_us                                 0x08000a31   Thumb Code    40  delay.o(.text)
    TIM2_IRQHandler                          0x08000a59   Thumb Code    44  delay.o(.text)
    PinPort                                  0x08000a91   Thumb Code    14  gpio.o(.text)
    PinBit                                   0x08000a9f   Thumb Code    14  gpio.o(.text)
    PinSource                                0x08000aad   Thumb Code     8  gpio.o(.text)
    pinMode                                  0x08000ab5   Thumb Code    68  gpio.o(.text)
    digitalWrite                             0x08000af9   Thumb Code    60  gpio.o(.text)
    digitalRead                              0x08000b35   Thumb Code    88  gpio.o(.text)
    GPIOMode                                 0x08000b8d   Thumb Code   188  gpio.o(.text)
    GPIOWrite                                0x08000c49   Thumb Code    16  gpio.o(.text)
    i2c_begin                                0x08000c85   Thumb Code   340  i2c.o(.text)
    i2c_start_send                           0x08000dd9   Thumb Code   232  i2c.o(.text)
    i2c_transmit                             0x08000ec1   Thumb Code    70  i2c.o(.text)
    i2c_receive                              0x08000f07   Thumb Code   204  i2c.o(.text)
    i2c_request                              0x08000fd3   Thumb Code   124  i2c.o(.text)
    Print::printNumber(unsigned, unsigned char) 0x08001071   Thumb Code    74  print.o(.text)
    Print::print(char)                       0x080010bb   Thumb Code    18  print.o(.text)
    Print::print(int, unsigned char)         0x080010cd   Thumb Code    84  print.o(.text)
    Print::print(const char*)                0x08001121   Thumb Code    16  print.o(.text)
    Print::print(unsigned, unsigned char)    0x08001131   Thumb Code    34  print.o(.text)
    Print::printFloat(double, unsigned char) 0x08001153   Thumb Code   378  print.o(.text)
    Print::write(const unsigned char*, unsigned) 0x080012cd   Thumb Code    42  print.o(.text)
    Print::print(unsigned char, unsigned char) 0x080012f7   Thumb Code    20  print.o(.text)
    Print::print(short, unsigned char)       0x0800130b   Thumb Code    20  print.o(.text)
    Print::print(unsigned short, unsigned char) 0x0800131f   Thumb Code    20  print.o(.text)
    Print::print(double, unsigned char)      0x08001333   Thumb Code    24  print.o(.text)
    Print::printByte(unsigned char)          0x0800134b   Thumb Code    38  print.o(.text)
    Print::printByte(unsigned char*, unsigned char, char) 0x08001371   Thumb Code    50  print.o(.text)
    Print::println()                         0x080013a3   Thumb Code    28  print.o(.text)
    Print::println(const char*)              0x080013bf   Thumb Code    28  print.o(.text)
    Print::println(char)                     0x080013db   Thumb Code    28  print.o(.text)
    Print::println(unsigned char, unsigned char) 0x080013f7   Thumb Code    36  print.o(.text)
    Print::println(short, unsigned char)     0x0800141b   Thumb Code    36  print.o(.text)
    Print::println(unsigned short, unsigned char) 0x0800143f   Thumb Code    36  print.o(.text)
    Print::println(int, unsigned char)       0x08001463   Thumb Code    36  print.o(.text)
    Print::println(unsigned, unsigned char)  0x08001487   Thumb Code    36  print.o(.text)
    Print::println(double, unsigned char)    0x080014ab   Thumb Code    44  print.o(.text)
    ST7032i::command(unsigned char)          0x08001501   Thumb Code    36  st7032i.o(.text)
    ST7032i::init(__I2CContext*)             0x08001525   Thumb Code    48  st7032i.o(.text)
    ST7032i::clear()                         0x08001555   Thumb Code    24  st7032i.o(.text)
    ST7032i::display()                       0x0800156d   Thumb Code    26  st7032i.o(.text)
    ST7032i::begin()                         0x08001587   Thumb Code   184  st7032i.o(.text)
    ST7032i::write(unsigned char)            0x0800163f   Thumb Code    44  st7032i.o(.text)
    ST7032i::home()                          0x0800166b   Thumb Code    24  st7032i.o(.text)
    ST7032i::setCursor(unsigned char, unsigned char) 0x08001683   Thumb Code    56  st7032i.o(.text)
    ST7032i::noDisplay()                     0x080016bb   Thumb Code    26  st7032i.o(.text)
    ST7032i::setContrast(unsigned char)      0x080016d5   Thumb Code    88  st7032i.o(.text)
    ST7032i::noBlink()                       0x0800172d   Thumb Code    26  st7032i.o(.text)
    ST7032i::blink()                         0x08001747   Thumb Code    26  st7032i.o(.text)
    ST7032i::noCursor()                      0x08001761   Thumb Code    26  st7032i.o(.text)
    ST7032i::showCursor()                    0x0800177b   Thumb Code    26  st7032i.o(.text)
    ST7032i::scrollDisplayLeft()             0x08001795   Thumb Code    14  st7032i.o(.text)
    ST7032i::scrollDisplayRight()            0x080017a3   Thumb Code    14  st7032i.o(.text)
    ST7032i::leftToRight()                   0x080017b1   Thumb Code    26  st7032i.o(.text)
    ST7032i::rightToLeft()                   0x080017cb   Thumb Code    26  st7032i.o(.text)
    ST7032i::autoscroll()                    0x080017e5   Thumb Code    26  st7032i.o(.text)
    ST7032i::noAutoscroll()                  0x080017ff   Thumb Code    26  st7032i.o(.text)
    ST7032i::createChar(unsigned char, unsigned char*) 0x08001819   Thumb Code    50  st7032i.o(.text)
    SysTick_Handler                          0x08001851   Thumb Code    12  systick.o(.text)
    SysTick_delay                            0x0800185d   Thumb Code    18  systick.o(.text)
    SysTick_Start                            0x0800186f   Thumb Code    88  systick.o(.text)
    SysTick_count                            0x080018c7   Thumb Code     6  systick.o(.text)
    ring_clear                               0x080018d9   Thumb Code    16  usart.o(.text)
    ring_count                               0x080018e9   Thumb Code     8  usart.o(.text)
    ring_is_full                             0x080018f1   Thumb Code    30  usart.o(.text)
    ring_enque                               0x0800190f   Thumb Code    72  usart.o(.text)
    ring_deque                               0x08001957   Thumb Code    70  usart.o(.text)
    ring_peek                                0x0800199d   Thumb Code    28  usart.o(.text)
    usart_begin                              0x080019b9   Thumb Code   450  usart.o(.text)
    usart_polling_write                      0x08001b7b   Thumb Code    30  usart.o(.text)
    usart_write                              0x08001b99   Thumb Code    70  usart.o(.text)
    usart_print                              0x08001bdf   Thumb Code    32  usart.o(.text)
    usart_polling_read                       0x08001bff   Thumb Code    12  usart.o(.text)
    usart_read                               0x08001c0b   Thumb Code    26  usart.o(.text)
    usart_flush                              0x08001c25   Thumb Code    44  usart.o(.text)
    usart_peek                               0x08001c51   Thumb Code    12  usart.o(.text)
    usart_available                          0x08001c5d   Thumb Code    12  usart.o(.text)
    USART1_IRQHandler                        0x08001c69   Thumb Code    92  usart.o(.text)
    USART2_IRQHandler                        0x08001cc5   Thumb Code    92  usart.o(.text)
    USART3_IRQHandler                        0x08001d21   Thumb Code    92  usart.o(.text)
    UART4_IRQHandler                         0x08001d7d   Thumb Code   164  usart.o(.text)
    USARTSerial::begin(_GPIOPin, _GPIOPin, unsigned) 0x08001e29   Thumb Code    28  usartserial.o(.text)
    USARTSerial::write(unsigned char)        0x08001e45   Thumb Code    18  usartserial.o(.text)
    NVIC_PriorityGroupConfig                 0x08001e59   Thumb Code    10  misc.o(.text)
    NVIC_Init                                0x08001e63   Thumb Code   108  misc.o(.text)
    NVIC_SetVectorTable                      0x08001ecf   Thumb Code    14  misc.o(.text)
    NVIC_SystemLPConfig                      0x08001edd   Thumb Code    34  misc.o(.text)
    SysTick_CLKSourceConfig                  0x08001eff   Thumb Code    40  misc.o(.text)
    GPIO_DeInit                              0x08001f3d   Thumb Code   220  stm32f4xx_gpio.o(.text)
    GPIO_Init                                0x08002019   Thumb Code   144  stm32f4xx_gpio.o(.text)
    GPIO_StructInit                          0x080020a9   Thumb Code    18  stm32f4xx_gpio.o(.text)
    GPIO_PinLockConfig                       0x080020bb   Thumb Code    18  stm32f4xx_gpio.o(.text)
    GPIO_ReadInputDataBit                    0x080020cd   Thumb Code    18  stm32f4xx_gpio.o(.text)
    GPIO_ReadInputData                       0x080020df   Thumb Code     8  stm32f4xx_gpio.o(.text)
    GPIO_ReadOutputDataBit                   0x080020e7   Thumb Code    18  stm32f4xx_gpio.o(.text)
    GPIO_ReadOutputData                      0x080020f9   Thumb Code     8  stm32f4xx_gpio.o(.text)
    GPIO_SetBits                             0x08002101   Thumb Code     4  stm32f4xx_gpio.o(.text)
    GPIO_ResetBits                           0x08002105   Thumb Code     4  stm32f4xx_gpio.o(.text)
    GPIO_WriteBit                            0x08002109   Thumb Code    10  stm32f4xx_gpio.o(.text)
    GPIO_Write                               0x08002113   Thumb Code     4  stm32f4xx_gpio.o(.text)
    GPIO_ToggleBits                          0x08002117   Thumb Code     8  stm32f4xx_gpio.o(.text)
    GPIO_PinAFConfig                         0x0800211f   Thumb Code    70  stm32f4xx_gpio.o(.text)
    I2C_DeInit                               0x08002189   Thumb Code    82  stm32f4xx_i2c.o(.text)
    I2C_Init                                 0x080021db   Thumb Code   218  stm32f4xx_i2c.o(.text)
    I2C_StructInit                           0x080022b5   Thumb Code    30  stm32f4xx_i2c.o(.text)
    I2C_Cmd                                  0x080022d3   Thumb Code    24  stm32f4xx_i2c.o(.text)
    I2C_GenerateSTART                        0x080022eb   Thumb Code    24  stm32f4xx_i2c.o(.text)
    I2C_GenerateSTOP                         0x08002303   Thumb Code    24  stm32f4xx_i2c.o(.text)
    I2C_Send7bitAddress                      0x0800231b   Thumb Code    16  stm32f4xx_i2c.o(.text)
    I2C_AcknowledgeConfig                    0x0800232b   Thumb Code    24  stm32f4xx_i2c.o(.text)
    I2C_OwnAddress2Config                    0x08002343   Thumb Code    22  stm32f4xx_i2c.o(.text)
    I2C_DualAddressCmd                       0x08002359   Thumb Code    24  stm32f4xx_i2c.o(.text)
    I2C_GeneralCallCmd                       0x08002371   Thumb Code    24  stm32f4xx_i2c.o(.text)
    I2C_SoftwareResetCmd                     0x08002389   Thumb Code    22  stm32f4xx_i2c.o(.text)
    I2C_StretchClockCmd                      0x0800239f   Thumb Code    24  stm32f4xx_i2c.o(.text)
    I2C_FastModeDutyCycleConfig              0x080023b7   Thumb Code    28  stm32f4xx_i2c.o(.text)
    I2C_NACKPositionConfig                   0x080023d3   Thumb Code    28  stm32f4xx_i2c.o(.text)
    I2C_SMBusAlertConfig                     0x080023ef   Thumb Code    28  stm32f4xx_i2c.o(.text)
    I2C_ARPCmd                               0x0800240b   Thumb Code    24  stm32f4xx_i2c.o(.text)
    I2C_SendData                             0x08002423   Thumb Code     4  stm32f4xx_i2c.o(.text)
    I2C_ReceiveData                          0x08002427   Thumb Code     8  stm32f4xx_i2c.o(.text)
    I2C_TransmitPEC                          0x0800242f   Thumb Code    24  stm32f4xx_i2c.o(.text)
    I2C_PECPositionConfig                    0x08002447   Thumb Code    28  stm32f4xx_i2c.o(.text)
    I2C_CalculatePEC                         0x08002463   Thumb Code    24  stm32f4xx_i2c.o(.text)
    I2C_GetPEC                               0x0800247b   Thumb Code     8  stm32f4xx_i2c.o(.text)
    I2C_DMACmd                               0x08002483   Thumb Code    24  stm32f4xx_i2c.o(.text)
    I2C_DMALastTransferCmd                   0x0800249b   Thumb Code    24  stm32f4xx_i2c.o(.text)
    I2C_ReadRegister                         0x080024b3   Thumb Code    12  stm32f4xx_i2c.o(.text)
    I2C_ITConfig                             0x080024bf   Thumb Code    18  stm32f4xx_i2c.o(.text)
    I2C_CheckEvent                           0x080024d1   Thumb Code    42  stm32f4xx_i2c.o(.text)
    I2C_GetLastEvent                         0x080024fb   Thumb Code    26  stm32f4xx_i2c.o(.text)
    I2C_GetFlagStatus                        0x08002515   Thumb Code    42  stm32f4xx_i2c.o(.text)
    I2C_ClearFlag                            0x0800253f   Thumb Code    12  stm32f4xx_i2c.o(.text)
    I2C_GetITStatus                          0x0800254b   Thumb Code    62  stm32f4xx_i2c.o(.text)
    I2C_ClearITPendingBit                    0x08002589   Thumb Code    12  stm32f4xx_i2c.o(.text)
    RCC_DeInit                               0x08002595   Thumb Code    60  stm32f4xx_rcc.o(.text)
    RCC_HSEConfig                            0x080025d1   Thumb Code    14  stm32f4xx_rcc.o(.text)
    RCC_GetFlagStatus                        0x080025df   Thumb Code    60  stm32f4xx_rcc.o(.text)
    RCC_WaitForHSEStartUp                    0x0800261b   Thumb Code    48  stm32f4xx_rcc.o(.text)
    RCC_AdjustHSICalibrationValue            0x0800264b   Thumb Code    20  stm32f4xx_rcc.o(.text)
    RCC_HSICmd                               0x0800265f   Thumb Code     6  stm32f4xx_rcc.o(.text)
    RCC_LSEConfig                            0x08002665   Thumb Code    46  stm32f4xx_rcc.o(.text)
    RCC_LSICmd                               0x08002693   Thumb Code     6  stm32f4xx_rcc.o(.text)
    RCC_PLLConfig                            0x08002699   Thumb Code    32  stm32f4xx_rcc.o(.text)
    RCC_PLLCmd                               0x080026b9   Thumb Code     6  stm32f4xx_rcc.o(.text)
    RCC_PLLI2SConfig                         0x080026bf   Thumb Code    14  stm32f4xx_rcc.o(.text)
    RCC_PLLI2SCmd                            0x080026cd   Thumb Code     6  stm32f4xx_rcc.o(.text)
    RCC_ClockSecuritySystemCmd               0x080026d3   Thumb Code     6  stm32f4xx_rcc.o(.text)
    RCC_MCO1Config                           0x080026d9   Thumb Code    28  stm32f4xx_rcc.o(.text)
    RCC_MCO2Config                           0x080026f5   Thumb Code    28  stm32f4xx_rcc.o(.text)
    RCC_SYSCLKConfig                         0x08002711   Thumb Code    20  stm32f4xx_rcc.o(.text)
    RCC_GetSYSCLKSource                      0x08002725   Thumb Code    12  stm32f4xx_rcc.o(.text)
    RCC_HCLKConfig                           0x08002731   Thumb Code    20  stm32f4xx_rcc.o(.text)
    RCC_PCLK1Config                          0x08002745   Thumb Code    20  stm32f4xx_rcc.o(.text)
    RCC_PCLK2Config                          0x08002759   Thumb Code    22  stm32f4xx_rcc.o(.text)
    RCC_GetClocksFreq                        0x0800276f   Thumb Code   222  stm32f4xx_rcc.o(.text)
    RCC_RTCCLKConfig                         0x0800284d   Thumb Code    54  stm32f4xx_rcc.o(.text)
    RCC_RTCCLKCmd                            0x08002883   Thumb Code     8  stm32f4xx_rcc.o(.text)
    RCC_BackupResetCmd                       0x0800288b   Thumb Code     8  stm32f4xx_rcc.o(.text)
    RCC_I2SCLKConfig                         0x08002893   Thumb Code     6  stm32f4xx_rcc.o(.text)
    RCC_AHB1PeriphClockCmd                   0x08002899   Thumb Code    34  stm32f4xx_rcc.o(.text)
    RCC_AHB2PeriphClockCmd                   0x080028bb   Thumb Code    34  stm32f4xx_rcc.o(.text)
    RCC_AHB3PeriphClockCmd                   0x080028dd   Thumb Code    34  stm32f4xx_rcc.o(.text)
    RCC_APB1PeriphClockCmd                   0x080028ff   Thumb Code    34  stm32f4xx_rcc.o(.text)
    RCC_APB2PeriphClockCmd                   0x08002921   Thumb Code    34  stm32f4xx_rcc.o(.text)
    RCC_AHB1PeriphResetCmd                   0x08002943   Thumb Code    34  stm32f4xx_rcc.o(.text)
    RCC_AHB2PeriphResetCmd                   0x08002965   Thumb Code    72  stm32f4xx_rcc.o(.text)
    RCC_AHB3PeriphResetCmd                   0x080029ad   Thumb Code    34  stm32f4xx_rcc.o(.text)
    RCC_APB1PeriphResetCmd                   0x080029cf   Thumb Code    34  stm32f4xx_rcc.o(.text)
    RCC_APB2PeriphResetCmd                   0x080029f1   Thumb Code    34  stm32f4xx_rcc.o(.text)
    RCC_AHB1PeriphClockLPModeCmd             0x08002a13   Thumb Code    34  stm32f4xx_rcc.o(.text)
    RCC_AHB2PeriphClockLPModeCmd             0x08002a35   Thumb Code    34  stm32f4xx_rcc.o(.text)
    RCC_AHB3PeriphClockLPModeCmd             0x08002a57   Thumb Code    34  stm32f4xx_rcc.o(.text)
    RCC_APB1PeriphClockLPModeCmd             0x08002a79   Thumb Code    34  stm32f4xx_rcc.o(.text)
    RCC_APB2PeriphClockLPModeCmd             0x08002a9b   Thumb Code    34  stm32f4xx_rcc.o(.text)
    RCC_ITConfig                             0x08002abd   Thumb Code    34  stm32f4xx_rcc.o(.text)
    RCC_ClearFlag                            0x08002adf   Thumb Code    18  stm32f4xx_rcc.o(.text)
    RCC_GetITStatus                          0x08002af1   Thumb Code    22  stm32f4xx_rcc.o(.text)
    RCC_ClearITPendingBit                    0x08002b07   Thumb Code     8  stm32f4xx_rcc.o(.text)
    TIM_DeInit                               0x08002b15   Thumb Code   346  stm32f4xx_tim.o(.text)
    TIM_TimeBaseInit                         0x08002c6f   Thumb Code   104  stm32f4xx_tim.o(.text)
    TIM_TimeBaseStructInit                   0x08002cd7   Thumb Code    18  stm32f4xx_tim.o(.text)
    TIM_PrescalerConfig                      0x08002ce9   Thumb Code     6  stm32f4xx_tim.o(.text)
    TIM_CounterModeConfig                    0x08002cef   Thumb Code    18  stm32f4xx_tim.o(.text)
    TIM_SetCounter                           0x08002d01   Thumb Code     4  stm32f4xx_tim.o(.text)
    TIM_SetAutoreload                        0x08002d05   Thumb Code     4  stm32f4xx_tim.o(.text)
    TIM_GetCounter                           0x08002d09   Thumb Code     6  stm32f4xx_tim.o(.text)
    TIM_GetPrescaler                         0x08002d0f   Thumb Code     6  stm32f4xx_tim.o(.text)
    TIM_UpdateDisableConfig                  0x08002d15   Thumb Code    24  stm32f4xx_tim.o(.text)
    TIM_UpdateRequestConfig                  0x08002d2d   Thumb Code    24  stm32f4xx_tim.o(.text)
    TIM_ARRPreloadConfig                     0x08002d45   Thumb Code    24  stm32f4xx_tim.o(.text)
    TIM_SelectOnePulseMode                   0x08002d5d   Thumb Code    18  stm32f4xx_tim.o(.text)
    TIM_SetClockDivision                     0x08002d6f   Thumb Code    18  stm32f4xx_tim.o(.text)
    TIM_Cmd                                  0x08002d81   Thumb Code    24  stm32f4xx_tim.o(.text)
    TIM_OC1Init                              0x08002d99   Thumb Code   114  stm32f4xx_tim.o(.text)
    TIM_OC2Init                              0x08002e0b   Thumb Code   154  stm32f4xx_tim.o(.text)
    TIM_OC3Init                              0x08002ea5   Thumb Code   204  stm32f4xx_tim.o(.text)
    TIM_OC4Init                              0x08002f71   Thumb Code   112  stm32f4xx_tim.o(.text)
    TIM_OCStructInit                         0x08002fe1   Thumb Code    20  stm32f4xx_tim.o(.text)
    TIM_SelectOCxM                           0x08002ff5   Thumb Code    86  stm32f4xx_tim.o(.text)
    TIM_SetCompare1                          0x0800304b   Thumb Code     4  stm32f4xx_tim.o(.text)
    TIM_SetCompare2                          0x0800304f   Thumb Code     4  stm32f4xx_tim.o(.text)
    TIM_SetCompare3                          0x08003053   Thumb Code     4  stm32f4xx_tim.o(.text)
    TIM_SetCompare4                          0x08003057   Thumb Code     4  stm32f4xx_tim.o(.text)
    TIM_ForcedOC1Config                      0x0800305b   Thumb Code    18  stm32f4xx_tim.o(.text)
    TIM_ForcedOC2Config                      0x0800306d   Thumb Code    26  stm32f4xx_tim.o(.text)
    TIM_ForcedOC3Config                      0x08003087   Thumb Code    18  stm32f4xx_tim.o(.text)
    TIM_ForcedOC4Config                      0x08003099   Thumb Code    26  stm32f4xx_tim.o(.text)
    TIM_OC1PreloadConfig                     0x080030b3   Thumb Code    18  stm32f4xx_tim.o(.text)
    TIM_OC2PreloadConfig                     0x080030c5   Thumb Code    26  stm32f4xx_tim.o(.text)
    TIM_OC3PreloadConfig                     0x080030df   Thumb Code    18  stm32f4xx_tim.o(.text)
    TIM_OC4PreloadConfig                     0x080030f1   Thumb Code    26  stm32f4xx_tim.o(.text)
    TIM_OC1FastConfig                        0x0800310b   Thumb Code    18  stm32f4xx_tim.o(.text)
    TIM_OC2FastConfig                        0x0800311d   Thumb Code    26  stm32f4xx_tim.o(.text)
    TIM_OC3FastConfig                        0x08003137   Thumb Code    18  stm32f4xx_tim.o(.text)
    TIM_OC4FastConfig                        0x08003149   Thumb Code    26  stm32f4xx_tim.o(.text)
    TIM_ClearOC1Ref                          0x08003163   Thumb Code    18  stm32f4xx_tim.o(.text)
    TIM_ClearOC2Ref                          0x08003175   Thumb Code    24  stm32f4xx_tim.o(.text)
    TIM_ClearOC3Ref                          0x0800318d   Thumb Code    18  stm32f4xx_tim.o(.text)
    TIM_ClearOC4Ref                          0x0800319f   Thumb Code    24  stm32f4xx_tim.o(.text)
    TIM_OC1PolarityConfig                    0x080031b7   Thumb Code    18  stm32f4xx_tim.o(.text)
    TIM_OC1NPolarityConfig                   0x080031c9   Thumb Code    18  stm32f4xx_tim.o(.text)
    TIM_OC2PolarityConfig                    0x080031db   Thumb Code    26  stm32f4xx_tim.o(.text)
    TIM_OC2NPolarityConfig                   0x080031f5   Thumb Code    26  stm32f4xx_tim.o(.text)
    TIM_OC3PolarityConfig                    0x0800320f   Thumb Code    26  stm32f4xx_tim.o(.text)
    TIM_OC3NPolarityConfig                   0x08003229   Thumb Code    26  stm32f4xx_tim.o(.text)
    TIM_OC4PolarityConfig                    0x08003243   Thumb Code    26  stm32f4xx_tim.o(.text)
    TIM_CCxCmd                               0x0800325d   Thumb Code    30  stm32f4xx_tim.o(.text)
    TIM_CCxNCmd                              0x0800327b   Thumb Code    30  stm32f4xx_tim.o(.text)
    TIM_SetIC4Prescaler                      0x08003299   Thumb Code    26  stm32f4xx_tim.o(.text)
    TIM_SetIC3Prescaler                      0x08003303   Thumb Code    18  stm32f4xx_tim.o(.text)
    TIM_SetIC2Prescaler                      0x0800335d   Thumb Code    26  stm32f4xx_tim.o(.text)
    TIM_SetIC1Prescaler                      0x080033d1   Thumb Code    18  stm32f4xx_tim.o(.text)
    TIM_ICInit                               0x0800341d   Thumb Code   110  stm32f4xx_tim.o(.text)
    TIM_ICStructInit                         0x0800348b   Thumb Code    18  stm32f4xx_tim.o(.text)
    TIM_PWMIConfig                           0x0800349d   Thumb Code   124  stm32f4xx_tim.o(.text)
    TIM_GetCapture1                          0x08003519   Thumb Code     6  stm32f4xx_tim.o(.text)
    TIM_GetCapture2                          0x0800351f   Thumb Code     6  stm32f4xx_tim.o(.text)
    TIM_GetCapture3                          0x08003525   Thumb Code     6  stm32f4xx_tim.o(.text)
    TIM_GetCapture4                          0x0800352b   Thumb Code     6  stm32f4xx_tim.o(.text)
    TIM_BDTRConfig                           0x08003531   Thumb Code    32  stm32f4xx_tim.o(.text)
    TIM_BDTRStructInit                       0x08003551   Thumb Code    18  stm32f4xx_tim.o(.text)
    TIM_CtrlPWMOutputs                       0x08003563   Thumb Code    30  stm32f4xx_tim.o(.text)
    TIM_SelectCOM                            0x08003581   Thumb Code    24  stm32f4xx_tim.o(.text)
    TIM_CCPreloadControl                     0x08003599   Thumb Code    24  stm32f4xx_tim.o(.text)
    TIM_ITConfig                             0x080035b1   Thumb Code    18  stm32f4xx_tim.o(.text)
    TIM_GenerateEvent                        0x080035c3   Thumb Code     4  stm32f4xx_tim.o(.text)
    TIM_GetFlagStatus                        0x080035c7   Thumb Code    18  stm32f4xx_tim.o(.text)
    TIM_ClearFlag                            0x080035d9   Thumb Code     6  stm32f4xx_tim.o(.text)
    TIM_GetITStatus                          0x080035df   Thumb Code    34  stm32f4xx_tim.o(.text)
    TIM_ClearITPendingBit                    0x08003601   Thumb Code     6  stm32f4xx_tim.o(.text)
    TIM_DMAConfig                            0x08003607   Thumb Code    10  stm32f4xx_tim.o(.text)
    TIM_DMACmd                               0x08003611   Thumb Code    18  stm32f4xx_tim.o(.text)
    TIM_SelectCCDMA                          0x08003623   Thumb Code    24  stm32f4xx_tim.o(.text)
    TIM_InternalClockConfig                  0x0800363b   Thumb Code    12  stm32f4xx_tim.o(.text)
    TIM_SelectInputTrigger                   0x08003647   Thumb Code    18  stm32f4xx_tim.o(.text)
    TIM_ITRxExternalClockConfig              0x08003659   Thumb Code    24  stm32f4xx_tim.o(.text)
    TIM_TIxExternalClockConfig               0x08003671   Thumb Code    62  stm32f4xx_tim.o(.text)
    TIM_ETRConfig                            0x080036af   Thumb Code    28  stm32f4xx_tim.o(.text)
    TIM_ETRClockMode1Config                  0x080036cb   Thumb Code    54  stm32f4xx_tim.o(.text)
    TIM_ETRClockMode2Config                  0x08003701   Thumb Code    32  stm32f4xx_tim.o(.text)
    TIM_SelectOutputTrigger                  0x08003721   Thumb Code    18  stm32f4xx_tim.o(.text)
    TIM_SelectSlaveMode                      0x08003733   Thumb Code    18  stm32f4xx_tim.o(.text)
    TIM_SelectMasterSlaveMode                0x08003745   Thumb Code    18  stm32f4xx_tim.o(.text)
    TIM_EncoderInterfaceConfig               0x08003757   Thumb Code    66  stm32f4xx_tim.o(.text)
    TIM_SelectHallSensor                     0x08003799   Thumb Code    24  stm32f4xx_tim.o(.text)
    TIM_RemapConfig                          0x080037b1   Thumb Code     6  stm32f4xx_tim.o(.text)
    USART_DeInit                             0x080037b9   Thumb Code   156  stm32f4xx_usart.o(.text)
    USART_Init                               0x08003855   Thumb Code   204  stm32f4xx_usart.o(.text)
    USART_StructInit                         0x08003921   Thumb Code    24  stm32f4xx_usart.o(.text)
    USART_ClockInit                          0x08003939   Thumb Code    32  stm32f4xx_usart.o(.text)
    USART_ClockStructInit                    0x08003959   Thumb Code    12  stm32f4xx_usart.o(.text)
    USART_Cmd                                0x08003965   Thumb Code    24  stm32f4xx_usart.o(.text)
    USART_SetPrescaler                       0x0800397d   Thumb Code    16  stm32f4xx_usart.o(.text)
    USART_OverSampling8Cmd                   0x0800398d   Thumb Code    22  stm32f4xx_usart.o(.text)
    USART_OneBitMethodCmd                    0x080039a3   Thumb Code    24  stm32f4xx_usart.o(.text)
    USART_SendData                           0x080039bb   Thumb Code     8  stm32f4xx_usart.o(.text)
    USART_ReceiveData                        0x080039c3   Thumb Code    10  stm32f4xx_usart.o(.text)
    USART_SetAddress                         0x080039cd   Thumb Code    18  stm32f4xx_usart.o(.text)
    USART_ReceiverWakeUpCmd                  0x080039df   Thumb Code    24  stm32f4xx_usart.o(.text)
    USART_WakeUpConfig                       0x080039f7   Thumb Code    18  stm32f4xx_usart.o(.text)
    USART_LINBreakDetectLengthConfig         0x08003a09   Thumb Code    18  stm32f4xx_usart.o(.text)
    USART_LINCmd                             0x08003a1b   Thumb Code    24  stm32f4xx_usart.o(.text)
    USART_SendBreak                          0x08003a33   Thumb Code    10  stm32f4xx_usart.o(.text)
    USART_HalfDuplexCmd                      0x08003a3d   Thumb Code    24  stm32f4xx_usart.o(.text)
    USART_SetGuardTime                       0x08003a55   Thumb Code    16  stm32f4xx_usart.o(.text)
    USART_SmartCardCmd                       0x08003a65   Thumb Code    24  stm32f4xx_usart.o(.text)
    USART_SmartCardNACKCmd                   0x08003a7d   Thumb Code    24  stm32f4xx_usart.o(.text)
    USART_IrDAConfig                         0x08003a95   Thumb Code    18  stm32f4xx_usart.o(.text)
    USART_IrDACmd                            0x08003aa7   Thumb Code    24  stm32f4xx_usart.o(.text)
    USART_DMACmd                             0x08003abf   Thumb Code    18  stm32f4xx_usart.o(.text)
    USART_ITConfig                           0x08003ad1   Thumb Code    74  stm32f4xx_usart.o(.text)
    USART_GetFlagStatus                      0x08003b1b   Thumb Code    26  stm32f4xx_usart.o(.text)
    USART_ClearFlag                          0x08003b35   Thumb Code    18  stm32f4xx_usart.o(.text)
    USART_GetITStatus                        0x08003b47   Thumb Code   110  stm32f4xx_usart.o(.text)
    USART_ClearITPendingBit                  0x08003bb5   Thumb Code    30  stm32f4xx_usart.o(.text)
    strlen                                   0x08003bd3   Thumb Code    62  strlen.o(.text)
    __aeabi_memcpy4                          0x08003c11   Thumb Code     0  rt_memcpy_w.o(.text)
    __aeabi_memcpy8                          0x08003c11   Thumb Code     0  rt_memcpy_w.o(.text)
    __rt_memcpy_w                            0x08003c11   Thumb Code   100  rt_memcpy_w.o(.text)
    _memcpy_lastbytes_aligned                0x08003c59   Thumb Code     0  rt_memcpy_w.o(.text)
    __use_two_region_memory                  0x08003c75   Thumb Code     2  heapauxi.o(.text)
    __rt_heap_escrow$2region                 0x08003c77   Thumb Code     2  heapauxi.o(.text)
    __rt_heap_expand$2region                 0x08003c79   Thumb Code     2  heapauxi.o(.text)
    __cpp_initialize__aeabi_                 0x08003c7d   Thumb Code    26  init_aeabi.o(.text)
    __rt_SIGPVFN                             0x08003ca1   Thumb Code    14  defsig_pvfn_outer.o(.text)
    __sig_exit                               0x08003caf   Thumb Code    10  defsig_exit.o(.text)
    __rt_SIGPVFN_inner                       0x08003cb9   Thumb Code    14  defsig_pvfn_inner.o(.text)
    _sys_exit                                0x08003ce9   Thumb Code     8  sys_exit.o(.text)
    __user_setup_stackheap                   0x08003cf5   Thumb Code    74  sys_stackheap_outer.o(.text)
    exit                                     0x08003d3f   Thumb Code    12  exit.o(.text)
    __default_signal_display                 0x08003d4b   Thumb Code    50  defsig_general.o(.text)
    _ttywrch                                 0x08003d7d   Thumb Code    14  sys_wrch.o(.text)
    __user_libspace                          0x08003d8d   Thumb Code     8  libspace.o(.text)
    __user_perproc_libspace                  0x08003d8d   Thumb Code     0  libspace.o(.text)
    __user_perthread_libspace                0x08003d8d   Thumb Code     0  libspace.o(.text)
    __I$use$semihosting                      0x08003d95   Thumb Code     0  use_no_semi.o(.text)
    __use_no_semihosting_swi                 0x08003d95   Thumb Code     2  use_no_semi.o(.text)
    USARTSerial::flush()                     0x08003d97   Thumb Code    14  main.o(i._ZN11USARTSerial5flushEv)
    __semihosting_library_function           0x08003d97   Thumb Code     0  indicate_semi.o(.text)
    USARTSerial::available()                 0x08003da5   Thumb Code    16  main.o(i._ZN11USARTSerial9availableEv)
    Print::write(const char*)                0x08003db5   Thumb Code    34  print.o(i._ZN5Print5writeEPKc)
    Print::Print__sub_object()               0x08003dd9   Thumb Code    10  main.o(i._ZN5PrintC2Ev)
    __cxa_pure_virtual                       0x08003de9   Thumb Code     6  pure_virt.o(i.__cxa_pure_virtual)
    __aeabi_dadd                             0x08003df1   Thumb Code     0  daddsub_clz.o(x$fpl$dadd)
    _dadd                                    0x08003df1   Thumb Code   332  daddsub_clz.o(x$fpl$dadd)
    __fpl_dcmp_Inf                           0x08003f41   Thumb Code    24  dcmpi.o(x$fpl$dcmpinf)
    __aeabi_ddiv                             0x08003f59   Thumb Code     0  ddiv.o(x$fpl$ddiv)
    _ddiv                                    0x08003f59   Thumb Code   552  ddiv.o(x$fpl$ddiv)
    __aeabi_d2iz                             0x08004209   Thumb Code     0  dfix.o(x$fpl$dfix)
    _dfix                                    0x08004209   Thumb Code    94  dfix.o(x$fpl$dfix)
    __aeabi_d2uiz                            0x08004269   Thumb Code     0  dfixu.o(x$fpl$dfixu)
    _dfixu                                   0x08004269   Thumb Code    90  dfixu.o(x$fpl$dfixu)
    __aeabi_i2d                              0x080042c3   Thumb Code     0  dflt_clz.o(x$fpl$dflt)
    _dflt                                    0x080042c3   Thumb Code    46  dflt_clz.o(x$fpl$dflt)
    __aeabi_ui2d                             0x080042f1   Thumb Code     0  dflt_clz.o(x$fpl$dfltu)
    _dfltu                                   0x080042f1   Thumb Code    38  dflt_clz.o(x$fpl$dfltu)
    __aeabi_cdcmple                          0x08004319   Thumb Code     0  dleqf.o(x$fpl$dleqf)
    _dcmple                                  0x08004319   Thumb Code   120  dleqf.o(x$fpl$dleqf)
    __fpl_dcmple_InfNaN                      0x0800437b   Thumb Code     0  dleqf.o(x$fpl$dleqf)
    __aeabi_dmul                             0x08004391   Thumb Code     0  dmul.o(x$fpl$dmul)
    _dmul                                    0x08004391   Thumb Code   332  dmul.o(x$fpl$dmul)
    __fpl_dnaninf                            0x080044e5   Thumb Code   156  dnaninf.o(x$fpl$dnaninf)
    __fpl_dretinf                            0x08004581   Thumb Code    12  dretinf.o(x$fpl$dretinf)
    __aeabi_cdrcmple                         0x0800458d   Thumb Code     0  drleqf.o(x$fpl$drleqf)
    _drcmple                                 0x0800458d   Thumb Code   108  drleqf.o(x$fpl$drleqf)
    __aeabi_drsub                            0x080045f9   Thumb Code     0  daddsub_clz.o(x$fpl$drsb)
    _drsb                                    0x080045f9   Thumb Code    22  daddsub_clz.o(x$fpl$drsb)
    __aeabi_dsub                             0x08004611   Thumb Code     0  daddsub_clz.o(x$fpl$dsub)
    _dsub                                    0x08004611   Thumb Code   464  daddsub_clz.o(x$fpl$dsub)
    __aeabi_f2d                              0x080047e5   Thumb Code     0  f2d.o(x$fpl$f2d)
    _f2d                                     0x080047e5   Thumb Code    86  f2d.o(x$fpl$f2d)
    __aeabi_fdiv                             0x0800483d   Thumb Code     0  fdiv.o(x$fpl$fdiv)
    _fdiv                                    0x0800483d   Thumb Code   384  fdiv.o(x$fpl$fdiv)
    __aeabi_ui2f                             0x080049c1   Thumb Code     0  fflt_clz.o(x$fpl$ffltu)
    _ffltu                                   0x080049c1   Thumb Code    38  fflt_clz.o(x$fpl$ffltu)
    __fpl_fnaninf                            0x080049e7   Thumb Code   140  fnaninf.o(x$fpl$fnaninf)
    __fpl_fretinf                            0x08004a73   Thumb Code    10  fretinf.o(x$fpl$fretinf)
    __I$use$fp                               0x08004a7c   Number         0  usenofp.o(x$fpl$usenofp)
    vtable for USARTSerial                   0x08004c64   Data          32  usartserial.o(.constdata__ZTV11USARTSerial)
    vtable for Print                         0x08004c84   Data          16  print.o(.constdata__ZTV5Print)
    vtable for Stream                        0x08004c94   Data          32  main.o(.constdata__ZTV6Stream)
    vtable for ST7032i                       0x08004cb4   Data          16  st7032i.o(.constdata__ZTV7ST7032i)
    Region$$Table$$Base                      0x08004cc4   Number         0  anon$$obj.o(Region$$Table)
    Region$$Table$$Limit                     0x08004ce4   Number         0  anon$$obj.o(Region$$Table)
    SHT$$INIT_ARRAY$$Base                    0x08004ce4   Number         0  main.o(.init_array)
    SHT$$INIT_ARRAY$$Limit                   0x08004ce8   Number         0  main.o(.init_array)
    SystemCoreClock                          0x20000000   Data           4  system_stm32f4xx.o(.data)
    AHBPrescTable                            0x20000004   Data          16  system_stm32f4xx.o(.data)
    __counter_micros                         0x20000014   Data           4  delay.o(.data)
    __counter_millis                         0x20000018   Data           4  delay.o(.data)
    PortPeriph                               0x2000001c   Data          40  gpio.o(.data)
    Port                                     0x20000044   Data          40  gpio.o(.data)
    Pin                                      0x2000006c   Data          34  gpio.o(.data)
    _systick_counter                         0x20000090   Data           4  systick.o(.data)
    lcd                                      0x200000a4   Data          24  main.o(.bss)
    Serial3                                  0x200000bc   Data          28  main.o(.bss)
    I2C1Buffer                               0x200000d8   Data          24  i2c.o(.bss)
    I2C2Buffer                               0x200000f0   Data          24  i2c.o(.bss)
    I2C3Buffer                               0x20000108   Data          24  i2c.o(.bss)
    rxring                                   0x20000120   Data        1572  usart.o(.bss)
    txring                                   0x20000744   Data        1572  usart.o(.bss)
    __libspace_start                         0x20000d68   Data          96  libspace.o(.bss)
    __temporary_stack_top$libspace           0x20000dc8   Data           0  libspace.o(.bss)



==============================================================================

Memory Map of the image

  Image Entry point : 0x08000189

  Load Region LR_IROM1 (Base: 0x08000000, Size: 0x00004d8c, Max: 0x00100000, ABSOLUTE)

    Execution Region ER_IROM1 (Base: 0x08000000, Size: 0x00004ce8, Max: 0x00100000, ABSOLUTE)

    Base Addr    Size         Type   Attr      Idx    E Section Name        Object

    0x08000000   0x00000188   Data   RO            3    RESET               startup_stm32f4xx.o
    0x08000188   0x00000008   Code   RO          885  * !!!main             c_w.l(__main.o)
    0x08000190   0x00000034   Code   RO         1217    !!!scatter          c_w.l(__scatter.o)
    0x080001c4   0x0000001a   Code   RO         1219    !!handler_copy      c_w.l(__scatter_copy.o)
    0x080001de   0x00000002   PAD
    0x080001e0   0x0000001c   Code   RO         1221    !!handler_zi        c_w.l(__scatter_zi.o)
    0x080001fc   0x00000002   Code   RO         1153    .ARM.Collect$$libinit$$00000000  c_w.l(libinit.o)
    0x080001fe   0x00000000   Code   RO         1046    .ARM.Collect$$libinit$$00000002  c_w.l(libinit2.o)
    0x080001fe   0x00000000   Code   RO         1049    .ARM.Collect$$libinit$$00000008  c_w.l(libinit2.o)
    0x080001fe   0x00000000   Code   RO         1051    .ARM.Collect$$libinit$$0000000A  c_w.l(libinit2.o)
    0x080001fe   0x00000000   Code   RO         1053    .ARM.Collect$$libinit$$0000000C  c_w.l(libinit2.o)
    0x080001fe   0x00000000   Code   RO         1056    .ARM.Collect$$libinit$$0000000F  c_w.l(libinit2.o)
    0x080001fe   0x00000000   Code   RO         1058    .ARM.Collect$$libinit$$00000011  c_w.l(libinit2.o)
    0x080001fe   0x00000000   Code   RO         1060    .ARM.Collect$$libinit$$00000013  c_w.l(libinit2.o)
    0x080001fe   0x00000000   Code   RO         1062    .ARM.Collect$$libinit$$00000015  c_w.l(libinit2.o)
    0x080001fe   0x00000000   Code   RO         1064    .ARM.Collect$$libinit$$00000017  c_w.l(libinit2.o)
    0x080001fe   0x00000000   Code   RO         1066    .ARM.Collect$$libinit$$00000019  c_w.l(libinit2.o)
    0x080001fe   0x00000000   Code   RO         1068    .ARM.Collect$$libinit$$0000001B  c_w.l(libinit2.o)
    0x080001fe   0x00000000   Code   RO         1070    .ARM.Collect$$libinit$$0000001D  c_w.l(libinit2.o)
    0x080001fe   0x00000000   Code   RO         1072    .ARM.Collect$$libinit$$0000001F  c_w.l(libinit2.o)
    0x080001fe   0x00000000   Code   RO         1074    .ARM.Collect$$libinit$$00000021  c_w.l(libinit2.o)
    0x080001fe   0x00000000   Code   RO         1076    .ARM.Collect$$libinit$$00000023  c_w.l(libinit2.o)
    0x080001fe   0x00000000   Code   RO         1080    .ARM.Collect$$libinit$$0000002A  c_w.l(libinit2.o)
    0x080001fe   0x00000000   Code   RO         1082    .ARM.Collect$$libinit$$0000002C  c_w.l(libinit2.o)
    0x080001fe   0x00000000   Code   RO         1084    .ARM.Collect$$libinit$$0000002E  c_w.l(libinit2.o)
    0x080001fe   0x00000004   Code   RO         1085    .ARM.Collect$$libinit$$0000002F  c_w.l(libinit2.o)
    0x08000202   0x00000000   Code   RO         1086    .ARM.Collect$$libinit$$00000030  c_w.l(libinit2.o)
    0x08000202   0x00000002   Code   RO         1087    .ARM.Collect$$libinit$$00000031  c_w.l(libinit2.o)
    0x08000204   0x00000002   Code   RO         1199    .ARM.Collect$$libshutdown$$00000000  c_w.l(libshutdown.o)
    0x08000206   0x00000000   Code   RO         1202    .ARM.Collect$$libshutdown$$00000003  c_w.l(libshutdown2.o)
    0x08000206   0x00000000   Code   RO         1205    .ARM.Collect$$libshutdown$$00000006  c_w.l(libshutdown2.o)
    0x08000206   0x00000000   Code   RO         1208    .ARM.Collect$$libshutdown$$00000009  c_w.l(libshutdown2.o)
    0x08000206   0x00000000   Code   RO         1210    .ARM.Collect$$libshutdown$$0000000B  c_w.l(libshutdown2.o)
    0x08000206   0x00000000   Code   RO         1213    .ARM.Collect$$libshutdown$$0000000E  c_w.l(libshutdown2.o)
    0x08000206   0x00000002   Code   RO         1214    .ARM.Collect$$libshutdown$$0000000F  c_w.l(libshutdown2.o)
    0x08000208   0x00000000   Code   RO         1040    .ARM.Collect$$rtentry$$00000000  c_w.l(rtentry.o)
    0x08000208   0x00000000   Code   RO         1110    .ARM.Collect$$rtentry$$00000002  c_w.l(rtentry2.o)
    0x08000208   0x00000006   Code   RO         1122    .ARM.Collect$$rtentry$$00000004  c_w.l(rtentry4.o)
    0x0800020e   0x00000000   Code   RO         1112    .ARM.Collect$$rtentry$$00000009  c_w.l(rtentry2.o)
    0x0800020e   0x00000004   Code   RO         1113    .ARM.Collect$$rtentry$$0000000A  c_w.l(rtentry2.o)
    0x08000212   0x00000000   Code   RO         1115    .ARM.Collect$$rtentry$$0000000C  c_w.l(rtentry2.o)
    0x08000212   0x00000008   Code   RO         1116    .ARM.Collect$$rtentry$$0000000D  c_w.l(rtentry2.o)
    0x0800021a   0x00000002   Code   RO         1164    .ARM.Collect$$rtexit$$00000000  c_w.l(rtexit.o)
    0x0800021c   0x00000000   Code   RO         1175    .ARM.Collect$$rtexit$$00000002  c_w.l(rtexit2.o)
    0x0800021c   0x00000004   Code   RO         1176    .ARM.Collect$$rtexit$$00000003  c_w.l(rtexit2.o)
    0x08000220   0x00000006   Code   RO         1177    .ARM.Collect$$rtexit$$00000004  c_w.l(rtexit2.o)
    0x08000226   0x00000002   PAD
    0x08000228   0x00000040   Code   RO            4    .text               startup_stm32f4xx.o
    0x08000268   0x000004fc   Code   RO           11    .text               main.o
    0x08000764   0x00000018   Code   RO          226    .text               stm32f4xx_it.o
    0x0800077c   0x000001ec   Code   RO          350    .text               system_stm32f4xx.o
    0x08000968   0x00000128   Code   RO          398    .text               delay.o
    0x08000a90   0x000001f4   Code   RO          420    .text               gpio.o
    0x08000c84   0x000003ec   Code   RO          442    .text               i2c.o
    0x08001070   0x00000490   Code   RO          476    .text               print.o
    0x08001500   0x00000350   Code   RO          523    .text               st7032i.o
    0x08001850   0x00000088   Code   RO          652    .text               systick.o
    0x080018d8   0x00000550   Code   RO          678    .text               usart.o
    0x08001e28   0x0000002e   Code   RO          703    .text               usartserial.o
    0x08001e56   0x00000002   PAD
    0x08001e58   0x000000e4   Code   RO          748    .text               misc.o
    0x08001f3c   0x0000024c   Code   RO          780    .text               stm32f4xx_gpio.o
    0x08002188   0x0000040c   Code   RO          796    .text               stm32f4xx_i2c.o
    0x08002594   0x00000580   Code   RO          812    .text               stm32f4xx_rcc.o
    0x08002b14   0x00000ca2   Code   RO          830    .text               stm32f4xx_tim.o
    0x080037b6   0x00000002   PAD
    0x080037b8   0x0000041a   Code   RO          846    .text               stm32f4xx_usart.o
    0x08003bd2   0x0000003e   Code   RO          879    .text               c_w.l(strlen.o)
    0x08003c10   0x00000064   Code   RO          881    .text               c_w.l(rt_memcpy_w.o)
    0x08003c74   0x00000006   Code   RO          883    .text               c_w.l(heapauxi.o)
    0x08003c7a   0x00000002   PAD
    0x08003c7c   0x00000024   Code   RO          890    .text               c_w.l(init_aeabi.o)
    0x08003ca0   0x0000000e   Code   RO         1041    .text               c_w.l(defsig_pvfn_outer.o)
    0x08003cae   0x0000000a   Code   RO         1126    .text               c_w.l(defsig_exit.o)
    0x08003cb8   0x00000030   Code   RO         1128    .text               c_w.l(defsig_pvfn_inner.o)
    0x08003ce8   0x0000000c   Code   RO         1134    .text               c_w.l(sys_exit.o)
    0x08003cf4   0x0000004a   Code   RO         1136    .text               c_w.l(sys_stackheap_outer.o)
    0x08003d3e   0x0000000c   Code   RO         1138    .text               c_w.l(exit.o)
    0x08003d4a   0x00000032   Code   RO         1142    .text               c_w.l(defsig_general.o)
    0x08003d7c   0x0000000e   Code   RO         1154    .text               c_w.l(sys_wrch.o)
    0x08003d8a   0x00000002   PAD
    0x08003d8c   0x00000008   Code   RO         1158    .text               c_w.l(libspace.o)
    0x08003d94   0x00000002   Code   RO         1161    .text               c_w.l(use_no_semi.o)
    0x08003d96   0x00000000   Code   RO         1163    .text               c_w.l(indicate_semi.o)
    0x08003d96   0x0000000e   Code   RO           35    i._ZN11USARTSerial5flushEv  main.o
    0x08003da4   0x00000010   Code   RO           29    i._ZN11USARTSerial9availableEv  main.o
    0x08003db4   0x00000022   Code   RO          488    i._ZN5Print5writeEPKc  print.o
    0x08003dd6   0x00000002   PAD
    0x08003dd8   0x00000010   Code   RO           41    i._ZN5PrintC2Ev     main.o
    0x08003de8   0x00000006   Code   RO          893    i.__cxa_pure_virtual  cpprt_w.l(pure_virt.o)
    0x08003dee   0x00000002   PAD
    0x08003df0   0x00000150   Code   RO          996    x$fpl$dadd          fz_ws.l(daddsub_clz.o)
    0x08003f40   0x00000018   Code   RO         1098    x$fpl$dcmpinf       fz_ws.l(dcmpi.o)
    0x08003f58   0x000002b0   Code   RO         1003    x$fpl$ddiv          fz_ws.l(ddiv.o)
    0x08004208   0x0000005e   Code   RO         1006    x$fpl$dfix          fz_ws.l(dfix.o)
    0x08004266   0x00000002   PAD
    0x08004268   0x0000005a   Code   RO         1010    x$fpl$dfixu         fz_ws.l(dfixu.o)
    0x080042c2   0x0000002e   Code   RO         1015    x$fpl$dflt          fz_ws.l(dflt_clz.o)
    0x080042f0   0x00000026   Code   RO         1014    x$fpl$dfltu         fz_ws.l(dflt_clz.o)
    0x08004316   0x00000002   PAD
    0x08004318   0x00000078   Code   RO         1020    x$fpl$dleqf         fz_ws.l(dleqf.o)
    0x08004390   0x00000154   Code   RO         1022    x$fpl$dmul          fz_ws.l(dmul.o)
    0x080044e4   0x0000009c   Code   RO         1100    x$fpl$dnaninf       fz_ws.l(dnaninf.o)
    0x08004580   0x0000000c   Code   RO         1102    x$fpl$dretinf       fz_ws.l(dretinf.o)
    0x0800458c   0x0000006c   Code   RO         1024    x$fpl$drleqf        fz_ws.l(drleqf.o)
    0x080045f8   0x00000016   Code   RO          997    x$fpl$drsb          fz_ws.l(daddsub_clz.o)
    0x0800460e   0x00000002   PAD
    0x08004610   0x000001d4   Code   RO          998    x$fpl$dsub          fz_ws.l(daddsub_clz.o)
    0x080047e4   0x00000056   Code   RO         1026    x$fpl$f2d           fz_ws.l(f2d.o)
    0x0800483a   0x00000002   PAD
    0x0800483c   0x00000184   Code   RO         1029    x$fpl$fdiv          fz_ws.l(fdiv.o)
    0x080049c0   0x00000026   Code   RO         1032    x$fpl$ffltu         fz_ws.l(fflt_clz.o)
    0x080049e6   0x0000008c   Code   RO         1104    x$fpl$fnaninf       fz_ws.l(fnaninf.o)
    0x08004a72   0x0000000a   Code   RO         1106    x$fpl$fretinf       fz_ws.l(fretinf.o)
    0x08004a7c   0x00000000   Code   RO         1108    x$fpl$usenofp       fz_ws.l(usenofp.o)
    0x08004a7c   0x000001d8   Data   RO           14    .constdata          main.o
    0x08004c54   0x00000010   Data   RO          525    .constdata          st7032i.o
    0x08004c64   0x00000020   Data   RO          716    .constdata__ZTV11USARTSerial  usartserial.o
    0x08004c84   0x00000010   Data   RO          487    .constdata__ZTV5Print  print.o
    0x08004c94   0x00000020   Data   RO           48    .constdata__ZTV6Stream  main.o
    0x08004cb4   0x00000010   Data   RO          538    .constdata__ZTV7ST7032i  st7032i.o
    0x08004cc4   0x00000020   Data   RO         1215    Region$$Table       anon$$obj.o
    0x08004ce4   0x00000004   Data   RO           15    .init_array         main.o


    Execution Region RW_IRAM1 (Base: 0x20000000, Size: 0x000013c8, Max: 0x00020000, ABSOLUTE)

    Base Addr    Size         Type   Attr      Idx    E Section Name        Object

    0x20000000   0x00000014   Data   RW          351    .data               system_stm32f4xx.o
    0x20000014   0x00000008   Data   RW          399    .data               delay.o
    0x2000001c   0x00000072   Data   RW          421    .data               gpio.o
    0x2000008e   0x00000002   PAD
    0x20000090   0x00000004   Data   RW          653    .data               systick.o
    0x20000094   0x00000010   Data   RW          813    .data               stm32f4xx_rcc.o
    0x200000a4   0x00000034   Zero   RW           13    .bss                main.o
    0x200000d8   0x00000048   Zero   RW          443    .bss                i2c.o
    0x20000120   0x00000c48   Zero   RW          679    .bss                usart.o
    0x20000d68   0x00000060   Zero   RW         1159    .bss                c_w.l(libspace.o)
    0x20000dc8   0x00000200   Zero   RW            2    HEAP                startup_stm32f4xx.o
    0x20000fc8   0x00000400   Zero   RW            1    STACK               startup_stm32f4xx.o


==============================================================================

Image component sizes


      Code (inc. data)   RO Data    RW Data    ZI Data      Debug   Object Name

         0          0          0          0          0       1188   adc3dma.o
       296         12          0          8          0       2123   delay.o
       500         44          0        114          0       4289   gpio.o
      1004         34          0          0         72       5151   i2c.o
      1322        168        508          0         52     239772   main.o
       228         22          0          0          0       1865   misc.o
      1202         42         16          0          0      12048   print.o
       848          6         32          0          0     217779   st7032i.o
        64         26        392          0       1536        768   startup_stm32f4xx.o
       588         36          0          0          0       3949   stm32f4xx_gpio.o
      1036         24          0          0          0       7987   stm32f4xx_i2c.o
        24          0          0          0          0     267526   stm32f4xx_it.o
      1408         48          0         16          0      10907   stm32f4xx_rcc.o
      3234         60          0          0          0      22200   stm32f4xx_tim.o
      1050         26          0          0          0       7672   stm32f4xx_usart.o
       492         46          0         20          0       1607   system_stm32f4xx.o
       136         12          0          4          0      20050   systick.o
      1360         76          0          0       3144       6129   usart.o
        46          0         32          0          0       2124   usartserial.o

    ----------------------------------------------------------------------
     14844        682       1012        164       4804     835134   Object Totals
         0          0         32          0          0          0   (incl. Generated)
         6          0          0          2          0          0   (incl. Padding)

    ----------------------------------------------------------------------

      Code (inc. data)   RO Data    RW Data    ZI Data      Debug   Library Member Name

         8          0          0          0          0         68   __main.o
        52          8          0          0          0          0   __scatter.o
        26          0          0          0          0          0   __scatter_copy.o
        28          0          0          0          0          0   __scatter_zi.o
        10          0          0          0          0         68   defsig_exit.o
        50          0          0          0          0         88   defsig_general.o
        48         34          0          0          0         76   defsig_pvfn_inner.o
        14          0          0          0          0         80   defsig_pvfn_outer.o
        12          0          0          0          0         72   exit.o
         6          0          0          0          0        152   heapauxi.o
         0          0          0          0          0          0   indicate_semi.o
        36         10          0          0          0         80   init_aeabi.o
         2          0          0          0          0          0   libinit.o
         6          0          0          0          0          0   libinit2.o
         2          0          0          0          0          0   libshutdown.o
         2          0          0          0          0          0   libshutdown2.o
         8          4          0          0         96         68   libspace.o
       100          0          0          0          0         80   rt_memcpy_w.o
         0          0          0          0          0          0   rtentry.o
        12          0          0          0          0          0   rtentry2.o
         6          0          0          0          0          0   rtentry4.o
         2          0          0          0          0          0   rtexit.o
        10          0          0          0          0          0   rtexit2.o
        62          0          0          0          0         76   strlen.o
        12          4          0          0          0         68   sys_exit.o
        74          0          0          0          0         80   sys_stackheap_outer.o
        14          0          0          0          0         76   sys_wrch.o
         2          0          0          0          0         68   use_no_semi.o
         6          0          0          0          0         68   pure_virt.o
       826         16          0          0          0        356   daddsub_clz.o
        24          0          0          0          0         68   dcmpi.o
       688        140          0          0          0        212   ddiv.o
        94          4          0          0          0         92   dfix.o
        90          4          0          0          0         92   dfixu.o
        84          0          0          0          0        136   dflt_clz.o
       120          4          0          0          0         92   dleqf.o
       340         12          0          0          0        104   dmul.o
       156          4          0          0          0         92   dnaninf.o
        12          0          0          0          0         68   dretinf.o
       108          0          0          0          0         80   drleqf.o
        86          4          0          0          0         84   f2d.o
       388         76          0          0          0         96   fdiv.o
        38          0          0          0          0         68   fflt_clz.o
       140          4          0          0          0         84   fnaninf.o
        10          0          0          0          0         68   fretinf.o
         0          0          0          0          0          0   usenofp.o

    ----------------------------------------------------------------------
      3832        328          0          0         96       3060   Library Totals
        18          0          0          0          0          0   (incl. Padding)

    ----------------------------------------------------------------------

      Code (inc. data)   RO Data    RW Data    ZI Data      Debug   Library Name

       604         60          0          0         96       1200   c_w.l
         6          0          0          0          0         68   cpprt_w.l
      3204        268          0          0          0       1792   fz_ws.l

    ----------------------------------------------------------------------
      3832        328          0          0         96       3060   Library Totals

    ----------------------------------------------------------------------

==============================================================================


      Code (inc. data)   RO Data    RW Data    ZI Data      Debug   

     18676       1010       1012        164       4900     834450   Grand Totals
     18676       1010       1012        164       4900     834450   ELF Image Totals
     18676       1010       1012        164          0          0   ROM Totals

==============================================================================

    Total RO  Size (Code + RO Data)                19688 (  19.23kB)
    Total RW  Size (RW Data + ZI Data)              5064 (   4.95kB)
    Total ROM Size (Code + RO Data + RW Data)      19852 (  19.39kB)

==============================================================================

