ARM Linker, 5.02 [Build 28] [MDK-ARM Lite]

==============================================================================

Section Cross References

    startup_stm32f4xx.o(STACK) refers (Special) to heapauxi.o(.text) for __use_two_region_memory
    startup_stm32f4xx.o(HEAP) refers (Special) to heapauxi.o(.text) for __use_two_region_memory
    startup_stm32f4xx.o(RESET) refers (Special) to heapauxi.o(.text) for __use_two_region_memory
    startup_stm32f4xx.o(RESET) refers to startup_stm32f4xx.o(STACK) for __initial_sp
    startup_stm32f4xx.o(RESET) refers to startup_stm32f4xx.o(.text) for Reset_Handler
    startup_stm32f4xx.o(RESET) refers to stm32f4xx_it.o(.text) for NMI_Handler
    startup_stm32f4xx.o(RESET) refers to systick.o(.text) for SysTick_Handler
    startup_stm32f4xx.o(RESET) refers to delay.o(.text) for TIM2_IRQHandler
    startup_stm32f4xx.o(RESET) refers to i2c.o(.text) for I2C1_EV_IRQHandler
    startup_stm32f4xx.o(RESET) refers to usart.o(.text) for USART1_IRQHandler
    startup_stm32f4xx.o(.text) refers (Special) to heapauxi.o(.text) for __use_two_region_memory
    startup_stm32f4xx.o(.text) refers to system_stm32f4xx.o(.text) for SystemInit
    startup_stm32f4xx.o(.text) refers to __main.o(!!!main) for __main
    startup_stm32f4xx.o(.text) refers to startup_stm32f4xx.o(HEAP) for Heap_Mem
    startup_stm32f4xx.o(.text) refers to startup_stm32f4xx.o(STACK) for Stack_Mem
    main.o(.text) refers to delay.o(.text) for TIM2_timer_start
    main.o(.text) refers to usartserial.o(.text) for USARTSerial::begin(_GPIOPin, _GPIOPin, unsigned)
    main.o(.text) refers to rt_memcpy_w.o(.text) for __aeabi_memcpy4
    main.o(.text) refers to strlen.o(.text) for strlen
    main.o(.text) refers to print.o(.text) for Print::println(const char*)
    main.o(.text) refers to main.o(i._ZN11USARTSerial5flushEv) for USARTSerial::flush()
    main.o(.text) refers to stm32f4xx_rcc.o(.text) for RCC_GetClocksFreq
    main.o(.text) refers to gpio.o(.text) for PinBit
    main.o(.text) refers to i2cwire.o(.text) for I2CWire::begin()
    main.o(.text) refers to st7032i.o(.text) for ST7032i::begin()
    main.o(.text) refers to stm32f4xx_gpio.o(.text) for GPIO_ReadOutputData
    main.o(.text) refers to fflt_clz.o(x$fpl$ffltu) for __aeabi_ui2f
    main.o(.text) refers to fdiv.o(x$fpl$fdiv) for __aeabi_fdiv
    main.o(.text) refers to f2d.o(x$fpl$f2d) for __aeabi_f2d
    main.o(.text) refers to ds1307.o(.text) for DS1307::updateTime()
    main.o(.text) refers to main.o(i._ZN11USARTSerial9availableEv) for USARTSerial::available()
    main.o(.text) refers to usart.o(.text) for usart_read
    main.o(.text) refers to main.o(.bss) for Serial3
    main.o(.text) refers to main.o(.constdata) for .constdata
    main.o(.text) refers to i2c.o(.bss) for I2C1Buffer
    main.o(.text) refers to strtol.o(.text) for strtol
    main.o(.text) refers to main.o(i._ZN6StreamC2Ev) for Stream::Stream__sub_object()
    main.o(.text) refers to usartserial.o(.constdata__ZTV11USARTSerial) for vtable for USARTSerial
    main.o(.text) refers to i2cwire.o(.constdata__ZTV7I2CWire) for vtable for I2CWire
    main.o(.ARM.exidx) refers to main.o(.text) for .text
    main.o(.init_array) refers to main.o(.text) for __sti___8_main_cpp
    main.o(.init_array) refers to init_aeabi.o(.text) for __cpp_initialize__aeabi_
    system_stm32f4xx.o(.text) refers to system_stm32f4xx.o(.data) for SystemCoreClock
    adc3dma.o(.text) refers to stm32f4xx_rcc.o(.text) for RCC_AHB1PeriphClockCmd
    adc3dma.o(.text) refers to stm32f4xx_dma.o(.text) for DMA_Init
    adc3dma.o(.text) refers to stm32f4xx_gpio.o(.text) for GPIO_Init
    adc3dma.o(.text) refers to stm32f4xx_adc.o(.text) for ADC_CommonInit
    adc3dma.o(.text) refers to adc3dma.o(.data) for ADC3ConvertedValue
    delay.o(.text) refers to stm32f4xx_rcc.o(.text) for RCC_GetClocksFreq
    delay.o(.text) refers to stm32f4xx_tim.o(.text) for TIM_TimeBaseInit
    delay.o(.text) refers to misc.o(.text) for NVIC_Init
    delay.o(.text) refers to delay.o(.data) for __counter_micros
    gpio.o(.text) refers to stm32f4xx_rcc.o(.text) for RCC_AHB1PeriphClockCmd
    gpio.o(.text) refers to stm32f4xx_gpio.o(.text) for GPIO_Init
    gpio.o(.text) refers to gpio.o(.data) for Port
    i2c.o(.text) refers to stm32f4xx_rcc.o(.text) for RCC_APB1PeriphClockCmd
    i2c.o(.text) refers to gpio.o(.text) for PinBit
    i2c.o(.text) refers to stm32f4xx_gpio.o(.text) for GPIO_PinAFConfig
    i2c.o(.text) refers to stm32f4xx_i2c.o(.text) for I2C_Init
    i2c.o(.text) refers to misc.o(.text) for NVIC_Init
    i2c.o(.text) refers to delay.o(.text) for millis
    i2c.o(.text) refers to rt_memcpy_v6.o(.text) for __aeabi_memcpy
    i2c.o(.text) refers to i2c.o(.bss) for I2C1Buffer
    print.o(.text) refers to print.o(i._ZN5Print5writeEPKc) for Print::write(const char*)
    print.o(.text) refers to drleqf.o(x$fpl$drleqf) for __aeabi_cdrcmple
[...]
    .ARM.Collect$$rtentry$$00000000          0x0800021a   Section        0  rtentry.o(.ARM.Collect$$rtentry$$00000000)
    .ARM.Collect$$rtentry$$00000002          0x0800021a   Section        0  rtentry2.o(.ARM.Collect$$rtentry$$00000002)
    .ARM.Collect$$rtentry$$00000004          0x0800021a   Section        6  rtentry4.o(.ARM.Collect$$rtentry$$00000004)
    .ARM.Collect$$rtentry$$00000009          0x08000220   Section        0  rtentry2.o(.ARM.Collect$$rtentry$$00000009)
    .ARM.Collect$$rtentry$$0000000A          0x08000220   Section        4  rtentry2.o(.ARM.Collect$$rtentry$$0000000A)
    .ARM.Collect$$rtentry$$0000000C          0x08000224   Section        0  rtentry2.o(.ARM.Collect$$rtentry$$0000000C)
    .ARM.Collect$$rtentry$$0000000D          0x08000224   Section        8  rtentry2.o(.ARM.Collect$$rtentry$$0000000D)
    .ARM.Collect$$rtexit$$00000000           0x0800022c   Section        2  rtexit.o(.ARM.Collect$$rtexit$$00000000)
    .ARM.Collect$$rtexit$$00000002           0x0800022e   Section        0  rtexit2.o(.ARM.Collect$$rtexit$$00000002)
    .ARM.Collect$$rtexit$$00000003           0x0800022e   Section        4  rtexit2.o(.ARM.Collect$$rtexit$$00000003)
    .ARM.Collect$$rtexit$$00000004           0x08000232   Section        6  rtexit2.o(.ARM.Collect$$rtexit$$00000004)
    .text                                    0x08000238   Section       64  startup_stm32f4xx.o(.text)
    .text                                    0x08000278   Section        0  main.o(.text)
    __sti___8_main_cpp                       0x08000793   Thumb Code    70  main.o(.text)
    .text                                    0x08000804   Section        0  stm32f4xx_it.o(.text)
    .text                                    0x0800081c   Section        0  system_stm32f4xx.o(.text)
    SetSysClock                              0x0800081d   Thumb Code   198  system_stm32f4xx.o(.text)
    .text                                    0x08000a08   Section        0  delay.o(.text)
    .text                                    0x08000b30   Section        0  gpio.o(.text)
    .text                                    0x08000d24   Section        0  i2c.o(.text)
    .text                                    0x08001208   Section        0  print.o(.text)
    .text                                    0x080016d0   Section        0  st7032i.o(.text)
    .text                                    0x08001a54   Section        0  systick.o(.text)
    .text                                    0x08001adc   Section        0  usart.o(.text)
    .text                                    0x0800202c   Section        0  usartserial.o(.text)
    .text                                    0x0800205c   Section        0  ds1307.o(.text)
    .text                                    0x08002300   Section        0  i2cwire.o(.text)
    .text                                    0x08002468   Section        0  misc.o(.text)
    .text                                    0x0800254c   Section        0  stm32f4xx_gpio.o(.text)
    .text                                    0x08002798   Section        0  stm32f4xx_i2c.o(.text)
    .text                                    0x08002ba4   Section        0  stm32f4xx_rcc.o(.text)
    .text                                    0x08003124   Section        0  stm32f4xx_tim.o(.text)
    TI4_Config                               0x080038c3   Thumb Code    80  stm32f4xx_tim.o(.text)
    TI3_Config                               0x08003925   Thumb Code    72  stm32f4xx_tim.o(.text)
    TI2_Config                               0x08003987   Thumb Code    90  stm32f4xx_tim.o(.text)
    TI1_Config                               0x080039f3   Thumb Code    58  stm32f4xx_tim.o(.text)
    .text                                    0x08003dc8   Section        0  stm32f4xx_usart.o(.text)
    .text                                    0x080041e2   Section        0  strtol.o(.text)
    .text                                    0x08004252   Section        0  strlen.o(.text)
    .text                                    0x08004290   Section      138  rt_memcpy_v6.o(.text)
    .text                                    0x0800431a   Section      100  rt_memcpy_w.o(.text)
    .text                                    0x0800437e   Section        0  heapauxi.o(.text)
    .text                                    0x08004384   Section        0  init_aeabi.o(.text)
    .text                                    0x080043a8   Section       16  rt_ctype_table.o(.text)
    .text                                    0x080043b8   Section        8  rt_errno_addr_intlibspace.o(.text)
    .text                                    0x080043c0   Section        0  _strtoul.o(.text)
    .text                                    0x0800445e   Section        0  defsig_pvfn_outer.o(.text)
    .text                                    0x0800446c   Section        8  libspace.o(.text)
    .text                                    0x08004474   Section        8  rt_locale_intlibspace.o(.text)
    .text                                    0x0800447c   Section        0  _chval.o(.text)
    .text                                    0x08004498   Section        0  defsig_exit.o(.text)
    .text                                    0x080044a4   Section        0  defsig_pvfn_inner.o(.text)
    .text                                    0x080044d4   Section        0  sys_exit.o(.text)
    .text                                    0x080044e0   Section       74  sys_stackheap_outer.o(.text)
    .text                                    0x0800452a   Section        0  exit.o(.text)
    .text                                    0x08004536   Section        0  defsig_general.o(.text)
    .text                                    0x08004568   Section      128  strcmpv7m.o(.text)
    .text                                    0x080045e8   Section        0  sys_wrch.o(.text)
    .text                                    0x080045f6   Section        2  use_no_semi.o(.text)
    .text                                    0x080045f8   Section        0  indicate_semi.o(.text)
    i._ZN11USARTSerial5flushEv               0x080045f8   Section        0  main.o(i._ZN11USARTSerial5flushEv)
    i._ZN11USARTSerial9availableEv           0x08004606   Section        0  main.o(i._ZN11USARTSerial9availableEv)
    i._ZN5Print5writeEPKc                    0x08004614   Section        0  print.o(i._ZN5Print5writeEPKc)
    i._ZN6StreamC2Ev                         0x08004638   Section        0  main.o(i._ZN6StreamC2Ev)
    i._ZN7I2CWire4readEv                     0x08004658   Section        0  i2cwire.o(i._ZN7I2CWire4readEv)
    i.__cxa_pure_virtual                     0x0800466c   Section        0  pure_virt.o(i.__cxa_pure_virtual)
    locale$$code                             0x08004674   Section       44  lc_ctype_c.o(locale$$code)
    x$fpl$dadd                               0x080046a0   Section      336  daddsub_clz.o(x$fpl$dadd)
    _dadd1                                   0x080046b1   Thumb Code     0  daddsub_clz.o(x$fpl$dadd)
    x$fpl$dcmpinf                            0x080047f0   Section       24  dcmpi.o(x$fpl$dcmpinf)
    x$fpl$ddiv                               0x08004808   Section      688  ddiv.o(x$fpl$ddiv)
    ddiv_entry                               0x0800480f   Thumb Code     0  ddiv.o(x$fpl$ddiv)
    x$fpl$dfix                               0x08004ab8   Section       94  dfix.o(x$fpl$dfix)
    x$fpl$dfixu                              0x08004b18   Section       90  dfixu.o(x$fpl$dfixu)
    x$fpl$dflt                               0x08004b72   Section       46  dflt_clz.o(x$fpl$dflt)
    x$fpl$dfltu                              0x08004ba0   Section       38  dflt_clz.o(x$fpl$dfltu)
    x$fpl$dleqf                              0x08004bc8   Section      120  dleqf.o(x$fpl$dleqf)
    x$fpl$dmul                               0x08004c40   Section      340  dmul.o(x$fpl$dmul)
    x$fpl$dnaninf                            0x08004d94   Section      156  dnaninf.o(x$fpl$dnaninf)
    x$fpl$dretinf                            0x08004e30   Section       12  dretinf.o(x$fpl$dretinf)
    x$fpl$drleqf                             0x08004e3c   Section      108  drleqf.o(x$fpl$drleqf)
    x$fpl$drsb                               0x08004ea8   Section       22  daddsub_clz.o(x$fpl$drsb)
    x$fpl$dsub                               0x08004ec0   Section      468  daddsub_clz.o(x$fpl$dsub)
    _dsub1                                   0x08004ed1   Thumb Code     0  daddsub_clz.o(x$fpl$dsub)
    x$fpl$f2d                                0x08005094   Section       86  f2d.o(x$fpl$f2d)
    x$fpl$fdiv                               0x080050ec   Section      388  fdiv.o(x$fpl$fdiv)
    _fdiv1                                   0x080050ed   Thumb Code     0  fdiv.o(x$fpl$fdiv)
    x$fpl$ffltu                              0x08005270   Section       38  fflt_clz.o(x$fpl$ffltu)
    x$fpl$fnaninf                            0x08005296   Section      140  fnaninf.o(x$fpl$fnaninf)
    x$fpl$fretinf                            0x08005322   Section       10  fretinf.o(x$fpl$fretinf)
    .constdata                               0x0800532c   Section      472  main.o(.constdata)
    x$fpl$usenofp                            0x0800532c   Section        0  usenofp.o(x$fpl$usenofp)
    .constdata                               0x08005504   Section       16  st7032i.o(.constdata)
    .constdata__ZTV11USARTSerial             0x08005514   Section       32  usartserial.o(.constdata__ZTV11USARTSerial)
    .constdata__ZTV5Print                    0x08005534   Section       16  print.o(.constdata__ZTV5Print)
    .constdata__ZTV6Stream                   0x08005544   Section       32  main.o(.constdata__ZTV6Stream)
    .constdata__ZTV7I2CWire                  0x08005564   Section       36  i2cwire.o(.constdata__ZTV7I2CWire)
    .constdata__ZTV7ST7032i                  0x08005588   Section       16  st7032i.o(.constdata__ZTV7ST7032i)
    locale$$data                             0x080055b8   Section      272  lc_ctype_c.o(locale$$data)
    __lcctype_c_name                         0x080055bc   Data           2  lc_ctype_c.o(locale$$data)
    __lcctype_c_start                        0x080055c4   Data           0  lc_ctype_c.o(locale$$data)
    .init_array                              0x080056c8   Section        4  main.o(.init_array)
    __lcctype_c_end                          0x080056c8   Data           0  lc_ctype_c.o(locale$$data)
    .data                                    0x20000000   Section       20  system_stm32f4xx.o(.data)
    .data                                    0x20000014   Section        8  delay.o(.data)
    .data                                    0x2000001c   Section      114  gpio.o(.data)
    .data                                    0x20000090   Section        4  systick.o(.data)
    .data                                    0x20000094   Section       16  stm32f4xx_rcc.o(.data)
    APBAHBPrescTable                         0x20000094   Data          16  stm32f4xx_rcc.o(.data)
    .bss                                     0x200000a4   Section       88  main.o(.bss)
    .bss                                     0x200000fc   Section      828  i2c.o(.bss)
    .bss                                     0x20000438   Section     3144  usart.o(.bss)
    .bss                                     0x20001080   Section       96  libspace.o(.bss)
    HEAP                                     0x200010e0   Section      512  startup_stm32f4xx.o(HEAP)
    Heap_Mem                                 0x200010e0   Data         512  startup_stm32f4xx.o(HEAP)
    STACK                                    0x200012e0   Section     1024  startup_stm32f4xx.o(STACK)
    Stack_Mem                                0x200012e0   Data        1024  startup_stm32f4xx.o(STACK)
    __initial_sp                             0x200016e0   Data           0  startup_stm32f4xx.o(STACK)

    Global Symbols

    Symbol Name                              Value     Ov Type        Size  Object(Section)

    BuildAttributes$$THM_ISAv4$E$P$D$K$B$S$7EM$PE$A:L22UL41UL21$X:L11$S22US41US21$IEEE1$IW$USESV6$~STKCKD$USESV7$~SHL$OSPACE$ROPI$EBA8$UX$STANDARDLIB$REQ8$PRES8$EABIv2 0x00000000   Number         0  anon$$obj.o ABSOLUTE
    __ARM_use_no_argv                        0x00000000   Number         0  main.o ABSOLUTE
    __ARM_exceptions_init                     - Undefined Weak Reference
    __alloca_initialize                       - Undefined Weak Reference
    __cxa_finalize                            - Undefined Weak Reference
    __sigvec_lookup                           - Undefined Weak Reference
    _atexit_init                              - Undefined Weak Reference
    _call_atexit_fns                          - Undefined Weak Reference
    _clock_init                               - Undefined Weak Reference
    _fp_trap_init                             - Undefined Weak Reference
    _fp_trap_shutdown                         - Undefined Weak Reference
    _get_lc_collate                           - Undefined Weak Reference
    _get_lc_monetary                          - Undefined Weak Reference
    _get_lc_numeric                           - Undefined Weak Reference
    _get_lc_time                              - Undefined Weak Reference
    _getenv_init                              - Undefined Weak Reference
    _handle_redirection                       - Undefined Weak Reference
    _init_alloc                               - Undefined Weak Reference
    _init_user_alloc                          - Undefined Weak Reference
    _initio                                   - Undefined Weak Reference
    _rand_init                                - Undefined Weak Reference
    _signal_finish                            - Undefined Weak Reference
    _signal_init                              - Undefined Weak Reference
    _terminate_alloc                          - Undefined Weak Reference
    _terminate_user_alloc                     - Undefined Weak Reference
    _terminateio                              - Undefined Weak Reference
    __Vectors_Size                           0x00000188   Number         0  startup_stm32f4xx.o ABSOLUTE
    __Vectors                                0x08000000   Data           4  startup_stm32f4xx.o(RESET)
    __Vectors_End                            0x08000188   Data           0  startup_stm32f4xx.o(RESET)
    __main                                   0x08000189   Thumb Code     8  __main.o(!!!main)
    __scatterload                            0x08000191   Thumb Code     0  __scatter.o(!!!scatter)
    __scatterload_rt2                        0x08000191   Thumb Code    44  __scatter.o(!!!scatter)
    __scatterload_rt2_thumb_only             0x08000191   Thumb Code     0  __scatter.o(!!!scatter)
    __scatterload_null                       0x0800019f   Thumb Code     0  __scatter.o(!!!scatter)
    __scatterload_copy                       0x080001c5   Thumb Code    26  __scatter_copy.o(!!handler_copy)
    __scatterload_zeroinit                   0x080001e1   Thumb Code    28  __scatter_zi.o(!!handler_zi)
    __rt_lib_init                            0x080001fd   Thumb Code     0  libinit.o(.ARM.Collect$$libinit$$00000000)
    __rt_lib_init_fp_1                       0x080001ff   Thumb Code     0  libinit2.o(.ARM.Collect$$libinit$$00000002)
    __rt_lib_init_heap_1                     0x080001ff   Thumb Code     0  libinit2.o(.ARM.Collect$$libinit$$00000008)
    __rt_lib_init_lc_common                  0x080001ff   Thumb Code     0  libinit2.o(.ARM.Collect$$libinit$$0000000D)
    __rt_lib_init_rand_1                     0x080001ff   Thumb Code     0  libinit2.o(.ARM.Collect$$libinit$$0000000C)
    __rt_lib_init_user_alloc_1               0x080001ff   Thumb Code     0  libinit2.o(.ARM.Collect$$libinit$$0000000A)
    __rt_lib_init_lc_collate_1               0x08000205   Thumb Code     0  libinit2.o(.ARM.Collect$$libinit$$0000000F)
    __rt_lib_init_lc_ctype_2                 0x08000205   Thumb Code     0  libinit2.o(.ARM.Collect$$libinit$$00000010)
    __rt_lib_init_alloca_1                   0x08000211   Thumb Code     0  libinit2.o(.ARM.Collect$$libinit$$0000002C)
    __rt_lib_init_argv_1                     0x08000211   Thumb Code     0  libinit2.o(.ARM.Collect$$libinit$$0000002A)
    __rt_lib_init_atexit_1                   0x08000211   Thumb Code     0  libinit2.o(.ARM.Collect$$libinit$$00000019)
    __rt_lib_init_clock_1                    0x08000211   Thumb Code     0  libinit2.o(.ARM.Collect$$libinit$$0000001F)
    __rt_lib_init_cpp_2                      0x08000211   Thumb Code     0  libinit2.o(.ARM.Collect$$libinit$$0000002F)
    __rt_lib_init_exceptions_1               0x08000211   Thumb Code     0  libinit2.o(.ARM.Collect$$libinit$$0000002E)
    __rt_lib_init_fp_trap_1                  0x08000211   Thumb Code     0  libinit2.o(.ARM.Collect$$libinit$$0000001D)
    __rt_lib_init_getenv_1                   0x08000211   Thumb Code     0  libinit2.o(.ARM.Collect$$libinit$$00000021)
    __rt_lib_init_lc_ctype_1                 0x08000211   Thumb Code     0  libinit2.o(.ARM.Collect$$libinit$$00000011)
    __rt_lib_init_lc_monetary_1              0x08000211   Thumb Code     0  libinit2.o(.ARM.Collect$$libinit$$00000013)
    __rt_lib_init_lc_numeric_1               0x08000211   Thumb Code     0  libinit2.o(.ARM.Collect$$libinit$$00000015)
    __rt_lib_init_lc_time_1                  0x08000211   Thumb Code     0  libinit2.o(.ARM.Collect$$libinit$$00000017)
    __rt_lib_init_signal_1                   0x08000211   Thumb Code     0  libinit2.o(.ARM.Collect$$libinit$$0000001B)
    __rt_lib_init_stdio_1                    0x08000211   Thumb Code     0  libinit2.o(.ARM.Collect$$libinit$$00000023)
    __rt_lib_init_cpp_1                      0x08000215   Thumb Code     0  libinit2.o(.ARM.Collect$$libinit$$00000030)
    __rt_lib_init_return                     0x08000215   Thumb Code     0  libinit2.o(.ARM.Collect$$libinit$$00000031)
    __rt_lib_shutdown                        0x08000217   Thumb Code     0  libshutdown.o(.ARM.Collect$$libshutdown$$00000000)
    __rt_lib_shutdown_fp_trap_1              0x08000219   Thumb Code     0  libshutdown2.o(.ARM.Collect$$libshutdown$$00000006)
    __rt_lib_shutdown_heap_1                 0x08000219   Thumb Code     0  libshutdown2.o(.ARM.Collect$$libshutdown$$0000000E)
    __rt_lib_shutdown_return                 0x08000219   Thumb Code     0  libshutdown2.o(.ARM.Collect$$libshutdown$$0000000F)
    __rt_lib_shutdown_signal_1               0x08000219   Thumb Code     0  libshutdown2.o(.ARM.Collect$$libshutdown$$00000009)
    __rt_lib_shutdown_stdio_1                0x08000219   Thumb Code     0  libshutdown2.o(.ARM.Collect$$libshutdown$$00000003)
    __rt_lib_shutdown_user_alloc_1           0x08000219   Thumb Code     0  libshutdown2.o(.ARM.Collect$$libshutdown$$0000000B)
    __rt_entry                               0x0800021b   Thumb Code     0  rtentry.o(.ARM.Collect$$rtentry$$00000000)
    __rt_entry_presh_1                       0x0800021b   Thumb Code     0  rtentry2.o(.ARM.Collect$$rtentry$$00000002)
    __rt_entry_sh                            0x0800021b   Thumb Code     0  rtentry4.o(.ARM.Collect$$rtentry$$00000004)
    __rt_entry_li                            0x08000221   Thumb Code     0  rtentry2.o(.ARM.Collect$$rtentry$$0000000A)
    __rt_entry_postsh_1                      0x08000221   Thumb Code     0  rtentry2.o(.ARM.Collect$$rtentry$$00000009)
    __rt_entry_main                          0x08000225   Thumb Code     0  rtentry2.o(.ARM.Collect$$rtentry$$0000000D)
    __rt_entry_postli_1                      0x08000225   Thumb Code     0  rtentry2.o(.ARM.Collect$$rtentry$$0000000C)
    __rt_exit                                0x0800022d   Thumb Code     0  rtexit.o(.ARM.Collect$$rtexit$$00000000)
    __rt_exit_ls                             0x0800022f   Thumb Code     0  rtexit2.o(.ARM.Collect$$rtexit$$00000003)
    __rt_exit_prels_1                        0x0800022f   Thumb Code     0  rtexit2.o(.ARM.Collect$$rtexit$$00000002)
    __rt_exit_exit                           0x08000233   Thumb Code     0  rtexit2.o(.ARM.Collect$$rtexit$$00000004)
    Reset_Handler                            0x08000239   Thumb Code     8  startup_stm32f4xx.o(.text)
    ADC_IRQHandler                           0x08000253   Thumb Code     0  startup_stm32f4xx.o(.text)
    CAN1_RX0_IRQHandler                      0x08000253   Thumb Code     0  startup_stm32f4xx.o(.text)
    CAN1_RX1_IRQHandler                      0x08000253   Thumb Code     0  startup_stm32f4xx.o(.text)
    CAN1_SCE_IRQHandler                      0x08000253   Thumb Code     0  startup_stm32f4xx.o(.text)
    CAN1_TX_IRQHandler                       0x08000253   Thumb Code     0  startup_stm32f4xx.o(.text)
    CAN2_RX0_IRQHandler                      0x08000253   Thumb Code     0  startup_stm32f4xx.o(.text)
    CAN2_RX1_IRQHandler                      0x08000253   Thumb Code     0  startup_stm32f4xx.o(.text)
    CAN2_SCE_IRQHandler                      0x08000253   Thumb Code     0  startup_stm32f4xx.o(.text)
    CAN2_TX_IRQHandler                       0x08000253   Thumb Code     0  startup_stm32f4xx.o(.text)
    CRYP_IRQHandler                          0x08000253   Thumb Code     0  startup_stm32f4xx.o(.text)
    DCMI_IRQHandler                          0x08000253   Thumb Code     0  startup_stm32f4xx.o(.text)
    DMA1_Stream0_IRQHandler                  0x08000253   Thumb Code     0  startup_stm32f4xx.o(.text)
    DMA1_Stream1_IRQHandler                  0x08000253   Thumb Code     0  startup_stm32f4xx.o(.text)
    DMA1_Stream2_IRQHandler                  0x08000253   Thumb Code     0  startup_stm32f4xx.o(.text)
    DMA1_Stream3_IRQHandler                  0x08000253   Thumb Code     0  startup_stm32f4xx.o(.text)
    DMA1_Stream4_IRQHandler                  0x08000253   Thumb Code     0  startup_stm32f4xx.o(.text)
    DMA1_Stream5_IRQHandler                  0x08000253   Thumb Code     0  startup_stm32f4xx.o(.text)
    DMA1_Stream6_IRQHandler                  0x08000253   Thumb Code     0  startup_stm32f4xx.o(.text)
    DMA1_Stream7_IRQHandler                  0x08000253   Thumb Code     0  startup_stm32f4xx.o(.text)
    DMA2_Stream0_IRQHandler                  0x08000253   Thumb Code     0  startup_stm32f4xx.o(.text)
    DMA2_Stream1_IRQHandler                  0x08000253   Thumb Code     0  startup_stm32f4xx.o(.text)
    DMA2_Stream2_IRQHandler                  0x08000253   Thumb Code     0  startup_stm32f4xx.o(.text)
    DMA2_Stream3_IRQHandler                  0x08000253   Thumb Code     0  startup_stm32f4xx.o(.text)
    DMA2_Stream4_IRQHandler                  0x08000253   Thumb Code     0  startup_stm32f4xx.o(.text)
    DMA2_Stream5_IRQHandler                  0x08000253   Thumb Code     0  startup_stm32f4xx.o(.text)
    DMA2_Stream6_IRQHandler                  0x08000253   Thumb Code     0  startup_stm32f4xx.o(.text)
    DMA2_Stream7_IRQHandler                  0x08000253   Thumb Code     0  startup_stm32f4xx.o(.text)
    ETH_IRQHandler                           0x08000253   Thumb Code     0  startup_stm32f4xx.o(.text)
    ETH_WKUP_IRQHandler                      0x08000253   Thumb Code     0  startup_stm32f4xx.o(.text)
    EXTI0_IRQHandler                         0x08000253   Thumb Code     0  startup_stm32f4xx.o(.text)
    EXTI15_10_IRQHandler                     0x08000253   Thumb Code     0  startup_stm32f4xx.o(.text)
    EXTI1_IRQHandler                         0x08000253   Thumb Code     0  startup_stm32f4xx.o(.text)
    EXTI2_IRQHandler                         0x08000253   Thumb Code     0  startup_stm32f4xx.o(.text)
    EXTI3_IRQHandler                         0x08000253   Thumb Code     0  startup_stm32f4xx.o(.text)
    EXTI4_IRQHandler                         0x08000253   Thumb Code     0  startup_stm32f4xx.o(.text)
    EXTI9_5_IRQHandler                       0x08000253   Thumb Code     0  startup_stm32f4xx.o(.text)
    FLASH_IRQHandler                         0x08000253   Thumb Code     0  startup_stm32f4xx.o(.text)
    FPU_IRQHandler                           0x08000253   Thumb Code     0  startup_stm32f4xx.o(.text)
    FSMC_IRQHandler                          0x08000253   Thumb Code     0  startup_stm32f4xx.o(.text)
    HASH_RNG_IRQHandler                      0x08000253   Thumb Code     0  startup_stm32f4xx.o(.text)
    I2C2_ER_IRQHandler                       0x08000253   Thumb Code     0  startup_stm32f4xx.o(.text)
    I2C2_EV_IRQHandler                       0x08000253   Thumb Code     0  startup_stm32f4xx.o(.text)
    I2C3_ER_IRQHandler                       0x08000253   Thumb Code     0  startup_stm32f4xx.o(.text)
    I2C3_EV_IRQHandler                       0x08000253   Thumb Code     0  startup_stm32f4xx.o(.text)
    OTG_FS_IRQHandler                        0x08000253   Thumb Code     0  startup_stm32f4xx.o(.text)
    OTG_FS_WKUP_IRQHandler                   0x08000253   Thumb Code     0  startup_stm32f4xx.o(.text)
    OTG_HS_EP1_IN_IRQHandler                 0x08000253   Thumb Code     0  startup_stm32f4xx.o(.text)
    OTG_HS_EP1_OUT_IRQHandler                0x08000253   Thumb Code     0  startup_stm32f4xx.o(.text)
    OTG_HS_IRQHandler                        0x08000253   Thumb Code     0  startup_stm32f4xx.o(.text)
    OTG_HS_WKUP_IRQHandler                   0x08000253   Thumb Code     0  startup_stm32f4xx.o(.text)
    PVD_IRQHandler                           0x08000253   Thumb Code     0  startup_stm32f4xx.o(.text)
    RCC_IRQHandler                           0x08000253   Thumb Code     0  startup_stm32f4xx.o(.text)
    RTC_Alarm_IRQHandler                     0x08000253   Thumb Code     0  startup_stm32f4xx.o(.text)
    RTC_WKUP_IRQHandler                      0x08000253   Thumb Code     0  startup_stm32f4xx.o(.text)
    SDIO_IRQHandler                          0x08000253   Thumb Code     0  startup_stm32f4xx.o(.text)
    SPI1_IRQHandler                          0x08000253   Thumb Code     0  startup_stm32f4xx.o(.text)
    SPI2_IRQHandler                          0x08000253   Thumb Code     0  startup_stm32f4xx.o(.text)
    SPI3_IRQHandler                          0x08000253   Thumb Code     0  startup_stm32f4xx.o(.text)
    TAMP_STAMP_IRQHandler                    0x08000253   Thumb Code     0  startup_stm32f4xx.o(.text)
    TIM1_BRK_TIM9_IRQHandler                 0x08000253   Thumb Code     0  startup_stm32f4xx.o(.text)
    TIM1_CC_IRQHandler                       0x08000253   Thumb Code     0  startup_stm32f4xx.o(.text)
    TIM1_TRG_COM_TIM11_IRQHandler            0x08000253   Thumb Code     0  startup_stm32f4xx.o(.text)
    TIM1_UP_TIM10_IRQHandler                 0x08000253   Thumb Code     0  startup_stm32f4xx.o(.text)
    TIM3_IRQHandler                          0x08000253   Thumb Code     0  startup_stm32f4xx.o(.text)
    TIM4_IRQHandler                          0x08000253   Thumb Code     0  startup_stm32f4xx.o(.text)
    TIM5_IRQHandler                          0x08000253   Thumb Code     0  startup_stm32f4xx.o(.text)
    TIM6_DAC_IRQHandler                      0x08000253   Thumb Code     0  startup_stm32f4xx.o(.text)
    TIM7_IRQHandler                          0x08000253   Thumb Code     0  startup_stm32f4xx.o(.text)
    TIM8_BRK_TIM12_IRQHandler                0x08000253   Thumb Code     0  startup_stm32f4xx.o(.text)
    TIM8_CC_IRQHandler                       0x08000253   Thumb Code     0  startup_stm32f4xx.o(.text)
    TIM8_TRG_COM_TIM14_IRQHandler            0x08000253   Thumb Code     0  startup_stm32f4xx.o(.text)
    TIM8_UP_TIM13_IRQHandler                 0x08000253   Thumb Code     0  startup_stm32f4xx.o(.text)
    UART5_IRQHandler                         0x08000253   Thumb Code     0  startup_stm32f4xx.o(.text)
    USART6_IRQHandler                        0x08000253   Thumb Code     0  startup_stm32f4xx.o(.text)
    WWDG_IRQHandler                          0x08000253   Thumb Code     0  startup_stm32f4xx.o(.text)
    __user_initial_stackheap                 0x08000255   Thumb Code     0  startup_stm32f4xx.o(.text)
    main                                     0x08000279   Thumb Code  1306  main.o(.text)
    NMI_Handler                              0x08000805   Thumb Code     2  stm32f4xx_it.o(.text)
    HardFault_Handler                        0x08000807   Thumb Code     4  stm32f4xx_it.o(.text)
    MemManage_Handler                        0x0800080b   Thumb Code     4  stm32f4xx_it.o(.text)
    BusFault_Handler                         0x0800080f   Thumb Code     4  stm32f4xx_it.o(.text)
    UsageFault_Handler                       0x08000813   Thumb Code     4  stm32f4xx_it.o(.text)
    SVC_Handler                              0x08000817   Thumb Code     2  stm32f4xx_it.o(.text)
    DebugMon_Handler                         0x08000819   Thumb Code     2  stm32f4xx_it.o(.text)
    PendSV_Handler                           0x0800081b   Thumb Code     2  stm32f4xx_it.o(.text)
    SystemInit                               0x080008e3   Thumb Code    74  system_stm32f4xx.o(.text)
    SystemCoreClockUpdate                    0x0800092d   Thumb Code   174  system_stm32f4xx.o(.text)
    TIM2_timer_start                         0x08000a09   Thumb Code   136  delay.o(.text)
    micros                                   0x08000a91   Thumb Code    18  delay.o(.text)
    millis                                   0x08000aa3   Thumb Code     6  delay.o(.text)
    delay_ms                                 0x08000aa9   Thumb Code    40  delay.o(.text)
    delay_us                                 0x08000ad1   Thumb Code    40  delay.o(.text)
    TIM2_IRQHandler                          0x08000af9   Thumb Code    44  delay.o(.text)
    PinPort                                  0x08000b31   Thumb Code    14  gpio.o(.text)
    PinBit                                   0x08000b3f   Thumb Code    14  gpio.o(.text)
    PinSource                                0x08000b4d   Thumb Code     8  gpio.o(.text)
    pinMode                                  0x08000b55   Thumb Code    68  gpio.o(.text)
    digitalWrite                             0x08000b99   Thumb Code    60  gpio.o(.text)
    digitalRead                              0x08000bd5   Thumb Code    88  gpio.o(.text)
    GPIOMode                                 0x08000c2d   Thumb Code   188  gpio.o(.text)
    GPIOWrite                                0x08000ce9   Thumb Code    16  gpio.o(.text)
    i2c_begin                                0x08000d25   Thumb Code   356  i2c.o(.text)
    i2c_start_send                           0x08000e89   Thumb Code   232  i2c.o(.text)
    i2c_transmit                             0x08000f71   Thumb Code    66  i2c.o(.text)
    i2c_request                              0x08000fb3   Thumb Code    74  i2c.o(.text)
    i2c_start_receive                        0x08000ffd   Thumb Code   252  i2c.o(.text)
    i2c_receive                              0x080010f9   Thumb Code   100  i2c.o(.text)
    I2C1_EV_IRQHandler                       0x0800115d   Thumb Code   112  i2c.o(.text)
    I2C1_ER_IRQHandler                       0x080011cd   Thumb Code    46  i2c.o(.text)
    Print::printNumber(unsigned, unsigned char) 0x08001209   Thumb Code    74  print.o(.text)
    Print::print(char)                       0x08001253   Thumb Code    18  print.o(.text)
    Print::print(int, unsigned char)         0x08001265   Thumb Code    84  print.o(.text)
    Print::print(const char*)                0x080012b9   Thumb Code    16  print.o(.text)
    Print::print(unsigned, unsigned char)    0x080012c9   Thumb Code    34  print.o(.text)
    Print::printFloat(double, unsigned char) 0x080012eb   Thumb Code   378  print.o(.text)
    Print::write(const unsigned char*, unsigned) 0x08001465   Thumb Code    42  print.o(.text)
    Print::print(unsigned char, unsigned char) 0x0800148f   Thumb Code    20  print.o(.text)
    Print::print(short, unsigned char)       0x080014a3   Thumb Code    20  print.o(.text)
    Print::print(unsigned short, unsigned char) 0x080014b7   Thumb Code    20  print.o(.text)
    Print::print(double, unsigned char)      0x080014cb   Thumb Code    24  print.o(.text)
    Print::printByte(unsigned char)          0x080014e3   Thumb Code    38  print.o(.text)
    Print::printByte(unsigned char*, unsigned char, char) 0x08001509   Thumb Code    50  print.o(.text)
    Print::printByte(unsigned)               0x0800153b   Thumb Code    56  print.o(.text)
    Print::println()                         0x08001573   Thumb Code    28  print.o(.text)
    Print::println(const char*)              0x0800158f   Thumb Code    28  print.o(.text)
    Print::println(char)                     0x080015ab   Thumb Code    28  print.o(.text)
    Print::println(unsigned char, unsigned char) 0x080015c7   Thumb Code    36  print.o(.text)
    Print::println(short, unsigned char)     0x080015eb   Thumb Code    36  print.o(.text)
    Print::println(unsigned short, unsigned char) 0x0800160f   Thumb Code    36  print.o(.text)
    Print::println(int, unsigned char)       0x08001633   Thumb Code    36  print.o(.text)
    Print::println(unsigned, unsigned char)  0x08001657   Thumb Code    36  print.o(.text)
    Print::println(double, unsigned char)    0x0800167b   Thumb Code    44  print.o(.text)
    ST7032i::command(unsigned char)          0x080016d1   Thumb Code    50  st7032i.o(.text)
    ST7032i::ST7032i(I2CWire&)               0x08001703   Thumb Code    64  st7032i.o(.text)
    ST7032i::ST7032i__sub_object(I2CWire&)   0x08001703   Thumb Code     0  st7032i.o(.text)
    ST7032i::clear()                         0x08001743   Thumb Code    24  st7032i.o(.text)
    ST7032i::display()                       0x0800175b   Thumb Code    26  st7032i.o(.text)
    ST7032i::begin()                         0x08001775   Thumb Code   184  st7032i.o(.text)
    ST7032i::write(unsigned char)            0x0800182d   Thumb Code    58  st7032i.o(.text)
    ST7032i::home()                          0x08001867   Thumb Code    24  st7032i.o(.text)
    ST7032i::setCursor(unsigned char, unsigned char) 0x0800187f   Thumb Code    56  st7032i.o(.text)
    ST7032i::noDisplay()                     0x080018b7   Thumb Code    26  st7032i.o(.text)
    ST7032i::setContrast(unsigned char)      0x080018d1   Thumb Code    88  st7032i.o(.text)
    ST7032i::noBlink()                       0x08001929   Thumb Code    26  st7032i.o(.text)
    ST7032i::blink()                         0x08001943   Thumb Code    26  st7032i.o(.text)
    ST7032i::noCursor()                      0x0800195d   Thumb Code    26  st7032i.o(.text)
    ST7032i::showCursor()                    0x08001977   Thumb Code    26  st7032i.o(.text)
    ST7032i::scrollDisplayLeft()             0x08001991   Thumb Code    14  st7032i.o(.text)
    ST7032i::scrollDisplayRight()            0x0800199f   Thumb Code    14  st7032i.o(.text)
    ST7032i::leftToRight()                   0x080019ad   Thumb Code    26  st7032i.o(.text)
    ST7032i::rightToLeft()                   0x080019c7   Thumb Code    26  st7032i.o(.text)
    ST7032i::autoscroll()                    0x080019e1   Thumb Code    26  st7032i.o(.text)
    ST7032i::noAutoscroll()                  0x080019fb   Thumb Code    26  st7032i.o(.text)
    ST7032i::createChar(unsigned char, unsigned char*) 0x08001a15   Thumb Code    50  st7032i.o(.text)
    SysTick_Handler                          0x08001a55   Thumb Code    12  systick.o(.text)
    SysTick_delay                            0x08001a61   Thumb Code    18  systick.o(.text)
    SysTick_Start                            0x08001a73   Thumb Code    88  systick.o(.text)
    SysTick_count                            0x08001acb   Thumb Code     6  systick.o(.text)
    ring_clear                               0x08001add   Thumb Code    16  usart.o(.text)
    ring_count                               0x08001aed   Thumb Code     8  usart.o(.text)
    ring_is_full                             0x08001af5   Thumb Code    30  usart.o(.text)
    ring_enque                               0x08001b13   Thumb Code    72  usart.o(.text)
    ring_deque                               0x08001b5b   Thumb Code    70  usart.o(.text)
    ring_peek                                0x08001ba1   Thumb Code    28  usart.o(.text)
    usart_begin                              0x08001bbd   Thumb Code   450  usart.o(.text)
    usart_polling_write                      0x08001d7f   Thumb Code    30  usart.o(.text)
    usart_write                              0x08001d9d   Thumb Code    70  usart.o(.text)
    usart_print                              0x08001de3   Thumb Code    32  usart.o(.text)
    usart_polling_read                       0x08001e03   Thumb Code    12  usart.o(.text)
    usart_read                               0x08001e0f   Thumb Code    26  usart.o(.text)
    usart_flush                              0x08001e29   Thumb Code    44  usart.o(.text)
    usart_peek                               0x08001e55   Thumb Code    12  usart.o(.text)
    usart_available                          0x08001e61   Thumb Code    12  usart.o(.text)
    USART1_IRQHandler                        0x08001e6d   Thumb Code    92  usart.o(.text)
    USART2_IRQHandler                        0x08001ec9   Thumb Code    92  usart.o(.text)
    USART3_IRQHandler                        0x08001f25   Thumb Code    92  usart.o(.text)
    UART4_IRQHandler                         0x08001f81   Thumb Code   164  usart.o(.text)
    USARTSerial::begin(_GPIOPin, _GPIOPin, unsigned) 0x0800202d   Thumb Code    28  usartserial.o(.text)
    USARTSerial::write(unsigned char)        0x08002049   Thumb Code    18  usartserial.o(.text)
    DS1307::readRegisters(unsigned char, unsigned char*, unsigned char) 0x0800205d   Thumb Code    72  ds1307.o(.text)
    DS1307::writeRegisters(unsigned char, unsigned char*, unsigned char) 0x080020a5   Thumb Code    70  ds1307.o(.text)
    DS1307::updateTime()                     0x080020eb   Thumb Code    26  ds1307.o(.text)
    DS1307::updateCalendar()                 0x08002105   Thumb Code    28  ds1307.o(.text)
    DS1307::setTime(const long&)             0x08002121   Thumb Code    20  ds1307.o(.text)
    DS1307::setCalendar(const long&)         0x08002135   Thumb Code    20  ds1307.o(.text)
    DS1307::writeRegister(unsigned char, unsigned char) 0x08002149   Thumb Code    34  ds1307.o(.text)
    DS1307::readRegister(unsigned char)      0x0800216b   Thumb Code    38  ds1307.o(.text)
    DS1307::start()                          0x08002191   Thumb Code    22  ds1307.o(.text)
    DS1307::stop()                           0x080021a7   Thumb Code    40  ds1307.o(.text)
    DS1307::JD2000(unsigned char, unsigned char, unsigned char) 0x080021cf   Thumb Code   174  ds1307.o(.text)
    DS1307::JD2000(const long&)              0x0800227d   Thumb Code    72  ds1307.o(.text)
    DS1307::dayOfWeek()                      0x080022c5   Thumb Code    30  ds1307.o(.text)
    I2CWire::begin()                         0x08002301   Thumb Code    24  i2cwire.o(.text)
    I2CWire::beginTransmission(unsigned char) 0x08002319   Thumb Code    22  i2cwire.o(.text)
    I2CWire::endTransmission(unsigned char)  0x0800232f   Thumb Code   126  i2cwire.o(.text)
    I2CWire::endRequest()                    0x080023ad   Thumb Code    18  i2cwire.o(.text)
    I2CWire::receiveFrom(unsigned char, unsigned short) 0x080023bf   Thumb Code   104  i2cwire.o(.text)
    I2CWire::write(unsigned char)            0x08002427   Thumb Code    50  i2cwire.o(.text)
    I2CWire::flush()                         0x08002459   Thumb Code     2  i2cwire.o(.text)
    NVIC_PriorityGroupConfig                 0x08002469   Thumb Code    10  misc.o(.text)
    NVIC_Init                                0x08002473   Thumb Code   108  misc.o(.text)
    NVIC_SetVectorTable                      0x080024df   Thumb Code    14  misc.o(.text)
    NVIC_SystemLPConfig                      0x080024ed   Thumb Code    34  misc.o(.text)
    SysTick_CLKSourceConfig                  0x0800250f   Thumb Code    40  misc.o(.text)
    GPIO_DeInit                              0x0800254d   Thumb Code   220  stm32f4xx_gpio.o(.text)
    GPIO_Init                                0x08002629   Thumb Code   144  stm32f4xx_gpio.o(.text)
    GPIO_StructInit                          0x080026b9   Thumb Code    18  stm32f4xx_gpio.o(.text)
    GPIO_PinLockConfig                       0x080026cb   Thumb Code    18  stm32f4xx_gpio.o(.text)
    GPIO_ReadInputDataBit                    0x080026dd   Thumb Code    18  stm32f4xx_gpio.o(.text)
    GPIO_ReadInputData                       0x080026ef   Thumb Code     8  stm32f4xx_gpio.o(.text)
    GPIO_ReadOutputDataBit                   0x080026f7   Thumb Code    18  stm32f4xx_gpio.o(.text)
    GPIO_ReadOutputData                      0x08002709   Thumb Code     8  stm32f4xx_gpio.o(.text)
    GPIO_SetBits                             0x08002711   Thumb Code     4  stm32f4xx_gpio.o(.text)
    GPIO_ResetBits                           0x08002715   Thumb Code     4  stm32f4xx_gpio.o(.text)
    GPIO_WriteBit                            0x08002719   Thumb Code    10  stm32f4xx_gpio.o(.text)
    GPIO_Write                               0x08002723   Thumb Code     4  stm32f4xx_gpio.o(.text)
    GPIO_ToggleBits                          0x08002727   Thumb Code     8  stm32f4xx_gpio.o(.text)
    GPIO_PinAFConfig                         0x0800272f   Thumb Code    70  stm32f4xx_gpio.o(.text)
    I2C_DeInit                               0x08002799   Thumb Code    82  stm32f4xx_i2c.o(.text)
    I2C_Init                                 0x080027eb   Thumb Code   218  stm32f4xx_i2c.o(.text)
    I2C_StructInit                           0x080028c5   Thumb Code    30  stm32f4xx_i2c.o(.text)
    I2C_Cmd                                  0x080028e3   Thumb Code    24  stm32f4xx_i2c.o(.text)
    I2C_GenerateSTART                        0x080028fb   Thumb Code    24  stm32f4xx_i2c.o(.text)
    I2C_GenerateSTOP                         0x08002913   Thumb Code    24  stm32f4xx_i2c.o(.text)
    I2C_Send7bitAddress                      0x0800292b   Thumb Code    16  stm32f4xx_i2c.o(.text)
    I2C_AcknowledgeConfig                    0x0800293b   Thumb Code    24  stm32f4xx_i2c.o(.text)
    I2C_OwnAddress2Config                    0x08002953   Thumb Code    22  stm32f4xx_i2c.o(.text)
    I2C_DualAddressCmd                       0x08002969   Thumb Code    24  stm32f4xx_i2c.o(.text)
    I2C_GeneralCallCmd                       0x08002981   Thumb Code    24  stm32f4xx_i2c.o(.text)
    I2C_SoftwareResetCmd                     0x08002999   Thumb Code    22  stm32f4xx_i2c.o(.text)
    I2C_StretchClockCmd                      0x080029af   Thumb Code    24  stm32f4xx_i2c.o(.text)
    I2C_FastModeDutyCycleConfig              0x080029c7   Thumb Code    28  stm32f4xx_i2c.o(.text)
    I2C_NACKPositionConfig                   0x080029e3   Thumb Code    28  stm32f4xx_i2c.o(.text)
    I2C_SMBusAlertConfig                     0x080029ff   Thumb Code    28  stm32f4xx_i2c.o(.text)
    I2C_ARPCmd                               0x08002a1b   Thumb Code    24  stm32f4xx_i2c.o(.text)
    I2C_SendData                             0x08002a33   Thumb Code     4  stm32f4xx_i2c.o(.text)
    I2C_ReceiveData                          0x08002a37   Thumb Code     8  stm32f4xx_i2c.o(.text)
    I2C_TransmitPEC                          0x08002a3f   Thumb Code    24  stm32f4xx_i2c.o(.text)
    I2C_PECPositionConfig                    0x08002a57   Thumb Code    28  stm32f4xx_i2c.o(.text)
    I2C_CalculatePEC                         0x08002a73   Thumb Code    24  stm32f4xx_i2c.o(.text)
    I2C_GetPEC                               0x08002a8b   Thumb Code     8  stm32f4xx_i2c.o(.text)
    I2C_DMACmd                               0x08002a93   Thumb Code    24  stm32f4xx_i2c.o(.text)
    I2C_DMALastTransferCmd                   0x08002aab   Thumb Code    24  stm32f4xx_i2c.o(.text)
    I2C_ReadRegister                         0x08002ac3   Thumb Code    12  stm32f4xx_i2c.o(.text)
    I2C_ITConfig                             0x08002acf   Thumb Code    18  stm32f4xx_i2c.o(.text)
    I2C_CheckEvent                           0x08002ae1   Thumb Code    42  stm32f4xx_i2c.o(.text)
    I2C_GetLastEvent                         0x08002b0b   Thumb Code    26  stm32f4xx_i2c.o(.text)
    I2C_GetFlagStatus                        0x08002b25   Thumb Code    42  stm32f4xx_i2c.o(.text)
    I2C_ClearFlag                            0x08002b4f   Thumb Code    12  stm32f4xx_i2c.o(.text)
    I2C_GetITStatus                          0x08002b5b   Thumb Code    62  stm32f4xx_i2c.o(.text)
    I2C_ClearITPendingBit                    0x08002b99   Thumb Code    12  stm32f4xx_i2c.o(.text)
    RCC_DeInit                               0x08002ba5   Thumb Code    60  stm32f4xx_rcc.o(.text)
    RCC_HSEConfig                            0x08002be1   Thumb Code    14  stm32f4xx_rcc.o(.text)
    RCC_GetFlagStatus                        0x08002bef   Thumb Code    60  stm32f4xx_rcc.o(.text)
    RCC_WaitForHSEStartUp                    0x08002c2b   Thumb Code    48  stm32f4xx_rcc.o(.text)
    RCC_AdjustHSICalibrationValue            0x08002c5b   Thumb Code    20  stm32f4xx_rcc.o(.text)
    RCC_HSICmd                               0x08002c6f   Thumb Code     6  stm32f4xx_rcc.o(.text)
    RCC_LSEConfig                            0x08002c75   Thumb Code    46  stm32f4xx_rcc.o(.text)
    RCC_LSICmd                               0x08002ca3   Thumb Code     6  stm32f4xx_rcc.o(.text)
    RCC_PLLConfig                            0x08002ca9   Thumb Code    32  stm32f4xx_rcc.o(.text)
    RCC_PLLCmd                               0x08002cc9   Thumb Code     6  stm32f4xx_rcc.o(.text)
    RCC_PLLI2SConfig                         0x08002ccf   Thumb Code    14  stm32f4xx_rcc.o(.text)
    RCC_PLLI2SCmd                            0x08002cdd   Thumb Code     6  stm32f4xx_rcc.o(.text)
    RCC_ClockSecuritySystemCmd               0x08002ce3   Thumb Code     6  stm32f4xx_rcc.o(.text)
    RCC_MCO1Config                           0x08002ce9   Thumb Code    28  stm32f4xx_rcc.o(.text)
    RCC_MCO2Config                           0x08002d05   Thumb Code    28  stm32f4xx_rcc.o(.text)
    RCC_SYSCLKConfig                         0x08002d21   Thumb Code    20  stm32f4xx_rcc.o(.text)
    RCC_GetSYSCLKSource                      0x08002d35   Thumb Code    12  stm32f4xx_rcc.o(.text)
    RCC_HCLKConfig                           0x08002d41   Thumb Code    20  stm32f4xx_rcc.o(.text)
    RCC_PCLK1Config                          0x08002d55   Thumb Code    20  stm32f4xx_rcc.o(.text)
    RCC_PCLK2Config                          0x08002d69   Thumb Code    22  stm32f4xx_rcc.o(.text)
    RCC_GetClocksFreq                        0x08002d7f   Thumb Code   222  stm32f4xx_rcc.o(.text)
    RCC_RTCCLKConfig                         0x08002e5d   Thumb Code    54  stm32f4xx_rcc.o(.text)
    RCC_RTCCLKCmd                            0x08002e93   Thumb Code     8  stm32f4xx_rcc.o(.text)
    RCC_BackupResetCmd                       0x08002e9b   Thumb Code     8  stm32f4xx_rcc.o(.text)
    RCC_I2SCLKConfig                         0x08002ea3   Thumb Code     6  stm32f4xx_rcc.o(.text)
    RCC_AHB1PeriphClockCmd                   0x08002ea9   Thumb Code    34  stm32f4xx_rcc.o(.text)
    RCC_AHB2PeriphClockCmd                   0x08002ecb   Thumb Code    34  stm32f4xx_rcc.o(.text)
    RCC_AHB3PeriphClockCmd                   0x08002eed   Thumb Code    34  stm32f4xx_rcc.o(.text)
    RCC_APB1PeriphClockCmd                   0x08002f0f   Thumb Code    34  stm32f4xx_rcc.o(.text)
    RCC_APB2PeriphClockCmd                   0x08002f31   Thumb Code    34  stm32f4xx_rcc.o(.text)
    RCC_AHB1PeriphResetCmd                   0x08002f53   Thumb Code    34  stm32f4xx_rcc.o(.text)
    RCC_AHB2PeriphResetCmd                   0x08002f75   Thumb Code    72  stm32f4xx_rcc.o(.text)
    RCC_AHB3PeriphResetCmd                   0x08002fbd   Thumb Code    34  stm32f4xx_rcc.o(.text)
    RCC_APB1PeriphResetCmd                   0x08002fdf   Thumb Code    34  stm32f4xx_rcc.o(.text)
    RCC_APB2PeriphResetCmd                   0x08003001   Thumb Code    34  stm32f4xx_rcc.o(.text)
    RCC_AHB1PeriphClockLPModeCmd             0x08003023   Thumb Code    34  stm32f4xx_rcc.o(.text)
    RCC_AHB2PeriphClockLPModeCmd             0x08003045   Thumb Code    34  stm32f4xx_rcc.o(.text)
    RCC_AHB3PeriphClockLPModeCmd             0x08003067   Thumb Code    34  stm32f4xx_rcc.o(.text)
    RCC_APB1PeriphClockLPModeCmd             0x08003089   Thumb Code    34  stm32f4xx_rcc.o(.text)
    RCC_APB2PeriphClockLPModeCmd             0x080030ab   Thumb Code    34  stm32f4xx_rcc.o(.text)
    RCC_ITConfig                             0x080030cd   Thumb Code    34  stm32f4xx_rcc.o(.text)
    RCC_ClearFlag                            0x080030ef   Thumb Code    18  stm32f4xx_rcc.o(.text)
    RCC_GetITStatus                          0x08003101   Thumb Code    22  stm32f4xx_rcc.o(.text)
    RCC_ClearITPendingBit                    0x08003117   Thumb Code     8  stm32f4xx_rcc.o(.text)
    TIM_DeInit                               0x08003125   Thumb Code   346  stm32f4xx_tim.o(.text)
    TIM_TimeBaseInit                         0x0800327f   Thumb Code   104  stm32f4xx_tim.o(.text)
    TIM_TimeBaseStructInit                   0x080032e7   Thumb Code    18  stm32f4xx_tim.o(.text)
    TIM_PrescalerConfig                      0x080032f9   Thumb Code     6  stm32f4xx_tim.o(.text)
    TIM_CounterModeConfig                    0x080032ff   Thumb Code    18  stm32f4xx_tim.o(.text)
    TIM_SetCounter                           0x08003311   Thumb Code     4  stm32f4xx_tim.o(.text)
    TIM_SetAutoreload                        0x08003315   Thumb Code     4  stm32f4xx_tim.o(.text)
    TIM_GetCounter                           0x08003319   Thumb Code     6  stm32f4xx_tim.o(.text)
    TIM_GetPrescaler                         0x0800331f   Thumb Code     6  stm32f4xx_tim.o(.text)
    TIM_UpdateDisableConfig                  0x08003325   Thumb Code    24  stm32f4xx_tim.o(.text)
    TIM_UpdateRequestConfig                  0x0800333d   Thumb Code    24  stm32f4xx_tim.o(.text)
    TIM_ARRPreloadConfig                     0x08003355   Thumb Code    24  stm32f4xx_tim.o(.text)
    TIM_SelectOnePulseMode                   0x0800336d   Thumb Code    18  stm32f4xx_tim.o(.text)
    TIM_SetClockDivision                     0x0800337f   Thumb Code    18  stm32f4xx_tim.o(.text)
    TIM_Cmd                                  0x08003391   Thumb Code    24  stm32f4xx_tim.o(.text)
    TIM_OC1Init                              0x080033a9   Thumb Code   114  stm32f4xx_tim.o(.text)
    TIM_OC2Init                              0x0800341b   Thumb Code   154  stm32f4xx_tim.o(.text)
    TIM_OC3Init                              0x080034b5   Thumb Code   204  stm32f4xx_tim.o(.text)
    TIM_OC4Init                              0x08003581   Thumb Code   112  stm32f4xx_tim.o(.text)
    TIM_OCStructInit                         0x080035f1   Thumb Code    20  stm32f4xx_tim.o(.text)
    TIM_SelectOCxM                           0x08003605   Thumb Code    86  stm32f4xx_tim.o(.text)
    TIM_SetCompare1                          0x0800365b   Thumb Code     4  stm32f4xx_tim.o(.text)
    TIM_SetCompare2                          0x0800365f   Thumb Code     4  stm32f4xx_tim.o(.text)
    TIM_SetCompare3                          0x08003663   Thumb Code     4  stm32f4xx_tim.o(.text)
    TIM_SetCompare4                          0x08003667   Thumb Code     4  stm32f4xx_tim.o(.text)
    TIM_ForcedOC1Config                      0x0800366b   Thumb Code    18  stm32f4xx_tim.o(.text)
    TIM_ForcedOC2Config                      0x0800367d   Thumb Code    26  stm32f4xx_tim.o(.text)
    TIM_ForcedOC3Config                      0x08003697   Thumb Code    18  stm32f4xx_tim.o(.text)
    TIM_ForcedOC4Config                      0x080036a9   Thumb Code    26  stm32f4xx_tim.o(.text)
    TIM_OC1PreloadConfig                     0x080036c3   Thumb Code    18  stm32f4xx_tim.o(.text)
    TIM_OC2PreloadConfig                     0x080036d5   Thumb Code    26  stm32f4xx_tim.o(.text)
    TIM_OC3PreloadConfig                     0x080036ef   Thumb Code    18  stm32f4xx_tim.o(.text)
    TIM_OC4PreloadConfig                     0x08003701   Thumb Code    26  stm32f4xx_tim.o(.text)
    TIM_OC1FastConfig                        0x0800371b   Thumb Code    18  stm32f4xx_tim.o(.text)
    TIM_OC2FastConfig                        0x0800372d   Thumb Code    26  stm32f4xx_tim.o(.text)
    TIM_OC3FastConfig                        0x08003747   Thumb Code    18  stm32f4xx_tim.o(.text)
    TIM_OC4FastConfig                        0x08003759   Thumb Code    26  stm32f4xx_tim.o(.text)
    TIM_ClearOC1Ref                          0x08003773   Thumb Code    18  stm32f4xx_tim.o(.text)
    TIM_ClearOC2Ref                          0x08003785   Thumb Code    24  stm32f4xx_tim.o(.text)
    TIM_ClearOC3Ref                          0x0800379d   Thumb Code    18  stm32f4xx_tim.o(.text)
    TIM_ClearOC4Ref                          0x080037af   Thumb Code    24  stm32f4xx_tim.o(.text)
    TIM_OC1PolarityConfig                    0x080037c7   Thumb Code    18  stm32f4xx_tim.o(.text)
    TIM_OC1NPolarityConfig                   0x080037d9   Thumb Code    18  stm32f4xx_tim.o(.text)
    TIM_OC2PolarityConfig                    0x080037eb   Thumb Code    26  stm32f4xx_tim.o(.text)
    TIM_OC2NPolarityConfig                   0x08003805   Thumb Code    26  stm32f4xx_tim.o(.text)
    TIM_OC3PolarityConfig                    0x0800381f   Thumb Code    26  stm32f4xx_tim.o(.text)
    TIM_OC3NPolarityConfig                   0x08003839   Thumb Code    26  stm32f4xx_tim.o(.text)
    TIM_OC4PolarityConfig                    0x08003853   Thumb Code    26  stm32f4xx_tim.o(.text)
    TIM_CCxCmd                               0x0800386d   Thumb Code    30  stm32f4xx_tim.o(.text)
    TIM_CCxNCmd                              0x0800388b   Thumb Code    30  stm32f4xx_tim.o(.text)
    TIM_SetIC4Prescaler                      0x080038a9   Thumb Code    26  stm32f4xx_tim.o(.text)
    TIM_SetIC3Prescaler                      0x08003913   Thumb Code    18  stm32f4xx_tim.o(.text)
    TIM_SetIC2Prescaler                      0x0800396d   Thumb Code    26  stm32f4xx_tim.o(.text)
    TIM_SetIC1Prescaler                      0x080039e1   Thumb Code    18  stm32f4xx_tim.o(.text)
    TIM_ICInit                               0x08003a2d   Thumb Code   110  stm32f4xx_tim.o(.text)
    TIM_ICStructInit                         0x08003a9b   Thumb Code    18  stm32f4xx_tim.o(.text)
    TIM_PWMIConfig                           0x08003aad   Thumb Code   124  stm32f4xx_tim.o(.text)
    TIM_GetCapture1                          0x08003b29   Thumb Code     6  stm32f4xx_tim.o(.text)
    TIM_GetCapture2                          0x08003b2f   Thumb Code     6  stm32f4xx_tim.o(.text)
    TIM_GetCapture3                          0x08003b35   Thumb Code     6  stm32f4xx_tim.o(.text)
    TIM_GetCapture4                          0x08003b3b   Thumb Code     6  stm32f4xx_tim.o(.text)
    TIM_BDTRConfig                           0x08003b41   Thumb Code    32  stm32f4xx_tim.o(.text)
    TIM_BDTRStructInit                       0x08003b61   Thumb Code    18  stm32f4xx_tim.o(.text)
    TIM_CtrlPWMOutputs                       0x08003b73   Thumb Code    30  stm32f4xx_tim.o(.text)
    TIM_SelectCOM                            0x08003b91   Thumb Code    24  stm32f4xx_tim.o(.text)
    TIM_CCPreloadControl                     0x08003ba9   Thumb Code    24  stm32f4xx_tim.o(.text)
    TIM_ITConfig                             0x08003bc1   Thumb Code    18  stm32f4xx_tim.o(.text)
    TIM_GenerateEvent                        0x08003bd3   Thumb Code     4  stm32f4xx_tim.o(.text)
    TIM_GetFlagStatus                        0x08003bd7   Thumb Code    18  stm32f4xx_tim.o(.text)
    TIM_ClearFlag                            0x08003be9   Thumb Code     6  stm32f4xx_tim.o(.text)
    TIM_GetITStatus                          0x08003bef   Thumb Code    34  stm32f4xx_tim.o(.text)
    TIM_ClearITPendingBit                    0x08003c11   Thumb Code     6  stm32f4xx_tim.o(.text)
    TIM_DMAConfig                            0x08003c17   Thumb Code    10  stm32f4xx_tim.o(.text)
    TIM_DMACmd                               0x08003c21   Thumb Code    18  stm32f4xx_tim.o(.text)
    TIM_SelectCCDMA                          0x08003c33   Thumb Code    24  stm32f4xx_tim.o(.text)
    TIM_InternalClockConfig                  0x08003c4b   Thumb Code    12  stm32f4xx_tim.o(.text)
    TIM_SelectInputTrigger                   0x08003c57   Thumb Code    18  stm32f4xx_tim.o(.text)
    TIM_ITRxExternalClockConfig              0x08003c69   Thumb Code    24  stm32f4xx_tim.o(.text)
    TIM_TIxExternalClockConfig               0x08003c81   Thumb Code    62  stm32f4xx_tim.o(.text)
    TIM_ETRConfig                            0x08003cbf   Thumb Code    28  stm32f4xx_tim.o(.text)
    TIM_ETRClockMode1Config                  0x08003cdb   Thumb Code    54  stm32f4xx_tim.o(.text)
    TIM_ETRClockMode2Config                  0x08003d11   Thumb Code    32  stm32f4xx_tim.o(.text)
    TIM_SelectOutputTrigger                  0x08003d31   Thumb Code    18  stm32f4xx_tim.o(.text)
    TIM_SelectSlaveMode                      0x08003d43   Thumb Code    18  stm32f4xx_tim.o(.text)
    TIM_SelectMasterSlaveMode                0x08003d55   Thumb Code    18  stm32f4xx_tim.o(.text)
    TIM_EncoderInterfaceConfig               0x08003d67   Thumb Code    66  stm32f4xx_tim.o(.text)
    TIM_SelectHallSensor                     0x08003da9   Thumb Code    24  stm32f4xx_tim.o(.text)
    TIM_RemapConfig                          0x08003dc1   Thumb Code     6  stm32f4xx_tim.o(.text)
    USART_DeInit                             0x08003dc9   Thumb Code   156  stm32f4xx_usart.o(.text)
    USART_Init                               0x08003e65   Thumb Code   204  stm32f4xx_usart.o(.text)
    USART_StructInit                         0x08003f31   Thumb Code    24  stm32f4xx_usart.o(.text)
    USART_ClockInit                          0x08003f49   Thumb Code    32  stm32f4xx_usart.o(.text)
    USART_ClockStructInit                    0x08003f69   Thumb Code    12  stm32f4xx_usart.o(.text)
    USART_Cmd                                0x08003f75   Thumb Code    24  stm32f4xx_usart.o(.text)
    USART_SetPrescaler                       0x08003f8d   Thumb Code    16  stm32f4xx_usart.o(.text)
    USART_OverSampling8Cmd                   0x08003f9d   Thumb Code    22  stm32f4xx_usart.o(.text)
    USART_OneBitMethodCmd                    0x08003fb3   Thumb Code    24  stm32f4xx_usart.o(.text)
    USART_SendData                           0x08003fcb   Thumb Code     8  stm32f4xx_usart.o(.text)
    USART_ReceiveData                        0x08003fd3   Thumb Code    10  stm32f4xx_usart.o(.text)
    USART_SetAddress                         0x08003fdd   Thumb Code    18  stm32f4xx_usart.o(.text)
    USART_ReceiverWakeUpCmd                  0x08003fef   Thumb Code    24  stm32f4xx_usart.o(.text)
    USART_WakeUpConfig                       0x08004007   Thumb Code    18  stm32f4xx_usart.o(.text)
    USART_LINBreakDetectLengthConfig         0x08004019   Thumb Code    18  stm32f4xx_usart.o(.text)
    USART_LINCmd                             0x0800402b   Thumb Code    24  stm32f4xx_usart.o(.text)
    USART_SendBreak                          0x08004043   Thumb Code    10  stm32f4xx_usart.o(.text)
    USART_HalfDuplexCmd                      0x0800404d   Thumb Code    24  stm32f4xx_usart.o(.text)
    USART_SetGuardTime                       0x08004065   Thumb Code    16  stm32f4xx_usart.o(.text)
    USART_SmartCardCmd                       0x08004075   Thumb Code    24  stm32f4xx_usart.o(.text)
    USART_SmartCardNACKCmd                   0x0800408d   Thumb Code    24  stm32f4xx_usart.o(.text)
    USART_IrDAConfig                         0x080040a5   Thumb Code    18  stm32f4xx_usart.o(.text)
    USART_IrDACmd                            0x080040b7   Thumb Code    24  stm32f4xx_usart.o(.text)
    USART_DMACmd                             0x080040cf   Thumb Code    18  stm32f4xx_usart.o(.text)
    USART_ITConfig                           0x080040e1   Thumb Code    74  stm32f4xx_usart.o(.text)
    USART_GetFlagStatus                      0x0800412b   Thumb Code    26  stm32f4xx_usart.o(.text)
    USART_ClearFlag                          0x08004145   Thumb Code    18  stm32f4xx_usart.o(.text)
    USART_GetITStatus                        0x08004157   Thumb Code   110  stm32f4xx_usart.o(.text)
    USART_ClearITPendingBit                  0x080041c5   Thumb Code    30  stm32f4xx_usart.o(.text)
    strtol                                   0x080041e3   Thumb Code   112  strtol.o(.text)
    strlen                                   0x08004253   Thumb Code    62  strlen.o(.text)
    __aeabi_memcpy                           0x08004291   Thumb Code     0  rt_memcpy_v6.o(.text)
    __rt_memcpy                              0x08004291   Thumb Code   138  rt_memcpy_v6.o(.text)
    _memcpy_lastbytes                        0x080042f7   Thumb Code     0  rt_memcpy_v6.o(.text)
    __aeabi_memcpy4                          0x0800431b   Thumb Code     0  rt_memcpy_w.o(.text)
    __aeabi_memcpy8                          0x0800431b   Thumb Code     0  rt_memcpy_w.o(.text)
    __rt_memcpy_w                            0x0800431b   Thumb Code   100  rt_memcpy_w.o(.text)
    _memcpy_lastbytes_aligned                0x08004363   Thumb Code     0  rt_memcpy_w.o(.text)
    __use_two_region_memory                  0x0800437f   Thumb Code     2  heapauxi.o(.text)
    __rt_heap_escrow$2region                 0x08004381   Thumb Code     2  heapauxi.o(.text)
    __rt_heap_expand$2region                 0x08004383   Thumb Code     2  heapauxi.o(.text)
    __cpp_initialize__aeabi_                 0x08004385   Thumb Code    26  init_aeabi.o(.text)
    __rt_ctype_table                         0x080043a9   Thumb Code    16  rt_ctype_table.o(.text)
    __aeabi_errno_addr                       0x080043b9   Thumb Code     8  rt_errno_addr_intlibspace.o(.text)
    __errno$intlibspace                      0x080043b9   Thumb Code     0  rt_errno_addr_intlibspace.o(.text)
    __rt_errno_addr$intlibspace              0x080043b9   Thumb Code     0  rt_errno_addr_intlibspace.o(.text)
    _strtoul                                 0x080043c1   Thumb Code   158  _strtoul.o(.text)
    __rt_SIGPVFN                             0x0800445f   Thumb Code    14  defsig_pvfn_outer.o(.text)
    __user_libspace                          0x0800446d   Thumb Code     8  libspace.o(.text)
    __user_perproc_libspace                  0x0800446d   Thumb Code     0  libspace.o(.text)
    __user_perthread_libspace                0x0800446d   Thumb Code     0  libspace.o(.text)
    __rt_locale                              0x08004475   Thumb Code     8  rt_locale_intlibspace.o(.text)
    _chval                                   0x0800447d   Thumb Code    28  _chval.o(.text)
    __sig_exit                               0x08004499   Thumb Code    10  defsig_exit.o(.text)
    __rt_SIGPVFN_inner                       0x080044a5   Thumb Code    14  defsig_pvfn_inner.o(.text)
    _sys_exit                                0x080044d5   Thumb Code     8  sys_exit.o(.text)
    __user_setup_stackheap                   0x080044e1   Thumb Code    74  sys_stackheap_outer.o(.text)
    exit                                     0x0800452b   Thumb Code    12  exit.o(.text)
    __default_signal_display                 0x08004537   Thumb Code    50  defsig_general.o(.text)
    strcmp                                   0x08004569   Thumb Code   128  strcmpv7m.o(.text)
    _ttywrch                                 0x080045e9   Thumb Code    14  sys_wrch.o(.text)
    __I$use$semihosting                      0x080045f7   Thumb Code     0  use_no_semi.o(.text)
    __use_no_semihosting_swi                 0x080045f7   Thumb Code     2  use_no_semi.o(.text)
    USARTSerial::flush()                     0x080045f9   Thumb Code    14  main.o(i._ZN11USARTSerial5flushEv)
    __semihosting_library_function           0x080045f9   Thumb Code     0  indicate_semi.o(.text)
    USARTSerial::available()                 0x08004607   Thumb Code    14  main.o(i._ZN11USARTSerial9availableEv)
    Print::write(const char*)                0x08004615   Thumb Code    34  print.o(i._ZN5Print5writeEPKc)
    Stream::Stream__sub_object()             0x08004639   Thumb Code    22  main.o(i._ZN6StreamC2Ev)
    I2CWire::read()                          0x08004659   Thumb Code    20  i2cwire.o(i._ZN7I2CWire4readEv)
    __cxa_pure_virtual                       0x0800466d   Thumb Code     6  pure_virt.o(i.__cxa_pure_virtual)
    _get_lc_ctype                            0x08004675   Thumb Code    44  lc_ctype_c.o(locale$$code)
    __aeabi_dadd                             0x080046a1   Thumb Code     0  daddsub_clz.o(x$fpl$dadd)
    _dadd                                    0x080046a1   Thumb Code   332  daddsub_clz.o(x$fpl$dadd)
    __fpl_dcmp_Inf                           0x080047f1   Thumb Code    24  dcmpi.o(x$fpl$dcmpinf)
    __aeabi_ddiv                             0x08004809   Thumb Code     0  ddiv.o(x$fpl$ddiv)
    _ddiv                                    0x08004809   Thumb Code   552  ddiv.o(x$fpl$ddiv)
    __aeabi_d2iz                             0x08004ab9   Thumb Code     0  dfix.o(x$fpl$dfix)
    _dfix                                    0x08004ab9   Thumb Code    94  dfix.o(x$fpl$dfix)
    __aeabi_d2uiz                            0x08004b19   Thumb Code     0  dfixu.o(x$fpl$dfixu)
    _dfixu                                   0x08004b19   Thumb Code    90  dfixu.o(x$fpl$dfixu)
    __aeabi_i2d                              0x08004b73   Thumb Code     0  dflt_clz.o(x$fpl$dflt)
    _dflt                                    0x08004b73   Thumb Code    46  dflt_clz.o(x$fpl$dflt)
    __aeabi_ui2d                             0x08004ba1   Thumb Code     0  dflt_clz.o(x$fpl$dfltu)
    _dfltu                                   0x08004ba1   Thumb Code    38  dflt_clz.o(x$fpl$dfltu)
    __aeabi_cdcmple                          0x08004bc9   Thumb Code     0  dleqf.o(x$fpl$dleqf)
    _dcmple                                  0x08004bc9   Thumb Code   120  dleqf.o(x$fpl$dleqf)
    __fpl_dcmple_InfNaN                      0x08004c2b   Thumb Code     0  dleqf.o(x$fpl$dleqf)
    __aeabi_dmul                             0x08004c41   Thumb Code     0  dmul.o(x$fpl$dmul)
    _dmul                                    0x08004c41   Thumb Code   332  dmul.o(x$fpl$dmul)
    __fpl_dnaninf                            0x08004d95   Thumb Code   156  dnaninf.o(x$fpl$dnaninf)
    __fpl_dretinf                            0x08004e31   Thumb Code    12  dretinf.o(x$fpl$dretinf)
    __aeabi_cdrcmple                         0x08004e3d   Thumb Code     0  drleqf.o(x$fpl$drleqf)
    _drcmple                                 0x08004e3d   Thumb Code   108  drleqf.o(x$fpl$drleqf)
    __aeabi_drsub                            0x08004ea9   Thumb Code     0  daddsub_clz.o(x$fpl$drsb)
    _drsb                                    0x08004ea9   Thumb Code    22  daddsub_clz.o(x$fpl$drsb)
    __aeabi_dsub                             0x08004ec1   Thumb Code     0  daddsub_clz.o(x$fpl$dsub)
    _dsub                                    0x08004ec1   Thumb Code   464  daddsub_clz.o(x$fpl$dsub)
    __aeabi_f2d                              0x08005095   Thumb Code     0  f2d.o(x$fpl$f2d)
    _f2d                                     0x08005095   Thumb Code    86  f2d.o(x$fpl$f2d)
    __aeabi_fdiv                             0x080050ed   Thumb Code     0  fdiv.o(x$fpl$fdiv)
    _fdiv                                    0x080050ed   Thumb Code   384  fdiv.o(x$fpl$fdiv)
    __aeabi_ui2f                             0x08005271   Thumb Code     0  fflt_clz.o(x$fpl$ffltu)
    _ffltu                                   0x08005271   Thumb Code    38  fflt_clz.o(x$fpl$ffltu)
    __fpl_fnaninf                            0x08005297   Thumb Code   140  fnaninf.o(x$fpl$fnaninf)
    __fpl_fretinf                            0x08005323   Thumb Code    10  fretinf.o(x$fpl$fretinf)
    __I$use$fp                               0x0800532c   Number         0  usenofp.o(x$fpl$usenofp)
    vtable for USARTSerial                   0x08005514   Data          32  usartserial.o(.constdata__ZTV11USARTSerial)
    vtable for Print                         0x08005534   Data          16  print.o(.constdata__ZTV5Print)
    vtable for Stream                        0x08005544   Data          32  main.o(.constdata__ZTV6Stream)
    vtable for I2CWire                       0x08005564   Data          36  i2cwire.o(.constdata__ZTV7I2CWire)
    vtable for ST7032i                       0x08005588   Data          16  st7032i.o(.constdata__ZTV7ST7032i)
    Region$$Table$$Base                      0x08005598   Number         0  anon$$obj.o(Region$$Table)
    Region$$Table$$Limit                     0x080055b8   Number         0  anon$$obj.o(Region$$Table)
    __ctype                                  0x080055c5   Data           0  lc_ctype_c.o(locale$$data)
    SHT$$INIT_ARRAY$$Base                    0x080056c8   Number         0  main.o(.init_array)
    SHT$$INIT_ARRAY$$Limit                   0x080056cc   Number         0  main.o(.init_array)
    SystemCoreClock                          0x20000000   Data           4  system_stm32f4xx.o(.data)
    AHBPrescTable                            0x20000004   Data          16  system_stm32f4xx.o(.data)
    __counter_micros                         0x20000014   Data           4  delay.o(.data)
    __counter_millis                         0x20000018   Data           4  delay.o(.data)
    PortPeriph                               0x2000001c   Data          40  gpio.o(.data)
    Port                                     0x20000044   Data          40  gpio.o(.data)
    Pin                                      0x2000006c   Data          34  gpio.o(.data)
    _systick_counter                         0x20000090   Data           4  systick.o(.data)
    Serial3                                  0x200000a4   Data          28  main.o(.bss)
    Wire1                                    0x200000c0   Data          24  main.o(.bss)
    lcd                                      0x200000d8   Data          24  main.o(.bss)
    rtc                                      0x200000f0   Data          12  main.o(.bss)
    I2C1Buffer                               0x200000fc   Data         276  i2c.o(.bss)
    I2C2Buffer                               0x20000210   Data         276  i2c.o(.bss)
    I2C3Buffer                               0x20000324   Data         276  i2c.o(.bss)
    rxring                                   0x20000438   Data        1572  usart.o(.bss)
    txring                                   0x20000a5c   Data        1572  usart.o(.bss)
    __libspace_start                         0x20001080   Data          96  libspace.o(.bss)
    __temporary_stack_top$libspace           0x200010e0   Data           0  libspace.o(.bss)



==============================================================================

Memory Map of the image

  Image Entry point : 0x08000189

  Load Region LR_IROM1 (Base: 0x08000000, Size: 0x00005770, Max: 0x00100000, ABSOLUTE)

    Execution Region ER_IROM1 (Base: 0x08000000, Size: 0x000056cc, Max: 0x00100000, ABSOLUTE)

    Base Addr    Size         Type   Attr      Idx    E Section Name        Object

    0x08000000   0x00000188   Data   RO            3    RESET               startup_stm32f4xx.o
    0x08000188   0x00000008   Code   RO          997  * !!!main             c_w.l(__main.o)
    0x08000190   0x00000034   Code   RO         1390    !!!scatter          c_w.l(__scatter.o)
    0x080001c4   0x0000001a   Code   RO         1392    !!handler_copy      c_w.l(__scatter_copy.o)
    0x080001de   0x00000002   PAD
    0x080001e0   0x0000001c   Code   RO         1394    !!handler_zi        c_w.l(__scatter_zi.o)
    0x080001fc   0x00000002   Code   RO         1327    .ARM.Collect$$libinit$$00000000  c_w.l(libinit.o)
    0x080001fe   0x00000000   Code   RO         1167    .ARM.Collect$$libinit$$00000002  c_w.l(libinit2.o)
    0x080001fe   0x00000000   Code   RO         1170    .ARM.Collect$$libinit$$00000008  c_w.l(libinit2.o)
    0x080001fe   0x00000000   Code   RO         1172    .ARM.Collect$$libinit$$0000000A  c_w.l(libinit2.o)
    0x080001fe   0x00000000   Code   RO         1174    .ARM.Collect$$libinit$$0000000C  c_w.l(libinit2.o)
    0x080001fe   0x00000006   Code   RO         1175    .ARM.Collect$$libinit$$0000000D  c_w.l(libinit2.o)
    0x08000204   0x00000000   Code   RO         1177    .ARM.Collect$$libinit$$0000000F  c_w.l(libinit2.o)
    0x08000204   0x0000000c   Code   RO         1178    .ARM.Collect$$libinit$$00000010  c_w.l(libinit2.o)
    0x08000210   0x00000000   Code   RO         1179    .ARM.Collect$$libinit$$00000011  c_w.l(libinit2.o)
    0x08000210   0x00000000   Code   RO         1181    .ARM.Collect$$libinit$$00000013  c_w.l(libinit2.o)
    0x08000210   0x00000000   Code   RO         1183    .ARM.Collect$$libinit$$00000015  c_w.l(libinit2.o)
    0x08000210   0x00000000   Code   RO         1185    .ARM.Collect$$libinit$$00000017  c_w.l(libinit2.o)
    0x08000210   0x00000000   Code   RO         1187    .ARM.Collect$$libinit$$00000019  c_w.l(libinit2.o)
    0x08000210   0x00000000   Code   RO         1189    .ARM.Collect$$libinit$$0000001B  c_w.l(libinit2.o)
    0x08000210   0x00000000   Code   RO         1191    .ARM.Collect$$libinit$$0000001D  c_w.l(libinit2.o)
    0x08000210   0x00000000   Code   RO         1193    .ARM.Collect$$libinit$$0000001F  c_w.l(libinit2.o)
    0x08000210   0x00000000   Code   RO         1195    .ARM.Collect$$libinit$$00000021  c_w.l(libinit2.o)
    0x08000210   0x00000000   Code   RO         1197    .ARM.Collect$$libinit$$00000023  c_w.l(libinit2.o)
    0x08000210   0x00000000   Code   RO         1201    .ARM.Collect$$libinit$$0000002A  c_w.l(libinit2.o)
    0x08000210   0x00000000   Code   RO         1203    .ARM.Collect$$libinit$$0000002C  c_w.l(libinit2.o)
    0x08000210   0x00000000   Code   RO         1205    .ARM.Collect$$libinit$$0000002E  c_w.l(libinit2.o)
    0x08000210   0x00000004   Code   RO         1206    .ARM.Collect$$libinit$$0000002F  c_w.l(libinit2.o)
    0x08000214   0x00000000   Code   RO         1207    .ARM.Collect$$libinit$$00000030  c_w.l(libinit2.o)
    0x08000214   0x00000002   Code   RO         1208    .ARM.Collect$$libinit$$00000031  c_w.l(libinit2.o)
    0x08000216   0x00000002   Code   RO         1372    .ARM.Collect$$libshutdown$$00000000  c_w.l(libshutdown.o)
    0x08000218   0x00000000   Code   RO         1375    .ARM.Collect$$libshutdown$$00000003  c_w.l(libshutdown2.o)
    0x08000218   0x00000000   Code   RO         1378    .ARM.Collect$$libshutdown$$00000006  c_w.l(libshutdown2.o)
    0x08000218   0x00000000   Code   RO         1381    .ARM.Collect$$libshutdown$$00000009  c_w.l(libshutdown2.o)
    0x08000218   0x00000000   Code   RO         1383    .ARM.Collect$$libshutdown$$0000000B  c_w.l(libshutdown2.o)
    0x08000218   0x00000000   Code   RO         1386    .ARM.Collect$$libshutdown$$0000000E  c_w.l(libshutdown2.o)
    0x08000218   0x00000002   Code   RO         1387    .ARM.Collect$$libshutdown$$0000000F  c_w.l(libshutdown2.o)
    0x0800021a   0x00000000   Code   RO         1152    .ARM.Collect$$rtentry$$00000000  c_w.l(rtentry.o)
    0x0800021a   0x00000000   Code   RO         1234    .ARM.Collect$$rtentry$$00000002  c_w.l(rtentry2.o)
    0x0800021a   0x00000006   Code   RO         1246    .ARM.Collect$$rtentry$$00000004  c_w.l(rtentry4.o)
    0x08000220   0x00000000   Code   RO         1236    .ARM.Collect$$rtentry$$00000009  c_w.l(rtentry2.o)
    0x08000220   0x00000004   Code   RO         1237    .ARM.Collect$$rtentry$$0000000A  c_w.l(rtentry2.o)
    0x08000224   0x00000000   Code   RO         1239    .ARM.Collect$$rtentry$$0000000C  c_w.l(rtentry2.o)
    0x08000224   0x00000008   Code   RO         1240    .ARM.Collect$$rtentry$$0000000D  c_w.l(rtentry2.o)
    0x0800022c   0x00000002   Code   RO         1335    .ARM.Collect$$rtexit$$00000000  c_w.l(rtexit.o)
    0x0800022e   0x00000000   Code   RO         1348    .ARM.Collect$$rtexit$$00000002  c_w.l(rtexit2.o)
    0x0800022e   0x00000004   Code   RO         1349    .ARM.Collect$$rtexit$$00000003  c_w.l(rtexit2.o)
    0x08000232   0x00000006   Code   RO         1350    .ARM.Collect$$rtexit$$00000004  c_w.l(rtexit2.o)
    0x08000238   0x00000040   Code   RO            4    .text               startup_stm32f4xx.o
    0x08000278   0x0000058c   Code   RO           11    .text               main.o
    0x08000804   0x00000018   Code   RO          237    .text               stm32f4xx_it.o
    0x0800081c   0x000001ec   Code   RO          361    .text               system_stm32f4xx.o
    0x08000a08   0x00000128   Code   RO          409    .text               delay.o
    0x08000b30   0x000001f4   Code   RO          431    .text               gpio.o
    0x08000d24   0x000004e4   Code   RO          453    .text               i2c.o
    0x08001208   0x000004c8   Code   RO          487    .text               print.o
    0x080016d0   0x00000384   Code   RO          534    .text               st7032i.o
    0x08001a54   0x00000088   Code   RO          666    .text               systick.o
    0x08001adc   0x00000550   Code   RO          692    .text               usart.o
    0x0800202c   0x0000002e   Code   RO          717    .text               usartserial.o
    0x0800205a   0x00000002   PAD
    0x0800205c   0x000002a4   Code   RO          765    .text               ds1307.o
    0x08002300   0x00000168   Code   RO          802    .text               i2cwire.o
    0x08002468   0x000000e4   Code   RO          856    .text               misc.o
    0x0800254c   0x0000024c   Code   RO          888    .text               stm32f4xx_gpio.o
    0x08002798   0x0000040c   Code   RO          904    .text               stm32f4xx_i2c.o
    0x08002ba4   0x00000580   Code   RO          920    .text               stm32f4xx_rcc.o
    0x08003124   0x00000ca2   Code   RO          938    .text               stm32f4xx_tim.o
    0x08003dc6   0x00000002   PAD
    0x08003dc8   0x0000041a   Code   RO          954    .text               stm32f4xx_usart.o
    0x080041e2   0x00000070   Code   RO          987    .text               c_w.l(strtol.o)
    0x08004252   0x0000003e   Code   RO          989    .text               c_w.l(strlen.o)
    0x08004290   0x0000008a   Code   RO          991    .text               c_w.l(rt_memcpy_v6.o)
    0x0800431a   0x00000064   Code   RO          993    .text               c_w.l(rt_memcpy_w.o)
    0x0800437e   0x00000006   Code   RO          995    .text               c_w.l(heapauxi.o)
    0x08004384   0x00000024   Code   RO         1002    .text               c_w.l(init_aeabi.o)
    0x080043a8   0x00000010   Code   RO         1153    .text               c_w.l(rt_ctype_table.o)
    0x080043b8   0x00000008   Code   RO         1158    .text               c_w.l(rt_errno_addr_intlibspace.o)
    0x080043c0   0x0000009e   Code   RO         1160    .text               c_w.l(_strtoul.o)
    0x0800445e   0x0000000e   Code   RO         1162    .text               c_w.l(defsig_pvfn_outer.o)
    0x0800446c   0x00000008   Code   RO         1230    .text               c_w.l(libspace.o)
    0x08004474   0x00000008   Code   RO         1253    .text               c_w.l(rt_locale_intlibspace.o)
    0x0800447c   0x0000001c   Code   RO         1255    .text               c_w.l(_chval.o)
    0x08004498   0x0000000a   Code   RO         1272    .text               c_w.l(defsig_exit.o)
    0x080044a2   0x00000002   PAD
    0x080044a4   0x00000030   Code   RO         1274    .text               c_w.l(defsig_pvfn_inner.o)
    0x080044d4   0x0000000c   Code   RO         1280    .text               c_w.l(sys_exit.o)
    0x080044e0   0x0000004a   Code   RO         1282    .text               c_w.l(sys_stackheap_outer.o)
    0x0800452a   0x0000000c   Code   RO         1310    .text               c_w.l(exit.o)
    0x08004536   0x00000032   Code   RO         1314    .text               c_w.l(defsig_general.o)
    0x08004568   0x00000080   Code   RO         1316    .text               c_w.l(strcmpv7m.o)
    0x080045e8   0x0000000e   Code   RO         1328    .text               c_w.l(sys_wrch.o)
    0x080045f6   0x00000002   Code   RO         1332    .text               c_w.l(use_no_semi.o)
    0x080045f8   0x00000000   Code   RO         1334    .text               c_w.l(indicate_semi.o)
    0x080045f8   0x0000000e   Code   RO           41    i._ZN11USARTSerial5flushEv  main.o
    0x08004606   0x0000000e   Code   RO           35    i._ZN11USARTSerial9availableEv  main.o
    0x08004614   0x00000022   Code   RO          499    i._ZN5Print5writeEPKc  print.o
    0x08004636   0x00000002   PAD
    0x08004638   0x00000020   Code   RO           29    i._ZN6StreamC2Ev    main.o
    0x08004658   0x00000014   Code   RO          829    i._ZN7I2CWire4readEv  i2cwire.o
    0x0800466c   0x00000006   Code   RO         1005    i.__cxa_pure_virtual  cpprt_w.l(pure_virt.o)
    0x08004672   0x00000002   PAD
    0x08004674   0x0000002c   Code   RO         1267    locale$$code        c_w.l(lc_ctype_c.o)
    0x080046a0   0x00000150   Code   RO         1108    x$fpl$dadd          fz_ws.l(daddsub_clz.o)
    0x080047f0   0x00000018   Code   RO         1219    x$fpl$dcmpinf       fz_ws.l(dcmpi.o)
    0x08004808   0x000002b0   Code   RO         1115    x$fpl$ddiv          fz_ws.l(ddiv.o)
    0x08004ab8   0x0000005e   Code   RO         1118    x$fpl$dfix          fz_ws.l(dfix.o)
    0x08004b16   0x00000002   PAD
    0x08004b18   0x0000005a   Code   RO         1122    x$fpl$dfixu         fz_ws.l(dfixu.o)
    0x08004b72   0x0000002e   Code   RO         1127    x$fpl$dflt          fz_ws.l(dflt_clz.o)
    0x08004ba0   0x00000026   Code   RO         1126    x$fpl$dfltu         fz_ws.l(dflt_clz.o)
    0x08004bc6   0x00000002   PAD
    0x08004bc8   0x00000078   Code   RO         1132    x$fpl$dleqf         fz_ws.l(dleqf.o)
    0x08004c40   0x00000154   Code   RO         1134    x$fpl$dmul          fz_ws.l(dmul.o)
    0x08004d94   0x0000009c   Code   RO         1221    x$fpl$dnaninf       fz_ws.l(dnaninf.o)
    0x08004e30   0x0000000c   Code   RO         1223    x$fpl$dretinf       fz_ws.l(dretinf.o)
    0x08004e3c   0x0000006c   Code   RO         1136    x$fpl$drleqf        fz_ws.l(drleqf.o)
    0x08004ea8   0x00000016   Code   RO         1109    x$fpl$drsb          fz_ws.l(daddsub_clz.o)
    0x08004ebe   0x00000002   PAD
    0x08004ec0   0x000001d4   Code   RO         1110    x$fpl$dsub          fz_ws.l(daddsub_clz.o)
    0x08005094   0x00000056   Code   RO         1138    x$fpl$f2d           fz_ws.l(f2d.o)
    0x080050ea   0x00000002   PAD
    0x080050ec   0x00000184   Code   RO         1141    x$fpl$fdiv          fz_ws.l(fdiv.o)
    0x08005270   0x00000026   Code   RO         1144    x$fpl$ffltu         fz_ws.l(fflt_clz.o)
    0x08005296   0x0000008c   Code   RO         1225    x$fpl$fnaninf       fz_ws.l(fnaninf.o)
    0x08005322   0x0000000a   Code   RO         1227    x$fpl$fretinf       fz_ws.l(fretinf.o)
    0x0800532c   0x00000000   Code   RO         1229    x$fpl$usenofp       fz_ws.l(usenofp.o)
    0x0800532c   0x000001d8   Data   RO           14    .constdata          main.o
    0x08005504   0x00000010   Data   RO          536    .constdata          st7032i.o
    0x08005514   0x00000020   Data   RO          730    .constdata__ZTV11USARTSerial  usartserial.o
    0x08005534   0x00000010   Data   RO          498    .constdata__ZTV5Print  print.o
    0x08005544   0x00000020   Data   RO           48    .constdata__ZTV6Stream  main.o
    0x08005564   0x00000024   Data   RO          815    .constdata__ZTV7I2CWire  i2cwire.o
    0x08005588   0x00000010   Data   RO          549    .constdata__ZTV7ST7032i  st7032i.o
    0x08005598   0x00000020   Data   RO         1388    Region$$Table       anon$$obj.o
    0x080055b8   0x00000110   Data   RO         1266    locale$$data        c_w.l(lc_ctype_c.o)
    0x080056c8   0x00000004   Data   RO           15    .init_array         main.o


    Execution Region RW_IRAM1 (Base: 0x20000000, Size: 0x000016e0, Max: 0x00020000, ABSOLUTE)

    Base Addr    Size         Type   Attr      Idx    E Section Name        Object

    0x20000000   0x00000014   Data   RW          362    .data               system_stm32f4xx.o
    0x20000014   0x00000008   Data   RW          410    .data               delay.o
    0x2000001c   0x00000072   Data   RW          432    .data               gpio.o
    0x2000008e   0x00000002   PAD
    0x20000090   0x00000004   Data   RW          667    .data               systick.o
    0x20000094   0x00000010   Data   RW          921    .data               stm32f4xx_rcc.o
    0x200000a4   0x00000058   Zero   RW           13    .bss                main.o
    0x200000fc   0x0000033c   Zero   RW          454    .bss                i2c.o
    0x20000438   0x00000c48   Zero   RW          693    .bss                usart.o
    0x20001080   0x00000060   Zero   RW         1231    .bss                c_w.l(libspace.o)
    0x200010e0   0x00000200   Zero   RW            2    HEAP                startup_stm32f4xx.o
    0x200012e0   0x00000400   Zero   RW            1    STACK               startup_stm32f4xx.o


==============================================================================

Image component sizes


      Code (inc. data)   RO Data    RW Data    ZI Data      Debug   Object Name

         0          0          0          0          0       1188   adc3dma.o
       296         12          0          8          0       2123   delay.o
       676         30          0          0          0      10184   ds1307.o
       500         44          0        114          0       4289   gpio.o
      1252         42          0          0        828       5863   i2c.o
       380         14         36          0          0       5996   i2cwire.o
      1480        170        508          0         88     242826   main.o
       228         22          0          0          0       1865   misc.o
      1258         42         16          0          0      12308   print.o
       900         14         32          0          0     217443   st7032i.o
        64         26        392          0       1536        768   startup_stm32f4xx.o
       588         36          0          0          0       3949   stm32f4xx_gpio.o
      1036         24          0          0          0       7987   stm32f4xx_i2c.o
        24          0          0          0          0     267526   stm32f4xx_it.o
      1408         48          0         16          0      10907   stm32f4xx_rcc.o
      3234         60          0          0          0      22200   stm32f4xx_tim.o
      1050         26          0          0          0       7672   stm32f4xx_usart.o
         0          0          0          0          0       1700   stream.o
       492         46          0         20          0       1607   system_stm32f4xx.o
       136         12          0          4          0      20050   systick.o
      1360         76          0          0       3144       6129   usart.o
        46          0         32          0          0       3220   usartserial.o

    ----------------------------------------------------------------------
     16414        744       1048        164       5596     857800   Object Totals
         0          0         32          0          0          0   (incl. Generated)
         6          0          0          2          0          0   (incl. Padding)

    ----------------------------------------------------------------------

      Code (inc. data)   RO Data    RW Data    ZI Data      Debug   Library Member Name

         8          0          0          0          0         68   __main.o
        52          8          0          0          0          0   __scatter.o
        26          0          0          0          0          0   __scatter_copy.o
        28          0          0          0          0          0   __scatter_zi.o
        28          0          0          0          0         68   _chval.o
       158          0          0          0          0         92   _strtoul.o
        10          0          0          0          0         68   defsig_exit.o
        50          0          0          0          0         88   defsig_general.o
        48         34          0          0          0         76   defsig_pvfn_inner.o
        14          0          0          0          0         80   defsig_pvfn_outer.o
        12          0          0          0          0         72   exit.o
         6          0          0          0          0        152   heapauxi.o
         0          0          0          0          0          0   indicate_semi.o
        36         10          0          0          0         80   init_aeabi.o
        44         10        272          0          0         76   lc_ctype_c.o
         2          0          0          0          0          0   libinit.o
        24          0          0          0          0          0   libinit2.o
         2          0          0          0          0          0   libshutdown.o
         2          0          0          0          0          0   libshutdown2.o
         8          4          0          0         96         68   libspace.o
        16          4          0          0          0         76   rt_ctype_table.o
         8          4          0          0          0         68   rt_errno_addr_intlibspace.o
         8          4          0          0          0         68   rt_locale_intlibspace.o
       138          0          0          0          0         68   rt_memcpy_v6.o
       100          0          0          0          0         80   rt_memcpy_w.o
         0          0          0          0          0          0   rtentry.o
        12          0          0          0          0          0   rtentry2.o
         6          0          0          0          0          0   rtentry4.o
         2          0          0          0          0          0   rtexit.o
        10          0          0          0          0          0   rtexit2.o
       128          0          0          0          0         68   strcmpv7m.o
        62          0          0          0          0         76   strlen.o
       112          0          0          0          0         88   strtol.o
        12          4          0          0          0         68   sys_exit.o
        74          0          0          0          0         80   sys_stackheap_outer.o
        14          0          0          0          0         76   sys_wrch.o
         2          0          0          0          0         68   use_no_semi.o
         6          0          0          0          0         68   pure_virt.o
       826         16          0          0          0        356   daddsub_clz.o
        24          0          0          0          0         68   dcmpi.o
       688        140          0          0          0        212   ddiv.o
        94          4          0          0          0         92   dfix.o
        90          4          0          0          0         92   dfixu.o
        84          0          0          0          0        136   dflt_clz.o
       120          4          0          0          0         92   dleqf.o
       340         12          0          0          0        104   dmul.o
       156          4          0          0          0         92   dnaninf.o
        12          0          0          0          0         68   dretinf.o
       108          0          0          0          0         80   drleqf.o
        86          4          0          0          0         84   f2d.o
       388         76          0          0          0         96   fdiv.o
        38          0          0          0          0         68   fflt_clz.o
       140          4          0          0          0         84   fnaninf.o
        10          0          0          0          0         68   fretinf.o
         0          0          0          0          0          0   usenofp.o

    ----------------------------------------------------------------------
      4486        350        272          0         96       3732   Library Totals
        14          0          0          0          0          0   (incl. Padding)

    ----------------------------------------------------------------------

      Code (inc. data)   RO Data    RW Data    ZI Data      Debug   Library Name

      1262         82        272          0         96       1872   c_w.l
         6          0          0          0          0         68   cpprt_w.l
      3204        268          0          0          0       1792   fz_ws.l

    ----------------------------------------------------------------------
      4486        350        272          0         96       3732   Library Totals

    ----------------------------------------------------------------------

==============================================================================


      Code (inc. data)   RO Data    RW Data    ZI Data      Debug   

     20900       1094       1320        164       5692     857112   Grand Totals
     20900       1094       1320        164       5692     857112   ELF Image Totals
     20900       1094       1320        164          0          0   ROM Totals

==============================================================================

    Total RO  Size (Code + RO Data)                22220 (  21.70kB)
    Total RW  Size (RW Data + ZI Data)              5856 (   5.72kB)
    Total ROM Size (Code + RO Data + RW Data)      22384 (  21.86kB)

==============================================================================

