ARM Linker, 5.02 [Build 28] [MDK-ARM Lite]

==============================================================================

Section Cross References

    startup_stm32f4xx.o(STACK) refers (Special) to heapauxi.o(.text) for __use_two_region_memory
    startup_stm32f4xx.o(HEAP) refers (Special) to heapauxi.o(.text) for __use_two_region_memory
    startup_stm32f4xx.o(RESET) refers (Special) to heapauxi.o(.text) for __use_two_region_memory
    startup_stm32f4xx.o(RESET) refers to startup_stm32f4xx.o(STACK) for __initial_sp
    startup_stm32f4xx.o(RESET) refers to startup_stm32f4xx.o(.text) for Reset_Handler
    startup_stm32f4xx.o(RESET) refers to stm32f4xx_it.o(.text) for NMI_Handler
    startup_stm32f4xx.o(RESET) refers to systick.o(.text) for SysTick_Handler
    startup_stm32f4xx.o(RESET) refers to delay.o(.text) for TIM2_IRQHandler
    startup_stm32f4xx.o(RESET) refers to i2c.o(.text) for I2C1_EV_IRQHandler
    startup_stm32f4xx.o(RESET) refers to usart.o(.text) for USART1_IRQHandler
    startup_stm32f4xx.o(.text) refers (Special) to heapauxi.o(.text) for __use_two_region_memory
    startup_stm32f4xx.o(.text) refers to system_stm32f4xx.o(.text) for SystemInit
    startup_stm32f4xx.o(.text) refers to __main.o(!!!main) for __main
    startup_stm32f4xx.o(.text) refers to startup_stm32f4xx.o(HEAP) for Heap_Mem
    startup_stm32f4xx.o(.text) refers to startup_stm32f4xx.o(STACK) for Stack_Mem
    main.o(.text) refers to delay.o(.text) for TIM2_timer_start
    main.o(.text) refers to usartserial.o(.text) for USARTSerial::begin(_GPIOPin, _GPIOPin, unsigned)
    main.o(.text) refers to print.o(.text) for Print::println(const char*)
    main.o(.text) refers to usart.o(.text) for usart_flush
    main.o(.text) refers to stm32f4xx_rcc.o(.text) for RCC_GetClocksFreq
    main.o(.text) refers to gpio.o(.text) for PinBit
    main.o(.text) refers to i2c.o(.text) for i2c_begin
    main.o(.text) refers to st7032i.o(.text) for ST7032i::init(__I2CBuffer*)
    main.o(.text) refers to stm32f4xx_gpio.o(.text) for GPIO_ReadOutputData
    main.o(.text) refers to fflt_clz.o(x$fpl$ffltu) for __aeabi_ui2f
    main.o(.text) refers to fdiv.o(x$fpl$fdiv) for __aeabi_fdiv
    main.o(.text) refers to f2d.o(x$fpl$f2d) for __aeabi_f2d
    main.o(.text) refers to main.o(i._ZN5PrintC2Ev) for Print::Print__sub_object()
    main.o(.text) refers to main.o(.bss) for .bss
    main.o(.text) refers to main.o(.constdata) for .constdata
    main.o(.text) refers to i2c.o(.data) for I2CBuffer1
    main.o(.text) refers to st7032i.o(.constdata__ZTV7ST7032i) for vtable for ST7032i
    main.o(.text) refers to usartserial.o(.constdata__ZTV11USARTSerial) for vtable for USARTSerial
    main.o(.ARM.exidx) refers to main.o(.text) for .text
    main.o(.init_array) refers to main.o(.text) for __sti___8_main_cpp
    main.o(.init_array) refers to init_aeabi.o(.text) for __cpp_initialize__aeabi_
    system_stm32f4xx.o(.text) refers to system_stm32f4xx.o(.data) for .data
    adc3dma.o(.text) refers to stm32f4xx_rcc.o(.text) for RCC_AHB1PeriphClockCmd
    adc3dma.o(.text) refers to stm32f4xx_dma.o(.text) for DMA_Init
    adc3dma.o(.text) refers to stm32f4xx_gpio.o(.text) for GPIO_Init
    adc3dma.o(.text) refers to stm32f4xx_adc.o(.text) for ADC_CommonInit
    adc3dma.o(.text) refers to adc3dma.o(.data) for .data
    delay.o(.text) refers to stm32f4xx_rcc.o(.text) for RCC_GetClocksFreq
    delay.o(.text) refers to stm32f4xx_tim.o(.text) for TIM_TimeBaseInit
    delay.o(.text) refers to misc.o(.text) for NVIC_Init
    delay.o(.text) refers to delay.o(.data) for .data
    gpio.o(.text) refers to stm32f4xx_rcc.o(.text) for RCC_AHB1PeriphClockCmd
    gpio.o(.text) refers to stm32f4xx_gpio.o(.text) for GPIO_Init
    gpio.o(.text) refers to gpio.o(.data) for .data
    i2c.o(.text) refers to stm32f4xx_rcc.o(.text) for RCC_APB1PeriphClockCmd
    i2c.o(.text) refers to gpio.o(.text) for PinBit
    i2c.o(.text) refers to stm32f4xx_gpio.o(.text) for GPIO_PinAFConfig
    i2c.o(.text) refers to stm32f4xx_i2c.o(.text) for I2C_Init
    i2c.o(.text) refers to misc.o(.text) for NVIC_Init
    i2c.o(.text) refers to delay.o(.text) for delay_us
    i2c.o(.text) refers to rt_memcpy_v6.o(.text) for __aeabi_memcpy
    i2c.o(.text) refers to i2c.o(.data) for .data
    print.o(.text) refers to print.o(i._ZN5Print5writeEPKc) for Print::write(const char*)
    print.o(.text) refers to drleqf.o(x$fpl$drleqf) for __aeabi_cdrcmple
    print.o(.text) refers to dleqf.o(x$fpl$dleqf) for __aeabi_cdcmple
    print.o(.text) refers to ddiv.o(x$fpl$ddiv) for __aeabi_ddiv
    print.o(.text) refers to daddsub_clz.o(x$fpl$dadd) for __aeabi_dadd
    print.o(.text) refers to dfixu.o(x$fpl$dfixu) for __aeabi_d2uiz
    print.o(.text) refers to dflt_clz.o(x$fpl$dfltu) for __aeabi_ui2d
    print.o(.text) refers to daddsub_clz.o(x$fpl$drsb) for __aeabi_drsub
    print.o(.text) refers to dmul.o(x$fpl$dmul) for __aeabi_dmul
[...]
    ../fplib/f2d.s                           0x00000000   Number         0  f2d.o ABSOLUTE
    ../fplib/fdiv.s                          0x00000000   Number         0  fdiv.o ABSOLUTE
    ../fplib/fflt.s                          0x00000000   Number         0  fflt_clz.o ABSOLUTE
    ../fplib/fmul.s                          0x00000000   Number         0  fmul.o ABSOLUTE
    ../fplib/fnaninf.s                       0x00000000   Number         0  fnaninf.o ABSOLUTE
    ../fplib/fpinit.s                        0x00000000   Number         0  fpinit.o ABSOLUTE
    ../fplib/fretinf.s                       0x00000000   Number         0  fretinf.o ABSOLUTE
    ../fplib/usenofp.s                       0x00000000   Number         0  usenofp.o ABSOLUTE
    ..\..\stm32library\STM32F4xx_StdPeriph_Driver\src\misc.c 0x00000000   Number         0  misc.o ABSOLUTE
    ..\..\stm32library\STM32F4xx_StdPeriph_Driver\src\stm32f4xx_adc.c 0x00000000   Number         0  stm32f4xx_adc.o ABSOLUTE
    ..\..\stm32library\STM32F4xx_StdPeriph_Driver\src\stm32f4xx_dma.c 0x00000000   Number         0  stm32f4xx_dma.o ABSOLUTE
    ..\..\stm32library\STM32F4xx_StdPeriph_Driver\src\stm32f4xx_gpio.c 0x00000000   Number         0  stm32f4xx_gpio.o ABSOLUTE
    ..\..\stm32library\STM32F4xx_StdPeriph_Driver\src\stm32f4xx_i2c.c 0x00000000   Number         0  stm32f4xx_i2c.o ABSOLUTE
    ..\..\stm32library\STM32F4xx_StdPeriph_Driver\src\stm32f4xx_rcc.c 0x00000000   Number         0  stm32f4xx_rcc.o ABSOLUTE
    ..\..\stm32library\STM32F4xx_StdPeriph_Driver\src\stm32f4xx_tim.c 0x00000000   Number         0  stm32f4xx_tim.o ABSOLUTE
    ..\..\stm32library\STM32F4xx_StdPeriph_Driver\src\stm32f4xx_usart.c 0x00000000   Number         0  stm32f4xx_usart.o ABSOLUTE
    ..\..\stm32library\armcore\Print.cpp     0x00000000   Number         0  print.o ABSOLUTE
    ..\..\stm32library\armcore\ST7032i.cpp   0x00000000   Number         0  st7032i.o ABSOLUTE
    ..\..\stm32library\armcore\Stream.cpp    0x00000000   Number         0  stream.o ABSOLUTE
    ..\..\stm32library\armcore\USARTSerial.cpp 0x00000000   Number         0  usartserial.o ABSOLUTE
    ..\..\stm32library\armcore\adc3dma.c     0x00000000   Number         0  adc3dma.o ABSOLUTE
    ..\..\stm32library\armcore\delay.c       0x00000000   Number         0  delay.o ABSOLUTE
    ..\..\stm32library\armcore\gpio.c        0x00000000   Number         0  gpio.o ABSOLUTE
    ..\..\stm32library\armcore\i2c.c         0x00000000   Number         0  i2c.o ABSOLUTE
    ..\..\stm32library\armcore\systick.c     0x00000000   Number         0  systick.o ABSOLUTE
    ..\..\stm32library\armcore\usart.c       0x00000000   Number         0  usart.o ABSOLUTE
    ..\\..\\stm32library\\STM32F4xx_StdPeriph_Driver\\src\\misc.c 0x00000000   Number         0  misc.o ABSOLUTE
    ..\\..\\stm32library\\STM32F4xx_StdPeriph_Driver\\src\\stm32f4xx_adc.c 0x00000000   Number         0  stm32f4xx_adc.o ABSOLUTE
    ..\\..\\stm32library\\STM32F4xx_StdPeriph_Driver\\src\\stm32f4xx_dma.c 0x00000000   Number         0  stm32f4xx_dma.o ABSOLUTE
    ..\\..\\stm32library\\STM32F4xx_StdPeriph_Driver\\src\\stm32f4xx_gpio.c 0x00000000   Number         0  stm32f4xx_gpio.o ABSOLUTE
    ..\\..\\stm32library\\STM32F4xx_StdPeriph_Driver\\src\\stm32f4xx_i2c.c 0x00000000   Number         0  stm32f4xx_i2c.o ABSOLUTE
    ..\\..\\stm32library\\STM32F4xx_StdPeriph_Driver\\src\\stm32f4xx_rcc.c 0x00000000   Number         0  stm32f4xx_rcc.o ABSOLUTE
    ..\\..\\stm32library\\STM32F4xx_StdPeriph_Driver\\src\\stm32f4xx_tim.c 0x00000000   Number         0  stm32f4xx_tim.o ABSOLUTE
    ..\\..\\stm32library\\STM32F4xx_StdPeriph_Driver\\src\\stm32f4xx_usart.c 0x00000000   Number         0  stm32f4xx_usart.o ABSOLUTE
    ..\\..\\stm32library\\armcore\\ST7032i.cpp 0x00000000   Number         0  st7032i.o ABSOLUTE
    ..\\..\\stm32library\\armcore\\Stream.cpp 0x00000000   Number         0  stream.o ABSOLUTE
    ..\\..\\stm32library\\armcore\\USARTSerial.cpp 0x00000000   Number         0  usartserial.o ABSOLUTE
    ..\\..\\stm32library\\armcore\\adc3dma.c 0x00000000   Number         0  adc3dma.o ABSOLUTE
    ..\\..\\stm32library\\armcore\\delay.c   0x00000000   Number         0  delay.o ABSOLUTE
    ..\\..\\stm32library\\armcore\\gpio.c    0x00000000   Number         0  gpio.o ABSOLUTE
    ..\\..\\stm32library\\armcore\\i2c.c     0x00000000   Number         0  i2c.o ABSOLUTE
    ..\\..\\stm32library\\armcore\\systick.c 0x00000000   Number         0  systick.o ABSOLUTE
    ..\\..\\stm32library\\armcore\\usart.c   0x00000000   Number         0  usart.o ABSOLUTE
    ..\\main.cpp                             0x00000000   Number         0  main.o ABSOLUTE
    ..\\stm32f4xx_it.c                       0x00000000   Number         0  stm32f4xx_it.o ABSOLUTE
    ..\\system_stm32f4xx.c                   0x00000000   Number         0  system_stm32f4xx.o ABSOLUTE
    ..\main.cpp                              0x00000000   Number         0  main.o ABSOLUTE
    ..\stm32f4xx_it.c                        0x00000000   Number         0  stm32f4xx_it.o ABSOLUTE
    ..\system_stm32f4xx.c                    0x00000000   Number         0  system_stm32f4xx.o ABSOLUTE
    dc.s                                     0x00000000   Number         0  dc.o ABSOLUTE
    startup_stm32f4xx.s                      0x00000000   Number         0  startup_stm32f4xx.o ABSOLUTE
    RESET                                    0x08000000   Section      392  startup_stm32f4xx.o(RESET)
    !!!main                                  0x08000188   Section        8  __main.o(!!!main)
    !!!scatter                               0x08000190   Section       52  __scatter.o(!!!scatter)
    !!dczerorl2                              0x080001c4   Section       90  __dczerorl2.o(!!dczerorl2)
    !!handler_zi                             0x08000220   Section       28  __scatter_zi.o(!!handler_zi)
    .ARM.Collect$$libinit$$00000000          0x0800023c   Section        2  libinit.o(.ARM.Collect$$libinit$$00000000)
    .ARM.Collect$$libinit$$00000002          0x0800023e   Section        0  libinit2.o(.ARM.Collect$$libinit$$00000002)
    .ARM.Collect$$libinit$$00000008          0x0800023e   Section        0  libinit2.o(.ARM.Collect$$libinit$$00000008)
    .ARM.Collect$$libinit$$0000000A          0x0800023e   Section        0  libinit2.o(.ARM.Collect$$libinit$$0000000A)
    .ARM.Collect$$libinit$$0000000C          0x0800023e   Section        0  libinit2.o(.ARM.Collect$$libinit$$0000000C)
    .ARM.Collect$$libinit$$0000000F          0x0800023e   Section        0  libinit2.o(.ARM.Collect$$libinit$$0000000F)
    .ARM.Collect$$libinit$$00000011          0x0800023e   Section        0  libinit2.o(.ARM.Collect$$libinit$$00000011)
    .ARM.Collect$$libinit$$00000013          0x0800023e   Section        0  libinit2.o(.ARM.Collect$$libinit$$00000013)
    .ARM.Collect$$libinit$$00000015          0x0800023e   Section        0  libinit2.o(.ARM.Collect$$libinit$$00000015)
    .ARM.Collect$$libinit$$00000017          0x0800023e   Section        0  libinit2.o(.ARM.Collect$$libinit$$00000017)
    .ARM.Collect$$libinit$$00000019          0x0800023e   Section        0  libinit2.o(.ARM.Collect$$libinit$$00000019)
    .ARM.Collect$$libinit$$0000001B          0x0800023e   Section        0  libinit2.o(.ARM.Collect$$libinit$$0000001B)
    .ARM.Collect$$libinit$$0000001D          0x0800023e   Section        0  libinit2.o(.ARM.Collect$$libinit$$0000001D)
    .ARM.Collect$$libinit$$0000001F          0x0800023e   Section        0  libinit2.o(.ARM.Collect$$libinit$$0000001F)
    .ARM.Collect$$libinit$$00000021          0x0800023e   Section        0  libinit2.o(.ARM.Collect$$libinit$$00000021)
    .ARM.Collect$$libinit$$00000023          0x0800023e   Section        0  libinit2.o(.ARM.Collect$$libinit$$00000023)
    .ARM.Collect$$libinit$$0000002A          0x0800023e   Section        0  libinit2.o(.ARM.Collect$$libinit$$0000002A)
    .ARM.Collect$$libinit$$0000002C          0x0800023e   Section        0  libinit2.o(.ARM.Collect$$libinit$$0000002C)
    .ARM.Collect$$libinit$$0000002E          0x0800023e   Section        0  libinit2.o(.ARM.Collect$$libinit$$0000002E)
    .ARM.Collect$$libinit$$0000002F          0x0800023e   Section        4  libinit2.o(.ARM.Collect$$libinit$$0000002F)
    .ARM.Collect$$libinit$$00000030          0x08000242   Section        0  libinit2.o(.ARM.Collect$$libinit$$00000030)
    .ARM.Collect$$libinit$$00000031          0x08000242   Section        2  libinit2.o(.ARM.Collect$$libinit$$00000031)
    .ARM.Collect$$libshutdown$$00000000      0x08000244   Section        2  libshutdown.o(.ARM.Collect$$libshutdown$$00000000)
    .ARM.Collect$$libshutdown$$00000003      0x08000246   Section        0  libshutdown2.o(.ARM.Collect$$libshutdown$$00000003)
    .ARM.Collect$$libshutdown$$00000006      0x08000246   Section        0  libshutdown2.o(.ARM.Collect$$libshutdown$$00000006)
    .ARM.Collect$$libshutdown$$00000009      0x08000246   Section        0  libshutdown2.o(.ARM.Collect$$libshutdown$$00000009)
    .ARM.Collect$$libshutdown$$0000000B      0x08000246   Section        0  libshutdown2.o(.ARM.Collect$$libshutdown$$0000000B)
    .ARM.Collect$$libshutdown$$0000000E      0x08000246   Section        0  libshutdown2.o(.ARM.Collect$$libshutdown$$0000000E)
    .ARM.Collect$$libshutdown$$0000000F      0x08000246   Section        2  libshutdown2.o(.ARM.Collect$$libshutdown$$0000000F)
    .ARM.Collect$$rtentry$$00000000          0x08000248   Section        0  rtentry.o(.ARM.Collect$$rtentry$$00000000)
    .ARM.Collect$$rtentry$$00000002          0x08000248   Section        0  rtentry2.o(.ARM.Collect$$rtentry$$00000002)
    .ARM.Collect$$rtentry$$00000004          0x08000248   Section        6  rtentry4.o(.ARM.Collect$$rtentry$$00000004)
    .ARM.Collect$$rtentry$$00000009          0x0800024e   Section        0  rtentry2.o(.ARM.Collect$$rtentry$$00000009)
    .ARM.Collect$$rtentry$$0000000A          0x0800024e   Section        4  rtentry2.o(.ARM.Collect$$rtentry$$0000000A)
    .ARM.Collect$$rtentry$$0000000C          0x08000252   Section        0  rtentry2.o(.ARM.Collect$$rtentry$$0000000C)
    .ARM.Collect$$rtentry$$0000000D          0x08000252   Section        8  rtentry2.o(.ARM.Collect$$rtentry$$0000000D)
    .ARM.Collect$$rtexit$$00000000           0x0800025a   Section        2  rtexit.o(.ARM.Collect$$rtexit$$00000000)
    .ARM.Collect$$rtexit$$00000002           0x0800025c   Section        0  rtexit2.o(.ARM.Collect$$rtexit$$00000002)
    .ARM.Collect$$rtexit$$00000003           0x0800025c   Section        4  rtexit2.o(.ARM.Collect$$rtexit$$00000003)
    .ARM.Collect$$rtexit$$00000004           0x08000260   Section        6  rtexit2.o(.ARM.Collect$$rtexit$$00000004)
    .text                                    0x08000268   Section       64  startup_stm32f4xx.o(.text)
    .text                                    0x080002a8   Section        0  main.o(.text)
    __sti___8_main_cpp                       0x08000591   Thumb Code    36  main.o(.text)
    .text                                    0x08000634   Section        0  stm32f4xx_it.o(.text)
    .text                                    0x08000644   Section        0  system_stm32f4xx.o(.text)
    SetSysClock                              0x080006ef   Thumb Code   140  system_stm32f4xx.o(.text)
    .text                                    0x080007a0   Section        0  delay.o(.text)
    .text                                    0x080008a8   Section        0  gpio.o(.text)
    .text                                    0x08000a44   Section        0  i2c.o(.text)
    .text                                    0x08000e9c   Section        0  print.o(.text)
    .text                                    0x0800116c   Section        0  st7032i.o(.text)
    .text                                    0x080013f4   Section        0  systick.o(.text)
    .text                                    0x08001450   Section        0  usart.o(.text)
    .text                                    0x08001900   Section        0  usartserial.o(.text)
    .text                                    0x0800190c   Section        0  misc.o(.text)
    .text                                    0x080019bc   Section        0  stm32f4xx_gpio.o(.text)
    .text                                    0x08001ba0   Section        0  stm32f4xx_i2c.o(.text)
    .text                                    0x08001ec8   Section        0  stm32f4xx_rcc.o(.text)
    .text                                    0x08002298   Section        0  stm32f4xx_tim.o(.text)
    TI2_Config                               0x080028e3   Thumb Code    54  stm32f4xx_tim.o(.text)
    TI1_Config                               0x08002c45   Thumb Code    46  stm32f4xx_tim.o(.text)
    .text                                    0x08002c74   Section        0  stm32f4xx_usart.o(.text)
    .text                                    0x08002fb8   Section        0  strlen.o(.text)
    .text                                    0x08002ff6   Section      138  rt_memcpy_v6.o(.text)
    .text                                    0x08003080   Section        0  heapauxi.o(.text)
    .text                                    0x08003088   Section        0  init_aeabi.o(.text)
    .text                                    0x080030ac   Section        0  defsig_pvfn_outer.o(.text)
    .text                                    0x080030ba   Section      100  rt_memcpy_w.o(.text)
    .text                                    0x0800311e   Section        0  defsig_exit.o(.text)
    .text                                    0x08003128   Section        0  defsig_pvfn_inner.o(.text)
    .text                                    0x08003158   Section        0  sys_exit.o(.text)
    .text                                    0x08003164   Section       74  sys_stackheap_outer.o(.text)
    .text                                    0x080031ae   Section        0  exit.o(.text)
    .text                                    0x080031ba   Section        0  defsig_general.o(.text)
    .text                                    0x080031ec   Section        0  sys_wrch.o(.text)
    .text                                    0x080031fc   Section        8  libspace.o(.text)
    .text                                    0x08003204   Section        2  use_no_semi.o(.text)
    .text                                    0x08003206   Section        0  indicate_semi.o(.text)
    i._ZN5Print5writeEPKc                    0x08003206   Section        0  print.o(i._ZN5Print5writeEPKc)
    i._ZN5PrintC2Ev                          0x08003228   Section        0  main.o(i._ZN5PrintC2Ev)
    i.__cxa_pure_virtual                     0x08003238   Section        0  pure_virt.o(i.__cxa_pure_virtual)
    x$fpl$dadd                               0x08003240   Section      336  daddsub_clz.o(x$fpl$dadd)
    _dadd1                                   0x08003251   Thumb Code     0  daddsub_clz.o(x$fpl$dadd)
    x$fpl$dcmpinf                            0x08003390   Section       24  dcmpi.o(x$fpl$dcmpinf)
    x$fpl$ddiv                               0x080033a8   Section      688  ddiv.o(x$fpl$ddiv)
    ddiv_entry                               0x080033af   Thumb Code     0  ddiv.o(x$fpl$ddiv)
    x$fpl$dfix                               0x08003658   Section       94  dfix.o(x$fpl$dfix)
    x$fpl$dfixu                              0x080036b8   Section       90  dfixu.o(x$fpl$dfixu)
    x$fpl$dflt                               0x08003712   Section       46  dflt_clz.o(x$fpl$dflt)
    x$fpl$dfltu                              0x08003740   Section       38  dflt_clz.o(x$fpl$dfltu)
    x$fpl$dleqf                              0x08003768   Section      120  dleqf.o(x$fpl$dleqf)
    x$fpl$dmul                               0x080037e0   Section      340  dmul.o(x$fpl$dmul)
    x$fpl$dnaninf                            0x08003934   Section      156  dnaninf.o(x$fpl$dnaninf)
    x$fpl$dretinf                            0x080039d0   Section       12  dretinf.o(x$fpl$dretinf)
    x$fpl$drleqf                             0x080039dc   Section      108  drleqf.o(x$fpl$drleqf)
    x$fpl$drsb                               0x08003a48   Section       22  daddsub_clz.o(x$fpl$drsb)
    x$fpl$dsub                               0x08003a60   Section      468  daddsub_clz.o(x$fpl$dsub)
    _dsub1                                   0x08003a71   Thumb Code     0  daddsub_clz.o(x$fpl$dsub)
    x$fpl$f2d                                0x08003c34   Section       86  f2d.o(x$fpl$f2d)
    x$fpl$fdiv                               0x08003c8c   Section      388  fdiv.o(x$fpl$fdiv)
    _fdiv1                                   0x08003c8d   Thumb Code     0  fdiv.o(x$fpl$fdiv)
    x$fpl$ffltu                              0x08003e10   Section       38  fflt_clz.o(x$fpl$ffltu)
    x$fpl$fnaninf                            0x08003e36   Section      140  fnaninf.o(x$fpl$fnaninf)
    x$fpl$fretinf                            0x08003ec2   Section       10  fretinf.o(x$fpl$fretinf)
    .constdata                               0x08003ecc   Section      472  main.o(.constdata)
    x$fpl$usenofp                            0x08003ecc   Section        0  usenofp.o(x$fpl$usenofp)
    .constdata                               0x080040a4   Section       16  st7032i.o(.constdata)
    .constdata__ZTV11USARTSerial             0x080040b4   Section       32  usartserial.o(.constdata__ZTV11USARTSerial)
    .constdata__ZTV5Print                    0x080040d4   Section       16  print.o(.constdata__ZTV5Print)
    .constdata__ZTV7ST7032i                  0x080040e4   Section       16  st7032i.o(.constdata__ZTV7ST7032i)
    .init_array                              0x08004114   Section        4  main.o(.init_array)
    .data                                    0x20000000   Section       20  system_stm32f4xx.o(.data)
    .data                                    0x20000014   Section        8  delay.o(.data)
    .data                                    0x2000001c   Section       80  gpio.o(.data)
    .data                                    0x2000006c   Section      272  i2c.o(.data)
    .data                                    0x2000017c   Section        4  systick.o(.data)
    .data                                    0x20000180   Section       16  stm32f4xx_rcc.o(.data)
    APBAHBPrescTable                         0x20000180   Data          16  stm32f4xx_rcc.o(.data)
    .bss                                     0x20000190   Section       52  main.o(.bss)
    .bss                                     0x200001c4   Section     3144  usart.o(.bss)
    .bss                                     0x20000e0c   Section       96  libspace.o(.bss)
    HEAP                                     0x20000e70   Section      512  startup_stm32f4xx.o(HEAP)
    Heap_Mem                                 0x20000e70   Data         512  startup_stm32f4xx.o(HEAP)
    STACK                                    0x20001070   Section     1024  startup_stm32f4xx.o(STACK)
    Stack_Mem                                0x20001070   Data        1024  startup_stm32f4xx.o(STACK)
    __initial_sp                             0x20001470   Data           0  startup_stm32f4xx.o(STACK)

    Global Symbols

    Symbol Name                              Value     Ov Type        Size  Object(Section)

    BuildAttributes$$THM_ISAv4$E$P$D$K$B$S$7EM$PE$A:L22UL41UL21$X:L11$S22US41US21$IEEE1$IW$USESV6$~STKCKD$USESV7$~SHL$OSPACE$ROPI$EBA8$UX$STANDARDLIB$REQ8$PRES8$EABIv2 0x00000000   Number         0  anon$$obj.o ABSOLUTE
    __ARM_use_no_argv                        0x00000000   Number         0  main.o ABSOLUTE
    __ARM_exceptions_init                     - Undefined Weak Reference
    __alloca_initialize                       - Undefined Weak Reference
    __cxa_finalize                            - Undefined Weak Reference
    __rt_locale                               - Undefined Weak Reference
    __sigvec_lookup                           - Undefined Weak Reference
    _atexit_init                              - Undefined Weak Reference
    _call_atexit_fns                          - Undefined Weak Reference
    _clock_init                               - Undefined Weak Reference
    _fp_trap_init                             - Undefined Weak Reference
    _fp_trap_shutdown                         - Undefined Weak Reference
    _get_lc_collate                           - Undefined Weak Reference
    _get_lc_ctype                             - Undefined Weak Reference
    _get_lc_monetary                          - Undefined Weak Reference
    _get_lc_numeric                           - Undefined Weak Reference
    _get_lc_time                              - Undefined Weak Reference
    _getenv_init                              - Undefined Weak Reference
    _handle_redirection                       - Undefined Weak Reference
    _init_alloc                               - Undefined Weak Reference
    _init_user_alloc                          - Undefined Weak Reference
    _initio                                   - Undefined Weak Reference
    _rand_init                                - Undefined Weak Reference
    _signal_finish                            - Undefined Weak Reference
    _signal_init                              - Undefined Weak Reference
    _terminate_alloc                          - Undefined Weak Reference
    _terminate_user_alloc                     - Undefined Weak Reference
    _terminateio                              - Undefined Weak Reference
    __Vectors_Size                           0x00000188   Number         0  startup_stm32f4xx.o ABSOLUTE
    __Vectors                                0x08000000   Data           4  startup_stm32f4xx.o(RESET)
    __Vectors_End                            0x08000188   Data           0  startup_stm32f4xx.o(RESET)
    __main                                   0x08000189   Thumb Code     8  __main.o(!!!main)
    __scatterload                            0x08000191   Thumb Code     0  __scatter.o(!!!scatter)
    __scatterload_rt2                        0x08000191   Thumb Code    44  __scatter.o(!!!scatter)
    __scatterload_rt2_thumb_only             0x08000191   Thumb Code     0  __scatter.o(!!!scatter)
    __scatterload_null                       0x0800019f   Thumb Code     0  __scatter.o(!!!scatter)
    __decompress                             0x080001c5   Thumb Code    90  __dczerorl2.o(!!dczerorl2)
    __decompress1                            0x080001c5   Thumb Code     0  __dczerorl2.o(!!dczerorl2)
    __scatterload_zeroinit                   0x08000221   Thumb Code    28  __scatter_zi.o(!!handler_zi)
    __rt_lib_init                            0x0800023d   Thumb Code     0  libinit.o(.ARM.Collect$$libinit$$00000000)
    __rt_lib_init_alloca_1                   0x0800023f   Thumb Code     0  libinit2.o(.ARM.Collect$$libinit$$0000002C)
    __rt_lib_init_argv_1                     0x0800023f   Thumb Code     0  libinit2.o(.ARM.Collect$$libinit$$0000002A)
    __rt_lib_init_atexit_1                   0x0800023f   Thumb Code     0  libinit2.o(.ARM.Collect$$libinit$$00000019)
    __rt_lib_init_clock_1                    0x0800023f   Thumb Code     0  libinit2.o(.ARM.Collect$$libinit$$0000001F)
    __rt_lib_init_cpp_2                      0x0800023f   Thumb Code     0  libinit2.o(.ARM.Collect$$libinit$$0000002F)
    __rt_lib_init_exceptions_1               0x0800023f   Thumb Code     0  libinit2.o(.ARM.Collect$$libinit$$0000002E)
    __rt_lib_init_fp_1                       0x0800023f   Thumb Code     0  libinit2.o(.ARM.Collect$$libinit$$00000002)
    __rt_lib_init_fp_trap_1                  0x0800023f   Thumb Code     0  libinit2.o(.ARM.Collect$$libinit$$0000001D)
    __rt_lib_init_getenv_1                   0x0800023f   Thumb Code     0  libinit2.o(.ARM.Collect$$libinit$$00000021)
    __rt_lib_init_heap_1                     0x0800023f   Thumb Code     0  libinit2.o(.ARM.Collect$$libinit$$00000008)
    __rt_lib_init_lc_collate_1               0x0800023f   Thumb Code     0  libinit2.o(.ARM.Collect$$libinit$$0000000F)
    __rt_lib_init_lc_ctype_1                 0x0800023f   Thumb Code     0  libinit2.o(.ARM.Collect$$libinit$$00000011)
    __rt_lib_init_lc_monetary_1              0x0800023f   Thumb Code     0  libinit2.o(.ARM.Collect$$libinit$$00000013)
    __rt_lib_init_lc_numeric_1               0x0800023f   Thumb Code     0  libinit2.o(.ARM.Collect$$libinit$$00000015)
    __rt_lib_init_lc_time_1                  0x0800023f   Thumb Code     0  libinit2.o(.ARM.Collect$$libinit$$00000017)
    __rt_lib_init_rand_1                     0x0800023f   Thumb Code     0  libinit2.o(.ARM.Collect$$libinit$$0000000C)
    __rt_lib_init_signal_1                   0x0800023f   Thumb Code     0  libinit2.o(.ARM.Collect$$libinit$$0000001B)
    __rt_lib_init_stdio_1                    0x0800023f   Thumb Code     0  libinit2.o(.ARM.Collect$$libinit$$00000023)
    __rt_lib_init_user_alloc_1               0x0800023f   Thumb Code     0  libinit2.o(.ARM.Collect$$libinit$$0000000A)
    __rt_lib_init_cpp_1                      0x08000243   Thumb Code     0  libinit2.o(.ARM.Collect$$libinit$$00000030)
    __rt_lib_init_return                     0x08000243   Thumb Code     0  libinit2.o(.ARM.Collect$$libinit$$00000031)
    __rt_lib_shutdown                        0x08000245   Thumb Code     0  libshutdown.o(.ARM.Collect$$libshutdown$$00000000)
    __rt_lib_shutdown_fp_trap_1              0x08000247   Thumb Code     0  libshutdown2.o(.ARM.Collect$$libshutdown$$00000006)
    __rt_lib_shutdown_heap_1                 0x08000247   Thumb Code     0  libshutdown2.o(.ARM.Collect$$libshutdown$$0000000E)
    __rt_lib_shutdown_return                 0x08000247   Thumb Code     0  libshutdown2.o(.ARM.Collect$$libshutdown$$0000000F)
    __rt_lib_shutdown_signal_1               0x08000247   Thumb Code     0  libshutdown2.o(.ARM.Collect$$libshutdown$$00000009)
    __rt_lib_shutdown_stdio_1                0x08000247   Thumb Code     0  libshutdown2.o(.ARM.Collect$$libshutdown$$00000003)
    __rt_lib_shutdown_user_alloc_1           0x08000247   Thumb Code     0  libshutdown2.o(.ARM.Collect$$libshutdown$$0000000B)
    __rt_entry                               0x08000249   Thumb Code     0  rtentry.o(.ARM.Collect$$rtentry$$00000000)
    __rt_entry_presh_1                       0x08000249   Thumb Code     0  rtentry2.o(.ARM.Collect$$rtentry$$00000002)
    __rt_entry_sh                            0x08000249   Thumb Code     0  rtentry4.o(.ARM.Collect$$rtentry$$00000004)
    __rt_entry_li                            0x0800024f   Thumb Code     0  rtentry2.o(.ARM.Collect$$rtentry$$0000000A)
    __rt_entry_postsh_1                      0x0800024f   Thumb Code     0  rtentry2.o(.ARM.Collect$$rtentry$$00000009)
    __rt_entry_main                          0x08000253   Thumb Code     0  rtentry2.o(.ARM.Collect$$rtentry$$0000000D)
    __rt_entry_postli_1                      0x08000253   Thumb Code     0  rtentry2.o(.ARM.Collect$$rtentry$$0000000C)
    __rt_exit                                0x0800025b   Thumb Code     0  rtexit.o(.ARM.Collect$$rtexit$$00000000)
    __rt_exit_ls                             0x0800025d   Thumb Code     0  rtexit2.o(.ARM.Collect$$rtexit$$00000003)
    __rt_exit_prels_1                        0x0800025d   Thumb Code     0  rtexit2.o(.ARM.Collect$$rtexit$$00000002)
    __rt_exit_exit                           0x08000261   Thumb Code     0  rtexit2.o(.ARM.Collect$$rtexit$$00000004)
    Reset_Handler                            0x08000269   Thumb Code     8  startup_stm32f4xx.o(.text)
    ADC_IRQHandler                           0x08000283   Thumb Code     0  startup_stm32f4xx.o(.text)
    CAN1_RX0_IRQHandler                      0x08000283   Thumb Code     0  startup_stm32f4xx.o(.text)
    CAN1_RX1_IRQHandler                      0x08000283   Thumb Code     0  startup_stm32f4xx.o(.text)
    CAN1_SCE_IRQHandler                      0x08000283   Thumb Code     0  startup_stm32f4xx.o(.text)
    CAN1_TX_IRQHandler                       0x08000283   Thumb Code     0  startup_stm32f4xx.o(.text)
    CAN2_RX0_IRQHandler                      0x08000283   Thumb Code     0  startup_stm32f4xx.o(.text)
    CAN2_RX1_IRQHandler                      0x08000283   Thumb Code     0  startup_stm32f4xx.o(.text)
    CAN2_SCE_IRQHandler                      0x08000283   Thumb Code     0  startup_stm32f4xx.o(.text)
    CAN2_TX_IRQHandler                       0x08000283   Thumb Code     0  startup_stm32f4xx.o(.text)
    CRYP_IRQHandler                          0x08000283   Thumb Code     0  startup_stm32f4xx.o(.text)
    DCMI_IRQHandler                          0x08000283   Thumb Code     0  startup_stm32f4xx.o(.text)
    DMA1_Stream0_IRQHandler                  0x08000283   Thumb Code     0  startup_stm32f4xx.o(.text)
    DMA1_Stream1_IRQHandler                  0x08000283   Thumb Code     0  startup_stm32f4xx.o(.text)
    DMA1_Stream2_IRQHandler                  0x08000283   Thumb Code     0  startup_stm32f4xx.o(.text)
    DMA1_Stream3_IRQHandler                  0x08000283   Thumb Code     0  startup_stm32f4xx.o(.text)
    DMA1_Stream4_IRQHandler                  0x08000283   Thumb Code     0  startup_stm32f4xx.o(.text)
    DMA1_Stream5_IRQHandler                  0x08000283   Thumb Code     0  startup_stm32f4xx.o(.text)
    DMA1_Stream6_IRQHandler                  0x08000283   Thumb Code     0  startup_stm32f4xx.o(.text)
    DMA1_Stream7_IRQHandler                  0x08000283   Thumb Code     0  startup_stm32f4xx.o(.text)
    DMA2_Stream0_IRQHandler                  0x08000283   Thumb Code     0  startup_stm32f4xx.o(.text)
    DMA2_Stream1_IRQHandler                  0x08000283   Thumb Code     0  startup_stm32f4xx.o(.text)
    DMA2_Stream2_IRQHandler                  0x08000283   Thumb Code     0  startup_stm32f4xx.o(.text)
    DMA2_Stream3_IRQHandler                  0x08000283   Thumb Code     0  startup_stm32f4xx.o(.text)
    DMA2_Stream4_IRQHandler                  0x08000283   Thumb Code     0  startup_stm32f4xx.o(.text)
    DMA2_Stream5_IRQHandler                  0x08000283   Thumb Code     0  startup_stm32f4xx.o(.text)
    DMA2_Stream6_IRQHandler                  0x08000283   Thumb Code     0  startup_stm32f4xx.o(.text)
    DMA2_Stream7_IRQHandler                  0x08000283   Thumb Code     0  startup_stm32f4xx.o(.text)
    ETH_IRQHandler                           0x08000283   Thumb Code     0  startup_stm32f4xx.o(.text)
    ETH_WKUP_IRQHandler                      0x08000283   Thumb Code     0  startup_stm32f4xx.o(.text)
    EXTI0_IRQHandler                         0x08000283   Thumb Code     0  startup_stm32f4xx.o(.text)
    EXTI15_10_IRQHandler                     0x08000283   Thumb Code     0  startup_stm32f4xx.o(.text)
    EXTI1_IRQHandler                         0x08000283   Thumb Code     0  startup_stm32f4xx.o(.text)
    EXTI2_IRQHandler                         0x08000283   Thumb Code     0  startup_stm32f4xx.o(.text)
    EXTI3_IRQHandler                         0x08000283   Thumb Code     0  startup_stm32f4xx.o(.text)
    EXTI4_IRQHandler                         0x08000283   Thumb Code     0  startup_stm32f4xx.o(.text)
    EXTI9_5_IRQHandler                       0x08000283   Thumb Code     0  startup_stm32f4xx.o(.text)
    FLASH_IRQHandler                         0x08000283   Thumb Code     0  startup_stm32f4xx.o(.text)
    FPU_IRQHandler                           0x08000283   Thumb Code     0  startup_stm32f4xx.o(.text)
    FSMC_IRQHandler                          0x08000283   Thumb Code     0  startup_stm32f4xx.o(.text)
    HASH_RNG_IRQHandler                      0x08000283   Thumb Code     0  startup_stm32f4xx.o(.text)
    I2C1_ER_IRQHandler                       0x08000283   Thumb Code     0  startup_stm32f4xx.o(.text)
    I2C2_ER_IRQHandler                       0x08000283   Thumb Code     0  startup_stm32f4xx.o(.text)
    I2C2_EV_IRQHandler                       0x08000283   Thumb Code     0  startup_stm32f4xx.o(.text)
    I2C3_ER_IRQHandler                       0x08000283   Thumb Code     0  startup_stm32f4xx.o(.text)
    I2C3_EV_IRQHandler                       0x08000283   Thumb Code     0  startup_stm32f4xx.o(.text)
    OTG_FS_IRQHandler                        0x08000283   Thumb Code     0  startup_stm32f4xx.o(.text)
    OTG_FS_WKUP_IRQHandler                   0x08000283   Thumb Code     0  startup_stm32f4xx.o(.text)
    OTG_HS_EP1_IN_IRQHandler                 0x08000283   Thumb Code     0  startup_stm32f4xx.o(.text)
    OTG_HS_EP1_OUT_IRQHandler                0x08000283   Thumb Code     0  startup_stm32f4xx.o(.text)
    OTG_HS_IRQHandler                        0x08000283   Thumb Code     0  startup_stm32f4xx.o(.text)
    OTG_HS_WKUP_IRQHandler                   0x08000283   Thumb Code     0  startup_stm32f4xx.o(.text)
    PVD_IRQHandler                           0x08000283   Thumb Code     0  startup_stm32f4xx.o(.text)
    RCC_IRQHandler                           0x08000283   Thumb Code     0  startup_stm32f4xx.o(.text)
    RTC_Alarm_IRQHandler                     0x08000283   Thumb Code     0  startup_stm32f4xx.o(.text)
    RTC_WKUP_IRQHandler                      0x08000283   Thumb Code     0  startup_stm32f4xx.o(.text)
    SDIO_IRQHandler                          0x08000283   Thumb Code     0  startup_stm32f4xx.o(.text)
    SPI1_IRQHandler                          0x08000283   Thumb Code     0  startup_stm32f4xx.o(.text)
    SPI2_IRQHandler                          0x08000283   Thumb Code     0  startup_stm32f4xx.o(.text)
    SPI3_IRQHandler                          0x08000283   Thumb Code     0  startup_stm32f4xx.o(.text)
    TAMP_STAMP_IRQHandler                    0x08000283   Thumb Code     0  startup_stm32f4xx.o(.text)
    TIM1_BRK_TIM9_IRQHandler                 0x08000283   Thumb Code     0  startup_stm32f4xx.o(.text)
    TIM1_CC_IRQHandler                       0x08000283   Thumb Code     0  startup_stm32f4xx.o(.text)
    TIM1_TRG_COM_TIM11_IRQHandler            0x08000283   Thumb Code     0  startup_stm32f4xx.o(.text)
    TIM1_UP_TIM10_IRQHandler                 0x08000283   Thumb Code     0  startup_stm32f4xx.o(.text)
    TIM3_IRQHandler                          0x08000283   Thumb Code     0  startup_stm32f4xx.o(.text)
    TIM4_IRQHandler                          0x08000283   Thumb Code     0  startup_stm32f4xx.o(.text)
    TIM5_IRQHandler                          0x08000283   Thumb Code     0  startup_stm32f4xx.o(.text)
    TIM6_DAC_IRQHandler                      0x08000283   Thumb Code     0  startup_stm32f4xx.o(.text)
    TIM7_IRQHandler                          0x08000283   Thumb Code     0  startup_stm32f4xx.o(.text)
    TIM8_BRK_TIM12_IRQHandler                0x08000283   Thumb Code     0  startup_stm32f4xx.o(.text)
    TIM8_CC_IRQHandler                       0x08000283   Thumb Code     0  startup_stm32f4xx.o(.text)
    TIM8_TRG_COM_TIM14_IRQHandler            0x08000283   Thumb Code     0  startup_stm32f4xx.o(.text)
    TIM8_UP_TIM13_IRQHandler                 0x08000283   Thumb Code     0  startup_stm32f4xx.o(.text)
    UART5_IRQHandler                         0x08000283   Thumb Code     0  startup_stm32f4xx.o(.text)
    USART6_IRQHandler                        0x08000283   Thumb Code     0  startup_stm32f4xx.o(.text)
    WWDG_IRQHandler                          0x08000283   Thumb Code     0  startup_stm32f4xx.o(.text)
    __user_initial_stackheap                 0x08000285   Thumb Code     0  startup_stm32f4xx.o(.text)
    main                                     0x080002a9   Thumb Code   744  main.o(.text)
    NMI_Handler                              0x08000635   Thumb Code     2  stm32f4xx_it.o(.text)
    HardFault_Handler                        0x08000637   Thumb Code     2  stm32f4xx_it.o(.text)
    MemManage_Handler                        0x08000639   Thumb Code     2  stm32f4xx_it.o(.text)
    BusFault_Handler                         0x0800063b   Thumb Code     2  stm32f4xx_it.o(.text)
    UsageFault_Handler                       0x0800063d   Thumb Code     2  stm32f4xx_it.o(.text)
    SVC_Handler                              0x0800063f   Thumb Code     2  stm32f4xx_it.o(.text)
    DebugMon_Handler                         0x08000641   Thumb Code     2  stm32f4xx_it.o(.text)
    PendSV_Handler                           0x08000643   Thumb Code     2  stm32f4xx_it.o(.text)
    SystemInit                               0x08000645   Thumb Code    62  system_stm32f4xx.o(.text)
    SystemCoreClockUpdate                    0x08000683   Thumb Code   108  system_stm32f4xx.o(.text)
    TIM2_timer_start                         0x080007a1   Thumb Code   126  delay.o(.text)
    micros                                   0x0800081f   Thumb Code    18  delay.o(.text)
    millis                                   0x08000831   Thumb Code     6  delay.o(.text)
    delay_ms                                 0x08000837   Thumb Code    26  delay.o(.text)
    delay_us                                 0x08000851   Thumb Code    36  delay.o(.text)
    TIM2_IRQHandler                          0x08000875   Thumb Code    42  delay.o(.text)
    PinPort                                  0x080008a9   Thumb Code    12  gpio.o(.text)
    PinBit                                   0x080008b5   Thumb Code    12  gpio.o(.text)
    PinSource                                0x080008c1   Thumb Code     6  gpio.o(.text)
    pinMode                                  0x080008c7   Thumb Code    66  gpio.o(.text)
    digitalWrite                             0x08000909   Thumb Code    46  gpio.o(.text)
    digitalRead                              0x08000937   Thumb Code    68  gpio.o(.text)
    GPIOMode                                 0x0800097b   Thumb Code   156  gpio.o(.text)
    GPIOWrite                                0x08000a17   Thumb Code     4  gpio.o(.text)
    i2c_begin                                0x08000a45   Thumb Code   270  i2c.o(.text)
    i2c_start                                0x08000b53   Thumb Code   104  i2c.o(.text)
    i2c_transmit                             0x08000bbb   Thumb Code   200  i2c.o(.text)
    i2c_receive                              0x08000c83   Thumb Code   310  i2c.o(.text)
    I2C1_EV_IRQHandler                       0x08000db9   Thumb Code   222  i2c.o(.text)
    Print::printNumber(unsigned long, unsigned char) 0x08000e9d   Thumb Code    58  print.o(.text)
    Print::print(char)                       0x08000ed7   Thumb Code     6  print.o(.text)
    Print::print(long, int)                  0x08000edd   Thumb Code    64  print.o(.text)
    Print::print(int, int)                   0x08000f1d   Thumb Code     2  print.o(.text)
    Print::print(const char*)                0x08000f1f   Thumb Code     4  print.o(.text)
    Print::print(unsigned long, int)         0x08000f23   Thumb Code    14  print.o(.text)
    Print::printFloat(double, unsigned char) 0x08000f31   Thumb Code   286  print.o(.text)
    Print::write(const unsigned char*, unsigned) 0x0800104f   Thumb Code    38  print.o(.text)
    Print::print(unsigned char, int)         0x08001075   Thumb Code     2  print.o(.text)
    Print::print(unsigned, int)              0x08001077   Thumb Code     2  print.o(.text)
    Print::print(double, int)                0x08001079   Thumb Code    14  print.o(.text)
    Print::println()                         0x08001087   Thumb Code    24  print.o(.text)
    Print::println(const char*)              0x0800109f   Thumb Code    20  print.o(.text)
    Print::println(char)                     0x080010b3   Thumb Code    20  print.o(.text)
    Print::println(unsigned char, int)       0x080010c7   Thumb Code    20  print.o(.text)
    Print::println(int, int)                 0x080010db   Thumb Code    20  print.o(.text)
    Print::println(unsigned, int)            0x080010ef   Thumb Code    20  print.o(.text)
    Print::println(long, int)                0x08001103   Thumb Code    20  print.o(.text)
    Print::println(unsigned long, int)       0x08001117   Thumb Code    20  print.o(.text)
    Print::println(double, int)              0x0800112b   Thumb Code    26  print.o(.text)
    ST7032i::command(unsigned char)          0x0800116d   Thumb Code    32  st7032i.o(.text)
    ST7032i::init(__I2CBuffer*)              0x0800118d   Thumb Code    28  st7032i.o(.text)
    ST7032i::home()                          0x080011a9   Thumb Code    18  st7032i.o(.text)
    ST7032i::clear()                         0x080011bb   Thumb Code    18  st7032i.o(.text)
    ST7032i::display()                       0x080011cd   Thumb Code    14  st7032i.o(.text)
    ST7032i::begin()                         0x080011db   Thumb Code   184  st7032i.o(.text)
    ST7032i::write(unsigned char)            0x08001293   Thumb Code    34  st7032i.o(.text)
    ST7032i::setCursor(unsigned char, unsigned char) 0x080012b5   Thumb Code    52  st7032i.o(.text)
    ST7032i::noDisplay()                     0x080012e9   Thumb Code    14  st7032i.o(.text)
    ST7032i::setContrast(unsigned char)      0x080012f7   Thumb Code    88  st7032i.o(.text)
    ST7032i::noBlink()                       0x0800134f   Thumb Code    14  st7032i.o(.text)
    ST7032i::blink()                         0x0800135d   Thumb Code    14  st7032i.o(.text)
    ST7032i::noCursor()                      0x0800136b   Thumb Code    14  st7032i.o(.text)
    ST7032i::showCursor()                    0x08001379   Thumb Code    14  st7032i.o(.text)
    ST7032i::scrollDisplayLeft()             0x08001387   Thumb Code     4  st7032i.o(.text)
    ST7032i::scrollDisplayRight()            0x0800138b   Thumb Code     4  st7032i.o(.text)
    ST7032i::leftToRight()                   0x0800138f   Thumb Code    14  st7032i.o(.text)
    ST7032i::rightToLeft()                   0x0800139d   Thumb Code    14  st7032i.o(.text)
    ST7032i::autoscroll()                    0x080013ab   Thumb Code    14  st7032i.o(.text)
    ST7032i::noAutoscroll()                  0x080013b9   Thumb Code    14  st7032i.o(.text)
    ST7032i::createChar(unsigned char, unsigned char*) 0x080013c7   Thumb Code    42  st7032i.o(.text)
    SysTick_Handler                          0x080013f5   Thumb Code    10  systick.o(.text)
    SysTick_delay                            0x080013ff   Thumb Code    14  systick.o(.text)
    SysTick_Start                            0x0800140d   Thumb Code    52  systick.o(.text)
    SysTick_count                            0x08001441   Thumb Code     6  systick.o(.text)
    ring_clear                               0x08001451   Thumb Code    14  usart.o(.text)
    ring_count                               0x0800145f   Thumb Code     6  usart.o(.text)
    ring_is_full                             0x08001465   Thumb Code    26  usart.o(.text)
    ring_enque                               0x0800147f   Thumb Code    64  usart.o(.text)
    ring_deque                               0x080014bf   Thumb Code    54  usart.o(.text)
    ring_peek                                0x080014f5   Thumb Code    22  usart.o(.text)
    usart_begin                              0x0800150b   Thumb Code   384  usart.o(.text)
    usart_polling_write                      0x0800168b   Thumb Code    30  usart.o(.text)
    usart_write                              0x080016a9   Thumb Code    76  usart.o(.text)
    usart_polling_read                       0x080016f5   Thumb Code     4  usart.o(.text)
    usart_read                               0x080016f9   Thumb Code    20  usart.o(.text)
    usart_flush                              0x0800170d   Thumb Code    40  usart.o(.text)
    usart_peek                               0x08001735   Thumb Code     4  usart.o(.text)
    usart_available                          0x08001739   Thumb Code     8  usart.o(.text)
    USART1_IRQHandler                        0x08001741   Thumb Code    96  usart.o(.text)
    USART2_IRQHandler                        0x080017a1   Thumb Code    96  usart.o(.text)
    USART3_IRQHandler                        0x08001801   Thumb Code    96  usart.o(.text)
    UART4_IRQHandler                         0x08001861   Thumb Code    98  usart.o(.text)
    USARTSerial::begin(_GPIOPin, _GPIOPin, unsigned) 0x08001901   Thumb Code     6  usartserial.o(.text)
    USARTSerial::write(unsigned char)        0x08001907   Thumb Code     6  usartserial.o(.text)
    NVIC_PriorityGroupConfig                 0x0800190d   Thumb Code    10  misc.o(.text)
    NVIC_Init                                0x08001917   Thumb Code    92  misc.o(.text)
    NVIC_SetVectorTable                      0x08001973   Thumb Code    14  misc.o(.text)
    NVIC_SystemLPConfig                      0x08001981   Thumb Code    20  misc.o(.text)
    SysTick_CLKSourceConfig                  0x08001995   Thumb Code    24  misc.o(.text)
    GPIO_DeInit                              0x080019bd   Thumb Code   192  stm32f4xx_gpio.o(.text)
    GPIO_Init                                0x08001a7d   Thumb Code   120  stm32f4xx_gpio.o(.text)
    GPIO_StructInit                          0x08001af5   Thumb Code    18  stm32f4xx_gpio.o(.text)
    GPIO_PinLockConfig                       0x08001b07   Thumb Code    16  stm32f4xx_gpio.o(.text)
    GPIO_ReadInputDataBit                    0x08001b17   Thumb Code    14  stm32f4xx_gpio.o(.text)
    GPIO_ReadInputData                       0x08001b25   Thumb Code     6  stm32f4xx_gpio.o(.text)
    GPIO_ReadOutputDataBit                   0x08001b2b   Thumb Code    14  stm32f4xx_gpio.o(.text)
    GPIO_ReadOutputData                      0x08001b39   Thumb Code     6  stm32f4xx_gpio.o(.text)
    GPIO_SetBits                             0x08001b3f   Thumb Code     4  stm32f4xx_gpio.o(.text)
    GPIO_ResetBits                           0x08001b43   Thumb Code     4  stm32f4xx_gpio.o(.text)
    GPIO_WriteBit                            0x08001b47   Thumb Code    10  stm32f4xx_gpio.o(.text)
    GPIO_Write                               0x08001b51   Thumb Code     4  stm32f4xx_gpio.o(.text)
    GPIO_ToggleBits                          0x08001b55   Thumb Code     8  stm32f4xx_gpio.o(.text)
    GPIO_PinAFConfig                         0x08001b5d   Thumb Code    32  stm32f4xx_gpio.o(.text)
    I2C_DeInit                               0x08001ba1   Thumb Code    56  stm32f4xx_i2c.o(.text)
    I2C_Init                                 0x08001bd9   Thumb Code   172  stm32f4xx_i2c.o(.text)
    I2C_StructInit                           0x08001c85   Thumb Code    28  stm32f4xx_i2c.o(.text)
    I2C_Cmd                                  0x08001ca1   Thumb Code    20  stm32f4xx_i2c.o(.text)
    I2C_GenerateSTART                        0x08001cb5   Thumb Code    20  stm32f4xx_i2c.o(.text)
    I2C_GenerateSTOP                         0x08001cc9   Thumb Code    20  stm32f4xx_i2c.o(.text)
    I2C_Send7bitAddress                      0x08001cdd   Thumb Code    16  stm32f4xx_i2c.o(.text)
    I2C_AcknowledgeConfig                    0x08001ced   Thumb Code    20  stm32f4xx_i2c.o(.text)
    I2C_OwnAddress2Config                    0x08001d01   Thumb Code    16  stm32f4xx_i2c.o(.text)
    I2C_DualAddressCmd                       0x08001d11   Thumb Code    20  stm32f4xx_i2c.o(.text)
    I2C_GeneralCallCmd                       0x08001d25   Thumb Code    20  stm32f4xx_i2c.o(.text)
    I2C_SoftwareResetCmd                     0x08001d39   Thumb Code    20  stm32f4xx_i2c.o(.text)
    I2C_StretchClockCmd                      0x08001d4d   Thumb Code    20  stm32f4xx_i2c.o(.text)
    I2C_FastModeDutyCycleConfig              0x08001d61   Thumb Code    22  stm32f4xx_i2c.o(.text)
    I2C_NACKPositionConfig                   0x08001d77   Thumb Code    22  stm32f4xx_i2c.o(.text)
    I2C_SMBusAlertConfig                     0x08001d8d   Thumb Code    22  stm32f4xx_i2c.o(.text)
    I2C_ARPCmd                               0x08001da3   Thumb Code    20  stm32f4xx_i2c.o(.text)
    I2C_SendData                             0x08001db7   Thumb Code     4  stm32f4xx_i2c.o(.text)
    I2C_ReceiveData                          0x08001dbb   Thumb Code     6  stm32f4xx_i2c.o(.text)
    I2C_TransmitPEC                          0x08001dc1   Thumb Code    20  stm32f4xx_i2c.o(.text)
    I2C_PECPositionConfig                    0x08001dd5   Thumb Code    22  stm32f4xx_i2c.o(.text)
    I2C_CalculatePEC                         0x08001deb   Thumb Code    20  stm32f4xx_i2c.o(.text)
    I2C_GetPEC                               0x08001dff   Thumb Code     6  stm32f4xx_i2c.o(.text)
    I2C_DMACmd                               0x08001e05   Thumb Code    20  stm32f4xx_i2c.o(.text)
    I2C_DMALastTransferCmd                   0x08001e19   Thumb Code    20  stm32f4xx_i2c.o(.text)
    I2C_ReadRegister                         0x08001e2d   Thumb Code     4  stm32f4xx_i2c.o(.text)
    I2C_ITConfig                             0x08001e31   Thumb Code    16  stm32f4xx_i2c.o(.text)
    I2C_CheckEvent                           0x08001e41   Thumb Code    24  stm32f4xx_i2c.o(.text)
    I2C_GetLastEvent                         0x08001e59   Thumb Code    14  stm32f4xx_i2c.o(.text)
    I2C_GetFlagStatus                        0x08001e67   Thumb Code    30  stm32f4xx_i2c.o(.text)
    I2C_ClearFlag                            0x08001e85   Thumb Code     6  stm32f4xx_i2c.o(.text)
    I2C_GetITStatus                          0x08001e8b   Thumb Code    34  stm32f4xx_i2c.o(.text)
    I2C_ClearITPendingBit                    0x08001ead   Thumb Code     6  stm32f4xx_i2c.o(.text)
    RCC_DeInit                               0x08001ec9   Thumb Code    48  stm32f4xx_rcc.o(.text)
    RCC_HSEConfig                            0x08001ef9   Thumb Code    12  stm32f4xx_rcc.o(.text)
    RCC_GetFlagStatus                        0x08001f05   Thumb Code    46  stm32f4xx_rcc.o(.text)
    RCC_WaitForHSEStartUp                    0x08001f33   Thumb Code    38  stm32f4xx_rcc.o(.text)
    RCC_AdjustHSICalibrationValue            0x08001f59   Thumb Code    16  stm32f4xx_rcc.o(.text)
    RCC_HSICmd                               0x08001f69   Thumb Code     6  stm32f4xx_rcc.o(.text)
    RCC_LSEConfig                            0x08001f6f   Thumb Code    24  stm32f4xx_rcc.o(.text)
    RCC_LSICmd                               0x08001f87   Thumb Code     6  stm32f4xx_rcc.o(.text)
    RCC_PLLConfig                            0x08001f8d   Thumb Code    32  stm32f4xx_rcc.o(.text)
    RCC_PLLCmd                               0x08001fad   Thumb Code     6  stm32f4xx_rcc.o(.text)
    RCC_PLLI2SConfig                         0x08001fb3   Thumb Code    14  stm32f4xx_rcc.o(.text)
    RCC_PLLI2SCmd                            0x08001fc1   Thumb Code     6  stm32f4xx_rcc.o(.text)
    RCC_ClockSecuritySystemCmd               0x08001fc7   Thumb Code     6  stm32f4xx_rcc.o(.text)
    RCC_MCO1Config                           0x08001fcd   Thumb Code    18  stm32f4xx_rcc.o(.text)
    RCC_MCO2Config                           0x08001fdf   Thumb Code    18  stm32f4xx_rcc.o(.text)
    RCC_SYSCLKConfig                         0x08001ff1   Thumb Code    16  stm32f4xx_rcc.o(.text)
    RCC_GetSYSCLKSource                      0x08002001   Thumb Code    12  stm32f4xx_rcc.o(.text)
    RCC_HCLKConfig                           0x0800200d   Thumb Code    16  stm32f4xx_rcc.o(.text)
    RCC_PCLK1Config                          0x0800201d   Thumb Code    16  stm32f4xx_rcc.o(.text)
    RCC_PCLK2Config                          0x0800202d   Thumb Code    18  stm32f4xx_rcc.o(.text)
    RCC_GetClocksFreq                        0x0800203f   Thumb Code   136  stm32f4xx_rcc.o(.text)
    RCC_RTCCLKConfig                         0x080020c7   Thumb Code    42  stm32f4xx_rcc.o(.text)
    RCC_RTCCLKCmd                            0x080020f1   Thumb Code     8  stm32f4xx_rcc.o(.text)
    RCC_BackupResetCmd                       0x080020f9   Thumb Code     8  stm32f4xx_rcc.o(.text)
    RCC_I2SCLKConfig                         0x08002101   Thumb Code     6  stm32f4xx_rcc.o(.text)
    RCC_AHB1PeriphClockCmd                   0x08002107   Thumb Code    20  stm32f4xx_rcc.o(.text)
    RCC_AHB2PeriphClockCmd                   0x0800211b   Thumb Code    20  stm32f4xx_rcc.o(.text)
    RCC_AHB3PeriphClockCmd                   0x0800212f   Thumb Code    20  stm32f4xx_rcc.o(.text)
    RCC_APB1PeriphClockCmd                   0x08002143   Thumb Code    20  stm32f4xx_rcc.o(.text)
    RCC_APB2PeriphClockCmd                   0x08002157   Thumb Code    20  stm32f4xx_rcc.o(.text)
    RCC_AHB1PeriphResetCmd                   0x0800216b   Thumb Code    20  stm32f4xx_rcc.o(.text)
    RCC_AHB2PeriphResetCmd                   0x0800217f   Thumb Code    20  stm32f4xx_rcc.o(.text)
    RCC_AHB3PeriphResetCmd                   0x08002193   Thumb Code    20  stm32f4xx_rcc.o(.text)
    RCC_APB1PeriphResetCmd                   0x080021a7   Thumb Code    20  stm32f4xx_rcc.o(.text)
    RCC_APB2PeriphResetCmd                   0x080021bb   Thumb Code    20  stm32f4xx_rcc.o(.text)
    RCC_AHB1PeriphClockLPModeCmd             0x080021cf   Thumb Code    20  stm32f4xx_rcc.o(.text)
    RCC_AHB2PeriphClockLPModeCmd             0x080021e3   Thumb Code    20  stm32f4xx_rcc.o(.text)
    RCC_AHB3PeriphClockLPModeCmd             0x080021f7   Thumb Code    20  stm32f4xx_rcc.o(.text)
    RCC_APB1PeriphClockLPModeCmd             0x0800220b   Thumb Code    20  stm32f4xx_rcc.o(.text)
    RCC_APB2PeriphClockLPModeCmd             0x0800221f   Thumb Code    20  stm32f4xx_rcc.o(.text)
    RCC_ITConfig                             0x08002233   Thumb Code    20  stm32f4xx_rcc.o(.text)
    RCC_ClearFlag                            0x08002247   Thumb Code    14  stm32f4xx_rcc.o(.text)
    RCC_GetITStatus                          0x08002255   Thumb Code    18  stm32f4xx_rcc.o(.text)
    RCC_ClearITPendingBit                    0x08002267   Thumb Code     8  stm32f4xx_rcc.o(.text)
    TIM_DeInit                               0x08002299   Thumb Code   284  stm32f4xx_tim.o(.text)
    TIM_TimeBaseInit                         0x080023b5   Thumb Code    96  stm32f4xx_tim.o(.text)
    TIM_TimeBaseStructInit                   0x08002415   Thumb Code    18  stm32f4xx_tim.o(.text)
    TIM_PrescalerConfig                      0x08002427   Thumb Code     6  stm32f4xx_tim.o(.text)
    TIM_CounterModeConfig                    0x0800242d   Thumb Code    12  stm32f4xx_tim.o(.text)
    TIM_SetCounter                           0x08002439   Thumb Code     4  stm32f4xx_tim.o(.text)
    TIM_SetAutoreload                        0x0800243d   Thumb Code     4  stm32f4xx_tim.o(.text)
    TIM_GetCounter                           0x08002441   Thumb Code     4  stm32f4xx_tim.o(.text)
    TIM_GetPrescaler                         0x08002445   Thumb Code     4  stm32f4xx_tim.o(.text)
    TIM_UpdateDisableConfig                  0x08002449   Thumb Code    20  stm32f4xx_tim.o(.text)
    TIM_UpdateRequestConfig                  0x0800245d   Thumb Code    20  stm32f4xx_tim.o(.text)
    TIM_ARRPreloadConfig                     0x08002471   Thumb Code    20  stm32f4xx_tim.o(.text)
    TIM_SelectOnePulseMode                   0x08002485   Thumb Code    16  stm32f4xx_tim.o(.text)
    TIM_SetClockDivision                     0x08002495   Thumb Code    16  stm32f4xx_tim.o(.text)
    TIM_Cmd                                  0x080024a5   Thumb Code    20  stm32f4xx_tim.o(.text)
    TIM_OC1Init                              0x080024b9   Thumb Code    88  stm32f4xx_tim.o(.text)
    TIM_OC2Init                              0x08002511   Thumb Code   120  stm32f4xx_tim.o(.text)
    TIM_OC3Init                              0x08002589   Thumb Code   116  stm32f4xx_tim.o(.text)
    TIM_OC4Init                              0x080025fd   Thumb Code    88  stm32f4xx_tim.o(.text)
    TIM_OCStructInit                         0x08002655   Thumb Code    20  stm32f4xx_tim.o(.text)
    TIM_SelectOCxM                           0x08002669   Thumb Code   130  stm32f4xx_tim.o(.text)
    TIM_SetCompare1                          0x080026eb   Thumb Code     4  stm32f4xx_tim.o(.text)
    TIM_SetCompare2                          0x080026ef   Thumb Code     4  stm32f4xx_tim.o(.text)
    TIM_SetCompare3                          0x080026f3   Thumb Code     4  stm32f4xx_tim.o(.text)
    TIM_SetCompare4                          0x080026f7   Thumb Code     4  stm32f4xx_tim.o(.text)
    TIM_ForcedOC1Config                      0x080026fb   Thumb Code    12  stm32f4xx_tim.o(.text)
    TIM_ForcedOC2Config                      0x08002707   Thumb Code    20  stm32f4xx_tim.o(.text)
    TIM_ForcedOC3Config                      0x0800271b   Thumb Code    12  stm32f4xx_tim.o(.text)
    TIM_ForcedOC4Config                      0x08002727   Thumb Code    20  stm32f4xx_tim.o(.text)
    TIM_OC1PreloadConfig                     0x0800273b   Thumb Code    12  stm32f4xx_tim.o(.text)
    TIM_OC2PreloadConfig                     0x08002747   Thumb Code    20  stm32f4xx_tim.o(.text)
    TIM_OC3PreloadConfig                     0x0800275b   Thumb Code    12  stm32f4xx_tim.o(.text)
    TIM_OC4PreloadConfig                     0x08002767   Thumb Code    20  stm32f4xx_tim.o(.text)
    TIM_OC1FastConfig                        0x0800277b   Thumb Code    12  stm32f4xx_tim.o(.text)
    TIM_OC2FastConfig                        0x08002787   Thumb Code    20  stm32f4xx_tim.o(.text)
    TIM_OC3FastConfig                        0x0800279b   Thumb Code    12  stm32f4xx_tim.o(.text)
    TIM_OC4FastConfig                        0x080027a7   Thumb Code    20  stm32f4xx_tim.o(.text)
    TIM_ClearOC1Ref                          0x080027bb   Thumb Code    12  stm32f4xx_tim.o(.text)
    TIM_ClearOC2Ref                          0x080027c7   Thumb Code    20  stm32f4xx_tim.o(.text)
    TIM_ClearOC3Ref                          0x080027db   Thumb Code    12  stm32f4xx_tim.o(.text)
    TIM_ClearOC4Ref                          0x080027e7   Thumb Code    20  stm32f4xx_tim.o(.text)
    TIM_OC1PolarityConfig                    0x080027fb   Thumb Code    12  stm32f4xx_tim.o(.text)
    TIM_OC1NPolarityConfig                   0x08002807   Thumb Code    12  stm32f4xx_tim.o(.text)
    TIM_OC2PolarityConfig                    0x08002813   Thumb Code    20  stm32f4xx_tim.o(.text)
    TIM_OC2NPolarityConfig                   0x08002827   Thumb Code    20  stm32f4xx_tim.o(.text)
    TIM_OC3PolarityConfig                    0x0800283b   Thumb Code    20  stm32f4xx_tim.o(.text)
    TIM_OC3NPolarityConfig                   0x0800284f   Thumb Code    20  stm32f4xx_tim.o(.text)
    TIM_OC4PolarityConfig                    0x08002863   Thumb Code    20  stm32f4xx_tim.o(.text)
    TIM_CCxCmd                               0x08002877   Thumb Code    22  stm32f4xx_tim.o(.text)
    TIM_CCxNCmd                              0x0800288d   Thumb Code    22  stm32f4xx_tim.o(.text)
    TIM_SetIC4Prescaler                      0x080028a3   Thumb Code    24  stm32f4xx_tim.o(.text)
    TIM_SetIC3Prescaler                      0x080028bb   Thumb Code    16  stm32f4xx_tim.o(.text)
    TIM_SetIC2Prescaler                      0x080028cb   Thumb Code    24  stm32f4xx_tim.o(.text)
    TIM_SetIC1Prescaler                      0x08002919   Thumb Code    16  stm32f4xx_tim.o(.text)
    TIM_ICInit                               0x08002929   Thumb Code   164  stm32f4xx_tim.o(.text)
    TIM_ICStructInit                         0x080029cd   Thumb Code    16  stm32f4xx_tim.o(.text)
    TIM_PWMIConfig                           0x080029dd   Thumb Code   104  stm32f4xx_tim.o(.text)
    TIM_GetCapture1                          0x08002a45   Thumb Code     4  stm32f4xx_tim.o(.text)
    TIM_GetCapture2                          0x08002a49   Thumb Code     4  stm32f4xx_tim.o(.text)
    TIM_GetCapture3                          0x08002a4d   Thumb Code     4  stm32f4xx_tim.o(.text)
    TIM_GetCapture4                          0x08002a51   Thumb Code     4  stm32f4xx_tim.o(.text)
    TIM_BDTRConfig                           0x08002a55   Thumb Code    34  stm32f4xx_tim.o(.text)
    TIM_BDTRStructInit                       0x08002a77   Thumb Code    18  stm32f4xx_tim.o(.text)
    TIM_CtrlPWMOutputs                       0x08002a89   Thumb Code    22  stm32f4xx_tim.o(.text)
    TIM_SelectCOM                            0x08002a9f   Thumb Code    20  stm32f4xx_tim.o(.text)
    TIM_CCPreloadControl                     0x08002ab3   Thumb Code    20  stm32f4xx_tim.o(.text)
    TIM_ITConfig                             0x08002ac7   Thumb Code    16  stm32f4xx_tim.o(.text)
    TIM_GenerateEvent                        0x08002ad7   Thumb Code     4  stm32f4xx_tim.o(.text)
    TIM_GetFlagStatus                        0x08002adb   Thumb Code    14  stm32f4xx_tim.o(.text)
    TIM_ClearFlag                            0x08002ae9   Thumb Code     6  stm32f4xx_tim.o(.text)
    TIM_GetITStatus                          0x08002aef   Thumb Code    24  stm32f4xx_tim.o(.text)
    TIM_ClearITPendingBit                    0x08002b07   Thumb Code     6  stm32f4xx_tim.o(.text)
    TIM_DMAConfig                            0x08002b0d   Thumb Code     8  stm32f4xx_tim.o(.text)
    TIM_DMACmd                               0x08002b15   Thumb Code    16  stm32f4xx_tim.o(.text)
    TIM_SelectCCDMA                          0x08002b25   Thumb Code    20  stm32f4xx_tim.o(.text)
    TIM_InternalClockConfig                  0x08002b39   Thumb Code    10  stm32f4xx_tim.o(.text)
    TIM_SelectInputTrigger                   0x08002b43   Thumb Code    12  stm32f4xx_tim.o(.text)
    TIM_ITRxExternalClockConfig              0x08002b4f   Thumb Code    18  stm32f4xx_tim.o(.text)
    TIM_TIxExternalClockConfig               0x08002b61   Thumb Code    44  stm32f4xx_tim.o(.text)
    TIM_ETRConfig                            0x08002b8d   Thumb Code    24  stm32f4xx_tim.o(.text)
    TIM_ETRClockMode1Config                  0x08002ba5   Thumb Code    18  stm32f4xx_tim.o(.text)
    TIM_ETRClockMode2Config                  0x08002bb7   Thumb Code    18  stm32f4xx_tim.o(.text)
    TIM_SelectOutputTrigger                  0x08002bc9   Thumb Code    16  stm32f4xx_tim.o(.text)
    TIM_SelectSlaveMode                      0x08002bd9   Thumb Code    16  stm32f4xx_tim.o(.text)
    TIM_SelectMasterSlaveMode                0x08002be9   Thumb Code    16  stm32f4xx_tim.o(.text)
    TIM_EncoderInterfaceConfig               0x08002bf9   Thumb Code    50  stm32f4xx_tim.o(.text)
    TIM_SelectHallSensor                     0x08002c2b   Thumb Code    20  stm32f4xx_tim.o(.text)
    TIM_RemapConfig                          0x08002c3f   Thumb Code     6  stm32f4xx_tim.o(.text)
    USART_DeInit                             0x08002c75   Thumb Code   114  stm32f4xx_usart.o(.text)
    USART_Init                               0x08002ce7   Thumb Code   174  stm32f4xx_usart.o(.text)
    USART_StructInit                         0x08002d95   Thumb Code    22  stm32f4xx_usart.o(.text)
    USART_ClockInit                          0x08002dab   Thumb Code    28  stm32f4xx_usart.o(.text)
    USART_ClockStructInit                    0x08002dc7   Thumb Code    12  stm32f4xx_usart.o(.text)
    USART_Cmd                                0x08002dd3   Thumb Code    20  stm32f4xx_usart.o(.text)
    USART_SetPrescaler                       0x08002de7   Thumb Code    16  stm32f4xx_usart.o(.text)
    USART_OverSampling8Cmd                   0x08002df7   Thumb Code    20  stm32f4xx_usart.o(.text)
    USART_OneBitMethodCmd                    0x08002e0b   Thumb Code    20  stm32f4xx_usart.o(.text)
    USART_SendData                           0x08002e1f   Thumb Code     8  stm32f4xx_usart.o(.text)
    USART_ReceiveData                        0x08002e27   Thumb Code     8  stm32f4xx_usart.o(.text)
    USART_SetAddress                         0x08002e2f   Thumb Code    16  stm32f4xx_usart.o(.text)
    USART_ReceiverWakeUpCmd                  0x08002e3f   Thumb Code    20  stm32f4xx_usart.o(.text)
    USART_WakeUpConfig                       0x08002e53   Thumb Code    16  stm32f4xx_usart.o(.text)
    USART_LINBreakDetectLengthConfig         0x08002e63   Thumb Code    16  stm32f4xx_usart.o(.text)
    USART_LINCmd                             0x08002e73   Thumb Code    20  stm32f4xx_usart.o(.text)
    USART_SendBreak                          0x08002e87   Thumb Code    10  stm32f4xx_usart.o(.text)
    USART_HalfDuplexCmd                      0x08002e91   Thumb Code    20  stm32f4xx_usart.o(.text)
    USART_SetGuardTime                       0x08002ea5   Thumb Code    16  stm32f4xx_usart.o(.text)
    USART_SmartCardCmd                       0x08002eb5   Thumb Code    20  stm32f4xx_usart.o(.text)
    USART_SmartCardNACKCmd                   0x08002ec9   Thumb Code    20  stm32f4xx_usart.o(.text)
    USART_IrDAConfig                         0x08002edd   Thumb Code    16  stm32f4xx_usart.o(.text)
    USART_IrDACmd                            0x08002eed   Thumb Code    20  stm32f4xx_usart.o(.text)
    USART_DMACmd                             0x08002f01   Thumb Code    16  stm32f4xx_usart.o(.text)
    USART_ITConfig                           0x08002f11   Thumb Code    48  stm32f4xx_usart.o(.text)
    USART_GetFlagStatus                      0x08002f41   Thumb Code    14  stm32f4xx_usart.o(.text)
    USART_ClearFlag                          0x08002f4f   Thumb Code     6  stm32f4xx_usart.o(.text)
    USART_GetITStatus                        0x08002f55   Thumb Code    62  stm32f4xx_usart.o(.text)
    USART_ClearITPendingBit                  0x08002f93   Thumb Code    12  stm32f4xx_usart.o(.text)
    strlen                                   0x08002fb9   Thumb Code    62  strlen.o(.text)
    __aeabi_memcpy                           0x08002ff7   Thumb Code     0  rt_memcpy_v6.o(.text)
    __rt_memcpy                              0x08002ff7   Thumb Code   138  rt_memcpy_v6.o(.text)
    _memcpy_lastbytes                        0x0800305d   Thumb Code     0  rt_memcpy_v6.o(.text)
    __use_two_region_memory                  0x08003081   Thumb Code     2  heapauxi.o(.text)
    __rt_heap_escrow$2region                 0x08003083   Thumb Code     2  heapauxi.o(.text)
    __rt_heap_expand$2region                 0x08003085   Thumb Code     2  heapauxi.o(.text)
    __cpp_initialize__aeabi_                 0x08003089   Thumb Code    26  init_aeabi.o(.text)
    __rt_SIGPVFN                             0x080030ad   Thumb Code    14  defsig_pvfn_outer.o(.text)
    __aeabi_memcpy4                          0x080030bb   Thumb Code     0  rt_memcpy_w.o(.text)
    __aeabi_memcpy8                          0x080030bb   Thumb Code     0  rt_memcpy_w.o(.text)
    __rt_memcpy_w                            0x080030bb   Thumb Code   100  rt_memcpy_w.o(.text)
    _memcpy_lastbytes_aligned                0x08003103   Thumb Code     0  rt_memcpy_w.o(.text)
    __sig_exit                               0x0800311f   Thumb Code    10  defsig_exit.o(.text)
    __rt_SIGPVFN_inner                       0x08003129   Thumb Code    14  defsig_pvfn_inner.o(.text)
    _sys_exit                                0x08003159   Thumb Code     8  sys_exit.o(.text)
    __user_setup_stackheap                   0x08003165   Thumb Code    74  sys_stackheap_outer.o(.text)
    exit                                     0x080031af   Thumb Code    12  exit.o(.text)
    __default_signal_display                 0x080031bb   Thumb Code    50  defsig_general.o(.text)
    _ttywrch                                 0x080031ed   Thumb Code    14  sys_wrch.o(.text)
    __user_libspace                          0x080031fd   Thumb Code     8  libspace.o(.text)
    __user_perproc_libspace                  0x080031fd   Thumb Code     0  libspace.o(.text)
    __user_perthread_libspace                0x080031fd   Thumb Code     0  libspace.o(.text)
    __I$use$semihosting                      0x08003205   Thumb Code     0  use_no_semi.o(.text)
    __use_no_semihosting_swi                 0x08003205   Thumb Code     2  use_no_semi.o(.text)
    Print::write(const char*)                0x08003207   Thumb Code    34  print.o(i._ZN5Print5writeEPKc)
    __semihosting_library_function           0x08003207   Thumb Code     0  indicate_semi.o(.text)
    Print::Print__sub_object()               0x08003229   Thumb Code    10  main.o(i._ZN5PrintC2Ev)
    __cxa_pure_virtual                       0x08003239   Thumb Code     6  pure_virt.o(i.__cxa_pure_virtual)
    __aeabi_dadd                             0x08003241   Thumb Code     0  daddsub_clz.o(x$fpl$dadd)
    _dadd                                    0x08003241   Thumb Code   332  daddsub_clz.o(x$fpl$dadd)
    __fpl_dcmp_Inf                           0x08003391   Thumb Code    24  dcmpi.o(x$fpl$dcmpinf)
    __aeabi_ddiv                             0x080033a9   Thumb Code     0  ddiv.o(x$fpl$ddiv)
    _ddiv                                    0x080033a9   Thumb Code   552  ddiv.o(x$fpl$ddiv)
    __aeabi_d2iz                             0x08003659   Thumb Code     0  dfix.o(x$fpl$dfix)
    _dfix                                    0x08003659   Thumb Code    94  dfix.o(x$fpl$dfix)
    __aeabi_d2uiz                            0x080036b9   Thumb Code     0  dfixu.o(x$fpl$dfixu)
    _dfixu                                   0x080036b9   Thumb Code    90  dfixu.o(x$fpl$dfixu)
    __aeabi_i2d                              0x08003713   Thumb Code     0  dflt_clz.o(x$fpl$dflt)
    _dflt                                    0x08003713   Thumb Code    46  dflt_clz.o(x$fpl$dflt)
    __aeabi_ui2d                             0x08003741   Thumb Code     0  dflt_clz.o(x$fpl$dfltu)
    _dfltu                                   0x08003741   Thumb Code    38  dflt_clz.o(x$fpl$dfltu)
    __aeabi_cdcmple                          0x08003769   Thumb Code     0  dleqf.o(x$fpl$dleqf)
    _dcmple                                  0x08003769   Thumb Code   120  dleqf.o(x$fpl$dleqf)
    __fpl_dcmple_InfNaN                      0x080037cb   Thumb Code     0  dleqf.o(x$fpl$dleqf)
    __aeabi_dmul                             0x080037e1   Thumb Code     0  dmul.o(x$fpl$dmul)
    _dmul                                    0x080037e1   Thumb Code   332  dmul.o(x$fpl$dmul)
    __fpl_dnaninf                            0x08003935   Thumb Code   156  dnaninf.o(x$fpl$dnaninf)
    __fpl_dretinf                            0x080039d1   Thumb Code    12  dretinf.o(x$fpl$dretinf)
    __aeabi_cdrcmple                         0x080039dd   Thumb Code     0  drleqf.o(x$fpl$drleqf)
    _drcmple                                 0x080039dd   Thumb Code   108  drleqf.o(x$fpl$drleqf)
    __aeabi_drsub                            0x08003a49   Thumb Code     0  daddsub_clz.o(x$fpl$drsb)
    _drsb                                    0x08003a49   Thumb Code    22  daddsub_clz.o(x$fpl$drsb)
    __aeabi_dsub                             0x08003a61   Thumb Code     0  daddsub_clz.o(x$fpl$dsub)
    _dsub                                    0x08003a61   Thumb Code   464  daddsub_clz.o(x$fpl$dsub)
    __aeabi_f2d                              0x08003c35   Thumb Code     0  f2d.o(x$fpl$f2d)
    _f2d                                     0x08003c35   Thumb Code    86  f2d.o(x$fpl$f2d)
    __aeabi_fdiv                             0x08003c8d   Thumb Code     0  fdiv.o(x$fpl$fdiv)
    _fdiv                                    0x08003c8d   Thumb Code   384  fdiv.o(x$fpl$fdiv)
    __aeabi_ui2f                             0x08003e11   Thumb Code     0  fflt_clz.o(x$fpl$ffltu)
    _ffltu                                   0x08003e11   Thumb Code    38  fflt_clz.o(x$fpl$ffltu)
    __fpl_fnaninf                            0x08003e37   Thumb Code   140  fnaninf.o(x$fpl$fnaninf)
    __fpl_fretinf                            0x08003ec3   Thumb Code    10  fretinf.o(x$fpl$fretinf)
    __I$use$fp                               0x08003ecc   Number         0  usenofp.o(x$fpl$usenofp)
    vtable for USARTSerial                   0x080040b4   Data          32  usartserial.o(.constdata__ZTV11USARTSerial)
    vtable for Print                         0x080040d4   Data          16  print.o(.constdata__ZTV5Print)
    vtable for ST7032i                       0x080040e4   Data          16  st7032i.o(.constdata__ZTV7ST7032i)
    Region$$Table$$Base                      0x080040f4   Number         0  anon$$obj.o(Region$$Table)
    Region$$Table$$Limit                     0x08004114   Number         0  anon$$obj.o(Region$$Table)
    SHT$$INIT_ARRAY$$Base                    0x08004114   Number         0  main.o(.init_array)
    SHT$$INIT_ARRAY$$Limit                   0x08004118   Number         0  main.o(.init_array)
    SystemCoreClock                          0x20000000   Data           4  system_stm32f4xx.o(.data)
    AHBPrescTable                            0x20000004   Data          16  system_stm32f4xx.o(.data)
    __counter_micros                         0x20000014   Data           4  delay.o(.data)
    __counter_millis                         0x20000018   Data           4  delay.o(.data)
    PortPeriph                               0x2000001c   Data          40  gpio.o(.data)
    Port                                     0x20000044   Data          40  gpio.o(.data)
    I2CBuffer1                               0x2000006c   Data         272  i2c.o(.data)
    _systick_counter                         0x2000017c   Data           4  systick.o(.data)
    lcd                                      0x20000190   Data          24  main.o(.bss)
    Serial3                                  0x200001a8   Data          28  main.o(.bss)
    rxring                                   0x200001c4   Data        1572  usart.o(.bss)
    txring                                   0x200007e8   Data        1572  usart.o(.bss)
    __libspace_start                         0x20000e0c   Data          96  libspace.o(.bss)
    __temporary_stack_top$libspace           0x20000e6c   Data           0  libspace.o(.bss)



==============================================================================

Memory Map of the image

  Image Entry point : 0x08000189

  Load Region LR_IROM1 (Base: 0x08000000, Size: 0x000042a8, Max: 0x00100000, ABSOLUTE, COMPRESSED[0x00004168])

    Execution Region ER_IROM1 (Base: 0x08000000, Size: 0x00004118, Max: 0x00100000, ABSOLUTE)

    Base Addr    Size         Type   Attr      Idx    E Section Name        Object

    0x08000000   0x00000188   Data   RO            3    RESET               startup_stm32f4xx.o
    0x08000188   0x00000008   Code   RO          888  * !!!main             c_w.l(__main.o)
    0x08000190   0x00000034   Code   RO         1224    !!!scatter          c_w.l(__scatter.o)
    0x080001c4   0x0000005a   Code   RO         1222    !!dczerorl2         c_w.l(__dczerorl2.o)
    0x0800021e   0x00000002   PAD
    0x08000220   0x0000001c   Code   RO         1226    !!handler_zi        c_w.l(__scatter_zi.o)
    0x0800023c   0x00000002   Code   RO         1158    .ARM.Collect$$libinit$$00000000  c_w.l(libinit.o)
    0x0800023e   0x00000000   Code   RO         1051    .ARM.Collect$$libinit$$00000002  c_w.l(libinit2.o)
    0x0800023e   0x00000000   Code   RO         1054    .ARM.Collect$$libinit$$00000008  c_w.l(libinit2.o)
    0x0800023e   0x00000000   Code   RO         1056    .ARM.Collect$$libinit$$0000000A  c_w.l(libinit2.o)
    0x0800023e   0x00000000   Code   RO         1058    .ARM.Collect$$libinit$$0000000C  c_w.l(libinit2.o)
    0x0800023e   0x00000000   Code   RO         1061    .ARM.Collect$$libinit$$0000000F  c_w.l(libinit2.o)
    0x0800023e   0x00000000   Code   RO         1063    .ARM.Collect$$libinit$$00000011  c_w.l(libinit2.o)
    0x0800023e   0x00000000   Code   RO         1065    .ARM.Collect$$libinit$$00000013  c_w.l(libinit2.o)
    0x0800023e   0x00000000   Code   RO         1067    .ARM.Collect$$libinit$$00000015  c_w.l(libinit2.o)
    0x0800023e   0x00000000   Code   RO         1069    .ARM.Collect$$libinit$$00000017  c_w.l(libinit2.o)
    0x0800023e   0x00000000   Code   RO         1071    .ARM.Collect$$libinit$$00000019  c_w.l(libinit2.o)
    0x0800023e   0x00000000   Code   RO         1073    .ARM.Collect$$libinit$$0000001B  c_w.l(libinit2.o)
    0x0800023e   0x00000000   Code   RO         1075    .ARM.Collect$$libinit$$0000001D  c_w.l(libinit2.o)
    0x0800023e   0x00000000   Code   RO         1077    .ARM.Collect$$libinit$$0000001F  c_w.l(libinit2.o)
    0x0800023e   0x00000000   Code   RO         1079    .ARM.Collect$$libinit$$00000021  c_w.l(libinit2.o)
    0x0800023e   0x00000000   Code   RO         1081    .ARM.Collect$$libinit$$00000023  c_w.l(libinit2.o)
    0x0800023e   0x00000000   Code   RO         1085    .ARM.Collect$$libinit$$0000002A  c_w.l(libinit2.o)
    0x0800023e   0x00000000   Code   RO         1087    .ARM.Collect$$libinit$$0000002C  c_w.l(libinit2.o)
    0x0800023e   0x00000000   Code   RO         1089    .ARM.Collect$$libinit$$0000002E  c_w.l(libinit2.o)
    0x0800023e   0x00000004   Code   RO         1090    .ARM.Collect$$libinit$$0000002F  c_w.l(libinit2.o)
    0x08000242   0x00000000   Code   RO         1091    .ARM.Collect$$libinit$$00000030  c_w.l(libinit2.o)
    0x08000242   0x00000002   Code   RO         1092    .ARM.Collect$$libinit$$00000031  c_w.l(libinit2.o)
    0x08000244   0x00000002   Code   RO         1204    .ARM.Collect$$libshutdown$$00000000  c_w.l(libshutdown.o)
    0x08000246   0x00000000   Code   RO         1207    .ARM.Collect$$libshutdown$$00000003  c_w.l(libshutdown2.o)
    0x08000246   0x00000000   Code   RO         1210    .ARM.Collect$$libshutdown$$00000006  c_w.l(libshutdown2.o)
    0x08000246   0x00000000   Code   RO         1213    .ARM.Collect$$libshutdown$$00000009  c_w.l(libshutdown2.o)
    0x08000246   0x00000000   Code   RO         1215    .ARM.Collect$$libshutdown$$0000000B  c_w.l(libshutdown2.o)
    0x08000246   0x00000000   Code   RO         1218    .ARM.Collect$$libshutdown$$0000000E  c_w.l(libshutdown2.o)
    0x08000246   0x00000002   Code   RO         1219    .ARM.Collect$$libshutdown$$0000000F  c_w.l(libshutdown2.o)
    0x08000248   0x00000000   Code   RO         1043    .ARM.Collect$$rtentry$$00000000  c_w.l(rtentry.o)
    0x08000248   0x00000000   Code   RO         1115    .ARM.Collect$$rtentry$$00000002  c_w.l(rtentry2.o)
    0x08000248   0x00000006   Code   RO         1127    .ARM.Collect$$rtentry$$00000004  c_w.l(rtentry4.o)
    0x0800024e   0x00000000   Code   RO         1117    .ARM.Collect$$rtentry$$00000009  c_w.l(rtentry2.o)
    0x0800024e   0x00000004   Code   RO         1118    .ARM.Collect$$rtentry$$0000000A  c_w.l(rtentry2.o)
    0x08000252   0x00000000   Code   RO         1120    .ARM.Collect$$rtentry$$0000000C  c_w.l(rtentry2.o)
    0x08000252   0x00000008   Code   RO         1121    .ARM.Collect$$rtentry$$0000000D  c_w.l(rtentry2.o)
    0x0800025a   0x00000002   Code   RO         1169    .ARM.Collect$$rtexit$$00000000  c_w.l(rtexit.o)
    0x0800025c   0x00000000   Code   RO         1180    .ARM.Collect$$rtexit$$00000002  c_w.l(rtexit2.o)
    0x0800025c   0x00000004   Code   RO         1181    .ARM.Collect$$rtexit$$00000003  c_w.l(rtexit2.o)
    0x08000260   0x00000006   Code   RO         1182    .ARM.Collect$$rtexit$$00000004  c_w.l(rtexit2.o)
    0x08000266   0x00000002   PAD
    0x08000268   0x00000040   Code   RO            4    .text               startup_stm32f4xx.o
    0x080002a8   0x0000038c   Code   RO           11    .text               main.o
    0x08000634   0x00000010   Code   RO          206    .text               stm32f4xx_it.o
    0x08000644   0x0000015c   Code   RO          330    .text               system_stm32f4xx.o
    0x080007a0   0x00000108   Code   RO          378    .text               delay.o
    0x080008a8   0x0000019c   Code   RO          401    .text               gpio.o
    0x08000a44   0x00000458   Code   RO          425    .text               i2c.o
    0x08000e9c   0x000002d0   Code   RO          461    .text               print.o
    0x0800116c   0x00000288   Code   RO          510    .text               st7032i.o
    0x080013f4   0x0000005c   Code   RO          639    .text               systick.o
    0x08001450   0x000004b0   Code   RO          665    .text               usart.o
    0x08001900   0x0000000c   Code   RO          691    .text               usartserial.o
    0x0800190c   0x000000b0   Code   RO          750    .text               misc.o
    0x080019bc   0x000001e4   Code   RO          782    .text               stm32f4xx_gpio.o
    0x08001ba0   0x00000328   Code   RO          798    .text               stm32f4xx_i2c.o
    0x08001ec8   0x000003d0   Code   RO          814    .text               stm32f4xx_rcc.o
    0x08002298   0x000009da   Code   RO          832    .text               stm32f4xx_tim.o
    0x08002c72   0x00000002   PAD
    0x08002c74   0x00000344   Code   RO          849    .text               stm32f4xx_usart.o
    0x08002fb8   0x0000003e   Code   RO          882    .text               c_w.l(strlen.o)
    0x08002ff6   0x0000008a   Code   RO          884    .text               c_w.l(rt_memcpy_v6.o)
    0x08003080   0x00000006   Code   RO          886    .text               c_w.l(heapauxi.o)
    0x08003086   0x00000002   PAD
    0x08003088   0x00000024   Code   RO          893    .text               c_w.l(init_aeabi.o)
    0x080030ac   0x0000000e   Code   RO         1044    .text               c_w.l(defsig_pvfn_outer.o)
    0x080030ba   0x00000064   Code   RO         1048    .text               c_w.l(rt_memcpy_w.o)
    0x0800311e   0x0000000a   Code   RO         1131    .text               c_w.l(defsig_exit.o)
    0x08003128   0x00000030   Code   RO         1133    .text               c_w.l(defsig_pvfn_inner.o)
    0x08003158   0x0000000c   Code   RO         1139    .text               c_w.l(sys_exit.o)
    0x08003164   0x0000004a   Code   RO         1141    .text               c_w.l(sys_stackheap_outer.o)
    0x080031ae   0x0000000c   Code   RO         1143    .text               c_w.l(exit.o)
    0x080031ba   0x00000032   Code   RO         1147    .text               c_w.l(defsig_general.o)
    0x080031ec   0x0000000e   Code   RO         1159    .text               c_w.l(sys_wrch.o)
    0x080031fa   0x00000002   PAD
    0x080031fc   0x00000008   Code   RO         1163    .text               c_w.l(libspace.o)
    0x08003204   0x00000002   Code   RO         1166    .text               c_w.l(use_no_semi.o)
    0x08003206   0x00000000   Code   RO         1168    .text               c_w.l(indicate_semi.o)
    0x08003206   0x00000022   Code   RO          473    i._ZN5Print5writeEPKc  print.o
    0x08003228   0x00000010   Code   RO           29    i._ZN5PrintC2Ev     main.o
    0x08003238   0x00000006   Code   RO          896    i.__cxa_pure_virtual  cpprt_w.l(pure_virt.o)
    0x0800323e   0x00000002   PAD
    0x08003240   0x00000150   Code   RO          999    x$fpl$dadd          fz_ws.l(daddsub_clz.o)
    0x08003390   0x00000018   Code   RO         1103    x$fpl$dcmpinf       fz_ws.l(dcmpi.o)
    0x080033a8   0x000002b0   Code   RO         1006    x$fpl$ddiv          fz_ws.l(ddiv.o)
    0x08003658   0x0000005e   Code   RO         1009    x$fpl$dfix          fz_ws.l(dfix.o)
    0x080036b6   0x00000002   PAD
    0x080036b8   0x0000005a   Code   RO         1013    x$fpl$dfixu         fz_ws.l(dfixu.o)
    0x08003712   0x0000002e   Code   RO         1018    x$fpl$dflt          fz_ws.l(dflt_clz.o)
    0x08003740   0x00000026   Code   RO         1017    x$fpl$dfltu         fz_ws.l(dflt_clz.o)
    0x08003766   0x00000002   PAD
    0x08003768   0x00000078   Code   RO         1023    x$fpl$dleqf         fz_ws.l(dleqf.o)
    0x080037e0   0x00000154   Code   RO         1025    x$fpl$dmul          fz_ws.l(dmul.o)
    0x08003934   0x0000009c   Code   RO         1105    x$fpl$dnaninf       fz_ws.l(dnaninf.o)
    0x080039d0   0x0000000c   Code   RO         1107    x$fpl$dretinf       fz_ws.l(dretinf.o)
    0x080039dc   0x0000006c   Code   RO         1027    x$fpl$drleqf        fz_ws.l(drleqf.o)
    0x08003a48   0x00000016   Code   RO         1000    x$fpl$drsb          fz_ws.l(daddsub_clz.o)
    0x08003a5e   0x00000002   PAD
    0x08003a60   0x000001d4   Code   RO         1001    x$fpl$dsub          fz_ws.l(daddsub_clz.o)
    0x08003c34   0x00000056   Code   RO         1029    x$fpl$f2d           fz_ws.l(f2d.o)
    0x08003c8a   0x00000002   PAD
    0x08003c8c   0x00000184   Code   RO         1032    x$fpl$fdiv          fz_ws.l(fdiv.o)
    0x08003e10   0x00000026   Code   RO         1035    x$fpl$ffltu         fz_ws.l(fflt_clz.o)
    0x08003e36   0x0000008c   Code   RO         1109    x$fpl$fnaninf       fz_ws.l(fnaninf.o)
    0x08003ec2   0x0000000a   Code   RO         1111    x$fpl$fretinf       fz_ws.l(fretinf.o)
    0x08003ecc   0x00000000   Code   RO         1113    x$fpl$usenofp       fz_ws.l(usenofp.o)
    0x08003ecc   0x000001d8   Data   RO           14    .constdata          main.o
    0x080040a4   0x00000010   Data   RO          512    .constdata          st7032i.o
    0x080040b4   0x00000020   Data   RO          704    .constdata__ZTV11USARTSerial  usartserial.o
    0x080040d4   0x00000010   Data   RO          472    .constdata__ZTV5Print  print.o
    0x080040e4   0x00000010   Data   RO          525    .constdata__ZTV7ST7032i  st7032i.o
    0x080040f4   0x00000020   Data   RO         1220    Region$$Table       anon$$obj.o
    0x08004114   0x00000004   Data   RO           15    .init_array         main.o


    Execution Region RW_IRAM1 (Base: 0x20000000, Size: 0x00001470, Max: 0x00020000, ABSOLUTE, COMPRESSED[0x00000050])

    Base Addr    Size         Type   Attr      Idx    E Section Name        Object

    0x20000000   0x00000014   Data   RW          331    .data               system_stm32f4xx.o
    0x20000014   0x00000008   Data   RW          379    .data               delay.o
    0x2000001c   0x00000050   Data   RW          402    .data               gpio.o
    0x2000006c   0x00000110   Data   RW          426    .data               i2c.o
    0x2000017c   0x00000004   Data   RW          640    .data               systick.o
    0x20000180   0x00000010   Data   RW          815    .data               stm32f4xx_rcc.o
    0x20000190   0x00000034   Zero   RW           13    .bss                main.o
    0x200001c4   0x00000c48   Zero   RW          666    .bss                usart.o
    0x20000e0c   0x00000060   Zero   RW         1164    .bss                c_w.l(libspace.o)
    0x20000e6c   0x00000004   PAD
    0x20000e70   0x00000200   Zero   RW            2    HEAP                startup_stm32f4xx.o
    0x20001070   0x00000400   Zero   RW            1    STACK               startup_stm32f4xx.o


==============================================================================

Image component sizes


      Code (inc. data)   RO Data    RW Data    ZI Data      Debug   Object Name

         0          0          0          0          0       1188   adc3dma.o
       264         10          0          8          0       2209   delay.o
       412         42          0         80          0       4007   gpio.o
      1112         42          0        272          0       5045   i2c.o
       924        134        476          0         52     236696   main.o
       176         16          0          0          0       1853   misc.o
       754         40         16          0          0      10292   print.o
       648          4         32          0          0     216579   st7032i.o
        64         26        392          0       1536        768   startup_stm32f4xx.o
       484         36          0          0          0       3589   stm32f4xx_gpio.o
       808         22          0          0          0       7067   stm32f4xx_i2c.o
        16          0          0          0          0     267510   stm32f4xx_it.o
       976         42          0         16          0       9899   stm32f4xx_rcc.o
      2522         52          0          0          0      19682   stm32f4xx_tim.o
       836         26          0          0          0       6720   stm32f4xx_usart.o
       348         38          0         20          0       1695   system_stm32f4xx.o
        92         10          0          4          0      19930   systick.o
      1200         62          0          0       3144       6079   usart.o
        12          0         32          0          0       1912   usartserial.o

    ----------------------------------------------------------------------
     11650        602        980        400       4732     822720   Object Totals
         0          0         32          0          0          0   (incl. Generated)
         2          0          0          0          0          0   (incl. Padding)

    ----------------------------------------------------------------------

      Code (inc. data)   RO Data    RW Data    ZI Data      Debug   Library Member Name

        90          0          0          0          0          0   __dczerorl2.o
         8          0          0          0          0         68   __main.o
        52          8          0          0          0          0   __scatter.o
        28          0          0          0          0          0   __scatter_zi.o
        10          0          0          0          0         68   defsig_exit.o
        50          0          0          0          0         88   defsig_general.o
        48         34          0          0          0         76   defsig_pvfn_inner.o
        14          0          0          0          0         80   defsig_pvfn_outer.o
        12          0          0          0          0         72   exit.o
         6          0          0          0          0        152   heapauxi.o
         0          0          0          0          0          0   indicate_semi.o
        36         10          0          0          0         80   init_aeabi.o
         2          0          0          0          0          0   libinit.o
         6          0          0          0          0          0   libinit2.o
         2          0          0          0          0          0   libshutdown.o
         2          0          0          0          0          0   libshutdown2.o
         8          4          0          0         96         68   libspace.o
       138          0          0          0          0         68   rt_memcpy_v6.o
       100          0          0          0          0         80   rt_memcpy_w.o
         0          0          0          0          0          0   rtentry.o
        12          0          0          0          0          0   rtentry2.o
         6          0          0          0          0          0   rtentry4.o
         2          0          0          0          0          0   rtexit.o
        10          0          0          0          0          0   rtexit2.o
        62          0          0          0          0         76   strlen.o
        12          4          0          0          0         68   sys_exit.o
        74          0          0          0          0         80   sys_stackheap_outer.o
        14          0          0          0          0         76   sys_wrch.o
         2          0          0          0          0         68   use_no_semi.o
         6          0          0          0          0         68   pure_virt.o
       826         16          0          0          0        356   daddsub_clz.o
        24          0          0          0          0         68   dcmpi.o
       688        140          0          0          0        212   ddiv.o
        94          4          0          0          0         92   dfix.o
        90          4          0          0          0         92   dfixu.o
        84          0          0          0          0        136   dflt_clz.o
       120          4          0          0          0         92   dleqf.o
       340         12          0          0          0        104   dmul.o
       156          4          0          0          0         92   dnaninf.o
        12          0          0          0          0         68   dretinf.o
       108          0          0          0          0         80   drleqf.o
        86          4          0          0          0         84   f2d.o
       388         76          0          0          0         96   fdiv.o
        38          0          0          0          0         68   fflt_clz.o
       140          4          0          0          0         84   fnaninf.o
        10          0          0          0          0         68   fretinf.o
         0          0          0          0          0          0   usenofp.o

    ----------------------------------------------------------------------
      4034        328          0          0        100       3128   Library Totals
        18          0          0          0          4          0   (incl. Padding)

    ----------------------------------------------------------------------

      Code (inc. data)   RO Data    RW Data    ZI Data      Debug   Library Name

       806         60          0          0         96       1268   c_w.l
         6          0          0          0          0         68   cpprt_w.l
      3204        268          0          0          0       1792   fz_ws.l

    ----------------------------------------------------------------------
      4034        328          0          0        100       3128   Library Totals

    ----------------------------------------------------------------------

==============================================================================


      Code (inc. data)   RO Data    RW Data    ZI Data      Debug   

     15684        930        980        400       4832     821480   Grand Totals
     15684        930        980         80       4832     821480   ELF Image Totals (compressed)
     15684        930        980         80          0          0   ROM Totals

==============================================================================

    Total RO  Size (Code + RO Data)                16664 (  16.27kB)
    Total RW  Size (RW Data + ZI Data)              5232 (   5.11kB)
    Total ROM Size (Code + RO Data + RW Data)      16744 (  16.35kB)

==============================================================================

