<html>
<body>
<pre>
<h1>µVision Build Log</h1>
<h2>Project:</h2>
C:\Users\Sin\Documents\github\ARMWork\stm32f4-stdperiph\keil\stm32f4-stdperiph.uvproj
Project File Date:  12/27/2012

<h2>Output:</h2>
Build target 'Target 1'
compiling main.cpp...
..\main.cpp(163): warning:  #111-D: statement is unreachable
..\main.cpp(32): warning:  #177-D: variable "length" was declared but never referenced
..\main.cpp(34): warning:  #177-D: variable "calendar" was declared but never referenced
linking...
Program Size: Code=18696 RO-data=1012 RW-data=164 ZI-data=4900  
FromELF: creating hex file...
"stm32f4-stdperiph.axf" - 0 Error(s), 3 Warning(s).
Build target 'Target 1'
compiling i2c.c...
linking...
Program Size: Code=18696 RO-data=1012 RW-data=164 ZI-data=4900  
FromELF: creating hex file...
"stm32f4-stdperiph.axf" - 0 Error(s), 0 Warning(s).
Load "C:\\Users\\Sin\\Documents\\github\\ARMWork\\stm32f4-stdperiph\\keil\\stm32f4-stdperiph.AXF" 
Erase Done.
Programming Done.
Verify OK.
Application running ...
Build target 'Target 1'
compiling i2c.c...
linking...
Program Size: Code=18696 RO-data=1012 RW-data=164 ZI-data=4900  
FromELF: creating hex file...
"stm32f4-stdperiph.axf" - 0 Error(s), 0 Warning(s).
Load "C:\\Users\\Sin\\Documents\\github\\ARMWork\\stm32f4-stdperiph\\keil\\stm32f4-stdperiph.AXF" 
Erase Done.
Programming Done.
Verify OK.
Application running ...
Build target 'Target 1'
compiling i2c.c...
linking...
Program Size: Code=18696 RO-data=1012 RW-data=164 ZI-data=4900  
FromELF: creating hex file...
"stm32f4-stdperiph.axf" - 0 Error(s), 0 Warning(s).
Load "C:\\Users\\Sin\\Documents\\github\\ARMWork\\stm32f4-stdperiph\\keil\\stm32f4-stdperiph.AXF" 
Erase Done.
Programming Done.
Verify OK.
Application running ...
Build target 'Target 1'
compiling i2c.c...
linking...
Program Size: Code=18704 RO-data=1012 RW-data=164 ZI-data=4900  
FromELF: creating hex file...
"stm32f4-stdperiph.axf" - 0 Error(s), 0 Warning(s).
Load "C:\\Users\\Sin\\Documents\\github\\ARMWork\\stm32f4-stdperiph\\keil\\stm32f4-stdperiph.AXF" 
Erase Done.
Programming Done.
Verify OK.
Application running ...
Build target 'Target 1'
compiling i2c.c...
linking...
Program Size: Code=18708 RO-data=1012 RW-data=164 ZI-data=4900  
FromELF: creating hex file...
"stm32f4-stdperiph.axf" - 0 Error(s), 0 Warning(s).
Load "C:\\Users\\Sin\\Documents\\github\\ARMWork\\stm32f4-stdperiph\\keil\\stm32f4-stdperiph.AXF" 
Erase Done.
Programming Done.
Verify OK.
Application running ...
Build target 'Target 1'
compiling i2c.c...
linking...
Program Size: Code=18708 RO-data=1012 RW-data=164 ZI-data=4900  
FromELF: creating hex file...
"stm32f4-stdperiph.axf" - 0 Error(s), 0 Warning(s).
Load "C:\\Users\\Sin\\Documents\\github\\ARMWork\\stm32f4-stdperiph\\keil\\stm32f4-stdperiph.AXF" 
Erase Done.
Programming Done.
Verify OK.
Application running ...
Build target 'Target 1'
compiling i2c.c...
linking...
Program Size: Code=18708 RO-data=1012 RW-data=164 ZI-data=4900  
FromELF: creating hex file...
"stm32f4-stdperiph.axf" - 0 Error(s), 0 Warning(s).
Load "C:\\Users\\Sin\\Documents\\github\\ARMWork\\stm32f4-stdperiph\\keil\\stm32f4-stdperiph.AXF" 
Erase Done.
Programming Done.
Verify OK.
Application running ...
Build target 'Target 1'
compiling i2c.c...
linking...
Program Size: Code=18708 RO-data=1012 RW-data=164 ZI-data=4900  
FromELF: creating hex file...
"stm32f4-stdperiph.axf" - 0 Error(s), 0 Warning(s).
Load "C:\\Users\\Sin\\Documents\\github\\ARMWork\\stm32f4-stdperiph\\keil\\stm32f4-stdperiph.AXF" 
Erase Done.
Programming Done.
Verify OK.
Application running ...
Build target 'Target 1'
compiling i2c.c...
linking...
Program Size: Code=18696 RO-data=1012 RW-data=164 ZI-data=4900  
FromELF: creating hex file...
"stm32f4-stdperiph.axf" - 0 Error(s), 0 Warning(s).
Load "C:\\Users\\Sin\\Documents\\github\\ARMWork\\stm32f4-stdperiph\\keil\\stm32f4-stdperiph.AXF" 
Erase Done.
Programming Done.
Verify OK.
Application running ...
Build target 'Target 1'
compiling i2c.c...
linking...
Program Size: Code=18696 RO-data=1012 RW-data=164 ZI-data=4900  
FromELF: creating hex file...
"stm32f4-stdperiph.axf" - 0 Error(s), 0 Warning(s).
Load "C:\\Users\\Sin\\Documents\\github\\ARMWork\\stm32f4-stdperiph\\keil\\stm32f4-stdperiph.AXF" 
Erase Done.
Programming Done.
Verify OK.
Application running ...
Build target 'Target 1'
compiling i2c.c...
linking...
Program Size: Code=18696 RO-data=1012 RW-data=164 ZI-data=4900  
FromELF: creating hex file...
"stm32f4-stdperiph.axf" - 0 Error(s), 0 Warning(s).
Load "C:\\Users\\Sin\\Documents\\github\\ARMWork\\stm32f4-stdperiph\\keil\\stm32f4-stdperiph.AXF" 
Erase Done.
Programming Done.
Verify OK.
Application running ...
Build target 'Target 1'
compiling i2c.c...
linking...
Program Size: Code=18708 RO-data=1012 RW-data=164 ZI-data=4900  
FromELF: creating hex file...
"stm32f4-stdperiph.axf" - 0 Error(s), 0 Warning(s).
Load "C:\\Users\\Sin\\Documents\\github\\ARMWork\\stm32f4-stdperiph\\keil\\stm32f4-stdperiph.AXF" 
Erase Done.
Programming Done.
Verify OK.
Application running ...
Build target 'Target 1'
compiling i2c.c...
..\..\stm32library\armcore\i2c.c(231): warning:  #260-D: explicit type is missing ("int" assumed)
linking...
Program Size: Code=18720 RO-data=1012 RW-data=164 ZI-data=4900  
FromELF: creating hex file...
"stm32f4-stdperiph.axf" - 0 Error(s), 1 Warning(s).
Load "C:\\Users\\Sin\\Documents\\github\\ARMWork\\stm32f4-stdperiph\\keil\\stm32f4-stdperiph.AXF" 
Erase Done.
Programming Done.
Verify OK.
Application running ...
Build target 'Target 1'
compiling i2c.c...
..\..\stm32library\armcore\i2c.c(231): warning:  #260-D: explicit type is missing ("int" assumed)
linking...
Program Size: Code=18736 RO-data=1012 RW-data=164 ZI-data=4900  
FromELF: creating hex file...
"stm32f4-stdperiph.axf" - 0 Error(s), 1 Warning(s).
Build target 'Target 1'
linking...
Program Size: Code=18736 RO-data=1012 RW-data=164 ZI-data=4900  
FromELF: creating hex file...
"stm32f4-stdperiph.axf" - 0 Error(s), 0 Warning(s).
Build target 'Target 1'
compiling i2c.c...
..\..\stm32library\armcore\i2c.c(231): warning:  #260-D: explicit type is missing ("int" assumed)
linking...
Program Size: Code=18764 RO-data=1012 RW-data=164 ZI-data=4900  
FromELF: creating hex file...
"stm32f4-stdperiph.axf" - 0 Error(s), 1 Warning(s).
Load "C:\\Users\\Sin\\Documents\\github\\ARMWork\\stm32f4-stdperiph\\keil\\stm32f4-stdperiph.AXF" 
Erase Done.
Programming Done.
Verify OK.
Application running ...
Build target 'Target 1'
compiling i2c.c...
..\..\stm32library\armcore\i2c.c(102): warning:  #177-D: variable "watch" was declared but never referenced
..\..\stm32library\armcore\i2c.c(103): warning:  #177-D: variable "wait" was declared but never referenced
..\..\stm32library\armcore\i2c.c(233): warning:  #260-D: explicit type is missing ("int" assumed)
linking...
Program Size: Code=18772 RO-data=1012 RW-data=164 ZI-data=4900  
FromELF: creating hex file...
"stm32f4-stdperiph.axf" - 0 Error(s), 3 Warning(s).
Load "C:\\Users\\Sin\\Documents\\github\\ARMWork\\stm32f4-stdperiph\\keil\\stm32f4-stdperiph.AXF" 
Erase Done.
Programming Done.
Verify OK.
Application running ...
Build target 'Target 1'
compiling i2c.c...
..\..\stm32library\armcore\i2c.c(108): error:  #114: label "failure" was referenced but not defined
..\..\stm32library\armcore\i2c.c(231): warning:  #260-D: explicit type is missing ("int" assumed)
compiling Print.cpp...
Target not created
Load "C:\\Users\\Sin\\Documents\\github\\ARMWork\\stm32f4-stdperiph\\keil\\stm32f4-stdperiph.AXF" 
_____^
*** error 56: cannot open file
Build target 'Target 1'
compiling i2c.c...
..\..\stm32library\armcore\i2c.c(231): warning:  #260-D: explicit type is missing ("int" assumed)
linking...
Program Size: Code=18800 RO-data=1012 RW-data=164 ZI-data=4900  
FromELF: creating hex file...
"stm32f4-stdperiph.axf" - 0 Error(s), 1 Warning(s).
Load "C:\\Users\\Sin\\Documents\\github\\ARMWork\\stm32f4-stdperiph\\keil\\stm32f4-stdperiph.AXF" 
Erase Done.
Programming Done.
Verify OK.
Application running ...
Build target 'Target 1'
compiling i2c.c...
..\..\stm32library\armcore\i2c.c(232): warning:  #260-D: explicit type is missing ("int" assumed)
linking...
Program Size: Code=18808 RO-data=1012 RW-data=164 ZI-data=4900  
FromELF: creating hex file...
"stm32f4-stdperiph.axf" - 0 Error(s), 1 Warning(s).
Load "C:\\Users\\Sin\\Documents\\github\\ARMWork\\stm32f4-stdperiph\\keil\\stm32f4-stdperiph.AXF" 
Erase Done.
Programming Done.
Verify OK.
Application running ...
Build target 'Target 1'
compiling i2c.c...
..\..\stm32library\armcore\i2c.c(232): warning:  #260-D: explicit type is missing ("int" assumed)
linking...
Program Size: Code=18820 RO-data=1012 RW-data=164 ZI-data=4900  
FromELF: creating hex file...
"stm32f4-stdperiph.axf" - 0 Error(s), 1 Warning(s).
Load "C:\\Users\\Sin\\Documents\\github\\ARMWork\\stm32f4-stdperiph\\keil\\stm32f4-stdperiph.AXF" 
Erase Done.
Programming Done.
Verify OK.
Application running ...
Build target 'Target 1'
compiling main.cpp...
..\main.cpp(163): warning:  #111-D: statement is unreachable
..\main.cpp(32): warning:  #177-D: variable "length" was declared but never referenced
..\main.cpp(34): warning:  #177-D: variable "calendar" was declared but never referenced
linking...
Program Size: Code=18820 RO-data=1012 RW-data=164 ZI-data=4900  
FromELF: creating hex file...
"stm32f4-stdperiph.axf" - 0 Error(s), 3 Warning(s).
Load "C:\\Users\\Sin\\Documents\\github\\ARMWork\\stm32f4-stdperiph\\keil\\stm32f4-stdperiph.AXF" 
Erase Done.
Programming Done.
Verify OK.
Application running ...
Build target 'Target 1'
compiling main.cpp...
..\main.cpp(136): error:  #158: expression must be an lvalue or a function designator
..\main.cpp(165): warning:  #111-D: statement is unreachable
..\main.cpp(32): warning:  #177-D: variable "length" was declared but never referenced
..\main.cpp(34): warning:  #177-D: variable "clock" was declared but never referenced
..\main.cpp(34): warning:  #177-D: variable "calendar" was declared but never referenced
Target not created
Build target 'Target 1'
compiling main.cpp...
..\main.cpp(136): error:  #158: expression must be an lvalue or a function designator
..\main.cpp(165): warning:  #111-D: statement is unreachable
..\main.cpp(32): warning:  #177-D: variable "length" was declared but never referenced
..\main.cpp(34): warning:  #177-D: variable "clock" was declared but never referenced
..\main.cpp(34): warning:  #177-D: variable "calendar" was declared but never referenced
Target not created
Build target 'Target 1'
compiling main.cpp...
..\main.cpp(165): warning:  #111-D: statement is unreachable
..\main.cpp(32): warning:  #177-D: variable "length" was declared but never referenced
..\main.cpp(34): warning:  #177-D: variable "clock" was declared but never referenced
..\main.cpp(34): warning:  #177-D: variable "calendar" was declared but never referenced
linking...
Program Size: Code=18836 RO-data=1012 RW-data=164 ZI-data=4900  
FromELF: creating hex file...
"stm32f4-stdperiph.axf" - 0 Error(s), 4 Warning(s).
Load "C:\\Users\\Sin\\Documents\\github\\ARMWork\\stm32f4-stdperiph\\keil\\stm32f4-stdperiph.AXF" 
Erase Done.
Programming Done.
Verify OK.
Application running ...
Build target 'Target 1'
compiling main.cpp...
..\main.cpp(165): warning:  #111-D: statement is unreachable
..\main.cpp(32): warning:  #177-D: variable "length" was declared but never referenced
..\main.cpp(34): warning:  #177-D: variable "clock" was declared but never referenced
..\main.cpp(34): warning:  #177-D: variable "calendar" was declared but never referenced
linking...
Program Size: Code=18840 RO-data=1012 RW-data=164 ZI-data=4900  
FromELF: creating hex file...
"stm32f4-stdperiph.axf" - 0 Error(s), 4 Warning(s).
Load "C:\\Users\\Sin\\Documents\\github\\ARMWork\\stm32f4-stdperiph\\keil\\stm32f4-stdperiph.AXF" 
Erase Done.
Programming Done.
Verify OK.
Application running ...
