ARM Linker, 5.02 [Build 28] [MDK-ARM Lite]

==============================================================================

Section Cross References

    main.o(.text) refers to delay.o(.text) for TIM2_timer_start
    main.o(.text) refers to usartserial.o(.text) for USARTSerial::begin(USART_TypeDef*, _GPIOPin, _GPIOPin, unsigned)
    main.o(.text) refers to print.o(.text) for Print::print(const char*)
    main.o(.text) refers to main.o(i._ZN11USARTSerial5flushEv) for USARTSerial::flush()
    main.o(.text) refers to stm32f4xx_rcc.o(.text) for RCC_GetClocksFreq
    main.o(.text) refers to gpio.o(.text) for PinBit
    main.o(.text) refers to spi.o(.text) for spi_begin
    main.o(.text) refers to i2c.o(.text) for i2c_begin
    main.o(.text) refers to st7032i.o(.text) for ST7032i::init(_I2CBus*)
    main.o(.text) refers to stm32f4xx_gpio.o(.text) for GPIO_ReadOutputData
    main.o(.text) refers to f2d.o(x$fpl$f2d) for __aeabi_f2d
    main.o(.text) refers to main.o(i._ZN11USARTSerial9availableEv) for USARTSerial::available()
    main.o(.text) refers to usart.o(.text) for usart_read
    main.o(.text) refers to main.o(i._ZN5PrintC2Ev) for Print::Print__sub_object()
    main.o(.text) refers to main.o(.bss) for Serial3
    main.o(.text) refers to i2c.o(.data) for Wire1
    main.o(.text) refers to st7032i.o(.constdata__ZTV7ST7032i) for vtable for ST7032i
    main.o(.text) refers to usartserial.o(.constdata__ZTV11USARTSerial) for vtable for USARTSerial
    main.o(.ARM.exidx) refers to main.o(.text) for .text
    main.o(.init_array) refers to main.o(.text) for __sti___8_main_cpp
    main.o(.init_array) refers to init_aeabi.o(.text) for __cpp_initialize__aeabi_
    startup_stm32f4xx.o(STACK) refers (Special) to heapauxi.o(.text) for __use_two_region_memory
    startup_stm32f4xx.o(HEAP) refers (Special) to heapauxi.o(.text) for __use_two_region_memory
    startup_stm32f4xx.o(RESET) refers (Special) to heapauxi.o(.text) for __use_two_region_memory
    startup_stm32f4xx.o(RESET) refers to startup_stm32f4xx.o(STACK) for __initial_sp
    startup_stm32f4xx.o(RESET) refers to startup_stm32f4xx.o(.text) for Reset_Handler
    startup_stm32f4xx.o(RESET) refers to stm32f4xx_it.o(.text) for NMI_Handler
    startup_stm32f4xx.o(RESET) refers to systick.o(.text) for SysTick_Handler
    startup_stm32f4xx.o(RESET) refers to delay.o(.text) for TIM2_IRQHandler
    startup_stm32f4xx.o(RESET) refers to usart.o(.text) for USART1_IRQHandler
    startup_stm32f4xx.o(.text) refers (Special) to heapauxi.o(.text) for __use_two_region_memory
    startup_stm32f4xx.o(.text) refers to system_stm32f4xx.o(.text) for SystemInit
    startup_stm32f4xx.o(.text) refers to __main.o(!!!main) for __main
    startup_stm32f4xx.o(.text) refers to startup_stm32f4xx.o(HEAP) for Heap_Mem
    startup_stm32f4xx.o(.text) refers to startup_stm32f4xx.o(STACK) for Stack_Mem
    system_stm32f4xx.o(.text) refers to system_stm32f4xx.o(.data) for SystemCoreClock
    delay.o(.text) refers to stm32f4xx_rcc.o(.text) for RCC_GetClocksFreq
    delay.o(.text) refers to stm32f4xx_tim.o(.text) for TIM_TimeBaseInit
    delay.o(.text) refers to misc.o(.text) for NVIC_Init
    delay.o(.text) refers to delay.o(.data) for __counter_micros
    gpio.o(.text) refers to stm32f4xx_rcc.o(.text) for RCC_AHB1PeriphClockCmd
    gpio.o(.text) refers to stm32f4xx_gpio.o(.text) for GPIO_Init
    gpio.o(.text) refers to gpio.o(.data) for Port
    i2c.o(.text) refers to stm32f4xx_rcc.o(.text) for RCC_APB1PeriphClockCmd
    i2c.o(.text) refers to gpio.o(.text) for PinBit
    i2c.o(.text) refers to stm32f4xx_gpio.o(.text) for GPIO_PinAFConfig
    i2c.o(.text) refers to stm32f4xx_i2c.o(.text) for I2C_Init
    i2c.o(.text) refers to delay.o(.text) for delay_us
    print.o(.text) refers to print.o(i._ZN5Print5writeEPKc) for Print::write(const char*)
    print.o(.text) refers to drleqf.o(x$fpl$drleqf) for __aeabi_cdrcmple
    print.o(.text) refers to dleqf.o(x$fpl$dleqf) for __aeabi_cdcmple
    print.o(.text) refers to basic.o(x$fpl$basic) for __aeabi_dneg
    print.o(.text) refers to ddiv.o(x$fpl$ddiv) for __aeabi_ddiv
    print.o(.text) refers to daddsub_clz.o(x$fpl$dadd) for __aeabi_dadd
    print.o(.text) refers to dfixu.o(x$fpl$dfixu) for __aeabi_d2uiz
    print.o(.text) refers to dflt_clz.o(x$fpl$dfltu) for __aeabi_ui2d
    print.o(.text) refers to daddsub_clz.o(x$fpl$drsb) for __aeabi_drsub
    print.o(.text) refers to dmul.o(x$fpl$dmul) for __aeabi_dmul
    print.o(.text) refers to dfix.o(x$fpl$dfix) for __aeabi_d2iz
    print.o(.text) refers to dflt_clz.o(x$fpl$dflt) for __aeabi_i2d
    print.o(.ARM.exidx) refers to print.o(.text) for .text
    spi.o(.text) refers to stm32f4xx_rcc.o(.text) for RCC_APB2PeriphClockCmd
    spi.o(.text) refers to gpio.o(.text) for PinBit
    spi.o(.text) refers to stm32f4xx_gpio.o(.text) for GPIO_PinAFConfig
    spi.o(.text) refers to stm32f4xx_spi.o(.text) for SPI_Init
[...]
    dc.s                                     0x00000000   Number         0  dc.o ABSOLUTE
    mainsrc\\main.cpp                        0x00000000   Number         0  main.o ABSOLUTE
    mainsrc\\stm32f4xx_it.c                  0x00000000   Number         0  stm32f4xx_it.o ABSOLUTE
    mainsrc\\system_stm32f4xx.c              0x00000000   Number         0  system_stm32f4xx.o ABSOLUTE
    mainsrc\main.cpp                         0x00000000   Number         0  main.o ABSOLUTE
    mainsrc\startup_stm32f4xx.s              0x00000000   Number         0  startup_stm32f4xx.o ABSOLUTE
    mainsrc\stm32f4xx_it.c                   0x00000000   Number         0  stm32f4xx_it.o ABSOLUTE
    mainsrc\system_stm32f4xx.c               0x00000000   Number         0  system_stm32f4xx.o ABSOLUTE
    RESET                                    0x08000000   Section      392  startup_stm32f4xx.o(RESET)
    !!!main                                  0x08000188   Section        8  __main.o(!!!main)
    !!!scatter                               0x08000190   Section       52  __scatter.o(!!!scatter)
    !!handler_copy                           0x080001c4   Section       26  __scatter_copy.o(!!handler_copy)
    !!handler_zi                             0x080001e0   Section       28  __scatter_zi.o(!!handler_zi)
    .ARM.Collect$$libinit$$00000000          0x080001fc   Section        2  libinit.o(.ARM.Collect$$libinit$$00000000)
    .ARM.Collect$$libinit$$00000001          0x080001fe   Section        4  libinit2.o(.ARM.Collect$$libinit$$00000001)
    .ARM.Collect$$libinit$$00000008          0x08000202   Section        0  libinit2.o(.ARM.Collect$$libinit$$00000008)
    .ARM.Collect$$libinit$$0000000A          0x08000202   Section        0  libinit2.o(.ARM.Collect$$libinit$$0000000A)
    .ARM.Collect$$libinit$$0000000C          0x08000202   Section        0  libinit2.o(.ARM.Collect$$libinit$$0000000C)
    .ARM.Collect$$libinit$$0000000F          0x08000202   Section        0  libinit2.o(.ARM.Collect$$libinit$$0000000F)
    .ARM.Collect$$libinit$$00000011          0x08000202   Section        0  libinit2.o(.ARM.Collect$$libinit$$00000011)
    .ARM.Collect$$libinit$$00000013          0x08000202   Section        0  libinit2.o(.ARM.Collect$$libinit$$00000013)
    .ARM.Collect$$libinit$$00000015          0x08000202   Section        0  libinit2.o(.ARM.Collect$$libinit$$00000015)
    .ARM.Collect$$libinit$$00000017          0x08000202   Section        0  libinit2.o(.ARM.Collect$$libinit$$00000017)
    .ARM.Collect$$libinit$$00000019          0x08000202   Section        0  libinit2.o(.ARM.Collect$$libinit$$00000019)
    .ARM.Collect$$libinit$$0000001B          0x08000202   Section        0  libinit2.o(.ARM.Collect$$libinit$$0000001B)
    .ARM.Collect$$libinit$$0000001D          0x08000202   Section        0  libinit2.o(.ARM.Collect$$libinit$$0000001D)
    .ARM.Collect$$libinit$$0000001F          0x08000202   Section        0  libinit2.o(.ARM.Collect$$libinit$$0000001F)
    .ARM.Collect$$libinit$$00000021          0x08000202   Section        0  libinit2.o(.ARM.Collect$$libinit$$00000021)
    .ARM.Collect$$libinit$$00000023          0x08000202   Section        0  libinit2.o(.ARM.Collect$$libinit$$00000023)
    .ARM.Collect$$libinit$$0000002A          0x08000202   Section        0  libinit2.o(.ARM.Collect$$libinit$$0000002A)
    .ARM.Collect$$libinit$$0000002C          0x08000202   Section        0  libinit2.o(.ARM.Collect$$libinit$$0000002C)
    .ARM.Collect$$libinit$$0000002E          0x08000202   Section        0  libinit2.o(.ARM.Collect$$libinit$$0000002E)
    .ARM.Collect$$libinit$$0000002F          0x08000202   Section        4  libinit2.o(.ARM.Collect$$libinit$$0000002F)
    .ARM.Collect$$libinit$$00000030          0x08000206   Section        0  libinit2.o(.ARM.Collect$$libinit$$00000030)
    .ARM.Collect$$libinit$$00000031          0x08000206   Section        2  libinit2.o(.ARM.Collect$$libinit$$00000031)
    .ARM.Collect$$libshutdown$$00000000      0x08000208   Section        2  libshutdown.o(.ARM.Collect$$libshutdown$$00000000)
    .ARM.Collect$$libshutdown$$00000003      0x0800020a   Section        0  libshutdown2.o(.ARM.Collect$$libshutdown$$00000003)
    .ARM.Collect$$libshutdown$$00000006      0x0800020a   Section        0  libshutdown2.o(.ARM.Collect$$libshutdown$$00000006)
    .ARM.Collect$$libshutdown$$00000009      0x0800020a   Section        0  libshutdown2.o(.ARM.Collect$$libshutdown$$00000009)
    .ARM.Collect$$libshutdown$$0000000B      0x0800020a   Section        0  libshutdown2.o(.ARM.Collect$$libshutdown$$0000000B)
    .ARM.Collect$$libshutdown$$0000000E      0x0800020a   Section        0  libshutdown2.o(.ARM.Collect$$libshutdown$$0000000E)
    .ARM.Collect$$libshutdown$$0000000F      0x0800020a   Section        2  libshutdown2.o(.ARM.Collect$$libshutdown$$0000000F)
    .ARM.Collect$$rtentry$$00000000          0x0800020c   Section        0  rtentry.o(.ARM.Collect$$rtentry$$00000000)
    .ARM.Collect$$rtentry$$00000002          0x0800020c   Section        0  rtentry2.o(.ARM.Collect$$rtentry$$00000002)
    .ARM.Collect$$rtentry$$00000004          0x0800020c   Section        6  rtentry4.o(.ARM.Collect$$rtentry$$00000004)
    .ARM.Collect$$rtentry$$00000009          0x08000212   Section        0  rtentry2.o(.ARM.Collect$$rtentry$$00000009)
    .ARM.Collect$$rtentry$$0000000A          0x08000212   Section        4  rtentry2.o(.ARM.Collect$$rtentry$$0000000A)
    .ARM.Collect$$rtentry$$0000000C          0x08000216   Section        0  rtentry2.o(.ARM.Collect$$rtentry$$0000000C)
    .ARM.Collect$$rtentry$$0000000D          0x08000216   Section        8  rtentry2.o(.ARM.Collect$$rtentry$$0000000D)
    .ARM.Collect$$rtexit$$00000000           0x0800021e   Section        2  rtexit.o(.ARM.Collect$$rtexit$$00000000)
    .ARM.Collect$$rtexit$$00000002           0x08000220   Section        0  rtexit2.o(.ARM.Collect$$rtexit$$00000002)
    .ARM.Collect$$rtexit$$00000003           0x08000220   Section        4  rtexit2.o(.ARM.Collect$$rtexit$$00000003)
    .ARM.Collect$$rtexit$$00000004           0x08000224   Section        6  rtexit2.o(.ARM.Collect$$rtexit$$00000004)
    .text                                    0x0800022c   Section        0  main.o(.text)
    __sti___8_main_cpp                       0x08000575   Thumb Code    32  main.o(.text)
    .text                                    0x08000698   Section       64  startup_stm32f4xx.o(.text)
    $v0                                      0x08000698   Number         0  startup_stm32f4xx.o(.text)
    .text                                    0x080006d8   Section        0  stm32f4xx_it.o(.text)
    .text                                    0x080006f0   Section        0  system_stm32f4xx.o(.text)
    SetSysClock                              0x080006f1   Thumb Code   198  system_stm32f4xx.o(.text)
    .text                                    0x080008e8   Section        0  delay.o(.text)
    .text                                    0x08000a10   Section        0  gpio.o(.text)
    .text                                    0x08000c04   Section        0  i2c.o(.text)
    .text                                    0x08000f9c   Section        0  print.o(.text)
    .text                                    0x08001458   Section        0  spi.o(.text)
    .text                                    0x08001614   Section        0  st7032i.o(.text)
    .text                                    0x0800195c   Section        0  systick.o(.text)
    .text                                    0x080019e4   Section        0  usart.o(.text)
    .text                                    0x08001f2c   Section        0  usartserial.o(.text)
    .text                                    0x08001f64   Section        0  misc.o(.text)
    .text                                    0x08002048   Section        0  stm32f4xx_gpio.o(.text)
    .text                                    0x08002294   Section        0  stm32f4xx_rcc.o(.text)
    .text                                    0x08002814   Section        0  stm32f4xx_i2c.o(.text)
    .text                                    0x08002c20   Section        0  stm32f4xx_tim.o(.text)
    TI4_Config                               0x080033bf   Thumb Code    80  stm32f4xx_tim.o(.text)
    TI3_Config                               0x08003421   Thumb Code    72  stm32f4xx_tim.o(.text)
    TI2_Config                               0x08003483   Thumb Code    90  stm32f4xx_tim.o(.text)
    TI1_Config                               0x080034ef   Thumb Code    58  stm32f4xx_tim.o(.text)
    .text                                    0x080038c4   Section        0  stm32f4xx_usart.o(.text)
    .text                                    0x08003ce0   Section        0  stm32f4xx_spi.o(.text)
    .text                                    0x080040d4   Section        0  strlen.o(.text)
    .text                                    0x08004112   Section        0  heapauxi.o(.text)
    .text                                    0x08004118   Section        0  init_aeabi.o(.text)
    .text                                    0x0800413c   Section        0  defsig_pvfn_outer.o(.text)
    .text                                    0x0800414a   Section        0  defsig_exit.o(.text)
    .text                                    0x08004154   Section        0  defsig_pvfn_inner.o(.text)
    .text                                    0x08004184   Section        0  sys_exit.o(.text)
    .text                                    0x08004190   Section       74  sys_stackheap_outer.o(.text)
    .text                                    0x080041da   Section        0  exit.o(.text)
    .text                                    0x080041e6   Section        0  defsig_general.o(.text)
    .text                                    0x08004218   Section        0  sys_wrch.o(.text)
    .text                                    0x08004228   Section        8  libspace.o(.text)
    .text                                    0x08004230   Section        2  use_no_semi.o(.text)
    .text                                    0x08004232   Section        0  indicate_semi.o(.text)
    i._ZN11USARTSerial5flushEv               0x08004232   Section        0  main.o(i._ZN11USARTSerial5flushEv)
    i._ZN11USARTSerial9availableEv           0x08004240   Section        0  main.o(i._ZN11USARTSerial9availableEv)
    i._ZN5Print5writeEPKc                    0x0800424e   Section        0  print.o(i._ZN5Print5writeEPKc)
    i._ZN5PrintC2Ev                          0x08004270   Section        0  main.o(i._ZN5PrintC2Ev)
    i.__cxa_pure_virtual                     0x08004280   Section        0  pure_virt.o(i.__cxa_pure_virtual)
    x$fpl$basic                              0x08004286   Section       24  basic.o(x$fpl$basic)
    $v0                                      0x08004286   Number         0  basic.o(x$fpl$basic)
    x$fpl$dadd                               0x080042a0   Section      336  daddsub_clz.o(x$fpl$dadd)
    $v0                                      0x080042a0   Number         0  daddsub_clz.o(x$fpl$dadd)
    _dadd1                                   0x080042b1   Thumb Code     0  daddsub_clz.o(x$fpl$dadd)
    x$fpl$dcmpinf                            0x080043f0   Section       24  dcmpi.o(x$fpl$dcmpinf)
    $v0                                      0x080043f0   Number         0  dcmpi.o(x$fpl$dcmpinf)
    x$fpl$ddiv                               0x08004408   Section      688  ddiv.o(x$fpl$ddiv)
    $v0                                      0x08004408   Number         0  ddiv.o(x$fpl$ddiv)
    ddiv_entry                               0x0800440f   Thumb Code     0  ddiv.o(x$fpl$ddiv)
    x$fpl$dfix                               0x080046b8   Section       94  dfix.o(x$fpl$dfix)
    $v0                                      0x080046b8   Number         0  dfix.o(x$fpl$dfix)
    x$fpl$dfixu                              0x08004718   Section       90  dfixu.o(x$fpl$dfixu)
    $v0                                      0x08004718   Number         0  dfixu.o(x$fpl$dfixu)
    x$fpl$dflt                               0x08004772   Section       46  dflt_clz.o(x$fpl$dflt)
    $v0                                      0x08004772   Number         0  dflt_clz.o(x$fpl$dflt)
    x$fpl$dfltu                              0x080047a0   Section       38  dflt_clz.o(x$fpl$dfltu)
    $v0                                      0x080047a0   Number         0  dflt_clz.o(x$fpl$dfltu)
    x$fpl$dleqf                              0x080047c8   Section      120  dleqf.o(x$fpl$dleqf)
    $v0                                      0x080047c8   Number         0  dleqf.o(x$fpl$dleqf)
    x$fpl$dmul                               0x08004840   Section      340  dmul.o(x$fpl$dmul)
    $v0                                      0x08004840   Number         0  dmul.o(x$fpl$dmul)
    x$fpl$dnaninf                            0x08004994   Section      156  dnaninf.o(x$fpl$dnaninf)
    $v0                                      0x08004994   Number         0  dnaninf.o(x$fpl$dnaninf)
    x$fpl$dretinf                            0x08004a30   Section       12  dretinf.o(x$fpl$dretinf)
    $v0                                      0x08004a30   Number         0  dretinf.o(x$fpl$dretinf)
    x$fpl$drleqf                             0x08004a3c   Section      108  drleqf.o(x$fpl$drleqf)
    $v0                                      0x08004a3c   Number         0  drleqf.o(x$fpl$drleqf)
    x$fpl$drsb                               0x08004aa8   Section       22  daddsub_clz.o(x$fpl$drsb)
    $v0                                      0x08004aa8   Number         0  daddsub_clz.o(x$fpl$drsb)
    x$fpl$dsub                               0x08004ac0   Section      468  daddsub_clz.o(x$fpl$dsub)
    $v0                                      0x08004ac0   Number         0  daddsub_clz.o(x$fpl$dsub)
    _dsub1                                   0x08004ad1   Thumb Code     0  daddsub_clz.o(x$fpl$dsub)
    x$fpl$f2d                                0x08004c94   Section       86  f2d.o(x$fpl$f2d)
    $v0                                      0x08004c94   Number         0  f2d.o(x$fpl$f2d)
    x$fpl$fnaninf                            0x08004cea   Section      140  fnaninf.o(x$fpl$fnaninf)
    $v0                                      0x08004cea   Number         0  fnaninf.o(x$fpl$fnaninf)
    x$fpl$fpinit                             0x08004d76   Section       10  fpinit.o(x$fpl$fpinit)
    $v0                                      0x08004d76   Number         0  fpinit.o(x$fpl$fpinit)
    .constdata                               0x08004d80   Section       16  st7032i.o(.constdata)
    x$fpl$usenofp                            0x08004d80   Section        0  usenofp.o(x$fpl$usenofp)
    .constdata__ZTV11USARTSerial             0x08004d90   Section       16  usartserial.o(.constdata__ZTV11USARTSerial)
    .constdata__ZTV5Print                    0x08004da0   Section       16  print.o(.constdata__ZTV5Print)
    .constdata__ZTV7ST7032i                  0x08004db0   Section       16  st7032i.o(.constdata__ZTV7ST7032i)
    .init_array                              0x08004de0   Section        4  main.o(.init_array)
    .data                                    0x20000000   Section       20  system_stm32f4xx.o(.data)
    .data                                    0x20000014   Section        8  delay.o(.data)
    .data                                    0x2000001c   Section      114  gpio.o(.data)
    .data                                    0x20000090   Section       36  i2c.o(.data)
    .data                                    0x200000b4   Section        4  systick.o(.data)
    .data                                    0x200000b8   Section       16  stm32f4xx_rcc.o(.data)
    APBAHBPrescTable                         0x200000b8   Data          16  stm32f4xx_rcc.o(.data)
    .bss                                     0x200000c8   Section       48  main.o(.bss)
    .bss                                     0x200000f8   Section     3144  usart.o(.bss)
    .bss                                     0x20000d40   Section       96  libspace.o(.bss)
    HEAP                                     0x20000da0   Section      512  startup_stm32f4xx.o(HEAP)
    Heap_Mem                                 0x20000da0   Data         512  startup_stm32f4xx.o(HEAP)
    STACK                                    0x20000fa0   Section     1024  startup_stm32f4xx.o(STACK)
    Stack_Mem                                0x20000fa0   Data        1024  startup_stm32f4xx.o(STACK)
    __initial_sp                             0x200013a0   Data           0  startup_stm32f4xx.o(STACK)

    Global Symbols

    Symbol Name                              Value     Ov Type        Size  Object(Section)

    BuildAttributes$$THM_ISAv4$E$P$D$K$B$S$7EM$VFPi3$EXTD16$VFPS$VFMA$PE$A:L22UL41UL21$X:L11$S22US41US21$IEEE1$IW$USESV6$~STKCKD$USESV7$~SHL$OSPACE$ROPI$EBA8$UX$STANDARDLIB$REQ8$PRES8$EABIv2 0x00000000   Number         0  anon$$obj.o ABSOLUTE
    __ARM_use_no_argv                        0x00000000   Number         0  main.o ABSOLUTE
    __ARM_exceptions_init                     - Undefined Weak Reference
    __alloca_initialize                       - Undefined Weak Reference
    __cxa_finalize                            - Undefined Weak Reference
    __rt_locale                               - Undefined Weak Reference
    __sigvec_lookup                           - Undefined Weak Reference
    _atexit_init                              - Undefined Weak Reference
    _call_atexit_fns                          - Undefined Weak Reference
    _clock_init                               - Undefined Weak Reference
    _fp_trap_init                             - Undefined Weak Reference
    _fp_trap_shutdown                         - Undefined Weak Reference
    _get_lc_collate                           - Undefined Weak Reference
    _get_lc_ctype                             - Undefined Weak Reference
    _get_lc_monetary                          - Undefined Weak Reference
    _get_lc_numeric                           - Undefined Weak Reference
    _get_lc_time                              - Undefined Weak Reference
    _getenv_init                              - Undefined Weak Reference
    _handle_redirection                       - Undefined Weak Reference
    _init_alloc                               - Undefined Weak Reference
    _init_user_alloc                          - Undefined Weak Reference
    _initio                                   - Undefined Weak Reference
    _rand_init                                - Undefined Weak Reference
    _signal_finish                            - Undefined Weak Reference
    _signal_init                              - Undefined Weak Reference
    _terminate_alloc                          - Undefined Weak Reference
    _terminate_user_alloc                     - Undefined Weak Reference
    _terminateio                              - Undefined Weak Reference
    __Vectors_Size                           0x00000188   Number         0  startup_stm32f4xx.o ABSOLUTE
    __Vectors                                0x08000000   Data           4  startup_stm32f4xx.o(RESET)
    __Vectors_End                            0x08000188   Data           0  startup_stm32f4xx.o(RESET)
    __main                                   0x08000189   Thumb Code     8  __main.o(!!!main)
    __scatterload                            0x08000191   Thumb Code     0  __scatter.o(!!!scatter)
    __scatterload_rt2                        0x08000191   Thumb Code    44  __scatter.o(!!!scatter)
    __scatterload_rt2_thumb_only             0x08000191   Thumb Code     0  __scatter.o(!!!scatter)
    __scatterload_null                       0x0800019f   Thumb Code     0  __scatter.o(!!!scatter)
    __scatterload_copy                       0x080001c5   Thumb Code    26  __scatter_copy.o(!!handler_copy)
    __scatterload_zeroinit                   0x080001e1   Thumb Code    28  __scatter_zi.o(!!handler_zi)
    __rt_lib_init                            0x080001fd   Thumb Code     0  libinit.o(.ARM.Collect$$libinit$$00000000)
    __rt_lib_init_fp_1                       0x080001ff   Thumb Code     0  libinit2.o(.ARM.Collect$$libinit$$00000001)
    __rt_lib_init_alloca_1                   0x08000203   Thumb Code     0  libinit2.o(.ARM.Collect$$libinit$$0000002C)
    __rt_lib_init_argv_1                     0x08000203   Thumb Code     0  libinit2.o(.ARM.Collect$$libinit$$0000002A)
    __rt_lib_init_atexit_1                   0x08000203   Thumb Code     0  libinit2.o(.ARM.Collect$$libinit$$00000019)
    __rt_lib_init_clock_1                    0x08000203   Thumb Code     0  libinit2.o(.ARM.Collect$$libinit$$0000001F)
    __rt_lib_init_cpp_2                      0x08000203   Thumb Code     0  libinit2.o(.ARM.Collect$$libinit$$0000002F)
    __rt_lib_init_exceptions_1               0x08000203   Thumb Code     0  libinit2.o(.ARM.Collect$$libinit$$0000002E)
    __rt_lib_init_fp_trap_1                  0x08000203   Thumb Code     0  libinit2.o(.ARM.Collect$$libinit$$0000001D)
    __rt_lib_init_getenv_1                   0x08000203   Thumb Code     0  libinit2.o(.ARM.Collect$$libinit$$00000021)
    __rt_lib_init_heap_1                     0x08000203   Thumb Code     0  libinit2.o(.ARM.Collect$$libinit$$00000008)
    __rt_lib_init_lc_collate_1               0x08000203   Thumb Code     0  libinit2.o(.ARM.Collect$$libinit$$0000000F)
    __rt_lib_init_lc_ctype_1                 0x08000203   Thumb Code     0  libinit2.o(.ARM.Collect$$libinit$$00000011)
    __rt_lib_init_lc_monetary_1              0x08000203   Thumb Code     0  libinit2.o(.ARM.Collect$$libinit$$00000013)
    __rt_lib_init_lc_numeric_1               0x08000203   Thumb Code     0  libinit2.o(.ARM.Collect$$libinit$$00000015)
    __rt_lib_init_lc_time_1                  0x08000203   Thumb Code     0  libinit2.o(.ARM.Collect$$libinit$$00000017)
    __rt_lib_init_rand_1                     0x08000203   Thumb Code     0  libinit2.o(.ARM.Collect$$libinit$$0000000C)
    __rt_lib_init_signal_1                   0x08000203   Thumb Code     0  libinit2.o(.ARM.Collect$$libinit$$0000001B)
    __rt_lib_init_stdio_1                    0x08000203   Thumb Code     0  libinit2.o(.ARM.Collect$$libinit$$00000023)
    __rt_lib_init_user_alloc_1               0x08000203   Thumb Code     0  libinit2.o(.ARM.Collect$$libinit$$0000000A)
    __rt_lib_init_cpp_1                      0x08000207   Thumb Code     0  libinit2.o(.ARM.Collect$$libinit$$00000030)
    __rt_lib_init_return                     0x08000207   Thumb Code     0  libinit2.o(.ARM.Collect$$libinit$$00000031)
    __rt_lib_shutdown                        0x08000209   Thumb Code     0  libshutdown.o(.ARM.Collect$$libshutdown$$00000000)
    __rt_lib_shutdown_fp_trap_1              0x0800020b   Thumb Code     0  libshutdown2.o(.ARM.Collect$$libshutdown$$00000006)
    __rt_lib_shutdown_heap_1                 0x0800020b   Thumb Code     0  libshutdown2.o(.ARM.Collect$$libshutdown$$0000000E)
    __rt_lib_shutdown_return                 0x0800020b   Thumb Code     0  libshutdown2.o(.ARM.Collect$$libshutdown$$0000000F)
    __rt_lib_shutdown_signal_1               0x0800020b   Thumb Code     0  libshutdown2.o(.ARM.Collect$$libshutdown$$00000009)
    __rt_lib_shutdown_stdio_1                0x0800020b   Thumb Code     0  libshutdown2.o(.ARM.Collect$$libshutdown$$00000003)
    __rt_lib_shutdown_user_alloc_1           0x0800020b   Thumb Code     0  libshutdown2.o(.ARM.Collect$$libshutdown$$0000000B)
    __rt_entry                               0x0800020d   Thumb Code     0  rtentry.o(.ARM.Collect$$rtentry$$00000000)
    __rt_entry_presh_1                       0x0800020d   Thumb Code     0  rtentry2.o(.ARM.Collect$$rtentry$$00000002)
    __rt_entry_sh                            0x0800020d   Thumb Code     0  rtentry4.o(.ARM.Collect$$rtentry$$00000004)
    __rt_entry_li                            0x08000213   Thumb Code     0  rtentry2.o(.ARM.Collect$$rtentry$$0000000A)
    __rt_entry_postsh_1                      0x08000213   Thumb Code     0  rtentry2.o(.ARM.Collect$$rtentry$$00000009)
    __rt_entry_main                          0x08000217   Thumb Code     0  rtentry2.o(.ARM.Collect$$rtentry$$0000000D)
    __rt_entry_postli_1                      0x08000217   Thumb Code     0  rtentry2.o(.ARM.Collect$$rtentry$$0000000C)
    __rt_exit                                0x0800021f   Thumb Code     0  rtexit.o(.ARM.Collect$$rtexit$$00000000)
    __rt_exit_ls                             0x08000221   Thumb Code     0  rtexit2.o(.ARM.Collect$$rtexit$$00000003)
    __rt_exit_prels_1                        0x08000221   Thumb Code     0  rtexit2.o(.ARM.Collect$$rtexit$$00000002)
    __rt_exit_exit                           0x08000225   Thumb Code     0  rtexit2.o(.ARM.Collect$$rtexit$$00000004)
    main                                     0x0800022d   Thumb Code   840  main.o(.text)
    Reset_Handler                            0x08000699   Thumb Code     8  startup_stm32f4xx.o(.text)
    ADC_IRQHandler                           0x080006b3   Thumb Code     0  startup_stm32f4xx.o(.text)
    CAN1_RX0_IRQHandler                      0x080006b3   Thumb Code     0  startup_stm32f4xx.o(.text)
    CAN1_RX1_IRQHandler                      0x080006b3   Thumb Code     0  startup_stm32f4xx.o(.text)
    CAN1_SCE_IRQHandler                      0x080006b3   Thumb Code     0  startup_stm32f4xx.o(.text)
    CAN1_TX_IRQHandler                       0x080006b3   Thumb Code     0  startup_stm32f4xx.o(.text)
    CAN2_RX0_IRQHandler                      0x080006b3   Thumb Code     0  startup_stm32f4xx.o(.text)
    CAN2_RX1_IRQHandler                      0x080006b3   Thumb Code     0  startup_stm32f4xx.o(.text)
    CAN2_SCE_IRQHandler                      0x080006b3   Thumb Code     0  startup_stm32f4xx.o(.text)
    CAN2_TX_IRQHandler                       0x080006b3   Thumb Code     0  startup_stm32f4xx.o(.text)
    CRYP_IRQHandler                          0x080006b3   Thumb Code     0  startup_stm32f4xx.o(.text)
    DCMI_IRQHandler                          0x080006b3   Thumb Code     0  startup_stm32f4xx.o(.text)
    DMA1_Stream0_IRQHandler                  0x080006b3   Thumb Code     0  startup_stm32f4xx.o(.text)
    DMA1_Stream1_IRQHandler                  0x080006b3   Thumb Code     0  startup_stm32f4xx.o(.text)
    DMA1_Stream2_IRQHandler                  0x080006b3   Thumb Code     0  startup_stm32f4xx.o(.text)
    DMA1_Stream3_IRQHandler                  0x080006b3   Thumb Code     0  startup_stm32f4xx.o(.text)
    DMA1_Stream4_IRQHandler                  0x080006b3   Thumb Code     0  startup_stm32f4xx.o(.text)
    DMA1_Stream5_IRQHandler                  0x080006b3   Thumb Code     0  startup_stm32f4xx.o(.text)
    DMA1_Stream6_IRQHandler                  0x080006b3   Thumb Code     0  startup_stm32f4xx.o(.text)
    DMA1_Stream7_IRQHandler                  0x080006b3   Thumb Code     0  startup_stm32f4xx.o(.text)
    DMA2_Stream0_IRQHandler                  0x080006b3   Thumb Code     0  startup_stm32f4xx.o(.text)
    DMA2_Stream1_IRQHandler                  0x080006b3   Thumb Code     0  startup_stm32f4xx.o(.text)
    DMA2_Stream2_IRQHandler                  0x080006b3   Thumb Code     0  startup_stm32f4xx.o(.text)
    DMA2_Stream3_IRQHandler                  0x080006b3   Thumb Code     0  startup_stm32f4xx.o(.text)
    DMA2_Stream4_IRQHandler                  0x080006b3   Thumb Code     0  startup_stm32f4xx.o(.text)
    DMA2_Stream5_IRQHandler                  0x080006b3   Thumb Code     0  startup_stm32f4xx.o(.text)
    DMA2_Stream6_IRQHandler                  0x080006b3   Thumb Code     0  startup_stm32f4xx.o(.text)
    DMA2_Stream7_IRQHandler                  0x080006b3   Thumb Code     0  startup_stm32f4xx.o(.text)
    ETH_IRQHandler                           0x080006b3   Thumb Code     0  startup_stm32f4xx.o(.text)
    ETH_WKUP_IRQHandler                      0x080006b3   Thumb Code     0  startup_stm32f4xx.o(.text)
    EXTI0_IRQHandler                         0x080006b3   Thumb Code     0  startup_stm32f4xx.o(.text)
    EXTI15_10_IRQHandler                     0x080006b3   Thumb Code     0  startup_stm32f4xx.o(.text)
    EXTI1_IRQHandler                         0x080006b3   Thumb Code     0  startup_stm32f4xx.o(.text)
    EXTI2_IRQHandler                         0x080006b3   Thumb Code     0  startup_stm32f4xx.o(.text)
    EXTI3_IRQHandler                         0x080006b3   Thumb Code     0  startup_stm32f4xx.o(.text)
    EXTI4_IRQHandler                         0x080006b3   Thumb Code     0  startup_stm32f4xx.o(.text)
    EXTI9_5_IRQHandler                       0x080006b3   Thumb Code     0  startup_stm32f4xx.o(.text)
    FLASH_IRQHandler                         0x080006b3   Thumb Code     0  startup_stm32f4xx.o(.text)
    FPU_IRQHandler                           0x080006b3   Thumb Code     0  startup_stm32f4xx.o(.text)
    FSMC_IRQHandler                          0x080006b3   Thumb Code     0  startup_stm32f4xx.o(.text)
    HASH_RNG_IRQHandler                      0x080006b3   Thumb Code     0  startup_stm32f4xx.o(.text)
    I2C1_ER_IRQHandler                       0x080006b3   Thumb Code     0  startup_stm32f4xx.o(.text)
    I2C1_EV_IRQHandler                       0x080006b3   Thumb Code     0  startup_stm32f4xx.o(.text)
    I2C2_ER_IRQHandler                       0x080006b3   Thumb Code     0  startup_stm32f4xx.o(.text)
    I2C2_EV_IRQHandler                       0x080006b3   Thumb Code     0  startup_stm32f4xx.o(.text)
    I2C3_ER_IRQHandler                       0x080006b3   Thumb Code     0  startup_stm32f4xx.o(.text)
    I2C3_EV_IRQHandler                       0x080006b3   Thumb Code     0  startup_stm32f4xx.o(.text)
    OTG_FS_IRQHandler                        0x080006b3   Thumb Code     0  startup_stm32f4xx.o(.text)
    OTG_FS_WKUP_IRQHandler                   0x080006b3   Thumb Code     0  startup_stm32f4xx.o(.text)
    OTG_HS_EP1_IN_IRQHandler                 0x080006b3   Thumb Code     0  startup_stm32f4xx.o(.text)
    OTG_HS_EP1_OUT_IRQHandler                0x080006b3   Thumb Code     0  startup_stm32f4xx.o(.text)
    OTG_HS_IRQHandler                        0x080006b3   Thumb Code     0  startup_stm32f4xx.o(.text)
    OTG_HS_WKUP_IRQHandler                   0x080006b3   Thumb Code     0  startup_stm32f4xx.o(.text)
    PVD_IRQHandler                           0x080006b3   Thumb Code     0  startup_stm32f4xx.o(.text)
    RCC_IRQHandler                           0x080006b3   Thumb Code     0  startup_stm32f4xx.o(.text)
    RTC_Alarm_IRQHandler                     0x080006b3   Thumb Code     0  startup_stm32f4xx.o(.text)
    RTC_WKUP_IRQHandler                      0x080006b3   Thumb Code     0  startup_stm32f4xx.o(.text)
    SDIO_IRQHandler                          0x080006b3   Thumb Code     0  startup_stm32f4xx.o(.text)
    SPI1_IRQHandler                          0x080006b3   Thumb Code     0  startup_stm32f4xx.o(.text)
    SPI2_IRQHandler                          0x080006b3   Thumb Code     0  startup_stm32f4xx.o(.text)
    SPI3_IRQHandler                          0x080006b3   Thumb Code     0  startup_stm32f4xx.o(.text)
    TAMP_STAMP_IRQHandler                    0x080006b3   Thumb Code     0  startup_stm32f4xx.o(.text)
    TIM1_BRK_TIM9_IRQHandler                 0x080006b3   Thumb Code     0  startup_stm32f4xx.o(.text)
    TIM1_CC_IRQHandler                       0x080006b3   Thumb Code     0  startup_stm32f4xx.o(.text)
    TIM1_TRG_COM_TIM11_IRQHandler            0x080006b3   Thumb Code     0  startup_stm32f4xx.o(.text)
    TIM1_UP_TIM10_IRQHandler                 0x080006b3   Thumb Code     0  startup_stm32f4xx.o(.text)
    TIM3_IRQHandler                          0x080006b3   Thumb Code     0  startup_stm32f4xx.o(.text)
    TIM4_IRQHandler                          0x080006b3   Thumb Code     0  startup_stm32f4xx.o(.text)
    TIM5_IRQHandler                          0x080006b3   Thumb Code     0  startup_stm32f4xx.o(.text)
    TIM6_DAC_IRQHandler                      0x080006b3   Thumb Code     0  startup_stm32f4xx.o(.text)
    TIM7_IRQHandler                          0x080006b3   Thumb Code     0  startup_stm32f4xx.o(.text)
    TIM8_BRK_TIM12_IRQHandler                0x080006b3   Thumb Code     0  startup_stm32f4xx.o(.text)
    TIM8_CC_IRQHandler                       0x080006b3   Thumb Code     0  startup_stm32f4xx.o(.text)
    TIM8_TRG_COM_TIM14_IRQHandler            0x080006b3   Thumb Code     0  startup_stm32f4xx.o(.text)
    TIM8_UP_TIM13_IRQHandler                 0x080006b3   Thumb Code     0  startup_stm32f4xx.o(.text)
    UART5_IRQHandler                         0x080006b3   Thumb Code     0  startup_stm32f4xx.o(.text)
    USART6_IRQHandler                        0x080006b3   Thumb Code     0  startup_stm32f4xx.o(.text)
    WWDG_IRQHandler                          0x080006b3   Thumb Code     0  startup_stm32f4xx.o(.text)
    __user_initial_stackheap                 0x080006b5   Thumb Code     0  startup_stm32f4xx.o(.text)
    NMI_Handler                              0x080006d9   Thumb Code     2  stm32f4xx_it.o(.text)
    HardFault_Handler                        0x080006db   Thumb Code     4  stm32f4xx_it.o(.text)
    MemManage_Handler                        0x080006df   Thumb Code     4  stm32f4xx_it.o(.text)
    BusFault_Handler                         0x080006e3   Thumb Code     4  stm32f4xx_it.o(.text)
    UsageFault_Handler                       0x080006e7   Thumb Code     4  stm32f4xx_it.o(.text)
    SVC_Handler                              0x080006eb   Thumb Code     2  stm32f4xx_it.o(.text)
    DebugMon_Handler                         0x080006ed   Thumb Code     2  stm32f4xx_it.o(.text)
    PendSV_Handler                           0x080006ef   Thumb Code     2  stm32f4xx_it.o(.text)
    SystemInit                               0x080007b7   Thumb Code    88  system_stm32f4xx.o(.text)
    SystemCoreClockUpdate                    0x0800080f   Thumb Code   174  system_stm32f4xx.o(.text)
    TIM2_timer_start                         0x080008e9   Thumb Code   136  delay.o(.text)
    micros                                   0x08000971   Thumb Code    18  delay.o(.text)
    millis                                   0x08000983   Thumb Code     6  delay.o(.text)
    delay_ms                                 0x08000989   Thumb Code    40  delay.o(.text)
    delay_us                                 0x080009b1   Thumb Code    40  delay.o(.text)
    TIM2_IRQHandler                          0x080009d9   Thumb Code    44  delay.o(.text)
    PinPort                                  0x08000a11   Thumb Code    14  gpio.o(.text)
    PinBit                                   0x08000a1f   Thumb Code    14  gpio.o(.text)
    PinSource                                0x08000a2d   Thumb Code     8  gpio.o(.text)
    pinMode                                  0x08000a35   Thumb Code    68  gpio.o(.text)
    digitalWrite                             0x08000a79   Thumb Code    60  gpio.o(.text)
    digitalRead                              0x08000ab5   Thumb Code    88  gpio.o(.text)
    GPIOMode                                 0x08000b0d   Thumb Code   188  gpio.o(.text)
    GPIOWrite                                0x08000bc9   Thumb Code    16  gpio.o(.text)
    i2c_begin                                0x08000c05   Thumb Code   270  i2c.o(.text)
    i2c_start                                0x08000d13   Thumb Code   148  i2c.o(.text)
    i2c_transmit                             0x08000da7   Thumb Code   130  i2c.o(.text)
    i2c_receive                              0x08000e29   Thumb Code   346  i2c.o(.text)
    Print::printNumber(unsigned long, unsigned char) 0x08000f9d   Thumb Code    74  print.o(.text)
    Print::print(char)                       0x08000fe7   Thumb Code    18  print.o(.text)
    Print::print(long, int)                  0x08000ff9   Thumb Code    84  print.o(.text)
    Print::print(int, int)                   0x0800104d   Thumb Code    20  print.o(.text)
    Print::print(const char*)                0x08001061   Thumb Code    16  print.o(.text)
    Print::print(unsigned long, int)         0x08001071   Thumb Code    34  print.o(.text)
    Print::printFloat(double, unsigned char) 0x08001093   Thumb Code   462  print.o(.text)
    Print::write(const unsigned char*, unsigned) 0x08001261   Thumb Code    42  print.o(.text)
    Print::print(unsigned char, int)         0x0800128b   Thumb Code    20  print.o(.text)
    Print::print(unsigned, int)              0x0800129f   Thumb Code    20  print.o(.text)
    Print::print(double, int)                0x080012b3   Thumb Code    40  print.o(.text)
    Print::println()                         0x080012db   Thumb Code    28  print.o(.text)
    Print::println(const char*)              0x080012f7   Thumb Code    28  print.o(.text)
    Print::println(char)                     0x08001313   Thumb Code    28  print.o(.text)
    Print::println(unsigned char, int)       0x0800132f   Thumb Code    36  print.o(.text)
    Print::println(int, int)                 0x08001353   Thumb Code    36  print.o(.text)
    Print::println(unsigned, int)            0x08001377   Thumb Code    36  print.o(.text)
    Print::println(long, int)                0x0800139b   Thumb Code    36  print.o(.text)
    Print::println(unsigned long, int)       0x080013bf   Thumb Code    36  print.o(.text)
    Print::println(double, int)              0x080013e3   Thumb Code    52  print.o(.text)
    spi_begin                                0x08001459   Thumb Code   364  spi.o(.text)
    spi_transfer                             0x080015c5   Thumb Code    72  spi.o(.text)
    ST7032i::command(unsigned char)          0x08001615   Thumb Code    36  st7032i.o(.text)
    ST7032i::init(_I2CBus*)                  0x08001639   Thumb Code    48  st7032i.o(.text)
    ST7032i::home()                          0x08001669   Thumb Code    20  st7032i.o(.text)
    ST7032i::clear()                         0x0800167d   Thumb Code    20  st7032i.o(.text)
    ST7032i::display()                       0x08001691   Thumb Code    26  st7032i.o(.text)
    ST7032i::begin()                         0x080016ab   Thumb Code   190  st7032i.o(.text)
    ST7032i::write(unsigned char)            0x08001769   Thumb Code    38  st7032i.o(.text)
    ST7032i::setCursor(unsigned char, unsigned char) 0x0800178f   Thumb Code    56  st7032i.o(.text)
    ST7032i::noDisplay()                     0x080017c7   Thumb Code    26  st7032i.o(.text)
    ST7032i::setContrast(unsigned char)      0x080017e1   Thumb Code    88  st7032i.o(.text)
    ST7032i::noBlink()                       0x08001839   Thumb Code    26  st7032i.o(.text)
    ST7032i::blink()                         0x08001853   Thumb Code    26  st7032i.o(.text)
    ST7032i::noCursor()                      0x0800186d   Thumb Code    26  st7032i.o(.text)
    ST7032i::showCursor()                    0x08001887   Thumb Code    26  st7032i.o(.text)
    ST7032i::scrollDisplayLeft()             0x080018a1   Thumb Code    14  st7032i.o(.text)
    ST7032i::scrollDisplayRight()            0x080018af   Thumb Code    14  st7032i.o(.text)
    ST7032i::leftToRight()                   0x080018bd   Thumb Code    26  st7032i.o(.text)
    ST7032i::rightToLeft()                   0x080018d7   Thumb Code    26  st7032i.o(.text)
    ST7032i::autoscroll()                    0x080018f1   Thumb Code    26  st7032i.o(.text)
    ST7032i::noAutoscroll()                  0x0800190b   Thumb Code    26  st7032i.o(.text)
    ST7032i::createChar(unsigned char, unsigned char*) 0x08001925   Thumb Code    50  st7032i.o(.text)
    SysTick_Handler                          0x0800195d   Thumb Code    12  systick.o(.text)
    SysTick_delay                            0x08001969   Thumb Code    18  systick.o(.text)
    SysTick_Start                            0x0800197b   Thumb Code    88  systick.o(.text)
    SysTick_count                            0x080019d3   Thumb Code     6  systick.o(.text)
    ring_clear                               0x080019e5   Thumb Code    16  usart.o(.text)
    ring_count                               0x080019f5   Thumb Code     8  usart.o(.text)
    ring_is_full                             0x080019fd   Thumb Code    30  usart.o(.text)
    ring_enque                               0x08001a1b   Thumb Code    72  usart.o(.text)
    ring_deque                               0x08001a63   Thumb Code    70  usart.o(.text)
    ring_peek                                0x08001aa9   Thumb Code    28  usart.o(.text)
    usart_begin                              0x08001ac5   Thumb Code   472  usart.o(.text)
    usart_polling_write                      0x08001c9d   Thumb Code    30  usart.o(.text)
    usart_write                              0x08001cbb   Thumb Code    70  usart.o(.text)
    usart_polling_read                       0x08001d01   Thumb Code    12  usart.o(.text)
    usart_read                               0x08001d0d   Thumb Code    26  usart.o(.text)
    usart_flush                              0x08001d27   Thumb Code    44  usart.o(.text)
    usart_peek                               0x08001d53   Thumb Code    12  usart.o(.text)
    usart_available                          0x08001d5f   Thumb Code    12  usart.o(.text)
    USART1_IRQHandler                        0x08001d6b   Thumb Code    92  usart.o(.text)
    USART2_IRQHandler                        0x08001dc7   Thumb Code    92  usart.o(.text)
    USART3_IRQHandler                        0x08001e23   Thumb Code    92  usart.o(.text)
    UART4_IRQHandler                         0x08001e7f   Thumb Code   164  usart.o(.text)
    USARTSerial::begin(USART_TypeDef*, _GPIOPin, _GPIOPin, unsigned) 0x08001f2d   Thumb Code    38  usartserial.o(.text)
    USARTSerial::write(unsigned char)        0x08001f53   Thumb Code    18  usartserial.o(.text)
    NVIC_PriorityGroupConfig                 0x08001f65   Thumb Code    10  misc.o(.text)
    NVIC_Init                                0x08001f6f   Thumb Code   108  misc.o(.text)
    NVIC_SetVectorTable                      0x08001fdb   Thumb Code    14  misc.o(.text)
    NVIC_SystemLPConfig                      0x08001fe9   Thumb Code    34  misc.o(.text)
    SysTick_CLKSourceConfig                  0x0800200b   Thumb Code    40  misc.o(.text)
    GPIO_DeInit                              0x08002049   Thumb Code   220  stm32f4xx_gpio.o(.text)
    GPIO_Init                                0x08002125   Thumb Code   144  stm32f4xx_gpio.o(.text)
    GPIO_StructInit                          0x080021b5   Thumb Code    18  stm32f4xx_gpio.o(.text)
    GPIO_PinLockConfig                       0x080021c7   Thumb Code    18  stm32f4xx_gpio.o(.text)
    GPIO_ReadInputDataBit                    0x080021d9   Thumb Code    18  stm32f4xx_gpio.o(.text)
    GPIO_ReadInputData                       0x080021eb   Thumb Code     8  stm32f4xx_gpio.o(.text)
    GPIO_ReadOutputDataBit                   0x080021f3   Thumb Code    18  stm32f4xx_gpio.o(.text)
    GPIO_ReadOutputData                      0x08002205   Thumb Code     8  stm32f4xx_gpio.o(.text)
    GPIO_SetBits                             0x0800220d   Thumb Code     4  stm32f4xx_gpio.o(.text)
    GPIO_ResetBits                           0x08002211   Thumb Code     4  stm32f4xx_gpio.o(.text)
    GPIO_WriteBit                            0x08002215   Thumb Code    10  stm32f4xx_gpio.o(.text)
    GPIO_Write                               0x0800221f   Thumb Code     4  stm32f4xx_gpio.o(.text)
    GPIO_ToggleBits                          0x08002223   Thumb Code     8  stm32f4xx_gpio.o(.text)
    GPIO_PinAFConfig                         0x0800222b   Thumb Code    70  stm32f4xx_gpio.o(.text)
    RCC_DeInit                               0x08002295   Thumb Code    60  stm32f4xx_rcc.o(.text)
    RCC_HSEConfig                            0x080022d1   Thumb Code    14  stm32f4xx_rcc.o(.text)
    RCC_GetFlagStatus                        0x080022df   Thumb Code    60  stm32f4xx_rcc.o(.text)
    RCC_WaitForHSEStartUp                    0x0800231b   Thumb Code    48  stm32f4xx_rcc.o(.text)
    RCC_AdjustHSICalibrationValue            0x0800234b   Thumb Code    20  stm32f4xx_rcc.o(.text)
    RCC_HSICmd                               0x0800235f   Thumb Code     6  stm32f4xx_rcc.o(.text)
    RCC_LSEConfig                            0x08002365   Thumb Code    46  stm32f4xx_rcc.o(.text)
    RCC_LSICmd                               0x08002393   Thumb Code     6  stm32f4xx_rcc.o(.text)
    RCC_PLLConfig                            0x08002399   Thumb Code    32  stm32f4xx_rcc.o(.text)
    RCC_PLLCmd                               0x080023b9   Thumb Code     6  stm32f4xx_rcc.o(.text)
    RCC_PLLI2SConfig                         0x080023bf   Thumb Code    14  stm32f4xx_rcc.o(.text)
    RCC_PLLI2SCmd                            0x080023cd   Thumb Code     6  stm32f4xx_rcc.o(.text)
    RCC_ClockSecuritySystemCmd               0x080023d3   Thumb Code     6  stm32f4xx_rcc.o(.text)
    RCC_MCO1Config                           0x080023d9   Thumb Code    28  stm32f4xx_rcc.o(.text)
    RCC_MCO2Config                           0x080023f5   Thumb Code    28  stm32f4xx_rcc.o(.text)
    RCC_SYSCLKConfig                         0x08002411   Thumb Code    20  stm32f4xx_rcc.o(.text)
    RCC_GetSYSCLKSource                      0x08002425   Thumb Code    12  stm32f4xx_rcc.o(.text)
    RCC_HCLKConfig                           0x08002431   Thumb Code    20  stm32f4xx_rcc.o(.text)
    RCC_PCLK1Config                          0x08002445   Thumb Code    20  stm32f4xx_rcc.o(.text)
    RCC_PCLK2Config                          0x08002459   Thumb Code    22  stm32f4xx_rcc.o(.text)
    RCC_GetClocksFreq                        0x0800246f   Thumb Code   222  stm32f4xx_rcc.o(.text)
    RCC_RTCCLKConfig                         0x0800254d   Thumb Code    54  stm32f4xx_rcc.o(.text)
    RCC_RTCCLKCmd                            0x08002583   Thumb Code     8  stm32f4xx_rcc.o(.text)
    RCC_BackupResetCmd                       0x0800258b   Thumb Code     8  stm32f4xx_rcc.o(.text)
    RCC_I2SCLKConfig                         0x08002593   Thumb Code     6  stm32f4xx_rcc.o(.text)
    RCC_AHB1PeriphClockCmd                   0x08002599   Thumb Code    34  stm32f4xx_rcc.o(.text)
    RCC_AHB2PeriphClockCmd                   0x080025bb   Thumb Code    34  stm32f4xx_rcc.o(.text)
    RCC_AHB3PeriphClockCmd                   0x080025dd   Thumb Code    34  stm32f4xx_rcc.o(.text)
    RCC_APB1PeriphClockCmd                   0x080025ff   Thumb Code    34  stm32f4xx_rcc.o(.text)
    RCC_APB2PeriphClockCmd                   0x08002621   Thumb Code    34  stm32f4xx_rcc.o(.text)
    RCC_AHB1PeriphResetCmd                   0x08002643   Thumb Code    34  stm32f4xx_rcc.o(.text)
    RCC_AHB2PeriphResetCmd                   0x08002665   Thumb Code    72  stm32f4xx_rcc.o(.text)
    RCC_AHB3PeriphResetCmd                   0x080026ad   Thumb Code    34  stm32f4xx_rcc.o(.text)
    RCC_APB1PeriphResetCmd                   0x080026cf   Thumb Code    34  stm32f4xx_rcc.o(.text)
    RCC_APB2PeriphResetCmd                   0x080026f1   Thumb Code    34  stm32f4xx_rcc.o(.text)
    RCC_AHB1PeriphClockLPModeCmd             0x08002713   Thumb Code    34  stm32f4xx_rcc.o(.text)
    RCC_AHB2PeriphClockLPModeCmd             0x08002735   Thumb Code    34  stm32f4xx_rcc.o(.text)
    RCC_AHB3PeriphClockLPModeCmd             0x08002757   Thumb Code    34  stm32f4xx_rcc.o(.text)
    RCC_APB1PeriphClockLPModeCmd             0x08002779   Thumb Code    34  stm32f4xx_rcc.o(.text)
    RCC_APB2PeriphClockLPModeCmd             0x0800279b   Thumb Code    34  stm32f4xx_rcc.o(.text)
    RCC_ITConfig                             0x080027bd   Thumb Code    34  stm32f4xx_rcc.o(.text)
    RCC_ClearFlag                            0x080027df   Thumb Code    18  stm32f4xx_rcc.o(.text)
    RCC_GetITStatus                          0x080027f1   Thumb Code    22  stm32f4xx_rcc.o(.text)
    RCC_ClearITPendingBit                    0x08002807   Thumb Code     8  stm32f4xx_rcc.o(.text)
    I2C_DeInit                               0x08002815   Thumb Code    82  stm32f4xx_i2c.o(.text)
    I2C_Init                                 0x08002867   Thumb Code   218  stm32f4xx_i2c.o(.text)
    I2C_StructInit                           0x08002941   Thumb Code    30  stm32f4xx_i2c.o(.text)
    I2C_Cmd                                  0x0800295f   Thumb Code    24  stm32f4xx_i2c.o(.text)
    I2C_GenerateSTART                        0x08002977   Thumb Code    24  stm32f4xx_i2c.o(.text)
    I2C_GenerateSTOP                         0x0800298f   Thumb Code    24  stm32f4xx_i2c.o(.text)
    I2C_Send7bitAddress                      0x080029a7   Thumb Code    16  stm32f4xx_i2c.o(.text)
    I2C_AcknowledgeConfig                    0x080029b7   Thumb Code    24  stm32f4xx_i2c.o(.text)
    I2C_OwnAddress2Config                    0x080029cf   Thumb Code    22  stm32f4xx_i2c.o(.text)
    I2C_DualAddressCmd                       0x080029e5   Thumb Code    24  stm32f4xx_i2c.o(.text)
    I2C_GeneralCallCmd                       0x080029fd   Thumb Code    24  stm32f4xx_i2c.o(.text)
    I2C_SoftwareResetCmd                     0x08002a15   Thumb Code    22  stm32f4xx_i2c.o(.text)
    I2C_StretchClockCmd                      0x08002a2b   Thumb Code    24  stm32f4xx_i2c.o(.text)
    I2C_FastModeDutyCycleConfig              0x08002a43   Thumb Code    28  stm32f4xx_i2c.o(.text)
    I2C_NACKPositionConfig                   0x08002a5f   Thumb Code    28  stm32f4xx_i2c.o(.text)
    I2C_SMBusAlertConfig                     0x08002a7b   Thumb Code    28  stm32f4xx_i2c.o(.text)
    I2C_ARPCmd                               0x08002a97   Thumb Code    24  stm32f4xx_i2c.o(.text)
    I2C_SendData                             0x08002aaf   Thumb Code     4  stm32f4xx_i2c.o(.text)
    I2C_ReceiveData                          0x08002ab3   Thumb Code     8  stm32f4xx_i2c.o(.text)
    I2C_TransmitPEC                          0x08002abb   Thumb Code    24  stm32f4xx_i2c.o(.text)
    I2C_PECPositionConfig                    0x08002ad3   Thumb Code    28  stm32f4xx_i2c.o(.text)
    I2C_CalculatePEC                         0x08002aef   Thumb Code    24  stm32f4xx_i2c.o(.text)
    I2C_GetPEC                               0x08002b07   Thumb Code     8  stm32f4xx_i2c.o(.text)
    I2C_DMACmd                               0x08002b0f   Thumb Code    24  stm32f4xx_i2c.o(.text)
    I2C_DMALastTransferCmd                   0x08002b27   Thumb Code    24  stm32f4xx_i2c.o(.text)
    I2C_ReadRegister                         0x08002b3f   Thumb Code    12  stm32f4xx_i2c.o(.text)
    I2C_ITConfig                             0x08002b4b   Thumb Code    18  stm32f4xx_i2c.o(.text)
    I2C_CheckEvent                           0x08002b5d   Thumb Code    42  stm32f4xx_i2c.o(.text)
    I2C_GetLastEvent                         0x08002b87   Thumb Code    26  stm32f4xx_i2c.o(.text)
    I2C_GetFlagStatus                        0x08002ba1   Thumb Code    42  stm32f4xx_i2c.o(.text)
    I2C_ClearFlag                            0x08002bcb   Thumb Code    12  stm32f4xx_i2c.o(.text)
    I2C_GetITStatus                          0x08002bd7   Thumb Code    62  stm32f4xx_i2c.o(.text)
    I2C_ClearITPendingBit                    0x08002c15   Thumb Code    12  stm32f4xx_i2c.o(.text)
    TIM_DeInit                               0x08002c21   Thumb Code   346  stm32f4xx_tim.o(.text)
    TIM_TimeBaseInit                         0x08002d7b   Thumb Code   104  stm32f4xx_tim.o(.text)
    TIM_TimeBaseStructInit                   0x08002de3   Thumb Code    18  stm32f4xx_tim.o(.text)
    TIM_PrescalerConfig                      0x08002df5   Thumb Code     6  stm32f4xx_tim.o(.text)
    TIM_CounterModeConfig                    0x08002dfb   Thumb Code    18  stm32f4xx_tim.o(.text)
    TIM_SetCounter                           0x08002e0d   Thumb Code     4  stm32f4xx_tim.o(.text)
    TIM_SetAutoreload                        0x08002e11   Thumb Code     4  stm32f4xx_tim.o(.text)
    TIM_GetCounter                           0x08002e15   Thumb Code     6  stm32f4xx_tim.o(.text)
    TIM_GetPrescaler                         0x08002e1b   Thumb Code     6  stm32f4xx_tim.o(.text)
    TIM_UpdateDisableConfig                  0x08002e21   Thumb Code    24  stm32f4xx_tim.o(.text)
    TIM_UpdateRequestConfig                  0x08002e39   Thumb Code    24  stm32f4xx_tim.o(.text)
    TIM_ARRPreloadConfig                     0x08002e51   Thumb Code    24  stm32f4xx_tim.o(.text)
    TIM_SelectOnePulseMode                   0x08002e69   Thumb Code    18  stm32f4xx_tim.o(.text)
    TIM_SetClockDivision                     0x08002e7b   Thumb Code    18  stm32f4xx_tim.o(.text)
    TIM_Cmd                                  0x08002e8d   Thumb Code    24  stm32f4xx_tim.o(.text)
    TIM_OC1Init                              0x08002ea5   Thumb Code   114  stm32f4xx_tim.o(.text)
    TIM_OC2Init                              0x08002f17   Thumb Code   154  stm32f4xx_tim.o(.text)
    TIM_OC3Init                              0x08002fb1   Thumb Code   204  stm32f4xx_tim.o(.text)
    TIM_OC4Init                              0x0800307d   Thumb Code   112  stm32f4xx_tim.o(.text)
    TIM_OCStructInit                         0x080030ed   Thumb Code    20  stm32f4xx_tim.o(.text)
    TIM_SelectOCxM                           0x08003101   Thumb Code    86  stm32f4xx_tim.o(.text)
    TIM_SetCompare1                          0x08003157   Thumb Code     4  stm32f4xx_tim.o(.text)
    TIM_SetCompare2                          0x0800315b   Thumb Code     4  stm32f4xx_tim.o(.text)
    TIM_SetCompare3                          0x0800315f   Thumb Code     4  stm32f4xx_tim.o(.text)
    TIM_SetCompare4                          0x08003163   Thumb Code     4  stm32f4xx_tim.o(.text)
    TIM_ForcedOC1Config                      0x08003167   Thumb Code    18  stm32f4xx_tim.o(.text)
    TIM_ForcedOC2Config                      0x08003179   Thumb Code    26  stm32f4xx_tim.o(.text)
    TIM_ForcedOC3Config                      0x08003193   Thumb Code    18  stm32f4xx_tim.o(.text)
    TIM_ForcedOC4Config                      0x080031a5   Thumb Code    26  stm32f4xx_tim.o(.text)
    TIM_OC1PreloadConfig                     0x080031bf   Thumb Code    18  stm32f4xx_tim.o(.text)
    TIM_OC2PreloadConfig                     0x080031d1   Thumb Code    26  stm32f4xx_tim.o(.text)
    TIM_OC3PreloadConfig                     0x080031eb   Thumb Code    18  stm32f4xx_tim.o(.text)
    TIM_OC4PreloadConfig                     0x080031fd   Thumb Code    26  stm32f4xx_tim.o(.text)
    TIM_OC1FastConfig                        0x08003217   Thumb Code    18  stm32f4xx_tim.o(.text)
    TIM_OC2FastConfig                        0x08003229   Thumb Code    26  stm32f4xx_tim.o(.text)
    TIM_OC3FastConfig                        0x08003243   Thumb Code    18  stm32f4xx_tim.o(.text)
    TIM_OC4FastConfig                        0x08003255   Thumb Code    26  stm32f4xx_tim.o(.text)
    TIM_ClearOC1Ref                          0x0800326f   Thumb Code    18  stm32f4xx_tim.o(.text)
    TIM_ClearOC2Ref                          0x08003281   Thumb Code    24  stm32f4xx_tim.o(.text)
    TIM_ClearOC3Ref                          0x08003299   Thumb Code    18  stm32f4xx_tim.o(.text)
    TIM_ClearOC4Ref                          0x080032ab   Thumb Code    24  stm32f4xx_tim.o(.text)
    TIM_OC1PolarityConfig                    0x080032c3   Thumb Code    18  stm32f4xx_tim.o(.text)
    TIM_OC1NPolarityConfig                   0x080032d5   Thumb Code    18  stm32f4xx_tim.o(.text)
    TIM_OC2PolarityConfig                    0x080032e7   Thumb Code    26  stm32f4xx_tim.o(.text)
    TIM_OC2NPolarityConfig                   0x08003301   Thumb Code    26  stm32f4xx_tim.o(.text)
    TIM_OC3PolarityConfig                    0x0800331b   Thumb Code    26  stm32f4xx_tim.o(.text)
    TIM_OC3NPolarityConfig                   0x08003335   Thumb Code    26  stm32f4xx_tim.o(.text)
    TIM_OC4PolarityConfig                    0x0800334f   Thumb Code    26  stm32f4xx_tim.o(.text)
    TIM_CCxCmd                               0x08003369   Thumb Code    30  stm32f4xx_tim.o(.text)
    TIM_CCxNCmd                              0x08003387   Thumb Code    30  stm32f4xx_tim.o(.text)
    TIM_SetIC4Prescaler                      0x080033a5   Thumb Code    26  stm32f4xx_tim.o(.text)
    TIM_SetIC3Prescaler                      0x0800340f   Thumb Code    18  stm32f4xx_tim.o(.text)
    TIM_SetIC2Prescaler                      0x08003469   Thumb Code    26  stm32f4xx_tim.o(.text)
    TIM_SetIC1Prescaler                      0x080034dd   Thumb Code    18  stm32f4xx_tim.o(.text)
    TIM_ICInit                               0x08003529   Thumb Code   110  stm32f4xx_tim.o(.text)
    TIM_ICStructInit                         0x08003597   Thumb Code    18  stm32f4xx_tim.o(.text)
    TIM_PWMIConfig                           0x080035a9   Thumb Code   124  stm32f4xx_tim.o(.text)
    TIM_GetCapture1                          0x08003625   Thumb Code     6  stm32f4xx_tim.o(.text)
    TIM_GetCapture2                          0x0800362b   Thumb Code     6  stm32f4xx_tim.o(.text)
    TIM_GetCapture3                          0x08003631   Thumb Code     6  stm32f4xx_tim.o(.text)
    TIM_GetCapture4                          0x08003637   Thumb Code     6  stm32f4xx_tim.o(.text)
    TIM_BDTRConfig                           0x0800363d   Thumb Code    32  stm32f4xx_tim.o(.text)
    TIM_BDTRStructInit                       0x0800365d   Thumb Code    18  stm32f4xx_tim.o(.text)
    TIM_CtrlPWMOutputs                       0x0800366f   Thumb Code    30  stm32f4xx_tim.o(.text)
    TIM_SelectCOM                            0x0800368d   Thumb Code    24  stm32f4xx_tim.o(.text)
    TIM_CCPreloadControl                     0x080036a5   Thumb Code    24  stm32f4xx_tim.o(.text)
    TIM_ITConfig                             0x080036bd   Thumb Code    18  stm32f4xx_tim.o(.text)
    TIM_GenerateEvent                        0x080036cf   Thumb Code     4  stm32f4xx_tim.o(.text)
    TIM_GetFlagStatus                        0x080036d3   Thumb Code    18  stm32f4xx_tim.o(.text)
    TIM_ClearFlag                            0x080036e5   Thumb Code     6  stm32f4xx_tim.o(.text)
    TIM_GetITStatus                          0x080036eb   Thumb Code    34  stm32f4xx_tim.o(.text)
    TIM_ClearITPendingBit                    0x0800370d   Thumb Code     6  stm32f4xx_tim.o(.text)
    TIM_DMAConfig                            0x08003713   Thumb Code    10  stm32f4xx_tim.o(.text)
    TIM_DMACmd                               0x0800371d   Thumb Code    18  stm32f4xx_tim.o(.text)
    TIM_SelectCCDMA                          0x0800372f   Thumb Code    24  stm32f4xx_tim.o(.text)
    TIM_InternalClockConfig                  0x08003747   Thumb Code    12  stm32f4xx_tim.o(.text)
    TIM_SelectInputTrigger                   0x08003753   Thumb Code    18  stm32f4xx_tim.o(.text)
    TIM_ITRxExternalClockConfig              0x08003765   Thumb Code    24  stm32f4xx_tim.o(.text)
    TIM_TIxExternalClockConfig               0x0800377d   Thumb Code    62  stm32f4xx_tim.o(.text)
    TIM_ETRConfig                            0x080037bb   Thumb Code    28  stm32f4xx_tim.o(.text)
    TIM_ETRClockMode1Config                  0x080037d7   Thumb Code    54  stm32f4xx_tim.o(.text)
    TIM_ETRClockMode2Config                  0x0800380d   Thumb Code    32  stm32f4xx_tim.o(.text)
    TIM_SelectOutputTrigger                  0x0800382d   Thumb Code    18  stm32f4xx_tim.o(.text)
    TIM_SelectSlaveMode                      0x0800383f   Thumb Code    18  stm32f4xx_tim.o(.text)
    TIM_SelectMasterSlaveMode                0x08003851   Thumb Code    18  stm32f4xx_tim.o(.text)
    TIM_EncoderInterfaceConfig               0x08003863   Thumb Code    66  stm32f4xx_tim.o(.text)
    TIM_SelectHallSensor                     0x080038a5   Thumb Code    24  stm32f4xx_tim.o(.text)
    TIM_RemapConfig                          0x080038bd   Thumb Code     6  stm32f4xx_tim.o(.text)
    USART_DeInit                             0x080038c5   Thumb Code   156  stm32f4xx_usart.o(.text)
    USART_Init                               0x08003961   Thumb Code   204  stm32f4xx_usart.o(.text)
    USART_StructInit                         0x08003a2d   Thumb Code    24  stm32f4xx_usart.o(.text)
    USART_ClockInit                          0x08003a45   Thumb Code    32  stm32f4xx_usart.o(.text)
    USART_ClockStructInit                    0x08003a65   Thumb Code    12  stm32f4xx_usart.o(.text)
    USART_Cmd                                0x08003a71   Thumb Code    24  stm32f4xx_usart.o(.text)
    USART_SetPrescaler                       0x08003a89   Thumb Code    16  stm32f4xx_usart.o(.text)
    USART_OverSampling8Cmd                   0x08003a99   Thumb Code    22  stm32f4xx_usart.o(.text)
    USART_OneBitMethodCmd                    0x08003aaf   Thumb Code    24  stm32f4xx_usart.o(.text)
    USART_SendData                           0x08003ac7   Thumb Code     8  stm32f4xx_usart.o(.text)
    USART_ReceiveData                        0x08003acf   Thumb Code    10  stm32f4xx_usart.o(.text)
    USART_SetAddress                         0x08003ad9   Thumb Code    18  stm32f4xx_usart.o(.text)
    USART_ReceiverWakeUpCmd                  0x08003aeb   Thumb Code    24  stm32f4xx_usart.o(.text)
    USART_WakeUpConfig                       0x08003b03   Thumb Code    18  stm32f4xx_usart.o(.text)
    USART_LINBreakDetectLengthConfig         0x08003b15   Thumb Code    18  stm32f4xx_usart.o(.text)
    USART_LINCmd                             0x08003b27   Thumb Code    24  stm32f4xx_usart.o(.text)
    USART_SendBreak                          0x08003b3f   Thumb Code    10  stm32f4xx_usart.o(.text)
    USART_HalfDuplexCmd                      0x08003b49   Thumb Code    24  stm32f4xx_usart.o(.text)
    USART_SetGuardTime                       0x08003b61   Thumb Code    16  stm32f4xx_usart.o(.text)
    USART_SmartCardCmd                       0x08003b71   Thumb Code    24  stm32f4xx_usart.o(.text)
    USART_SmartCardNACKCmd                   0x08003b89   Thumb Code    24  stm32f4xx_usart.o(.text)
    USART_IrDAConfig                         0x08003ba1   Thumb Code    18  stm32f4xx_usart.o(.text)
    USART_IrDACmd                            0x08003bb3   Thumb Code    24  stm32f4xx_usart.o(.text)
    USART_DMACmd                             0x08003bcb   Thumb Code    18  stm32f4xx_usart.o(.text)
    USART_ITConfig                           0x08003bdd   Thumb Code    74  stm32f4xx_usart.o(.text)
    USART_GetFlagStatus                      0x08003c27   Thumb Code    26  stm32f4xx_usart.o(.text)
    USART_ClearFlag                          0x08003c41   Thumb Code    18  stm32f4xx_usart.o(.text)
    USART_GetITStatus                        0x08003c53   Thumb Code   110  stm32f4xx_usart.o(.text)
    USART_ClearITPendingBit                  0x08003cc1   Thumb Code    30  stm32f4xx_usart.o(.text)
    SPI_I2S_DeInit                           0x08003ce1   Thumb Code    76  stm32f4xx_spi.o(.text)
    SPI_Init                                 0x08003d2d   Thumb Code    60  stm32f4xx_spi.o(.text)
    I2S_Init                                 0x08003d69   Thumb Code   346  stm32f4xx_spi.o(.text)
    SPI_StructInit                           0x08003ec3   Thumb Code    24  stm32f4xx_spi.o(.text)
    I2S_StructInit                           0x08003edb   Thumb Code    20  stm32f4xx_spi.o(.text)
    SPI_Cmd                                  0x08003eef   Thumb Code    24  stm32f4xx_spi.o(.text)
    I2S_Cmd                                  0x08003f07   Thumb Code    24  stm32f4xx_spi.o(.text)
    SPI_DataSizeConfig                       0x08003f1f   Thumb Code    18  stm32f4xx_spi.o(.text)
    SPI_BiDirectionalLineConfig              0x08003f31   Thumb Code    28  stm32f4xx_spi.o(.text)
    SPI_NSSInternalSoftwareConfig            0x08003f4d   Thumb Code    30  stm32f4xx_spi.o(.text)
    SPI_SSOutputCmd                          0x08003f6b   Thumb Code    24  stm32f4xx_spi.o(.text)
    SPI_TIModeCmd                            0x08003f83   Thumb Code    24  stm32f4xx_spi.o(.text)
    I2S_FullDuplexConfig                     0x08003f9b   Thumb Code    80  stm32f4xx_spi.o(.text)
    SPI_I2S_ReceiveData                      0x08003feb   Thumb Code     6  stm32f4xx_spi.o(.text)
    SPI_I2S_SendData                         0x08003ff1   Thumb Code     4  stm32f4xx_spi.o(.text)
    SPI_CalculateCRC                         0x08003ff5   Thumb Code    24  stm32f4xx_spi.o(.text)
    SPI_TransmitCRC                          0x0800400d   Thumb Code    10  stm32f4xx_spi.o(.text)
    SPI_GetCRC                               0x08004017   Thumb Code    16  stm32f4xx_spi.o(.text)
    SPI_GetCRCPolynomial                     0x08004027   Thumb Code     6  stm32f4xx_spi.o(.text)
    SPI_I2S_DMACmd                           0x0800402d   Thumb Code    18  stm32f4xx_spi.o(.text)
    SPI_I2S_ITConfig                         0x0800403f   Thumb Code    32  stm32f4xx_spi.o(.text)
    SPI_I2S_GetFlagStatus                    0x0800405f   Thumb Code    18  stm32f4xx_spi.o(.text)
    SPI_I2S_ClearFlag                        0x08004071   Thumb Code     6  stm32f4xx_spi.o(.text)
    SPI_I2S_GetITStatus                      0x08004077   Thumb Code    52  stm32f4xx_spi.o(.text)
    SPI_I2S_ClearITPendingBit                0x080040ab   Thumb Code    20  stm32f4xx_spi.o(.text)
    strlen                                   0x080040d5   Thumb Code    62  strlen.o(.text)
    __use_two_region_memory                  0x08004113   Thumb Code     2  heapauxi.o(.text)
    __rt_heap_escrow$2region                 0x08004115   Thumb Code     2  heapauxi.o(.text)
    __rt_heap_expand$2region                 0x08004117   Thumb Code     2  heapauxi.o(.text)
    __cpp_initialize__aeabi_                 0x08004119   Thumb Code    26  init_aeabi.o(.text)
    __rt_SIGPVFN                             0x0800413d   Thumb Code    14  defsig_pvfn_outer.o(.text)
    __sig_exit                               0x0800414b   Thumb Code    10  defsig_exit.o(.text)
    __rt_SIGPVFN_inner                       0x08004155   Thumb Code    14  defsig_pvfn_inner.o(.text)
    _sys_exit                                0x08004185   Thumb Code     8  sys_exit.o(.text)
    __user_setup_stackheap                   0x08004191   Thumb Code    74  sys_stackheap_outer.o(.text)
    exit                                     0x080041db   Thumb Code    12  exit.o(.text)
    __default_signal_display                 0x080041e7   Thumb Code    50  defsig_general.o(.text)
    _ttywrch                                 0x08004219   Thumb Code    14  sys_wrch.o(.text)
    __user_libspace                          0x08004229   Thumb Code     8  libspace.o(.text)
    __user_perproc_libspace                  0x08004229   Thumb Code     0  libspace.o(.text)
    __user_perthread_libspace                0x08004229   Thumb Code     0  libspace.o(.text)
    __I$use$semihosting                      0x08004231   Thumb Code     0  use_no_semi.o(.text)
    __use_no_semihosting_swi                 0x08004231   Thumb Code     2  use_no_semi.o(.text)
    USARTSerial::flush()                     0x08004233   Thumb Code    14  main.o(i._ZN11USARTSerial5flushEv)
    __semihosting_library_function           0x08004233   Thumb Code     0  indicate_semi.o(.text)
    USARTSerial::available()                 0x08004241   Thumb Code    14  main.o(i._ZN11USARTSerial9availableEv)
    Print::write(const char*)                0x0800424f   Thumb Code    34  print.o(i._ZN5Print5writeEPKc)
    Print::Print__sub_object()               0x08004271   Thumb Code    10  main.o(i._ZN5PrintC2Ev)
    __cxa_pure_virtual                       0x08004281   Thumb Code     6  pure_virt.o(i.__cxa_pure_virtual)
    __aeabi_dneg                             0x08004287   Thumb Code     0  basic.o(x$fpl$basic)
    _dneg                                    0x08004287   Thumb Code     6  basic.o(x$fpl$basic)
    __aeabi_fneg                             0x0800428d   Thumb Code     0  basic.o(x$fpl$basic)
    _fneg                                    0x0800428d   Thumb Code     6  basic.o(x$fpl$basic)
    _dabs                                    0x08004293   Thumb Code     6  basic.o(x$fpl$basic)
    _fabs                                    0x08004299   Thumb Code     6  basic.o(x$fpl$basic)
    __aeabi_dadd                             0x080042a1   Thumb Code     0  daddsub_clz.o(x$fpl$dadd)
    _dadd                                    0x080042a1   Thumb Code   332  daddsub_clz.o(x$fpl$dadd)
    __fpl_dcmp_Inf                           0x080043f1   Thumb Code    24  dcmpi.o(x$fpl$dcmpinf)
    __aeabi_ddiv                             0x08004409   Thumb Code     0  ddiv.o(x$fpl$ddiv)
    _ddiv                                    0x08004409   Thumb Code   552  ddiv.o(x$fpl$ddiv)
    __aeabi_d2iz                             0x080046b9   Thumb Code     0  dfix.o(x$fpl$dfix)
    _dfix                                    0x080046b9   Thumb Code    94  dfix.o(x$fpl$dfix)
    __aeabi_d2uiz                            0x08004719   Thumb Code     0  dfixu.o(x$fpl$dfixu)
    _dfixu                                   0x08004719   Thumb Code    90  dfixu.o(x$fpl$dfixu)
    __aeabi_i2d                              0x08004773   Thumb Code     0  dflt_clz.o(x$fpl$dflt)
    _dflt                                    0x08004773   Thumb Code    46  dflt_clz.o(x$fpl$dflt)
    __aeabi_ui2d                             0x080047a1   Thumb Code     0  dflt_clz.o(x$fpl$dfltu)
    _dfltu                                   0x080047a1   Thumb Code    38  dflt_clz.o(x$fpl$dfltu)
    __aeabi_cdcmple                          0x080047c9   Thumb Code     0  dleqf.o(x$fpl$dleqf)
    _dcmple                                  0x080047c9   Thumb Code   120  dleqf.o(x$fpl$dleqf)
    __fpl_dcmple_InfNaN                      0x0800482b   Thumb Code     0  dleqf.o(x$fpl$dleqf)
    __aeabi_dmul                             0x08004841   Thumb Code     0  dmul.o(x$fpl$dmul)
    _dmul                                    0x08004841   Thumb Code   332  dmul.o(x$fpl$dmul)
    __fpl_dnaninf                            0x08004995   Thumb Code   156  dnaninf.o(x$fpl$dnaninf)
    __fpl_dretinf                            0x08004a31   Thumb Code    12  dretinf.o(x$fpl$dretinf)
    __aeabi_cdrcmple                         0x08004a3d   Thumb Code     0  drleqf.o(x$fpl$drleqf)
    _drcmple                                 0x08004a3d   Thumb Code   108  drleqf.o(x$fpl$drleqf)
    __aeabi_drsub                            0x08004aa9   Thumb Code     0  daddsub_clz.o(x$fpl$drsb)
    _drsb                                    0x08004aa9   Thumb Code    22  daddsub_clz.o(x$fpl$drsb)
    __aeabi_dsub                             0x08004ac1   Thumb Code     0  daddsub_clz.o(x$fpl$dsub)
    _dsub                                    0x08004ac1   Thumb Code   464  daddsub_clz.o(x$fpl$dsub)
    __aeabi_f2d                              0x08004c95   Thumb Code     0  f2d.o(x$fpl$f2d)
    _f2d                                     0x08004c95   Thumb Code    86  f2d.o(x$fpl$f2d)
    __fpl_fnaninf                            0x08004ceb   Thumb Code   140  fnaninf.o(x$fpl$fnaninf)
    _fp_init                                 0x08004d77   Thumb Code    10  fpinit.o(x$fpl$fpinit)
    __fplib_config_fpu_vfp                   0x08004d7f   Thumb Code     0  fpinit.o(x$fpl$fpinit)
    __fplib_config_pureend_doubles           0x08004d7f   Thumb Code     0  fpinit.o(x$fpl$fpinit)
    __I$use$fp                               0x08004d80   Number         0  usenofp.o(x$fpl$usenofp)
    vtable for USARTSerial                   0x08004d90   Data          16  usartserial.o(.constdata__ZTV11USARTSerial)
    vtable for Print                         0x08004da0   Data          16  print.o(.constdata__ZTV5Print)
    vtable for ST7032i                       0x08004db0   Data          16  st7032i.o(.constdata__ZTV7ST7032i)
    Region$$Table$$Base                      0x08004dc0   Number         0  anon$$obj.o(Region$$Table)
    Region$$Table$$Limit                     0x08004de0   Number         0  anon$$obj.o(Region$$Table)
    SHT$$INIT_ARRAY$$Base                    0x08004de0   Number         0  main.o(.init_array)
    SHT$$INIT_ARRAY$$Limit                   0x08004de4   Number         0  main.o(.init_array)
    SystemCoreClock                          0x20000000   Data           4  system_stm32f4xx.o(.data)
    AHBPrescTable                            0x20000004   Data          16  system_stm32f4xx.o(.data)
    __counter_micros                         0x20000014   Data           4  delay.o(.data)
    __counter_millis                         0x20000018   Data           4  delay.o(.data)
    PortPeriph                               0x2000001c   Data          40  gpio.o(.data)
    Port                                     0x20000044   Data          40  gpio.o(.data)
    Pin                                      0x2000006c   Data          34  gpio.o(.data)
    Wire1                                    0x20000090   Data          12  i2c.o(.data)
    Wire2                                    0x2000009c   Data          12  i2c.o(.data)
    Wire3                                    0x200000a8   Data          12  i2c.o(.data)
    _systick_counter                         0x200000b4   Data           4  systick.o(.data)
    lcd                                      0x200000c8   Data          24  main.o(.bss)
    Serial3                                  0x200000e0   Data          24  main.o(.bss)
    rxring                                   0x200000f8   Data        1572  usart.o(.bss)
    txring                                   0x2000071c   Data        1572  usart.o(.bss)
    __libspace_start                         0x20000d40   Data          96  libspace.o(.bss)
    __temporary_stack_top$libspace           0x20000da0   Data           0  libspace.o(.bss)



==============================================================================

Memory Map of the image

  Image Entry point : 0x08000189

  Load Region LR_IROM1 (Base: 0x08000000, Size: 0x00004eac, Max: 0x00100000, ABSOLUTE)

    Execution Region ER_IROM1 (Base: 0x08000000, Size: 0x00004de4, Max: 0x00100000, ABSOLUTE)

    Base Addr    Size         Type   Attr      Idx    E Section Name        Object

    0x08000000   0x00000188   Data   RO          207    RESET               startup_stm32f4xx.o
    0x08000188   0x00000008   Code   RO          757  * !!!main             c_w.l(__main.o)
    0x08000190   0x00000034   Code   RO         1077    !!!scatter          c_w.l(__scatter.o)
    0x080001c4   0x0000001a   Code   RO         1079    !!handler_copy      c_w.l(__scatter_copy.o)
    0x080001de   0x00000002   PAD
    0x080001e0   0x0000001c   Code   RO         1081    !!handler_zi        c_w.l(__scatter_zi.o)
    0x080001fc   0x00000002   Code   RO         1013    .ARM.Collect$$libinit$$00000000  c_w.l(libinit.o)
    0x080001fe   0x00000004   Code   RO          907    .ARM.Collect$$libinit$$00000001  c_w.l(libinit2.o)
    0x08000202   0x00000000   Code   RO          911    .ARM.Collect$$libinit$$00000008  c_w.l(libinit2.o)
    0x08000202   0x00000000   Code   RO          913    .ARM.Collect$$libinit$$0000000A  c_w.l(libinit2.o)
    0x08000202   0x00000000   Code   RO          915    .ARM.Collect$$libinit$$0000000C  c_w.l(libinit2.o)
    0x08000202   0x00000000   Code   RO          918    .ARM.Collect$$libinit$$0000000F  c_w.l(libinit2.o)
    0x08000202   0x00000000   Code   RO          920    .ARM.Collect$$libinit$$00000011  c_w.l(libinit2.o)
    0x08000202   0x00000000   Code   RO          922    .ARM.Collect$$libinit$$00000013  c_w.l(libinit2.o)
    0x08000202   0x00000000   Code   RO          924    .ARM.Collect$$libinit$$00000015  c_w.l(libinit2.o)
    0x08000202   0x00000000   Code   RO          926    .ARM.Collect$$libinit$$00000017  c_w.l(libinit2.o)
    0x08000202   0x00000000   Code   RO          928    .ARM.Collect$$libinit$$00000019  c_w.l(libinit2.o)
    0x08000202   0x00000000   Code   RO          930    .ARM.Collect$$libinit$$0000001B  c_w.l(libinit2.o)
    0x08000202   0x00000000   Code   RO          932    .ARM.Collect$$libinit$$0000001D  c_w.l(libinit2.o)
    0x08000202   0x00000000   Code   RO          934    .ARM.Collect$$libinit$$0000001F  c_w.l(libinit2.o)
    0x08000202   0x00000000   Code   RO          936    .ARM.Collect$$libinit$$00000021  c_w.l(libinit2.o)
    0x08000202   0x00000000   Code   RO          938    .ARM.Collect$$libinit$$00000023  c_w.l(libinit2.o)
    0x08000202   0x00000000   Code   RO          942    .ARM.Collect$$libinit$$0000002A  c_w.l(libinit2.o)
    0x08000202   0x00000000   Code   RO          944    .ARM.Collect$$libinit$$0000002C  c_w.l(libinit2.o)
    0x08000202   0x00000000   Code   RO          946    .ARM.Collect$$libinit$$0000002E  c_w.l(libinit2.o)
    0x08000202   0x00000004   Code   RO          947    .ARM.Collect$$libinit$$0000002F  c_w.l(libinit2.o)
    0x08000206   0x00000000   Code   RO          948    .ARM.Collect$$libinit$$00000030  c_w.l(libinit2.o)
    0x08000206   0x00000002   Code   RO          949    .ARM.Collect$$libinit$$00000031  c_w.l(libinit2.o)
    0x08000208   0x00000002   Code   RO         1059    .ARM.Collect$$libshutdown$$00000000  c_w.l(libshutdown.o)
    0x0800020a   0x00000000   Code   RO         1062    .ARM.Collect$$libshutdown$$00000003  c_w.l(libshutdown2.o)
    0x0800020a   0x00000000   Code   RO         1065    .ARM.Collect$$libshutdown$$00000006  c_w.l(libshutdown2.o)
    0x0800020a   0x00000000   Code   RO         1068    .ARM.Collect$$libshutdown$$00000009  c_w.l(libshutdown2.o)
    0x0800020a   0x00000000   Code   RO         1070    .ARM.Collect$$libshutdown$$0000000B  c_w.l(libshutdown2.o)
    0x0800020a   0x00000000   Code   RO         1073    .ARM.Collect$$libshutdown$$0000000E  c_w.l(libshutdown2.o)
    0x0800020a   0x00000002   Code   RO         1074    .ARM.Collect$$libshutdown$$0000000F  c_w.l(libshutdown2.o)
    0x0800020c   0x00000000   Code   RO          902    .ARM.Collect$$rtentry$$00000000  c_w.l(rtentry.o)
    0x0800020c   0x00000000   Code   RO          970    .ARM.Collect$$rtentry$$00000002  c_w.l(rtentry2.o)
    0x0800020c   0x00000006   Code   RO          982    .ARM.Collect$$rtentry$$00000004  c_w.l(rtentry4.o)
    0x08000212   0x00000000   Code   RO          972    .ARM.Collect$$rtentry$$00000009  c_w.l(rtentry2.o)
    0x08000212   0x00000004   Code   RO          973    .ARM.Collect$$rtentry$$0000000A  c_w.l(rtentry2.o)
    0x08000216   0x00000000   Code   RO          975    .ARM.Collect$$rtentry$$0000000C  c_w.l(rtentry2.o)
    0x08000216   0x00000008   Code   RO          976    .ARM.Collect$$rtentry$$0000000D  c_w.l(rtentry2.o)
    0x0800021e   0x00000002   Code   RO         1024    .ARM.Collect$$rtexit$$00000000  c_w.l(rtexit.o)
    0x08000220   0x00000000   Code   RO         1035    .ARM.Collect$$rtexit$$00000002  c_w.l(rtexit2.o)
    0x08000220   0x00000004   Code   RO         1036    .ARM.Collect$$rtexit$$00000003  c_w.l(rtexit2.o)
    0x08000224   0x00000006   Code   RO         1037    .ARM.Collect$$rtexit$$00000004  c_w.l(rtexit2.o)
    0x0800022a   0x00000002   PAD
    0x0800022c   0x0000046c   Code   RO            2    .text               main.o
    0x08000698   0x00000040   Code   RO          208    .text               startup_stm32f4xx.o
    0x080006d8   0x00000018   Code   RO          213    .text               stm32f4xx_it.o
    0x080006f0   0x000001f8   Code   RO          337    .text               system_stm32f4xx.o
    0x080008e8   0x00000128   Code   RO          359    .text               delay.o
    0x08000a10   0x000001f4   Code   RO          381    .text               gpio.o
    0x08000c04   0x00000398   Code   RO          403    .text               i2c.o
    0x08000f9c   0x000004bc   Code   RO          434    .text               print.o
    0x08001458   0x000001bc   Code   RO          487    .text               spi.o
    0x08001614   0x00000348   Code   RO          506    .text               st7032i.o
    0x0800195c   0x00000088   Code   RO          554    .text               systick.o
    0x080019e4   0x00000548   Code   RO          580    .text               usart.o
    0x08001f2c   0x00000038   Code   RO          605    .text               usartserial.o
    0x08001f64   0x000000e4   Code   RO          638    .text               misc.o
    0x08002048   0x0000024c   Code   RO          654    .text               stm32f4xx_gpio.o
    0x08002294   0x00000580   Code   RO          670    .text               stm32f4xx_rcc.o
    0x08002814   0x0000040c   Code   RO          688    .text               stm32f4xx_i2c.o
    0x08002c20   0x00000ca2   Code   RO          704    .text               stm32f4xx_tim.o
    0x080038c2   0x00000002   PAD
    0x080038c4   0x0000041a   Code   RO          720    .text               stm32f4xx_usart.o
    0x08003cde   0x00000002   PAD
    0x08003ce0   0x000003f4   Code   RO          736    .text               stm32f4xx_spi.o
    0x080040d4   0x0000003e   Code   RO          753    .text               c_w.l(strlen.o)
    0x08004112   0x00000006   Code   RO          755    .text               c_w.l(heapauxi.o)
    0x08004118   0x00000024   Code   RO          762    .text               c_w.l(init_aeabi.o)
    0x0800413c   0x0000000e   Code   RO          903    .text               c_w.l(defsig_pvfn_outer.o)
    0x0800414a   0x0000000a   Code   RO          986    .text               c_w.l(defsig_exit.o)
    0x08004154   0x00000030   Code   RO          988    .text               c_w.l(defsig_pvfn_inner.o)
    0x08004184   0x0000000c   Code   RO          994    .text               c_w.l(sys_exit.o)
    0x08004190   0x0000004a   Code   RO          996    .text               c_w.l(sys_stackheap_outer.o)
    0x080041da   0x0000000c   Code   RO          998    .text               c_w.l(exit.o)
    0x080041e6   0x00000032   Code   RO         1002    .text               c_w.l(defsig_general.o)
    0x08004218   0x0000000e   Code   RO         1014    .text               c_w.l(sys_wrch.o)
    0x08004226   0x00000002   PAD
    0x08004228   0x00000008   Code   RO         1018    .text               c_w.l(libspace.o)
    0x08004230   0x00000002   Code   RO         1021    .text               c_w.l(use_no_semi.o)
    0x08004232   0x00000000   Code   RO         1023    .text               c_w.l(indicate_semi.o)
    0x08004232   0x0000000e   Code   RO           26    i._ZN11USARTSerial5flushEv  main.o
    0x08004240   0x0000000e   Code   RO           20    i._ZN11USARTSerial9availableEv  main.o
    0x0800424e   0x00000022   Code   RO          446    i._ZN5Print5writeEPKc  print.o
    0x08004270   0x00000010   Code   RO           32    i._ZN5PrintC2Ev     main.o
    0x08004280   0x00000006   Code   RO          765    i.__cxa_pure_virtual  cpprt_w.l(pure_virt.o)
    0x08004286   0x00000018   Code   RO          868    x$fpl$basic         fz_wm.l(basic.o)
    0x0800429e   0x00000002   PAD
    0x080042a0   0x00000150   Code   RO          870    x$fpl$dadd          fz_wm.l(daddsub_clz.o)
    0x080043f0   0x00000018   Code   RO          960    x$fpl$dcmpinf       fz_wm.l(dcmpi.o)
    0x08004408   0x000002b0   Code   RO          877    x$fpl$ddiv          fz_wm.l(ddiv.o)
    0x080046b8   0x0000005e   Code   RO          880    x$fpl$dfix          fz_wm.l(dfix.o)
    0x08004716   0x00000002   PAD
    0x08004718   0x0000005a   Code   RO          884    x$fpl$dfixu         fz_wm.l(dfixu.o)
    0x08004772   0x0000002e   Code   RO          889    x$fpl$dflt          fz_wm.l(dflt_clz.o)
    0x080047a0   0x00000026   Code   RO          888    x$fpl$dfltu         fz_wm.l(dflt_clz.o)
    0x080047c6   0x00000002   PAD
    0x080047c8   0x00000078   Code   RO          894    x$fpl$dleqf         fz_wm.l(dleqf.o)
    0x08004840   0x00000154   Code   RO          896    x$fpl$dmul          fz_wm.l(dmul.o)
    0x08004994   0x0000009c   Code   RO          962    x$fpl$dnaninf       fz_wm.l(dnaninf.o)
    0x08004a30   0x0000000c   Code   RO          964    x$fpl$dretinf       fz_wm.l(dretinf.o)
    0x08004a3c   0x0000006c   Code   RO          898    x$fpl$drleqf        fz_wm.l(drleqf.o)
    0x08004aa8   0x00000016   Code   RO          871    x$fpl$drsb          fz_wm.l(daddsub_clz.o)
    0x08004abe   0x00000002   PAD
    0x08004ac0   0x000001d4   Code   RO          872    x$fpl$dsub          fz_wm.l(daddsub_clz.o)
    0x08004c94   0x00000056   Code   RO          900    x$fpl$f2d           fz_wm.l(f2d.o)
    0x08004cea   0x0000008c   Code   RO          966    x$fpl$fnaninf       fz_wm.l(fnaninf.o)
    0x08004d76   0x0000000a   Code   RO          992    x$fpl$fpinit        fz_wm.l(fpinit.o)
    0x08004d80   0x00000000   Code   RO          968    x$fpl$usenofp       fz_wm.l(usenofp.o)
    0x08004d80   0x00000010   Data   RO          508    .constdata          st7032i.o
    0x08004d90   0x00000010   Data   RO          618    .constdata__ZTV11USARTSerial  usartserial.o
    0x08004da0   0x00000010   Data   RO          445    .constdata__ZTV5Print  print.o
    0x08004db0   0x00000010   Data   RO          521    .constdata__ZTV7ST7032i  st7032i.o
    0x08004dc0   0x00000020   Data   RO         1075    Region$$Table       anon$$obj.o
    0x08004de0   0x00000004   Data   RO            5    .init_array         main.o


    Execution Region RW_IRAM1 (Base: 0x20000000, Size: 0x000013a0, Max: 0x00020000, ABSOLUTE)

    Base Addr    Size         Type   Attr      Idx    E Section Name        Object

    0x20000000   0x00000014   Data   RW          338    .data               system_stm32f4xx.o
    0x20000014   0x00000008   Data   RW          360    .data               delay.o
    0x2000001c   0x00000072   Data   RW          382    .data               gpio.o
    0x2000008e   0x00000002   PAD
    0x20000090   0x00000024   Data   RW          404    .data               i2c.o
    0x200000b4   0x00000004   Data   RW          555    .data               systick.o
    0x200000b8   0x00000010   Data   RW          671    .data               stm32f4xx_rcc.o
    0x200000c8   0x00000030   Zero   RW            4    .bss                main.o
    0x200000f8   0x00000c48   Zero   RW          581    .bss                usart.o
    0x20000d40   0x00000060   Zero   RW         1019    .bss                c_w.l(libspace.o)
    0x20000da0   0x00000200   Zero   RW          206    HEAP                startup_stm32f4xx.o
    0x20000fa0   0x00000400   Zero   RW          205    STACK               startup_stm32f4xx.o


==============================================================================

Image component sizes


      Code (inc. data)   RO Data    RW Data    ZI Data      Debug   Object Name

       296         12          0          8          0       2151   delay.o
       500         44          0        114          0       4285   gpio.o
       920         26          0         36          0       5783   i2c.o
      1176        266          4          0         48     235985   main.o
       228         22          0          0          0       1949   misc.o
      1246         66         16          0          0      12064   print.o
       444          8          0          0          0       1445   spi.o
       840          6         32          0          0      10204   st7032i.o
        64         26        392          0       1536        800   startup_stm32f4xx.o
       588         36          0          0          0       4177   stm32f4xx_gpio.o
      1036         24          0          0          0       8219   stm32f4xx_i2c.o
        24          0          0          0          0     275618   stm32f4xx_it.o
      1408         48          0         16          0      11087   stm32f4xx_rcc.o
      1012         22          0          0          0       6893   stm32f4xx_spi.o
      3234         60          0          0          0      22428   stm32f4xx_tim.o
      1050         26          0          0          0       7900   stm32f4xx_usart.o
       504         44          0         20          0       1791   system_stm32f4xx.o
       136         12          0          4          0      20118   systick.o
      1352         78          0          0       3144       5985   usart.o
        56          0         16          0          0       3144   usartserial.o

    ----------------------------------------------------------------------
     16118        826        492        200       4728     642026   Object Totals
         0          0         32          0          0          0   (incl. Generated)
         4          0          0          2          0          0   (incl. Padding)

    ----------------------------------------------------------------------

      Code (inc. data)   RO Data    RW Data    ZI Data      Debug   Library Member Name

         8          0          0          0          0         68   __main.o
        52          8          0          0          0          0   __scatter.o
        26          0          0          0          0          0   __scatter_copy.o
        28          0          0          0          0          0   __scatter_zi.o
        10          0          0          0          0         68   defsig_exit.o
        50          0          0          0          0         88   defsig_general.o
        48         34          0          0          0         76   defsig_pvfn_inner.o
        14          0          0          0          0         80   defsig_pvfn_outer.o
        12          0          0          0          0         72   exit.o
         6          0          0          0          0        152   heapauxi.o
         0          0          0          0          0          0   indicate_semi.o
        36         10          0          0          0         80   init_aeabi.o
         2          0          0          0          0          0   libinit.o
        10          0          0          0          0          0   libinit2.o
         2          0          0          0          0          0   libshutdown.o
         2          0          0          0          0          0   libshutdown2.o
         8          4          0          0         96         68   libspace.o
         0          0          0          0          0          0   rtentry.o
        12          0          0          0          0          0   rtentry2.o
         6          0          0          0          0          0   rtentry4.o
         2          0          0          0          0          0   rtexit.o
        10          0          0          0          0          0   rtexit2.o
        62          0          0          0          0         76   strlen.o
        12          4          0          0          0         68   sys_exit.o
        74          0          0          0          0         80   sys_stackheap_outer.o
        14          0          0          0          0         76   sys_wrch.o
         2          0          0          0          0         68   use_no_semi.o
         6          0          0          0          0         68   pure_virt.o
        24          0          0          0          0        164   basic.o
       826         16          0          0          0        500   daddsub_clz.o
        24          0          0          0          0        116   dcmpi.o
       688        140          0          0          0        260   ddiv.o
        94          4          0          0          0        140   dfix.o
        90          4          0          0          0        140   dfixu.o
        84          0          0          0          0        232   dflt_clz.o
       120          4          0          0          0        140   dleqf.o
       340         12          0          0          0        152   dmul.o
       156          4          0          0          0        140   dnaninf.o
        12          0          0          0          0        116   dretinf.o
       108          0          0          0          0        128   drleqf.o
        86          4          0          0          0        132   f2d.o
       140          4          0          0          0        132   fnaninf.o
        10          0          0          0          0        116   fpinit.o
         0          0          0          0          0          0   usenofp.o

    ----------------------------------------------------------------------
      3330        252          0          0         96       3796   Library Totals
        14          0          0          0          0          0   (incl. Padding)

    ----------------------------------------------------------------------

      Code (inc. data)   RO Data    RW Data    ZI Data      Debug   Library Name

       508         60          0          0         96       1120   c_w.l
         6          0          0          0          0         68   cpprt_w.l
      2802        192          0          0          0       2608   fz_wm.l

    ----------------------------------------------------------------------
      3330        252          0          0         96       3796   Library Totals

    ----------------------------------------------------------------------

==============================================================================


      Code (inc. data)   RO Data    RW Data    ZI Data      Debug   

     19448       1078        492        200       4824     638646   Grand Totals
     19448       1078        492        200       4824     638646   ELF Image Totals
     19448       1078        492        200          0          0   ROM Totals

==============================================================================

    Total RO  Size (Code + RO Data)                19940 (  19.47kB)
    Total RW  Size (RW Data + ZI Data)              5024 (   4.91kB)
    Total ROM Size (Code + RO Data + RW Data)      20140 (  19.67kB)

==============================================================================

