<html>
<body>
<pre>
<h1>µVision Build Log</h1>
<h2>Project:</h2>
C:\Users\Sin\Documents\Eclipse\ARMWork\stm32f4-stdperiph.keil\keil.uvproj
Project File Date:  12/16/2012

<h2>Output:</h2>
Build target 'stdperiph test'
compiling main.cpp...
mainsrc\main.cpp(129): warning:  #111-D: statement is unreachable
compiling i2c.c...
armcore\i2c.c(14): warning:  #188-D: enumerated type mixed with another type
armcore\i2c.c(14): warning:  #188-D: enumerated type mixed with another type
armcore\i2c.c(14): warning:  #188-D: enumerated type mixed with another type
armcore\i2c.c(14): warning:  #188-D: enumerated type mixed with another type
armcore\i2c.c(14): warning:  #188-D: enumerated type mixed with another type
armcore\i2c.c(14): warning:  #188-D: enumerated type mixed with another type
armcore\i2c.c(14): warning:  #188-D: enumerated type mixed with another type
armcore\i2c.c(14): warning:  #188-D: enumerated type mixed with another type
armcore\i2c.c(15): warning:  #188-D: enumerated type mixed with another type
armcore\i2c.c(15): warning:  #188-D: enumerated type mixed with another type
armcore\i2c.c(15): warning:  #188-D: enumerated type mixed with another type
armcore\i2c.c(15): warning:  #188-D: enumerated type mixed with another type
compiling ST7032i.cpp...
linking...
Program Size: Code=16108 RO-data=508 RW-data=140 ZI-data=4828  
FromELF: creating hex file...
"keil.axf" - 0 Error(s), 13 Warning(s).
Build target 'stdperiph test'
compiling i2c.c...
linking...
keil.axf: Error: L6218E: Undefined symbol Wire1 (referred from main.o).
Target not created
Build target 'stdperiph test'
linking...
keil.axf: Error: L6218E: Undefined symbol Wire1 (referred from main.o).
Target not created
Clean started: Project: 'keil'
   deleting intermediate output files for target 'stdperiph test'
Build target 'stdperiph test'
compiling main.cpp...
mainsrc\main.cpp(129): warning:  #111-D: statement is unreachable
assembling startup_stm32f4xx.s...
compiling stm32f4xx_it.c...
compiling system_stm32f4xx.c...
compiling delay.c...
compiling gpio.c...
compiling i2c.c...
compiling Print.cpp...
compiling spi.c...
compiling ST7032i.cpp...
compiling systick.c...
compiling usart.c...
compiling USARTSerial.cpp...
compiling Stream.cpp...
compiling misc.c...
compiling stm32f4xx_gpio.c...
compiling stm32f4xx_rcc.c...
compiling stm32f4xx_i2c.c...
compiling stm32f4xx_tim.c...
compiling stm32f4xx_usart.c...
compiling stm32f4xx_spi.c...
linking...
keil.axf: Error: L6218E: Undefined symbol Wire1 (referred from main.o).
Target not created
Build target 'stdperiph test'
compiling main.cpp...
mainsrc\main.cpp(64): error:  #167: argument of type "_GPIOPin" is incompatible with parameter of type "I2C_TypeDef *"
mainsrc\main.cpp(64): error:  #167: argument of type "int" is incompatible with parameter of type "GPIOPin"
mainsrc\main.cpp(64): error:  #165: too few arguments in function call
mainsrc\main.cpp(129): warning:  #111-D: statement is unreachable
compiling i2c.c...
armcore\i2c.c(22): error:  #147-D: declaration is incompatible with "boolean i2c_begin(I2CBus *, I2C_TypeDef *, GPIOPin, GPIOPin, uint32_t)" (declared at line 58 of "armcore\i2c.h")
compiling ST7032i.cpp...
Target not created
Build target 'stdperiph test'
compiling main.cpp...
mainsrc\main.cpp(129): warning:  #111-D: statement is unreachable
compiling i2c.c...
armcore\i2c.c(22): error:  #147-D: declaration is incompatible with "boolean i2c_begin(I2CBus *, I2C_TypeDef *, GPIOPin, GPIOPin, uint32_t)" (declared at line 58 of "armcore\i2c.h")
Target not created
Build target 'stdperiph test'
compiling i2c.c...
linking...
keil.axf: Error: L6218E: Undefined symbol Wire1 (referred from main.o).
Target not created
Build target 'stdperiph test'
compiling main.cpp...
mainsrc\main.cpp(64): error:  #20: identifier "Wire1" is undefined
mainsrc\main.cpp(129): warning:  #111-D: statement is unreachable
compiling i2c.c...
compiling ST7032i.cpp...
compiling usart.c...
compiling USARTSerial.cpp...
Target not created
Build target 'stdperiph test'
compiling main.cpp...
mainsrc\main.cpp(65): error:  #20: identifier "Wire1" is undefined
mainsrc\main.cpp(130): warning:  #111-D: statement is unreachable
Target not created
Build target 'stdperiph test'
compiling main.cpp...
mainsrc\main.cpp(130): warning:  #111-D: statement is unreachable
linking...
Program Size: Code=16112 RO-data=508 RW-data=128 ZI-data=4840  
FromELF: creating hex file...
"keil.axf" - 0 Error(s), 1 Warning(s).
Build target 'stdperiph test'
compiling i2c.c...
linking...
Program Size: Code=16112 RO-data=508 RW-data=128 ZI-data=4840  
FromELF: creating hex file...
"keil.axf" - 0 Error(s), 0 Warning(s).
Load "C:\\Users\\Sin\\Documents\\Eclipse\\ARMWork\\stm32f4-stdperiph.keil\\keil.AXF" 
Erase Done.
Programming Done.
Verify OK.
Application running ...
Build target 'stdperiph test'
compiling i2c.c...
armcore\i2c.c(30): error:  #20: identifier "wire" is undefined
Target not created
Build target 'stdperiph test'
compiling i2c.c...
linking...
Program Size: Code=16116 RO-data=508 RW-data=128 ZI-data=4840  
FromELF: creating hex file...
"keil.axf" - 0 Error(s), 0 Warning(s).
Load "C:\\Users\\Sin\\Documents\\Eclipse\\ARMWork\\stm32f4-stdperiph.keil\\keil.AXF" 
Erase Done.
Programming Done.
Verify OK.
Application running ...
