Archive member included because of file (symbol)

/home/nxp/Desktop/linuxtest1/CMSISv1p30_LPC13xx/Debug/libCMSISv1p30_LPC13xx.a(system_LPC13xx.o)
                              ./src/cr_startup_lpc13.o (SystemInit)

Discarded input sections

 .text          0x00000000        0x0 ./src/cr_startup_lpc13.o
 .data          0x00000000        0x0 ./src/cr_startup_lpc13.o
 .bss           0x00000000        0x0 ./src/cr_startup_lpc13.o
 .text          0x00000000        0x0 ./src/gpio.o
 .data          0x00000000        0x0 ./src/gpio.o
 .bss           0x00000000        0x0 ./src/gpio.o
 .rodata        0x00000000       0x10 ./src/gpio.o
 .text.GPIOIntDisable
                0x00000000      0x108 ./src/gpio.o
 .text.GPIOIntStatus
                0x00000000       0xf0 ./src/gpio.o
 .text.GPIOIntClear
                0x00000000       0xf8 ./src/gpio.o
 .text          0x00000000        0x0 ./src/gpiotest.o
 .data          0x00000000        0x0 ./src/gpiotest.o
 .bss           0x00000000        0x0 ./src/gpiotest.o
 .text          0x00000000        0x0 /home/nxp/Desktop/linuxtest1/CMSISv1p30_LPC13xx/Debug/libCMSISv1p30_LPC13xx.a(system_LPC13xx.o)
 .data          0x00000000        0x4 /home/nxp/Desktop/linuxtest1/CMSISv1p30_LPC13xx/Debug/libCMSISv1p30_LPC13xx.a(system_LPC13xx.o)
 .bss           0x00000000        0x0 /home/nxp/Desktop/linuxtest1/CMSISv1p30_LPC13xx/Debug/libCMSISv1p30_LPC13xx.a(system_LPC13xx.o)
 .text.SystemCoreClockUpdate
                0x00000000      0x358 /home/nxp/Desktop/linuxtest1/CMSISv1p30_LPC13xx/Debug/libCMSISv1p30_LPC13xx.a(system_LPC13xx.o)

Memory Configuration

Name             Origin             Length             Attributes
MFlash32         0x00000000         0x00008000         xr
RamLoc8          0x10000000         0x00002000         xrw
*default*        0x00000000         0xffffffff

Linker script and memory map

LOAD ./src/cr_startup_lpc13.o
LOAD ./src/gpio.o
LOAD ./src/gpiotest.o
LOAD /home/nxp/Desktop/linuxtest1/CMSISv1p30_LPC13xx/Debug/libCMSISv1p30_LPC13xx.a
START GROUP
LOAD /usr/local/LPCXpresso/tools/bin/../lib/gcc/arm-none-eabi/4.4.1/../../../../arm-none-eabi/lib/thumb2/libcr_semihost.a
LOAD /usr/local/LPCXpresso/tools/bin/../lib/gcc/arm-none-eabi/4.4.1/../../../../arm-none-eabi/lib/thumb2/libcr_c.a
LOAD /usr/local/LPCXpresso/tools/bin/../lib/gcc/arm-none-eabi/4.4.1/thumb2/libcr_eabihelpers.a
END GROUP
                0x00008000                __top_MFlash32 = 0x8000
                0x10002000                __top_RamLoc8 = 0x10002000

.text           0x00000000      0xc34
 *(.isr_vector)
 .isr_vector    0x00000000      0x124 ./src/cr_startup_lpc13.o
                0x00000000                g_pfnVectors
 *(.text*)
 .text.Reset_Handler
                0x00000124       0x78 ./src/cr_startup_lpc13.o
                0x00000124                Reset_Handler
                0x00000124                ResetISR
 .text.NMI_Handler
                0x0000019c        0x8 ./src/cr_startup_lpc13.o
                0x0000019c                NMI_Handler
 .text.HardFault_Handler
                0x000001a4        0x8 ./src/cr_startup_lpc13.o
                0x000001a4                HardFault_Handler
 .text.MemManage_Handler
                0x000001ac        0x8 ./src/cr_startup_lpc13.o
                0x000001ac                MemManage_Handler
 .text.BusFault_Handler
                0x000001b4        0x8 ./src/cr_startup_lpc13.o
                0x000001b4                BusFault_Handler
 .text.UsageFault_Handler
                0x000001bc        0x8 ./src/cr_startup_lpc13.o
                0x000001bc                UsageFault_Handler
 .text.SVCall_Handler
                0x000001c4        0x8 ./src/cr_startup_lpc13.o
                0x000001c4                SVCall_Handler
 .text.DebugMon_Handler
                0x000001cc        0x8 ./src/cr_startup_lpc13.o
                0x000001cc                DebugMon_Handler
 .text.PendSV_Handler
                0x000001d4        0x8 ./src/cr_startup_lpc13.o
                0x000001d4                PendSV_Handler
 .text.SysTick_Handler
                0x000001dc        0x8 ./src/cr_startup_lpc13.o
                0x000001dc                SysTick_Handler
 .text.IntDefaultHandler
                0x000001e4        0x8 ./src/cr_startup_lpc13.o
                0x000001e4                TIMER16_0_IRQHandler
                0x000001e4                UART_IRQHandler
                0x000001e4                TIMER32_0_IRQHandler
                0x000001e4                TIMER32_1_IRQHandler
                0x000001e4                PIOINT1_IRQHandler
                0x000001e4                SSP_IRQHandler
                0x000001e4                TIMER16_1_IRQHandler
                0x000001e4                USB_FIQHandler
                0x000001e4                ADC_IRQHandler
                0x000001e4                PIOINT2_IRQHandler
                0x000001e4                USB_IRQHandler
                0x000001e4                BOD_IRQHandler
                0x000001e4                WAKEUP_IRQHandler
                0x000001e4                PIOINT0_IRQHandler
                0x000001e4                I2C_IRQHandler
                0x000001e4                WDT_IRQHandler
                0x000001e4                PIOINT3_IRQHandler
                0x000001e4                FMC_IRQHandler
 .text.NVIC_EnableIRQ
                0x000001ec       0x38 ./src/gpio.o
 .text.GPIOInit
                0x00000224       0x44 ./src/gpio.o
                0x00000224                GPIOInit
 .text.GPIOSetInterrupt
                0x00000268      0x54c ./src/gpio.o
                0x00000268                GPIOSetInterrupt
 .text.GPIOIntEnable
                0x000007b4       0xf8 ./src/gpio.o
                0x000007b4                GPIOIntEnable
 .text.GPIOSetDir
                0x000008ac       0x90 ./src/gpiotest.o
 .text.main     0x0000093c       0xe4 ./src/gpiotest.o
                0x0000093c                main
 .text.__NOP    0x00000a20        0xc /home/nxp/Desktop/linuxtest1/CMSISv1p30_LPC13xx/Debug/libCMSISv1p30_LPC13xx.a(system_LPC13xx.o)
 .text.SystemInit
                0x00000a2c      0x1f8 /home/nxp/Desktop/linuxtest1/CMSISv1p30_LPC13xx/Debug/libCMSISv1p30_LPC13xx.a(system_LPC13xx.o)
                0x00000a2c                SystemInit
 *(.rodata*)
 .rodata        0x00000c24       0x10 ./src/gpiotest.o

.glue_7         0x00000c34        0x0
 .glue_7        0x00000000        0x0 linker stubs

.glue_7t        0x00000c34        0x0
 .glue_7t       0x00000000        0x0 linker stubs

.vfp11_veneer   0x00000c34        0x0
 .vfp11_veneer  0x00000000        0x0 linker stubs

.v4_bx          0x00000c34        0x0
 .v4_bx         0x00000000        0x0 linker stubs

.ARM.extab
 *(.ARM.extab* .gnu.linkonce.armextab.*)
                0x00000c34                __exidx_start = .

.ARM.exidx
 *(.ARM.exidx* .gnu.linkonce.armexidx.*)
                0x00000c34                __exidx_end = .
                0x00000c34                _etext = .

.data           0x10000000        0x0 load address 0x00000c34
                0x10000000                _data = .
 *(vtable)
 *(.data*)
                0x10000000                _edata = .

.bss            0x10000000        0x0 load address 0x00000c34
                0x10000000                _bss = .
 *(.bss*)
 *(COMMON)
                0x10000000                _ebss = .

.cr_heap        0x10000000        0x0 load address 0x00000c34
                0x10000000                end = .
                0x10000000                _pvHeapStart = .
                0x10002000                _vRamTop = __top_RamLoc8
                0x10002000                _vStackTop = (_vRamTop - 0x0)
OUTPUT(gpio.axf elf32-littlearm)

.debug_abbrev   0x00000000      0x4e2
 .debug_abbrev  0x00000000       0xdf ./src/cr_startup_lpc13.o
 .debug_abbrev  0x000000df      0x1d9 ./src/gpio.o
 .debug_abbrev  0x000002b8      0x142 ./src/gpiotest.o
 .debug_abbrev  0x000003fa       0xe8 /home/nxp/Desktop/linuxtest1/CMSISv1p30_LPC13xx/Debug/libCMSISv1p30_LPC13xx.a(system_LPC13xx.o)

.debug_info     0x00000000     0x13fe
 .debug_info    0x00000000      0x1ed ./src/cr_startup_lpc13.o
 .debug_info    0x000001ed      0xa80 ./src/gpio.o
 .debug_info    0x00000c6d      0x244 ./src/gpiotest.o
 .debug_info    0x00000eb1      0x54d /home/nxp/Desktop/linuxtest1/CMSISv1p30_LPC13xx/Debug/libCMSISv1p30_LPC13xx.a(system_LPC13xx.o)

.debug_line     0x00000000      0x698
 .debug_line    0x00000000      0x1b7 ./src/cr_startup_lpc13.o
 .debug_line    0x000001b7      0x205 ./src/gpio.o
 .debug_line    0x000003bc      0x140 ./src/gpiotest.o
 .debug_line    0x000004fc      0x19c /home/nxp/Desktop/linuxtest1/CMSISv1p30_LPC13xx/Debug/libCMSISv1p30_LPC13xx.a(system_LPC13xx.o)

.debug_macinfo  0x00000000    0x1038f
 .debug_macinfo
                0x00000000     0x15a1 ./src/cr_startup_lpc13.o
 .debug_macinfo
                0x000015a1     0x4e38 ./src/gpio.o
 .debug_macinfo
                0x000063d9     0x4e38 ./src/gpiotest.o
 .debug_macinfo
                0x0000b211     0x517e /home/nxp/Desktop/linuxtest1/CMSISv1p30_LPC13xx/Debug/libCMSISv1p30_LPC13xx.a(system_LPC13xx.o)

.debug_loc      0x00000000      0x461
 .debug_loc     0x00000000      0x1e5 ./src/cr_startup_lpc13.o
 .debug_loc     0x000001e5      0x175 ./src/gpio.o
 .debug_loc     0x0000035a       0x6e ./src/gpiotest.o
 .debug_loc     0x000003c8       0x99 /home/nxp/Desktop/linuxtest1/CMSISv1p30_LPC13xx/Debug/libCMSISv1p30_LPC13xx.a(system_LPC13xx.o)

.debug_pubnames
                0x00000000      0x1d2
 .debug_pubnames
                0x00000000       0xec ./src/cr_startup_lpc13.o
 .debug_pubnames
                0x000000ec       0x7c ./src/gpio.o
 .debug_pubnames
                0x00000168       0x1b ./src/gpiotest.o
 .debug_pubnames
                0x00000183       0x4f /home/nxp/Desktop/linuxtest1/CMSISv1p30_LPC13xx/Debug/libCMSISv1p30_LPC13xx.a(system_LPC13xx.o)

.debug_aranges  0x00000000      0x118
 .debug_aranges
                0x00000000       0x70 ./src/cr_startup_lpc13.o
 .debug_aranges
                0x00000070       0x50 ./src/gpio.o
 .debug_aranges
                0x000000c0       0x28 ./src/gpiotest.o
 .debug_aranges
                0x000000e8       0x30 /home/nxp/Desktop/linuxtest1/CMSISv1p30_LPC13xx/Debug/libCMSISv1p30_LPC13xx.a(system_LPC13xx.o)

.debug_ranges   0x00000000       0xf8
 .debug_ranges  0x00000000       0x68 ./src/cr_startup_lpc13.o
 .debug_ranges  0x00000068       0x48 ./src/gpio.o
 .debug_ranges  0x000000b0       0x20 ./src/gpiotest.o
 .debug_ranges  0x000000d0       0x28 /home/nxp/Desktop/linuxtest1/CMSISv1p30_LPC13xx/Debug/libCMSISv1p30_LPC13xx.a(system_LPC13xx.o)

.debug_str      0x00000000      0x958
 .debug_str     0x00000000      0x18c ./src/cr_startup_lpc13.o
                                0x1c0 (size before relaxing)
 .debug_str     0x0000018c      0x71d ./src/gpio.o
                                0x7da (size before relaxing)
 .debug_str     0x000008a9       0x22 ./src/gpiotest.o
                                0x141 (size before relaxing)
 .debug_str     0x000008cb       0x8d /home/nxp/Desktop/linuxtest1/CMSISv1p30_LPC13xx/Debug/libCMSISv1p30_LPC13xx.a(system_LPC13xx.o)
                                0x3e1 (size before relaxing)

.comment        0x00000000       0xac
 .comment       0x00000000       0x2b ./src/cr_startup_lpc13.o
 .comment       0x0000002b       0x2b ./src/gpio.o
 .comment       0x00000056       0x2b ./src/gpiotest.o
 .comment       0x00000081       0x2b /home/nxp/Desktop/linuxtest1/CMSISv1p30_LPC13xx/Debug/libCMSISv1p30_LPC13xx.a(system_LPC13xx.o)

.ARM.attributes
                0x00000000       0x31
 .ARM.attributes
                0x00000000       0x31 ./src/cr_startup_lpc13.o
 .ARM.attributes
                0x00000031       0x31 ./src/gpio.o
 .ARM.attributes
                0x00000062       0x31 ./src/gpiotest.o
 .ARM.attributes
                0x00000093       0x31 /home/nxp/Desktop/linuxtest1/CMSISv1p30_LPC13xx/Debug/libCMSISv1p30_LPC13xx.a(system_LPC13xx.o)

.debug_frame    0x00000000      0x2a4
 .debug_frame   0x00000000      0x120 ./src/cr_startup_lpc13.o
 .debug_frame   0x00000120       0xd4 ./src/gpio.o
 .debug_frame   0x000001f4       0x4c ./src/gpiotest.o
 .debug_frame   0x00000240       0x64 /home/nxp/Desktop/linuxtest1/CMSISv1p30_LPC13xx/Debug/libCMSISv1p30_LPC13xx.a(system_LPC13xx.o)
